****************************************
Report : constraint
        -all_violators
        -max_delay
        -min_delay
Design : ibex_wrapper
Version: O-2018.06-SP1
Date   : Tue Jul  8 08:10:09 2025
****************************************

   late_timing
   -----------

Endpoint                         Path Delay     Path Required       CRP    Slack Group    Scenario
----------------------------------------------------------------------------------------------------------
No paths.

   early_timing
   -----------

Endpoint                         Path Delay     Path Required       CRP    Slack Group    Scenario
----------------------------------------------------------------------------------------------------------
ibex_top_inst/u_ibex_core/ex_block_i/gen_multdiv_fast.multdiv_i/op_numerator_q_reg[24]/SI (SAEDHVT14_FSDPRBQ_V2LP_2)
                                   0.17 f         0.18           0.00    -0.00   cluster_clock_gating
                                                                                          Func_Fast
ibex_top_inst/u_ibex_core/load_store_unit_i/addr_last_q_reg[23]/SI (SAEDHVT14_FSDPRBQ_V2LP_2)
                                   0.17 f         0.17           0.00    -0.00   cluster_clock_gating
                                                                                          Func_Fast
ibex_top_inst/u_ibex_core/if_stage_i/gen_prefetch_buffer.prefetch_buffer_i/fifo_i/instr_addr_q_reg[30]/SI (SAEDHVT14_FSDPQ_V2LP_2)
                                   0.18 r         0.18           0.00    -0.00   cluster_clock_gating
                                                                                          Func_Fast
ibex_top_inst/u_ibex_core/cs_registers_i/u_dscratch0_csr/rdata_q_reg[16]/SI (SAEDHVT14_FSDPRBQ_V2LP_2)
                                   0.17 f         0.18           0.00    -0.00   cluster_clock_gating
                                                                                          Func_Fast
ibex_top_inst/gen_regfile_ff.register_file_i/g_rf_flops[23].rf_reg_q_reg[22]/SI (SAEDHVT14_FSDPRBQ_V2LP_2)
                                   0.17 f         0.18           0.00    -0.00   cluster_clock_gating
                                                                                          Func_Fast
ibex_top_inst/gen_regfile_ff.register_file_i/g_rf_flops[30].rf_reg_q_reg[3]/SI (SAEDHVT14_FSDPRBQ_V2LP_2)
                                   0.18 f         0.18           0.00    -0.00   cluster_clock_gating
                                                                                          Func_Fast
ibex_top_inst/u_ibex_core/id_stage_i/imd_val_q_reg[0][20]/SI (SAEDHVT14_FSDPRBQ_V2LP_2)
                                   0.17 f         0.17           0.00    -0.00   cluster_clock_gating
                                                                                          Func_Fast
ibex_top_inst/u_ibex_core/cs_registers_i/u_dscratch0_csr/rdata_q_reg[25]/SI (SAEDHVT14_FSDPRBQ_V2LP_2)
                                   0.18 f         0.18           0.00    -0.00   cluster_clock_gating
                                                                                          Func_Fast
ibex_top_inst/u_ibex_core/cs_registers_i/u_mstack_epc_csr/rdata_q_reg[23]/SI (SAEDHVT14_FSDPRBQ_V2LP_2)
                                   0.18 f         0.18           0.00    -0.00   cluster_clock_gating
                                                                                          Func_Fast
ibex_top_inst/gen_regfile_ff.register_file_i/g_rf_flops[25].rf_reg_q_reg[28]/SI (SAEDHVT14_FSDPRBQ_V2LP_2)
                                   0.18 f         0.18           0.00    -0.00   cluster_clock_gating
                                                                                          Func_Fast
ibex_top_inst/u_ibex_core/wb_stage_i/g_writeback_stage.rf_wdata_wb_q_reg[17]/SI (SAEDHVT14_FSDPQ_V2_2)
                                   0.18 r         0.18           0.00    -0.00   cluster_clock_gating
                                                                                          Func_Fast
ibex_top_inst/gen_regfile_ff.register_file_i/g_rf_flops[5].rf_reg_q_reg[28]/SI (SAEDHVT14_FSDPRBQ_V2LP_2)
                                   0.18 f         0.18           0.00    -0.00   cluster_clock_gating
                                                                                          Func_Fast
ibex_top_inst/gen_regfile_ff.register_file_i/g_rf_flops[30].rf_reg_q_reg[26]/SI (SAEDHVT14_FSDPRBQ_V2LP_2)
                                   0.18 f         0.18           0.00    -0.00   cluster_clock_gating
                                                                                          Func_Fast
ibex_top_inst/gen_regfile_ff.register_file_i/g_rf_flops[18].rf_reg_q_reg[24]/SI (SAEDHVT14_FSDPRBQ_V2LP_2)
                                   0.18 f         0.18           0.00    -0.00   cluster_clock_gating
                                                                                          Func_Fast
ibex_top_inst/gen_regfile_ff.register_file_i/g_rf_flops[23].rf_reg_q_reg[13]/SI (SAEDHVT14_FSDPRBQ_V2LP_2)
                                   0.18 f         0.18           0.00    -0.00   cluster_clock_gating
                                                                                          Func_Fast
ibex_top_inst/u_ibex_core/cs_registers_i/u_mstack_epc_csr/rdata_q_reg[21]/SI (SAEDHVT14_FSDPRBQ_V2LP_2)
                                   0.18 f         0.18           0.00    -0.00   cluster_clock_gating
                                                                                          Func_Fast
ibex_top_inst/gen_regfile_ff.register_file_i/g_rf_flops[2].rf_reg_q_reg[13]/SI (SAEDHVT14_FSDPRBQ_V2LP_2)
                                   0.18 f         0.18           0.00    -0.00   cluster_clock_gating
                                                                                          Func_Fast
ibex_top_inst/u_ibex_core/cs_registers_i/u_mscratch_csr/rdata_q_reg[25]/SI (SAEDHVT14_FSDPRBQ_V2LP_2)
                                   0.18 f         0.18           0.00    -0.00   cluster_clock_gating
                                                                                          Func_Fast
ibex_top_inst/gen_regfile_ff.register_file_i/g_rf_flops[28].rf_reg_q_reg[27]/SI (SAEDHVT14_FSDPRBQ_V2LP_2)
                                   0.18 f         0.18           0.00    -0.00   cluster_clock_gating
                                                                                          Func_Fast
ibex_top_inst/gen_regfile_ff.register_file_i/g_rf_flops[25].rf_reg_q_reg[8]/SI (SAEDHVT14_FSDPRBQ_V2LP_2)
                                   0.18 f         0.18           0.00    -0.00   cluster_clock_gating
                                                                                          Func_Fast
ibex_top_inst/gen_regfile_ff.register_file_i/g_rf_flops[10].rf_reg_q_reg[3]/SI (SAEDHVT14_FSDPRBQ_V2LP_2)
                                   0.18 f         0.18           0.00    -0.00   cluster_clock_gating
                                                                                          Func_Fast
ibex_top_inst/u_ibex_core/cs_registers_i/u_mscratch_csr/rdata_q_reg[2]/SI (SAEDHVT14_FSDPRBQ_V2LP_2)
                                   0.17 f         0.17           0.00    -0.00   cluster_clock_gating
                                                                                          Func_Fast
ibex_top_inst/gen_regfile_ff.register_file_i/g_rf_flops[2].rf_reg_q_reg[9]/SI (SAEDHVT14_FSDPRBQ_V2LP_2)
                                   0.18 f         0.18           0.00    -0.00   cluster_clock_gating
                                                                                          Func_Fast
ibex_top_inst/gen_regfile_ff.register_file_i/g_rf_flops[26].rf_reg_q_reg[2]/SI (SAEDHVT14_FSDPRBQ_V2LP_2)
                                   0.18 f         0.18           0.00    -0.00   cluster_clock_gating
                                                                                          Func_Fast
ibex_top_inst/gen_regfile_ff.register_file_i/g_rf_flops[13].rf_reg_q_reg[5]/SI (SAEDHVT14_FSDPRBQ_V2LP_2)
                                   0.18 f         0.18           0.00    -0.00   cluster_clock_gating
                                                                                          Func_Fast
ibex_top_inst/gen_regfile_ff.register_file_i/g_rf_flops[24].rf_reg_q_reg[29]/SI (SAEDHVT14_FSDPRBQ_V2LP_2)
                                   0.18 f         0.18           0.00    -0.00   cluster_clock_gating
                                                                                          Func_Fast
ibex_top_inst/u_ibex_core/cs_registers_i/mcountinhibit_q_reg[2]/SI (SAEDHVT14_FSDPRBQ_V2LP_2)
                                   0.18 f         0.18           0.00    -0.00   cluster_clock_gating
                                                                                          Func_Fast
ibex_top_inst/u_ibex_core/id_stage_i/imd_val_q_reg[1][12]/SI (SAEDHVT14_FSDPRBQ_V2LP_2)
                                   0.17 f         0.18           0.00    -0.00   cluster_clock_gating
                                                                                          Func_Fast
ibex_top_inst/u_ibex_core/cs_registers_i/u_mstack_epc_csr/rdata_q_reg[17]/SI (SAEDHVT14_FSDPRBQ_V2LP_2)
                                   0.18 f         0.18           0.00    -0.00   cluster_clock_gating
                                                                                          Func_Fast
ibex_top_inst/u_ibex_core/cs_registers_i/u_dscratch1_csr/rdata_q_reg[12]/SI (SAEDHVT14_FSDPRBQ_V2LP_2)
                                   0.17 f         0.17           0.00    -0.00   cluster_clock_gating
                                                                                          Func_Fast
ibex_top_inst/u_ibex_core/id_stage_i/imd_val_q_reg[1][28]/SI (SAEDHVT14_FSDPRBQ_V2LP_2)
                                   0.18 f         0.18           0.00    -0.00   cluster_clock_gating
                                                                                          Func_Fast
ibex_top_inst/gen_regfile_ff.register_file_i/g_rf_flops[13].rf_reg_q_reg[3]/D (SAEDHVT14_FSDPRBQ_V2LP_2)
                                   0.17 f         0.18           0.00    -0.00   cluster_clock_gating
                                                                                          Func_Fast
ibex_top_inst/gen_regfile_ff.register_file_i/g_rf_flops[9].rf_reg_q_reg[27]/SI (SAEDHVT14_FSDPRBQ_V2LP_2)
                                   0.18 f         0.18           0.00    -0.00   cluster_clock_gating
                                                                                          Func_Fast
ibex_top_inst/gen_regfile_ff.register_file_i/g_rf_flops[1].rf_reg_q_reg[31]/SI (SAEDHVT14_FSDPRBQ_V2LP_2)
                                   0.18 f         0.18           0.00    -0.00   cluster_clock_gating
                                                                                          Func_Fast
ibex_top_inst/gen_regfile_ff.register_file_i/g_rf_flops[5].rf_reg_q_reg[6]/SI (SAEDHVT14_FSDPRBQ_V2LP_2)
                                   0.18 f         0.18           0.00    -0.00   cluster_clock_gating
                                                                                          Func_Fast
ibex_top_inst/gen_regfile_ff.register_file_i/g_rf_flops[20].rf_reg_q_reg[12]/SI (SAEDHVT14_FSDPRBQ_V2LP_2)
                                   0.18 f         0.18           0.00    -0.00   cluster_clock_gating
                                                                                          Func_Fast
ibex_top_inst/gen_regfile_ff.register_file_i/g_rf_flops[12].rf_reg_q_reg[27]/SI (SAEDHVT14_FSDPRBQ_V2LP_2)
                                   0.18 f         0.18           0.00    -0.00   cluster_clock_gating
                                                                                          Func_Fast
ibex_top_inst/u_ibex_core/id_stage_i/imd_val_q_reg[1][21]/SI (SAEDHVT14_FSDPRBQ_V2LP_2)
                                   0.18 f         0.18           0.00    -0.00   cluster_clock_gating
                                                                                          Func_Fast
ibex_top_inst/gen_regfile_ff.register_file_i/g_rf_flops[20].rf_reg_q_reg[31]/SI (SAEDHVT14_FSDPRBQ_V2LP_2)
                                   0.18 f         0.18           0.00    -0.00   cluster_clock_gating
                                                                                          Func_Fast
ibex_top_inst/u_ibex_core/cs_registers_i/minstret_counter_i/counter_q_reg[16]/SI (SAEDHVT14_FSDPRBQ_V2LP_2)
                                   0.18 f         0.18           0.00    -0.00   cluster_clock_gating
                                                                                          Func_Fast
ibex_top_inst/u_ibex_core/cs_registers_i/u_mstack_epc_csr/rdata_q_reg[20]/SI (SAEDHVT14_FSDPRBQ_V2LP_2)
                                   0.18 f         0.18           0.00    -0.00   cluster_clock_gating
                                                                                          Func_Fast
ibex_top_inst/u_ibex_core/cs_registers_i/u_dscratch0_csr/rdata_q_reg[19]/SI (SAEDHVT14_FSDPRBQ_V2LP_2)
                                   0.18 f         0.18           0.00    -0.00   cluster_clock_gating
                                                                                          Func_Fast
ibex_top_inst/gen_regfile_ff.register_file_i/g_rf_flops[20].rf_reg_q_reg[26]/SI (SAEDHVT14_FSDPRBQ_V2LP_2)
                                   0.18 f         0.18           0.00    -0.00   cluster_clock_gating
                                                                                          Func_Fast
ibex_top_inst/u_ibex_core/cs_registers_i/u_mtvec_csr/rdata_q_reg[9]/SI (SAEDHVT14_FSDPRBQ_V2LP_2)
                                   0.18 f         0.18           0.00    -0.00   cluster_clock_gating
                                                                                          Func_Fast
ibex_top_inst/gen_regfile_ff.register_file_i/g_rf_flops[11].rf_reg_q_reg[13]/SI (SAEDHVT14_FSDPRBQ_V2LP_2)
                                   0.18 f         0.18           0.00    -0.00   cluster_clock_gating
                                                                                          Func_Fast
ibex_top_inst/u_ibex_core/cs_registers_i/u_mstack_epc_csr/rdata_q_reg[16]/SI (SAEDHVT14_FSDPRBQ_V2LP_2)
                                   0.18 f         0.18           0.00    -0.00   cluster_clock_gating
                                                                                          Func_Fast
ibex_top_inst/gen_regfile_ff.register_file_i/g_rf_flops[11].rf_reg_q_reg[2]/SI (SAEDHVT14_FSDPRBQ_V2LP_2)
                                   0.18 f         0.18           0.00    -0.00   cluster_clock_gating
                                                                                          Func_Fast
ibex_top_inst/gen_regfile_ff.register_file_i/g_rf_flops[21].rf_reg_q_reg[21]/SI (SAEDHVT14_FSDPRBQ_V2LP_2)
                                   0.17 f         0.18           0.00    -0.00   cluster_clock_gating
                                                                                          Func_Fast
ibex_top_inst/u_ibex_core/id_stage_i/imd_val_q_reg[1][11]/SI (SAEDHVT14_FSDPRBQ_V2LP_2)
                                   0.18 f         0.18           0.00    -0.00   cluster_clock_gating
                                                                                          Func_Fast
ibex_top_inst/gen_regfile_ff.register_file_i/g_rf_flops[31].rf_reg_q_reg[26]/SI (SAEDHVT14_FSDPRBQ_V2LP_2)
                                   0.18 f         0.18           0.00    -0.00   cluster_clock_gating
                                                                                          Func_Fast
ibex_top_inst/gen_regfile_ff.register_file_i/g_rf_flops[5].rf_reg_q_reg[5]/SI (SAEDHVT14_FSDPRBQ_V2LP_2)
                                   0.18 f         0.18           0.00    -0.00   cluster_clock_gating
                                                                                          Func_Fast
ibex_top_inst/u_ibex_core/cs_registers_i/minstret_counter_i/counter_q_reg[38]/SI (SAEDHVT14_FSDPRBQ_V2LP_2)
                                   0.18 f         0.18           0.00    -0.00   cluster_clock_gating
                                                                                          Func_Fast
ibex_top_inst/gen_regfile_ff.register_file_i/g_rf_flops[30].rf_reg_q_reg[27]/SI (SAEDHVT14_FSDPRBQ_V2LP_2)
                                   0.18 f         0.18           0.00    -0.00   cluster_clock_gating
                                                                                          Func_Fast
ibex_top_inst/gen_regfile_ff.register_file_i/g_rf_flops[4].rf_reg_q_reg[5]/SI (SAEDHVT14_FSDPRBQ_V2LP_2)
                                   0.18 f         0.18           0.00    -0.00   cluster_clock_gating
                                                                                          Func_Fast
ibex_top_inst/u_ibex_core/cs_registers_i/u_mscratch_csr/rdata_q_reg[30]/D (SAEDHVT14_FSDPRBQ_V2LP_2)
                                   0.18 f         0.18           0.00    -0.00   cluster_clock_gating
                                                                                          Func_Fast
ibex_top_inst/gen_regfile_ff.register_file_i/g_rf_flops[24].rf_reg_q_reg[26]/SI (SAEDHVT14_FSDPRBQ_V2LP_2)
                                   0.17 f         0.17           0.00    -0.00   cluster_clock_gating
                                                                                          Func_Fast
ibex_top_inst/gen_regfile_ff.register_file_i/g_rf_flops[24].rf_reg_q_reg[6]/SI (SAEDHVT14_FSDPRBQ_V2LP_2)
                                   0.18 f         0.18           0.00    -0.00   cluster_clock_gating
                                                                                          Func_Fast
ibex_top_inst/u_ibex_core/cs_registers_i/minstret_counter_i/counter_q_reg[15]/SI (SAEDHVT14_FSDPRBQ_V2LP_2)
                                   0.18 f         0.18           0.00    -0.00   cluster_clock_gating
                                                                                          Func_Fast
ibex_top_inst/u_ibex_core/cs_registers_i/u_mstack_epc_csr/rdata_q_reg[13]/SI (SAEDHVT14_FSDPRBQ_V2LP_2)
                                   0.18 f         0.18           0.00    -0.00   cluster_clock_gating
                                                                                          Func_Fast
ibex_top_inst/gen_regfile_ff.register_file_i/g_rf_flops[3].rf_reg_q_reg[7]/SI (SAEDHVT14_FSDPRBQ_V2LP_2)
                                   0.18 f         0.18           0.00    -0.00   cluster_clock_gating
                                                                                          Func_Fast
ibex_top_inst/gen_regfile_ff.register_file_i/g_rf_flops[8].rf_reg_q_reg[8]/SI (SAEDHVT14_FSDPRBQ_V2LP_2)
                                   0.18 f         0.18           0.00    -0.00   cluster_clock_gating
                                                                                          Func_Fast
ibex_top_inst/gen_regfile_ff.register_file_i/g_rf_flops[2].rf_reg_q_reg[0]/D (SAEDHVT14_FSDPRBQ_V2LP_2)
                                   0.18 f         0.18           0.00    -0.00   cluster_clock_gating
                                                                                          Func_Fast
ibex_top_inst/gen_regfile_ff.register_file_i/g_rf_flops[11].rf_reg_q_reg[14]/SI (SAEDHVT14_FSDPRBQ_V2LP_2)
                                   0.18 f         0.18           0.00    -0.00   cluster_clock_gating
                                                                                          Func_Fast
ibex_top_inst/gen_regfile_ff.register_file_i/g_rf_flops[10].rf_reg_q_reg[1]/SI (SAEDHVT14_FSDPRBQ_V2LP_2)
                                   0.18 f         0.18           0.00    -0.00   cluster_clock_gating
                                                                                          Func_Fast
ibex_top_inst/gen_regfile_ff.register_file_i/g_rf_flops[10].rf_reg_q_reg[28]/SI (SAEDHVT14_FSDPRBQ_V2LP_2)
                                   0.18 f         0.18           0.00    -0.00   cluster_clock_gating
                                                                                          Func_Fast
ibex_top_inst/gen_regfile_ff.register_file_i/g_rf_flops[8].rf_reg_q_reg[3]/SI (SAEDHVT14_FSDPRBQ_V2LP_2)
                                   0.18 f         0.18           0.00    -0.00   cluster_clock_gating
                                                                                          Func_Fast
ibex_top_inst/gen_regfile_ff.register_file_i/g_rf_flops[13].rf_reg_q_reg[23]/SI (SAEDHVT14_FSDPRBQ_V2LP_2)
                                   0.17 f         0.18           0.00    -0.00   cluster_clock_gating
                                                                                          Func_Fast
ibex_top_inst/gen_regfile_ff.register_file_i/g_rf_flops[1].rf_reg_q_reg[4]/D (SAEDHVT14_FSDPRBQ_V2LP_2)
                                   0.18 f         0.18           0.00    -0.00   cluster_clock_gating
                                                                                          Func_Fast
ibex_top_inst/u_ibex_core/cs_registers_i/minstret_counter_i/counter_q_reg[12]/SI (SAEDHVT14_FSDPRBQ_V2LP_2)
                                   0.18 f         0.18           0.00    -0.00   cluster_clock_gating
                                                                                          Func_Fast
ibex_top_inst/gen_regfile_ff.register_file_i/g_rf_flops[16].rf_reg_q_reg[19]/SI (SAEDHVT14_FSDPRBQ_V2LP_2)
                                   0.18 f         0.18           0.00    -0.00   cluster_clock_gating
                                                                                          Func_Fast
ibex_top_inst/gen_regfile_ff.register_file_i/g_rf_flops[26].rf_reg_q_reg[27]/SI (SAEDHVT14_FSDPRBQ_V2LP_2)
                                   0.18 f         0.18           0.00    -0.00   cluster_clock_gating
                                                                                          Func_Fast
ibex_top_inst/u_ibex_core/if_stage_i/instr_rdata_id_o_reg[16]/D (SAEDHVT14_FSDPQ_V2_2)
                                   0.18 r         0.18           0.00    -0.00   cluster_clock_gating
                                                                                          Func_Fast
ibex_top_inst/u_ibex_core/if_stage_i/gen_prefetch_buffer.prefetch_buffer_i/fifo_i/instr_addr_q_reg[19]/D (SAEDHVT14_FSDPQ_V2LP_2)
                                   0.18 r         0.18           0.00    -0.00   cluster_clock_gating
                                                                                          Func_Fast
ibex_top_inst/u_ibex_core/cs_registers_i/u_dscratch1_csr/rdata_q_reg[25]/SI (SAEDHVT14_FSDPRBQ_V2LP_2)
                                   0.18 f         0.18           0.00    -0.00   cluster_clock_gating
                                                                                          Func_Fast
ibex_top_inst/gen_regfile_ff.register_file_i/g_rf_flops[27].rf_reg_q_reg[5]/SI (SAEDHVT14_FSDPRBQ_V2LP_2)
                                   0.18 f         0.18           0.00    -0.00   cluster_clock_gating
                                                                                          Func_Fast
ibex_top_inst/u_ibex_core/cs_registers_i/u_mtvec_csr/rdata_q_reg[27]/SI (SAEDHVT14_FSDPRBQ_V2LP_2)
                                   0.18 f         0.18           0.00    -0.00   cluster_clock_gating
                                                                                          Func_Fast
ibex_top_inst/gen_regfile_ff.register_file_i/g_rf_flops[31].rf_reg_q_reg[20]/SI (SAEDHVT14_FSDPRBQ_V2LP_2)
                                   0.18 f         0.18           0.00    -0.00   cluster_clock_gating
                                                                                          Func_Fast
ibex_top_inst/gen_regfile_ff.register_file_i/g_rf_flops[5].rf_reg_q_reg[24]/SI (SAEDHVT14_FSDPRBQ_V2LP_2)
                                   0.17 f         0.17           0.00    -0.00   cluster_clock_gating
                                                                                          Func_Fast
ibex_top_inst/u_ibex_core/cs_registers_i/u_mstack_csr/rdata_q_reg[0]/SI (SAEDHVT14_FSDPRBQ_V2LP_2)
                                   0.18 f         0.18           0.00    -0.00   cluster_clock_gating
                                                                                          Func_Fast
ibex_top_inst/u_ibex_core/cs_registers_i/minstret_counter_i/counter_q_reg[13]/SI (SAEDHVT14_FSDPRBQ_V2LP_2)
                                   0.18 f         0.18           0.00    -0.00   cluster_clock_gating
                                                                                          Func_Fast
ibex_top_inst/u_ibex_core/cs_registers_i/minstret_counter_i/counter_q_reg[11]/SI (SAEDHVT14_FSDPRBQ_V2LP_2)
                                   0.18 f         0.18           0.00    -0.00   cluster_clock_gating
                                                                                          Func_Fast
ibex_top_inst/gen_regfile_ff.register_file_i/g_rf_flops[20].rf_reg_q_reg[4]/SI (SAEDHVT14_FSDPRBQ_V2LP_2)
                                   0.18 f         0.18           0.00    -0.00   cluster_clock_gating
                                                                                          Func_Fast
ibex_top_inst/gen_regfile_ff.register_file_i/g_rf_flops[25].rf_reg_q_reg[26]/SI (SAEDHVT14_FSDPRBQ_V2LP_2)
                                   0.17 f         0.17           0.00    -0.00   cluster_clock_gating
                                                                                          Func_Fast
ibex_top_inst/u_ibex_core/cs_registers_i/minstret_counter_i/counter_q_reg[6]/SI (SAEDHVT14_FSDPRBQ_V2LP_2)
                                   0.18 f         0.18           0.00    -0.00   cluster_clock_gating
                                                                                          Func_Fast
ibex_top_inst/gen_regfile_ff.register_file_i/g_rf_flops[13].rf_reg_q_reg[9]/SI (SAEDHVT14_FSDPRBQ_V2LP_2)
                                   0.18 f         0.18           0.00    -0.00   cluster_clock_gating
                                                                                          Func_Fast
ibex_top_inst/gen_regfile_ff.register_file_i/g_rf_flops[24].rf_reg_q_reg[5]/SI (SAEDHVT14_FSDPRBQ_V2LP_2)
                                   0.18 f         0.18           0.00    -0.00   cluster_clock_gating
                                                                                          Func_Fast
ibex_top_inst/gen_regfile_ff.register_file_i/g_rf_flops[11].rf_reg_q_reg[24]/SI (SAEDHVT14_FSDPRBQ_V2LP_2)
                                   0.18 f         0.18           0.00    -0.00   cluster_clock_gating
                                                                                          Func_Fast
ibex_top_inst/u_ibex_core/if_stage_i/gen_prefetch_buffer.prefetch_buffer_i/fifo_i/instr_addr_q_reg[12]/D (SAEDHVT14_FSDPQ_V2LP_2)
                                   0.18 r         0.18           0.00    -0.00   cluster_clock_gating
                                                                                          Func_Fast
ibex_top_inst/u_ibex_core/wb_stage_i/g_writeback_stage.rf_wdata_wb_q_reg[3]/SI (SAEDHVT14_FSDPQ_V2_2)
                                   0.17 r         0.17           0.00    -0.00   cluster_clock_gating
                                                                                          Func_Fast
ibex_top_inst/gen_regfile_ff.register_file_i/g_rf_flops[26].rf_reg_q_reg[28]/SI (SAEDHVT14_FSDPRBQ_V2LP_2)
                                   0.18 f         0.18           0.00    -0.00   cluster_clock_gating
                                                                                          Func_Fast
ibex_top_inst/u_ibex_core/ex_block_i/gen_multdiv_fast.multdiv_i/op_quotient_q_reg[31]/SI (SAEDHVT14_FSDPRBQ_V2LP_2)
                                   0.18 f         0.18           0.00    -0.00   cluster_clock_gating
                                                                                          Func_Fast
ibex_top_inst/gen_regfile_ff.register_file_i/g_rf_flops[5].rf_reg_q_reg[12]/SI (SAEDHVT14_FSDPRBQ_V2LP_2)
                                   0.18 f         0.18           0.00    -0.00   cluster_clock_gating
                                                                                          Func_Fast
ibex_top_inst/gen_regfile_ff.register_file_i/g_rf_flops[7].rf_reg_q_reg[5]/SI (SAEDHVT14_FSDPRBQ_V2LP_2)
                                   0.18 f         0.18           0.00    -0.00   cluster_clock_gating
                                                                                          Func_Fast
ibex_top_inst/u_ibex_core/cs_registers_i/minstret_counter_i/counter_q_reg[44]/SI (SAEDHVT14_FSDPRBQ_V2LP_2)
                                   0.18 f         0.18           0.00    -0.00   cluster_clock_gating
                                                                                          Func_Fast
ibex_top_inst/gen_regfile_ff.register_file_i/g_rf_flops[7].rf_reg_q_reg[23]/SI (SAEDHVT14_FSDPRBQ_V2LP_2)
                                   0.17 f         0.17           0.00    -0.00   cluster_clock_gating
                                                                                          Func_Fast
ibex_top_inst/gen_regfile_ff.register_file_i/g_rf_flops[27].rf_reg_q_reg[18]/SI (SAEDHVT14_FSDPRBQ_V2LP_2)
                                   0.18 f         0.18           0.00    -0.00   cluster_clock_gating
                                                                                          Func_Fast
ibex_top_inst/gen_regfile_ff.register_file_i/g_rf_flops[6].rf_reg_q_reg[26]/SI (SAEDHVT14_FSDPRBQ_V2LP_2)
                                   0.18 f         0.18           0.00    -0.00   cluster_clock_gating
                                                                                          Func_Fast
ibex_top_inst/gen_regfile_ff.register_file_i/g_rf_flops[10].rf_reg_q_reg[19]/SI (SAEDHVT14_FSDPRBQ_V2LP_2)
                                   0.18 f         0.18           0.00    -0.00   cluster_clock_gating
                                                                                          Func_Fast
ibex_top_inst/gen_regfile_ff.register_file_i/g_rf_flops[6].rf_reg_q_reg[31]/SI (SAEDHVT14_FSDPRBQ_V2LP_2)
                                   0.18 f         0.18           0.00    -0.00   cluster_clock_gating
                                                                                          Func_Fast
ibex_top_inst/u_ibex_core/cs_registers_i/minstret_counter_i/counter_q_reg[23]/SI (SAEDHVT14_FSDPRBQ_V2LP_2)
                                   0.18 f         0.18           0.00    -0.00   cluster_clock_gating
                                                                                          Func_Fast
ibex_top_inst/u_ibex_core/wb_stage_i/g_writeback_stage.rf_wdata_wb_q_reg[22]/SI (SAEDHVT14_FSDPQ_V2_2)
                                   0.17 r         0.17           0.00    -0.00   cluster_clock_gating
                                                                                          Func_Fast
ibex_top_inst/gen_regfile_ff.register_file_i/g_rf_flops[13].rf_reg_q_reg[8]/SI (SAEDHVT14_FSDPRBQ_V2LP_2)
                                   0.18 f         0.18           0.00    -0.00   cluster_clock_gating
                                                                                          Func_Fast
ibex_top_inst/gen_regfile_ff.register_file_i/g_rf_flops[4].rf_reg_q_reg[6]/SI (SAEDHVT14_FSDPRBQ_V2LP_2)
                                   0.18 f         0.18           0.00    -0.00   cluster_clock_gating
                                                                                          Func_Fast
ibex_top_inst/gen_regfile_ff.register_file_i/g_rf_flops[30].rf_reg_q_reg[30]/SI (SAEDHVT14_FSDPRBQ_V2LP_2)
                                   0.18 f         0.18           0.00    -0.00   cluster_clock_gating
                                                                                          Func_Fast
ibex_top_inst/gen_regfile_ff.register_file_i/g_rf_flops[12].rf_reg_q_reg[14]/SI (SAEDHVT14_FSDPRBQ_V2LP_2)
                                   0.18 f         0.18           0.00    -0.00   cluster_clock_gating
                                                                                          Func_Fast
ibex_top_inst/gen_regfile_ff.register_file_i/g_rf_flops[29].rf_reg_q_reg[5]/SI (SAEDHVT14_FSDPRBQ_V2LP_2)
                                   0.18 f         0.18           0.00    -0.00   cluster_clock_gating
                                                                                          Func_Fast
ibex_top_inst/gen_regfile_ff.register_file_i/g_rf_flops[24].rf_reg_q_reg[18]/SI (SAEDHVT14_FSDPRBQ_V2LP_2)
                                   0.18 f         0.18           0.00    -0.00   cluster_clock_gating
                                                                                          Func_Fast
ibex_top_inst/u_ibex_core/cs_registers_i/u_mstack_epc_csr/rdata_q_reg[12]/SI (SAEDHVT14_FSDPRBQ_V2LP_2)
                                   0.18 f         0.18           0.00    -0.00   cluster_clock_gating
                                                                                          Func_Fast
ibex_top_inst/u_ibex_core/cs_registers_i/u_mstack_epc_csr/rdata_q_reg[26]/SI (SAEDHVT14_FSDPRBQ_V2LP_2)
                                   0.18 f         0.18           0.00    -0.00   cluster_clock_gating
                                                                                          Func_Fast
ibex_top_inst/u_ibex_core/cs_registers_i/u_dscratch0_csr/rdata_q_reg[21]/SI (SAEDHVT14_FSDPRBQ_V2LP_2)
                                   0.18 f         0.18           0.00    -0.00   cluster_clock_gating
                                                                                          Func_Fast
ibex_top_inst/gen_regfile_ff.register_file_i/g_rf_flops[7].rf_reg_q_reg[11]/SI (SAEDHVT14_FSDPRBQ_V2LP_2)
                                   0.18 f         0.18           0.00    -0.00   cluster_clock_gating
                                                                                          Func_Fast
ibex_top_inst/u_ibex_core/load_store_unit_i/rdata_q_reg[23]/SI (SAEDHVT14_FSDPRBQ_V2LP_2)
                                   0.18 f         0.18           0.00    -0.00   cluster_clock_gating
                                                                                          Func_Fast
ibex_top_inst/u_ibex_core/cs_registers_i/u_dscratch1_csr/rdata_q_reg[7]/SI (SAEDHVT14_FSDPRBQ_V2LP_2)
                                   0.18 f         0.18           0.00    -0.00   cluster_clock_gating
                                                                                          Func_Fast
ibex_top_inst/gen_regfile_ff.register_file_i/g_rf_flops[28].rf_reg_q_reg[4]/SI (SAEDHVT14_FSDPRBQ_V2LP_2)
                                   0.18 f         0.18           0.00    -0.00   cluster_clock_gating
                                                                                          Func_Fast
ibex_top_inst/gen_regfile_ff.register_file_i/g_rf_flops[5].rf_reg_q_reg[8]/SI (SAEDHVT14_FSDPRBQ_V2LP_2)
                                   0.18 f         0.18           0.00    -0.00   cluster_clock_gating
                                                                                          Func_Fast
ibex_top_inst/gen_regfile_ff.register_file_i/g_rf_flops[30].rf_reg_q_reg[2]/SI (SAEDHVT14_FSDPRBQ_V2LP_2)
                                   0.18 f         0.18           0.00    -0.00   cluster_clock_gating
                                                                                          Func_Fast
ibex_top_inst/gen_regfile_ff.register_file_i/g_rf_flops[27].rf_reg_q_reg[26]/SI (SAEDHVT14_FSDPRBQ_V2LP_2)
                                   0.18 f         0.18           0.00    -0.00   cluster_clock_gating
                                                                                          Func_Fast
ibex_top_inst/gen_regfile_ff.register_file_i/g_rf_flops[28].rf_reg_q_reg[2]/SI (SAEDHVT14_FSDPRBQ_V2LP_2)
                                   0.18 f         0.18           0.00    -0.00   cluster_clock_gating
                                                                                          Func_Fast
ibex_top_inst/u_ibex_core/cs_registers_i/u_mtvec_csr/rdata_q_reg[13]/SI (SAEDHVT14_FSDPRBQ_V2LP_2)
                                   0.18 f         0.18           0.00    -0.00   cluster_clock_gating
                                                                                          Func_Fast
ibex_top_inst/gen_regfile_ff.register_file_i/g_rf_flops[31].rf_reg_q_reg[2]/SI (SAEDHVT14_FSDPRBQ_V2LP_2)
                                   0.18 f         0.18           0.00    -0.00   cluster_clock_gating
                                                                                          Func_Fast
ibex_top_inst/gen_regfile_ff.register_file_i/g_rf_flops[10].rf_reg_q_reg[17]/SI (SAEDHVT14_FSDPRBQ_V2LP_2)
                                   0.18 f         0.18           0.00    -0.00   cluster_clock_gating
                                                                                          Func_Fast
ibex_top_inst/u_ibex_core/cs_registers_i/u_mtval_csr/rdata_q_reg[9]/SI (SAEDHVT14_FSDPRBQ_V2LP_2)
                                   0.18 f         0.18           0.00    -0.00   cluster_clock_gating
                                                                                          Func_Fast
ibex_top_inst/u_ibex_core/cs_registers_i/u_dscratch0_csr/rdata_q_reg[23]/SI (SAEDHVT14_FSDPRBQ_V2LP_2)
                                   0.18 f         0.18           0.00    -0.00   cluster_clock_gating
                                                                                          Func_Fast
ibex_top_inst/gen_regfile_ff.register_file_i/g_rf_flops[9].rf_reg_q_reg[14]/SI (SAEDHVT14_FSDPRBQ_V2LP_2)
                                   0.18 f         0.18           0.00    -0.00   cluster_clock_gating
                                                                                          Func_Fast

1
