Warning: Cell contains tie connections which are not connected to real PG. (ZRT-511)
Turn off antenna since no rule is specified
Cell Min-Routing-Layer = M1
Cell Max-Routing-Layer = M9
Warning: There is no constraint to limit maximum number of secondary power and ground (PG) pins in a cluster. (ZRT-536)
Warning: There is no constraint to limit maximum number of secondary power and ground (PG) pins in a cluster. (ZRT-536)
Warning: Ignore 2 top cell ports with no pins. (ZRT-027)
Info: number of net_type_blockage: 0 
Via on layer (VIA1) needs more than one tracks
Warning: Layer M1 pitch 0.074 may be too small: wire/via-down 0.074, wire/via-up 0.098. (ZRT-026)
Via on layer (VIA1) needs more than one tracks
Warning: Layer M2 pitch 0.060 may be too small: wire/via-down 0.098, wire/via-up 0.060. (ZRT-026)
Via on layer (VIA3) needs more than one tracks
Warning: Layer M3 pitch 0.074 may be too small: wire/via-down 0.060, wire/via-up 0.080. (ZRT-026)
Wire on layer (M4) needs more than one tracks
Via on layer (VIA3) needs more than one tracks
Via on layer (VIA4) needs more than one tracks
Warning: Layer M4 pitch 0.074 may be too small: wire/via-down 0.107, wire/via-up 0.105. (ZRT-026)
Via on layer (VIA4) needs more than one tracks
Warning: Layer M5 pitch 0.120 may be too small: wire/via-down 0.135, wire/via-up 0.107. (ZRT-026)
Via on layer (VIA8) needs more than one tracks
Warning: Layer M8 pitch 0.120 may be too small: wire/via-down 0.107, wire/via-up 0.135. (ZRT-026)
Wire on layer (M9) needs more than one tracks
Via on layer (VIA8) needs more than one tracks
Via on layer (VIARDL) needs more than one tracks
Warning: Layer M9 pitch 0.120 may be too small: wire/via-down 0.135, wire/via-up 1.570. (ZRT-026)
Via on layer (VIARDL) needs more than one tracks
Warning: Layer MRDL pitch 0.600 may be too small: wire/via-down 4.500, wire/via-up 0.600. (ZRT-026)
Transition layer name: M3(2)
Warning: Standard cell pin SAEDHVT14_INV_PS_2/VDD has no valid via regions. (ZRT-044)
Warning: Standard cell pin SAEDHVT14_NR3B_2/B2 has no valid via regions. (ZRT-044)
Warning: Standard cell pin SAEDHVT14_NR2_2/A1 has no valid via regions. (ZRT-044)
Warning: Standard cell pin SAEDHVT14_NR2_2/X has no valid via regions. (ZRT-044)


Start checking for open nets ... 

Total number of nets = 25279, of which 0 are not extracted
Total number of open nets = 0, of which 0 are frozen

Check 25279 nets, 0 have Errors

[CHECK OPEN NETS] Elapsed real time: 0:00:00 
[CHECK OPEN NETS] Elapsed cpu  time: sys=0:00:00 usr=0:00:00 total=0:00:00
[CHECK OPEN NETS] Stage (MB): Used    0  Alloctr    0  Proc    0 
[CHECK OPEN NETS] Total (MB): Used  118  Alloctr  125  Proc 2122 
Printing options for 'route.common.*'
common.verbose_level                                    :	 0                   

Printing options for 'route.detail.*'
detail.antenna                                          :	 true                
detail.force_end_on_preferred_grid                      :	 true                

Printing options for 'route.auto_via_ladder.*'


Begin full DRC check ...

Information: Using 1 threads for routing. (ZRT-444)
Checked	1/64 Partitions, Violations =	0
Checked	2/64 Partitions, Violations =	0
Checked	4/64 Partitions, Violations =	0
Checked	6/64 Partitions, Violations =	0
Checked	8/64 Partitions, Violations =	0
Checked	10/64 Partitions, Violations =	0
Checked	12/64 Partitions, Violations =	0
Checked	14/64 Partitions, Violations =	0
Checked	16/64 Partitions, Violations =	0
Checked	18/64 Partitions, Violations =	0
Checked	20/64 Partitions, Violations =	167
Checked	22/64 Partitions, Violations =	167
Checked	25/64 Partitions, Violations =	167
Checked	26/64 Partitions, Violations =	167
Checked	28/64 Partitions, Violations =	203
Checked	30/64 Partitions, Violations =	203
Checked	32/64 Partitions, Violations =	203
Checked	34/64 Partitions, Violations =	203
Checked	36/64 Partitions, Violations =	203
Checked	38/64 Partitions, Violations =	203
Checked	40/64 Partitions, Violations =	203
Checked	42/64 Partitions, Violations =	203
Checked	44/64 Partitions, Violations =	205
Checked	46/64 Partitions, Violations =	208
Checked	48/64 Partitions, Violations =	208
Checked	50/64 Partitions, Violations =	208
Checked	52/64 Partitions, Violations =	208
Checked	54/64 Partitions, Violations =	212
Checked	56/64 Partitions, Violations =	212
Checked	58/64 Partitions, Violations =	212
Checked	60/64 Partitions, Violations =	212
Checked	62/64 Partitions, Violations =	212
Checked	64/64 Partitions, Violations =	212
[DRC CHECK] Elapsed real time: 0:00:10 
[DRC CHECK] Elapsed cpu  time: sys=0:00:00 usr=0:00:09 total=0:00:10
[DRC CHECK] Stage (MB): Used    0  Alloctr    0  Proc   33 
[DRC CHECK] Total (MB): Used  140  Alloctr  147  Proc 2155 
Warning: No antenna rules defined, Skip antenna analysis. (ZRT-309)
Information: Merged away 78 aligned/redundant DRCs. (ZRT-305)

DRC-SUMMARY:
	@@@@@@@ TOTAL VIOLATIONS =	134
	Diff net spacing : 51
	End of line enclosure : 1
	Less than minimum area : 23
	Off-grid : 5
	Same net spacing : 1
	Same net via-cut spacing : 8
	Short : 45


Total Wire Length =                    328197 micron
Total Number of Contacts =             173651
Total Number of Wires =                216133
Total Number of PtConns =              34430
Total Number of Routed Wires =       216133
Total Routed Wire Length =           304411 micron
Total Number of Routed Contacts =       173651
	Layer               M1 :        860 micron
	Layer               M2 :      85320 micron
	Layer               M3 :      99069 micron
	Layer               M4 :      44665 micron
	Layer               M5 :      51138 micron
	Layer               M6 :      29165 micron
	Layer               M7 :      15675 micron
	Layer               M8 :       2285 micron
	Layer               M9 :         19 micron
	Layer             MRDL :          0 micron
	Via            VIA89_C :          4
	Via     VIA78SQ_C(rot) :        381
	Via          VIA67SQ_C :       2368
	Via            VIA67SQ :        112
	Via       VIA67SQ(rot) :         66
	Via     VIA56SQ_C(rot) :        141
	Via            VIA56SQ :       5172
	Via            VIA45SQ :      10594
	Via       VIA45SQ(rot) :          9
	Via          VIA34SQ_C :          1
	Via     VIA34SQ_C(rot) :      11823
	Via        VIA34BAR2_C :         19
	Via            VIA34SQ :        311
	Via       VIA34SQ(rot) :        949
	Via          VIA23SQ_C :      81253
	Via     VIA23SQ_C(rot) :          3
	Via        VIA23BAR2_C :          8
	Via   VIA23BAR2_C(rot) :          1
	Via            VIA23SQ :         12
	Via       VIA23SQ(rot) :          3
	Via          VIA23BAR1 :          3
	Via     VIA23BAR1(rot) :          1
	Via        VIA2_33SQ_C :        635
	Via        VIA23_3SQ_C :        416
	Via     VIA12SQ_C(rot) :      57835
	Via   VIA12BAR2_C(rot) :         64
	Via            VIA12SQ :          4
	Via       VIA12SQ(rot) :        570
	Via   VIA1_32SQ_C(rot) :        893

 
Redundant via conversion report:
--------------------------------

  Total optimized via conversion rate =  0.00% (0 / 173651 vias)
 
    Layer VIA1       =  0.00% (0      / 59366   vias)
        Un-optimized =  0.00% (0       vias)
        Un-mapped    = 100.00% (59366   vias)
    Layer VIA2       =  0.00% (0      / 82335   vias)
        Un-optimized =  0.00% (0       vias)
        Un-mapped    = 100.00% (82335   vias)
    Layer VIA3       =  0.00% (0      / 13103   vias)
        Un-optimized =  0.00% (0       vias)
        Un-mapped    = 100.00% (13103   vias)
    Layer VIA4       =  0.00% (0      / 10603   vias)
        Un-optimized =  0.00% (0       vias)
        Un-mapped    = 100.00% (10603   vias)
    Layer VIA5       =  0.00% (0      / 5313    vias)
        Un-optimized =  0.00% (0       vias)
        Un-mapped    = 100.00% (5313    vias)
    Layer VIA6       =  0.00% (0      / 2546    vias)
        Un-optimized =  0.00% (0       vias)
        Un-mapped    = 100.00% (2546    vias)
    Layer VIA7       =  0.00% (0      / 381     vias)
        Un-optimized =  0.00% (0       vias)
        Un-mapped    = 100.00% (381     vias)
    Layer VIA8       =  0.00% (0      / 4       vias)
        Un-optimized =  0.00% (0       vias)
        Un-mapped    = 100.00% (4       vias)
 
  Total double via conversion rate    =  0.00% (0 / 173651 vias)
 
    Layer VIA1       =  0.00% (0      / 59366   vias)
    Layer VIA2       =  0.00% (0      / 82335   vias)
    Layer VIA3       =  0.00% (0      / 13103   vias)
    Layer VIA4       =  0.00% (0      / 10603   vias)
    Layer VIA5       =  0.00% (0      / 5313    vias)
    Layer VIA6       =  0.00% (0      / 2546    vias)
    Layer VIA7       =  0.00% (0      / 381     vias)
    Layer VIA8       =  0.00% (0      / 4       vias)
 
  The optimized via conversion rate based on total routed via count =  0.00% (0 / 173651 vias)
 
    Layer VIA1       =  0.00% (0      / 59366   vias)
        Un-optimized =  0.00% (0       vias)
        Un-mapped    = 100.00% (59366   vias)
    Layer VIA2       =  0.00% (0      / 82335   vias)
        Un-optimized =  0.00% (0       vias)
        Un-mapped    = 100.00% (82335   vias)
    Layer VIA3       =  0.00% (0      / 13103   vias)
        Un-optimized =  0.00% (0       vias)
        Un-mapped    = 100.00% (13103   vias)
    Layer VIA4       =  0.00% (0      / 10603   vias)
        Un-optimized =  0.00% (0       vias)
        Un-mapped    = 100.00% (10603   vias)
    Layer VIA5       =  0.00% (0      / 5313    vias)
        Un-optimized =  0.00% (0       vias)
        Un-mapped    = 100.00% (5313    vias)
    Layer VIA6       =  0.00% (0      / 2546    vias)
        Un-optimized =  0.00% (0       vias)
        Un-mapped    = 100.00% (2546    vias)
    Layer VIA7       =  0.00% (0      / 381     vias)
        Un-optimized =  0.00% (0       vias)
        Un-mapped    = 100.00% (381     vias)
    Layer VIA8       =  0.00% (0      / 4       vias)
        Un-optimized =  0.00% (0       vias)
        Un-mapped    = 100.00% (4       vias)
 


Verify Summary:

Total number of nets = 25279, of which 0 are not extracted
Total number of open nets = 0, of which 0 are frozen
Total number of excluded ports = 0 ports of 0 unplaced cells connected to 0 nets
                                 0 ports without pins of 0 cells connected to 0 nets
                                 0 ports of 0 cover cells connected to 0 non-pg nets
Total number of DRCs = 134
Total number of antenna violations = no antenna rules defined
Total number of tie to rail violations = not checked
Total number of tie to rail directly violations = not checked


