Warning: Cell contains tie connections which are not connected to real PG. (ZRT-511)
Turn off antenna since no rule is specified
Cell Min-Routing-Layer = M1
Cell Max-Routing-Layer = M9
Warning: There is no constraint to limit maximum number of secondary power and ground (PG) pins in a cluster. (ZRT-536)
Warning: There is no constraint to limit maximum number of secondary power and ground (PG) pins in a cluster. (ZRT-536)
Warning: Ignore 2 top cell ports with no pins. (ZRT-027)
Info: number of net_type_blockage: 0 
Via on layer (VIA1) needs more than one tracks
Warning: Layer M1 pitch 0.074 may be too small: wire/via-down 0.074, wire/via-up 0.098. (ZRT-026)
Via on layer (VIA1) needs more than one tracks
Warning: Layer M2 pitch 0.060 may be too small: wire/via-down 0.098, wire/via-up 0.060. (ZRT-026)
Via on layer (VIA3) needs more than one tracks
Warning: Layer M3 pitch 0.074 may be too small: wire/via-down 0.060, wire/via-up 0.080. (ZRT-026)
Wire on layer (M4) needs more than one tracks
Via on layer (VIA3) needs more than one tracks
Via on layer (VIA4) needs more than one tracks
Warning: Layer M4 pitch 0.074 may be too small: wire/via-down 0.107, wire/via-up 0.105. (ZRT-026)
Via on layer (VIA4) needs more than one tracks
Warning: Layer M5 pitch 0.120 may be too small: wire/via-down 0.135, wire/via-up 0.107. (ZRT-026)
Via on layer (VIA8) needs more than one tracks
Warning: Layer M8 pitch 0.120 may be too small: wire/via-down 0.107, wire/via-up 0.135. (ZRT-026)
Wire on layer (M9) needs more than one tracks
Via on layer (VIA8) needs more than one tracks
Via on layer (VIARDL) needs more than one tracks
Warning: Layer M9 pitch 0.120 may be too small: wire/via-down 0.135, wire/via-up 1.570. (ZRT-026)
Via on layer (VIARDL) needs more than one tracks
Warning: Layer MRDL pitch 0.600 may be too small: wire/via-down 4.500, wire/via-up 0.600. (ZRT-026)
Transition layer name: M3(2)
Warning: Standard cell pin SAEDHVT14_INV_PS_2/VDD has no valid via regions. (ZRT-044)
Warning: Standard cell pin SAEDHVT14_NR3B_2/B2 has no valid via regions. (ZRT-044)
Warning: Standard cell pin SAEDHVT14_NR2_2/A1 has no valid via regions. (ZRT-044)
Warning: Standard cell pin SAEDHVT14_NR2_2/X has no valid via regions. (ZRT-044)


Start checking for open nets ... 

Total number of nets = 25279, of which 0 are not extracted
Total number of open nets = 0, of which 0 are frozen

Check 25279 nets, 0 have Errors

[CHECK OPEN NETS] Elapsed real time: 0:00:00 
[CHECK OPEN NETS] Elapsed cpu  time: sys=0:00:00 usr=0:00:00 total=0:00:00
[CHECK OPEN NETS] Stage (MB): Used    0  Alloctr    0  Proc    0 
[CHECK OPEN NETS] Total (MB): Used  118  Alloctr  125  Proc 2155 
Printing options for 'route.common.*'
common.verbose_level                                    :	 0                   

Printing options for 'route.detail.*'
detail.antenna                                          :	 true                
detail.force_end_on_preferred_grid                      :	 true                

Printing options for 'route.auto_via_ladder.*'


Begin full DRC check ...

Information: Using 1 threads for routing. (ZRT-444)
Checked	1/64 Partitions, Violations =	0
Checked	2/64 Partitions, Violations =	0
Checked	4/64 Partitions, Violations =	0
Checked	6/64 Partitions, Violations =	0
Checked	8/64 Partitions, Violations =	0
Checked	10/64 Partitions, Violations =	0
Checked	12/64 Partitions, Violations =	0
Checked	14/64 Partitions, Violations =	0
Checked	16/64 Partitions, Violations =	0
Checked	18/64 Partitions, Violations =	0
Checked	20/64 Partitions, Violations =	0
Checked	22/64 Partitions, Violations =	0
Checked	25/64 Partitions, Violations =	0
Checked	26/64 Partitions, Violations =	0
Checked	28/64 Partitions, Violations =	0
Checked	30/64 Partitions, Violations =	0
Checked	32/64 Partitions, Violations =	0
Checked	34/64 Partitions, Violations =	0
Checked	36/64 Partitions, Violations =	0
Checked	38/64 Partitions, Violations =	0
Checked	40/64 Partitions, Violations =	0
Checked	42/64 Partitions, Violations =	0
Checked	44/64 Partitions, Violations =	0
Checked	46/64 Partitions, Violations =	0
Checked	48/64 Partitions, Violations =	0
Checked	50/64 Partitions, Violations =	0
Checked	52/64 Partitions, Violations =	0
Checked	54/64 Partitions, Violations =	0
Checked	56/64 Partitions, Violations =	0
Checked	58/64 Partitions, Violations =	0
Checked	60/64 Partitions, Violations =	0
Checked	62/64 Partitions, Violations =	0
Checked	64/64 Partitions, Violations =	0
[DRC CHECK] Elapsed real time: 0:00:10 
[DRC CHECK] Elapsed cpu  time: sys=0:00:00 usr=0:00:10 total=0:00:10
[DRC CHECK] Stage (MB): Used    0  Alloctr    0  Proc    0 
[DRC CHECK] Total (MB): Used  140  Alloctr  147  Proc 2155 
Warning: No antenna rules defined, Skip antenna analysis. (ZRT-309)

DRC-SUMMARY:
	@@@@@@@ TOTAL VIOLATIONS =	0


Total Wire Length =                    328108 micron
Total Number of Contacts =             173633
Total Number of Wires =                216261
Total Number of PtConns =              34405
Total Number of Routed Wires =       216261
Total Routed Wire Length =           304378 micron
Total Number of Routed Contacts =       173633
	Layer                 M1 :        856 micron
	Layer                 M2 :      85333 micron
	Layer                 M3 :      99045 micron
	Layer                 M4 :      44577 micron
	Layer                 M5 :      51035 micron
	Layer                 M6 :      29171 micron
	Layer                 M7 :      15760 micron
	Layer                 M8 :       2312 micron
	Layer                 M9 :         19 micron
	Layer               MRDL :          0 micron
	Via              VIA89_C :          4
	Via       VIA78SQ_C(rot) :        400
	Via            VIA67SQ_C :       2405
	Via       VIA67SQ_C(rot) :          4
	Via              VIA67SQ :        145
	Via         VIA67SQ(rot) :         37
	Via            VIA56SQ_C :         21
	Via       VIA56SQ_C(rot) :        150
	Via              VIA56SQ :       5160
	Via              VIA45SQ :      10575
	Via         VIA45SQ(rot) :          9
	Via            VIA34SQ_C :          2
	Via       VIA34SQ_C(rot) :      11676
	Via          VIA34BAR2_C :         19
	Via              VIA34SQ :        314
	Via         VIA34SQ(rot) :        946
	Via     VIA3_34SQ_C(rot) :         30
	Via            VIA3_34SQ :         70
	Via       VIA3_34SQ(rot) :         19
	Via            VIA23SQ_C :      81217
	Via       VIA23SQ_C(rot) :          4
	Via          VIA23BAR2_C :          7
	Via     VIA23BAR2_C(rot) :          1
	Via              VIA23SQ :         12
	Via         VIA23SQ(rot) :          3
	Via            VIA23BAR1 :          3
	Via       VIA23BAR1(rot) :          1
	Via          VIA2_33SQ_C :        390
	Via          VIA23_3SQ_C :        504
	Via        VIA2_33_3SQ_C :        162
	Via       VIA12SQ_C(rot) :      57808
	Via     VIA12BAR2_C(rot) :         65
	Via              VIA12SQ :          4
	Via         VIA12SQ(rot) :        567
	Via     VIA1_32SQ_C(rot) :        848
	Via     VIA12_3SQ_C(rot) :         24
	Via   VIA1_32_3SQ_C(rot) :         27

 
Redundant via conversion report:
--------------------------------

  Total optimized via conversion rate =  0.00% (0 / 173633 vias)
 
    Layer VIA1       =  0.00% (0      / 59343   vias)
        Un-optimized =  0.00% (0       vias)
        Un-mapped    = 100.00% (59343   vias)
    Layer VIA2       =  0.00% (0      / 82304   vias)
        Un-optimized =  0.00% (0       vias)
        Un-mapped    = 100.00% (82304   vias)
    Layer VIA3       =  0.00% (0      / 13076   vias)
        Un-optimized =  0.00% (0       vias)
        Un-mapped    = 100.00% (13076   vias)
    Layer VIA4       =  0.00% (0      / 10584   vias)
        Un-optimized =  0.00% (0       vias)
        Un-mapped    = 100.00% (10584   vias)
    Layer VIA5       =  0.00% (0      / 5331    vias)
        Un-optimized =  0.00% (0       vias)
        Un-mapped    = 100.00% (5331    vias)
    Layer VIA6       =  0.00% (0      / 2591    vias)
        Un-optimized =  0.00% (0       vias)
        Un-mapped    = 100.00% (2591    vias)
    Layer VIA7       =  0.00% (0      / 400     vias)
        Un-optimized =  0.00% (0       vias)
        Un-mapped    = 100.00% (400     vias)
    Layer VIA8       =  0.00% (0      / 4       vias)
        Un-optimized =  0.00% (0       vias)
        Un-mapped    = 100.00% (4       vias)
 
  Total double via conversion rate    =  0.00% (0 / 173633 vias)
 
    Layer VIA1       =  0.00% (0      / 59343   vias)
    Layer VIA2       =  0.00% (0      / 82304   vias)
    Layer VIA3       =  0.00% (0      / 13076   vias)
    Layer VIA4       =  0.00% (0      / 10584   vias)
    Layer VIA5       =  0.00% (0      / 5331    vias)
    Layer VIA6       =  0.00% (0      / 2591    vias)
    Layer VIA7       =  0.00% (0      / 400     vias)
    Layer VIA8       =  0.00% (0      / 4       vias)
 
  The optimized via conversion rate based on total routed via count =  0.00% (0 / 173633 vias)
 
    Layer VIA1       =  0.00% (0      / 59343   vias)
        Un-optimized =  0.00% (0       vias)
        Un-mapped    = 100.00% (59343   vias)
    Layer VIA2       =  0.00% (0      / 82304   vias)
        Un-optimized =  0.00% (0       vias)
        Un-mapped    = 100.00% (82304   vias)
    Layer VIA3       =  0.00% (0      / 13076   vias)
        Un-optimized =  0.00% (0       vias)
        Un-mapped    = 100.00% (13076   vias)
    Layer VIA4       =  0.00% (0      / 10584   vias)
        Un-optimized =  0.00% (0       vias)
        Un-mapped    = 100.00% (10584   vias)
    Layer VIA5       =  0.00% (0      / 5331    vias)
        Un-optimized =  0.00% (0       vias)
        Un-mapped    = 100.00% (5331    vias)
    Layer VIA6       =  0.00% (0      / 2591    vias)
        Un-optimized =  0.00% (0       vias)
        Un-mapped    = 100.00% (2591    vias)
    Layer VIA7       =  0.00% (0      / 400     vias)
        Un-optimized =  0.00% (0       vias)
        Un-mapped    = 100.00% (400     vias)
    Layer VIA8       =  0.00% (0      / 4       vias)
        Un-optimized =  0.00% (0       vias)
        Un-mapped    = 100.00% (4       vias)
 


Verify Summary:

Total number of nets = 25279, of which 0 are not extracted
Total number of open nets = 0, of which 0 are frozen
Total number of excluded ports = 0 ports of 0 unplaced cells connected to 0 nets
                                 0 ports without pins of 0 cells connected to 0 nets
                                 0 ports of 0 cover cells connected to 0 non-pg nets
Total number of DRCs = 0
Total number of antenna violations = no antenna rules defined
Total number of tie to rail violations = not checked
Total number of tie to rail directly violations = not checked


