****************************************
Report : timing
        -path_type full
        -delay_type max
        -max_paths 1
        -report_by design
Design : ibex_wrapper
Version: O-2018.06-SP1
Date   : Mon Jun 16 23:39:16 2025
****************************************

  Startpoint: ibex_top_inst/u_ibex_core/if_stage_i/instr_rdata_id_o_reg[20] (rising edge-triggered flip-flop clocked by cluster_clock_gating)
  Endpoint: instr_addr_o[11] (output port clocked by cluster_clock_gating)
  Mode: Func
  Corner: Slow
  Scenario: Func_Slow
  Path Group: cluster_clock_gating
  Path Type: max

  Point                                            Incr      Path  
  ------------------------------------------------------------------------
  clock cluster_clock_gating (rise edge)           0.00      0.00
  clock network delay (ideal)                      0.00      0.00

  ibex_top_inst/u_ibex_core/if_stage_i/instr_rdata_id_o_reg[20]/CK (SAEDHVT14_FDPQ_V3_2)
                                                   0.00      0.00 r
  ibex_top_inst/u_ibex_core/if_stage_i/instr_rdata_id_o_reg[20]/Q (SAEDHVT14_FDPQ_V3_2)
                                                   0.06      0.06 f
  CTS_ropt_h_inst_7269/X (SAEDHVT14_DEL_R2V1_2)    0.03      0.08 f
  CTS_ropt_h_inst_7268/X (SAEDHVT14_DEL_R2V3_2)    0.11      0.20 f
  U6166/X (SAEDHVT14_INV_2)                        0.08      0.28 r
  U6167/X (SAEDHVT14_INV_2)                        0.08      0.36 f
  ibex_top_inst/gen_regfile_ff.register_file_i/U594/X (SAEDHVT14_INV_2)
                                                   0.04      0.40 r
  ibex_top_inst/gen_regfile_ff.register_file_i/U403/X (SAEDHVT14_AN2_MM_2)
                                                   0.05      0.45 r
  ibex_top_inst/gen_regfile_ff.register_file_i/U601/X (SAEDHVT14_AN2_MM_3)
                                                   0.15      0.60 r
  ibex_top_inst/gen_regfile_ff.register_file_i/U2476/X (SAEDHVT14_ND2_CDC_2)
                                                   0.11      0.71 f
  ibex_top_inst/gen_regfile_ff.register_file_i/U2479/X (SAEDHVT14_AN4_2)
                                                   0.06      0.77 f
  ibex_top_inst/gen_regfile_ff.register_file_i/U2485/X (SAEDHVT14_AN4_2)
                                                   0.02      0.79 f
  ibex_top_inst/gen_regfile_ff.register_file_i/U2486/X (SAEDHVT14_ND4_2)
                                                   0.05      0.84 r
  U5561/X (SAEDHVT14_MUX2_2)                       0.12      0.96 r
  U7118/X (SAEDHVT14_ND2_CDC_2)                    0.10      1.05 f
  U5039/X (SAEDHVT14_ND3_2)                        0.08      1.13 r
  U4586/X (SAEDHVT14_MUXI2_2)                      0.06      1.19 r
  U7120/X (SAEDHVT14_ND2_CDC_2)                    0.01      1.20 f
  U7277/CO (SAEDHVT14_ADDF_V2_2)                   0.03      1.23 f
  U7276/CO (SAEDHVT14_ADDF_V2_2)                   0.03      1.25 f
  U7147/CO (SAEDHVT14_ADDF_V2_2)                   0.03      1.28 f
  U7146/CO (SAEDHVT14_ADDF_V2_2)                   0.02      1.30 f
  U7145/CO (SAEDHVT14_ADDF_V2_2)                   0.03      1.33 f
  U7144/CO (SAEDHVT14_ADDF_V2_2)                   0.03      1.35 f
  U7143/CO (SAEDHVT14_ADDF_V2_2)                   0.03      1.38 f
  U7142/CO (SAEDHVT14_ADDF_V2_2)                   0.03      1.40 f
  U7141/CO (SAEDHVT14_ADDF_V2_2)                   0.03      1.43 f
  U7140/CO (SAEDHVT14_ADDF_V2_2)                   0.03      1.46 f
  U7139/CO (SAEDHVT14_ADDF_V2_2)                   0.03      1.48 f
  U7138/CO (SAEDHVT14_ADDF_V2_2)                   0.02      1.51 f
  U7137/CO (SAEDHVT14_ADDF_V2_2)                   0.02      1.53 f
  U7136/CO (SAEDHVT14_ADDF_V2_2)                   0.02      1.56 f
  U7135/CO (SAEDHVT14_ADDF_V2_2)                   0.02      1.58 f
  U7134/CO (SAEDHVT14_ADDF_V2_2)                   0.02      1.61 f
  U7133/CO (SAEDHVT14_ADDF_V2_2)                   0.03      1.63 f
  U7132/CO (SAEDHVT14_ADDF_V2_2)                   0.03      1.66 f
  U7131/CO (SAEDHVT14_ADDF_V2_2)                   0.02      1.68 f
  U7130/CO (SAEDHVT14_ADDF_V2_2)                   0.03      1.71 f
  U7129/CO (SAEDHVT14_ADDF_V2_2)                   0.03      1.74 f
  U7128/CO (SAEDHVT14_ADDF_V2_2)                   0.03      1.76 f
  U7127/CO (SAEDHVT14_ADDF_V2_2)                   0.03      1.79 f
  U7126/CO (SAEDHVT14_ADDF_V2_2)                   0.03      1.81 f
  U7125/CO (SAEDHVT14_ADDF_V2_2)                   0.03      1.84 f
  U7124/CO (SAEDHVT14_ADDF_V2_2)                   0.03      1.86 f
  U7123/CO (SAEDHVT14_ADDF_V2_2)                   0.03      1.89 f
  U7122/CO (SAEDHVT14_ADDF_V2_2)                   0.03      1.92 f
  U7121/CO (SAEDHVT14_ADDF_V2_2)                   0.03      1.95 f
  U7156/CO (SAEDHVT14_ADDF_V2_2)                   0.03      1.97 f
  U7157/CO (SAEDHVT14_ADDF_V2_2)                   0.03      2.00 f
  U5726/X (SAEDHVT14_EO3_4)                        0.10      2.10 f
  U7316/X (SAEDHVT14_OR4_2)                        0.07      2.17 f
  U7318/X (SAEDHVT14_OR4_2)                        0.04      2.21 f
  U7319/X (SAEDHVT14_OR4_2)                        0.04      2.25 f
  U6435/X (SAEDHVT14_INV_2)                        0.03      2.28 r
  U5326/X (SAEDHVT14_ND2_CDC_2)                    0.03      2.32 f
  U7324/X (SAEDHVT14_OR3_2)                        0.03      2.35 f
  U5761/X (SAEDHVT14_ND2_CDC_2)                    0.01      2.36 r
  U7329/X (SAEDHVT14_OR2_MM_2)                     0.02      2.39 r
  U7330/X (SAEDHVT14_ND2_CDC_2)                    0.02      2.40 f
  U5566/X (SAEDHVT14_ND2_CDC_2)                    0.02      2.42 r
  U7332/X (SAEDHVT14_ND2_CDC_2)                    0.02      2.44 f
  U6034/X (SAEDHVT14_AN3_2)                        0.03      2.47 f
  U6035/X (SAEDHVT14_ND4_2)                        0.08      2.55 r
  U5007/X (SAEDHVT14_AN4_2)                        0.07      2.62 r
  U5180/X (SAEDHVT14_ND2_CDC_2)                    0.06      2.68 f
  PLACE_HFSINV_744_187/X (SAEDHVT14_INV_3)         0.08      2.76 r
  U5410/X (SAEDHVT14_ND2_CDC_2)                    0.05      2.80 f
  U5409/X (SAEDHVT14_ND2_CDC_2)                    0.03      2.83 r
  U5443/X (SAEDHVT14_OR2_MM_2)                     0.03      2.86 r
  CTS_ropt_h_inst_7951/X (SAEDHVT14_DEL_R2V3_2)    0.05      2.91 r
  CTS_ropt_h_inst_7952/X (SAEDHVT14_DEL_R2V3_2)    0.05      2.96 r
  CTS_ropt_h_inst_7950/X (SAEDHVT14_DEL_R2V3_2)    0.07      3.03 r
  U5740/X (SAEDHVT14_MUX2_2)                       0.06      3.09 r
  instr_addr_o[11] (out)                           0.00      3.09 r
  data arrival time                                          3.09

  clock cluster_clock_gating (rise edge)           6.25      6.25
  clock network delay (ideal)                      0.00      6.25
  clock uncertainty                               -0.20      6.05
  output external delay                           -0.70      5.35
  data required time                                         5.35
  ------------------------------------------------------------------------
  data required time                                         5.35
  data arrival time                                         -3.09
  ------------------------------------------------------------------------
  slack (MET)                                                2.26


1
