****************************************
Report : timing
        -path_type full
        -delay_type min
        -max_paths 1
        -report_by design
Design : ibex_wrapper
Version: O-2018.06-SP1
Date   : Mon Jun 16 23:39:16 2025
****************************************

  Startpoint: ibex_top_inst/u_ibex_core/if_stage_i/gen_prefetch_buffer.prefetch_buffer_i/stored_addr_q_reg[24] (rising edge-triggered flip-flop clocked by cluster_clock_gating)
  Endpoint: ibex_top_inst/u_ibex_core/if_stage_i/gen_prefetch_buffer.prefetch_buffer_i/stored_addr_q_reg[24] (rising edge-triggered flip-flop clocked by cluster_clock_gating)
  Mode: Func
  Corner: Slow
  Scenario: Func_Slow
  Path Group: cluster_clock_gating
  Path Type: min

  Point                                            Incr      Path  
  ------------------------------------------------------------------------
  clock cluster_clock_gating (rise edge)           0.00      0.00
  clock network delay (ideal)                      0.00      0.00

  ibex_top_inst/u_ibex_core/if_stage_i/gen_prefetch_buffer.prefetch_buffer_i/stored_addr_q_reg[24]/CK (SAEDHVT14_FDPQ_V3_2)
                                                   0.00      0.00 r
  ibex_top_inst/u_ibex_core/if_stage_i/gen_prefetch_buffer.prefetch_buffer_i/stored_addr_q_reg[24]/Q (SAEDHVT14_FDPQ_V3_2)
                                                   0.02      0.02 f
  U5806/X (SAEDHVT14_MUX2_2)                       0.01      0.03 f
  ibex_top_inst/u_ibex_core/if_stage_i/gen_prefetch_buffer.prefetch_buffer_i/stored_addr_q_reg[24]/D (SAEDHVT14_FDPQ_V3_2)
                                                   0.00      0.03 f
  data arrival time                                          0.03

  clock cluster_clock_gating (rise edge)           0.00      0.00
  clock network delay (ideal)                      0.00      0.00
  ibex_top_inst/u_ibex_core/if_stage_i/gen_prefetch_buffer.prefetch_buffer_i/stored_addr_q_reg[24]/CK (SAEDHVT14_FDPQ_V3_2)
                                                   0.00      0.00 r
  clock uncertainty                                0.10      0.10
  library hold time                                0.02      0.12
  data required time                                         0.12
  ------------------------------------------------------------------------
  data required time                                         0.12
  data arrival time                                         -0.03
  ------------------------------------------------------------------------
  slack (VIOLATED)                                          -0.09


1
