****************************************
Report : report_utilization
Design : ibex_wrapper
Version: O-2018.06-SP1
Date   : Mon Jun 16 23:39:07 2025
****************************************
Utilization Ratio:			0.6239
Utilization options:
 - Area calculation based on:		site_row of block ibex_hvt_routing
 - Categories of objects excluded:	hard_macros macro_keepouts soft_macros io_cells hard_blockages 
Total Area:				19562.7732
Total Capacity Area:			19562.7732
Total Area of cells:			12205.3380
Area of excluded objects:
 - hard_macros         :		0.0000
 - macro_keepouts      :		0.0000
 - soft_macros         :		0.0000
 - io_cells            :		0.0000
 - hard_blockages      :		0.0000

Utilization of site-rows with:
 - Site 'unit':				0.6239

0.6239
