Information: Using 1 threads for LVS
[Check Short] Stage 1	Elapsed =    0:00:00, CPU =    0:00:00
[Check Short] Stage 1-2	Elapsed =    0:00:00, CPU =    0:00:00
[Check Short] Stage 2	Elapsed =    0:00:00, CPU =    0:00:00
[Check Short] Stage 2-2	Elapsed =    0:00:05, CPU =    0:00:05
[Check Short] Stage 3	Elapsed =    0:00:05, CPU =    0:00:05
[Check Short] End	Elapsed =    0:00:05, CPU =    0:00:05
[Check Net] Init	Elapsed =    0:00:05, CPU =    0:00:05
Warning: Port GND have no valid pin shapes. Skip this port. (RT-203)
Warning: Port VDD have no valid pin shapes. Skip this port. (RT-203)
Warning: Port scan_en have no valid pin shapes. Skip this port. (RT-203)
Warning: Port scan_out_3 have no valid pin shapes. Skip this port. (RT-203)
Warning: Port scan_out_2 have no valid pin shapes. Skip this port. (RT-203)
Warning: Port scan_out_0 have no valid pin shapes. Skip this port. (RT-203)
Warning: Port scan_out_1 have no valid pin shapes. Skip this port. (RT-203)
[Check Net] 10% 	Elapsed =    0:00:07, CPU =    0:00:07
[Check Net] 20% 	Elapsed =    0:00:08, CPU =    0:00:08
Warning: Port scan_in_0 have no valid pin shapes. Skip this port. (RT-203)
Warning: Net scan_in_0 has less than 2 valid port. Skip open checking for this net. (RT-204)
Warning: Port scan_in_1 have no valid pin shapes. Skip this port. (RT-203)
Warning: Net scan_in_1 has less than 2 valid port. Skip open checking for this net. (RT-204)
Warning: Port scan_in_2 have no valid pin shapes. Skip this port. (RT-203)
Warning: Net scan_in_2 has less than 2 valid port. Skip open checking for this net. (RT-204)
Warning: Port scan_in_3 have no valid pin shapes. Skip this port. (RT-203)
Warning: Net scan_in_3 has less than 2 valid port. Skip open checking for this net. (RT-204)
[Check Net] 30% 	Elapsed =    0:00:08, CPU =    0:00:08
[Check Net] 40% 	Elapsed =    0:00:08, CPU =    0:00:08
[Check Net] 50% 	Elapsed =    0:00:08, CPU =    0:00:08
[Check Net] 60% 	Elapsed =    0:00:09, CPU =    0:00:09
[Check Net] 70% 	Elapsed =    0:00:09, CPU =    0:00:09
[Check Net] 80% 	Elapsed =    0:00:09, CPU =    0:00:09
[Check Net] 90% 	Elapsed =    0:00:09, CPU =    0:00:09
Warning: Net ram_cfg_en has less than 2 valid port. Skip open checking for this net. (RT-204)
Warning: Net ram_cfg[3] has less than 2 valid port. Skip open checking for this net. (RT-204)
Warning: Net ram_cfg[2] has less than 2 valid port. Skip open checking for this net. (RT-204)
Warning: Net ram_cfg[1] has less than 2 valid port. Skip open checking for this net. (RT-204)
Warning: Net ram_cfg[0] has less than 2 valid port. Skip open checking for this net. (RT-204)
Warning: Net rf_cfg_en has less than 2 valid port. Skip open checking for this net. (RT-204)
Warning: Net rf_cfg[3] has less than 2 valid port. Skip open checking for this net. (RT-204)
Warning: Net rf_cfg[2] has less than 2 valid port. Skip open checking for this net. (RT-204)
Warning: Net rf_cfg[1] has less than 2 valid port. Skip open checking for this net. (RT-204)
Warning: Net rf_cfg[0] has less than 2 valid port. Skip open checking for this net. (RT-204)
Warning: Net boot_addr_i[7] has less than 2 valid port. Skip open checking for this net. (RT-204)
Warning: Net boot_addr_i[6] has less than 2 valid port. Skip open checking for this net. (RT-204)
Warning: Net boot_addr_i[5] has less than 2 valid port. Skip open checking for this net. (RT-204)
Warning: Net boot_addr_i[4] has less than 2 valid port. Skip open checking for this net. (RT-204)
Warning: Net boot_addr_i[3] has less than 2 valid port. Skip open checking for this net. (RT-204)
Warning: Net boot_addr_i[2] has less than 2 valid port. Skip open checking for this net. (RT-204)
Warning: Net boot_addr_i[1] has less than 2 valid port. Skip open checking for this net. (RT-204)
Warning: Net boot_addr_i[0] has less than 2 valid port. Skip open checking for this net. (RT-204)
Warning: Net instr_rdata_intg_i[6] has less than 2 valid port. Skip open checking for this net. (RT-204)
Warning: Net instr_rdata_intg_i[5] has less than 2 valid port. Skip open checking for this net. (RT-204)
Warning: Net instr_rdata_intg_i[4] has less than 2 valid port. Skip open checking for this net. (RT-204)
Warning: Net instr_rdata_intg_i[3] has less than 2 valid port. Skip open checking for this net. (RT-204)
Warning: Net instr_rdata_intg_i[2] has less than 2 valid port. Skip open checking for this net. (RT-204)
Warning: Net instr_rdata_intg_i[1] has less than 2 valid port. Skip open checking for this net. (RT-204)
Warning: Net instr_rdata_intg_i[0] has less than 2 valid port. Skip open checking for this net. (RT-204)
Warning: Net data_rdata_intg_i[6] has less than 2 valid port. Skip open checking for this net. (RT-204)
Warning: Net data_rdata_intg_i[5] has less than 2 valid port. Skip open checking for this net. (RT-204)
Warning: Net data_rdata_intg_i[4] has less than 2 valid port. Skip open checking for this net. (RT-204)
Warning: Net data_rdata_intg_i[3] has less than 2 valid port. Skip open checking for this net. (RT-204)
Warning: Net data_rdata_intg_i[2] has less than 2 valid port. Skip open checking for this net. (RT-204)
Warning: Net data_rdata_intg_i[1] has less than 2 valid port. Skip open checking for this net. (RT-204)
Warning: Net data_rdata_intg_i[0] has less than 2 valid port. Skip open checking for this net. (RT-204)
Warning: Net scramble_key_valid_i has less than 2 valid port. Skip open checking for this net. (RT-204)
Warning: Net scramble_key_i[127] has less than 2 valid port. Skip open checking for this net. (RT-204)
Warning: Net scramble_key_i[126] has less than 2 valid port. Skip open checking for this net. (RT-204)
Warning: Net scramble_key_i[125] has less than 2 valid port. Skip open checking for this net. (RT-204)
Warning: Net scramble_key_i[124] has less than 2 valid port. Skip open checking for this net. (RT-204)
Warning: Net scramble_key_i[123] has less than 2 valid port. Skip open checking for this net. (RT-204)
Warning: Net scramble_key_i[122] has less than 2 valid port. Skip open checking for this net. (RT-204)
Warning: Net scramble_key_i[121] has less than 2 valid port. Skip open checking for this net. (RT-204)
Warning: Net scramble_key_i[120] has less than 2 valid port. Skip open checking for this net. (RT-204)
Warning: Net scramble_key_i[119] has less than 2 valid port. Skip open checking for this net. (RT-204)
Warning: Net scramble_key_i[118] has less than 2 valid port. Skip open checking for this net. (RT-204)
Warning: Net scramble_key_i[117] has less than 2 valid port. Skip open checking for this net. (RT-204)
Warning: Net scramble_key_i[116] has less than 2 valid port. Skip open checking for this net. (RT-204)
Warning: Net scramble_key_i[115] has less than 2 valid port. Skip open checking for this net. (RT-204)
Warning: Net scramble_key_i[114] has less than 2 valid port. Skip open checking for this net. (RT-204)
Warning: Net scramble_key_i[113] has less than 2 valid port. Skip open checking for this net. (RT-204)
Warning: Net scramble_key_i[112] has less than 2 valid port. Skip open checking for this net. (RT-204)
Warning: Net scramble_key_i[111] has less than 2 valid port. Skip open checking for this net. (RT-204)
Warning: Net scramble_key_i[110] has less than 2 valid port. Skip open checking for this net. (RT-204)
Warning: Net scramble_key_i[109] has less than 2 valid port. Skip open checking for this net. (RT-204)
Warning: Net scramble_key_i[108] has less than 2 valid port. Skip open checking for this net. (RT-204)
Warning: Net scramble_key_i[107] has less than 2 valid port. Skip open checking for this net. (RT-204)
Warning: Net scramble_key_i[106] has less than 2 valid port. Skip open checking for this net. (RT-204)
Warning: Net scramble_key_i[105] has less than 2 valid port. Skip open checking for this net. (RT-204)
Warning: Net scramble_key_i[104] has less than 2 valid port. Skip open checking for this net. (RT-204)
Warning: Net scramble_key_i[103] has less than 2 valid port. Skip open checking for this net. (RT-204)
Warning: Net scramble_key_i[102] has less than 2 valid port. Skip open checking for this net. (RT-204)
Warning: Net scramble_key_i[101] has less than 2 valid port. Skip open checking for this net. (RT-204)
Warning: Net scramble_key_i[100] has less than 2 valid port. Skip open checking for this net. (RT-204)
Warning: Net scramble_key_i[99] has less than 2 valid port. Skip open checking for this net. (RT-204)
Warning: Net scramble_key_i[98] has less than 2 valid port. Skip open checking for this net. (RT-204)
Warning: Net scramble_key_i[97] has less than 2 valid port. Skip open checking for this net. (RT-204)
Warning: Net scramble_key_i[96] has less than 2 valid port. Skip open checking for this net. (RT-204)
Warning: Net scramble_key_i[95] has less than 2 valid port. Skip open checking for this net. (RT-204)
Warning: Net scramble_key_i[94] has less than 2 valid port. Skip open checking for this net. (RT-204)
Warning: Net scramble_key_i[93] has less than 2 valid port. Skip open checking for this net. (RT-204)
Warning: Net scramble_key_i[92] has less than 2 valid port. Skip open checking for this net. (RT-204)
Warning: Net scramble_key_i[91] has less than 2 valid port. Skip open checking for this net. (RT-204)
Warning: Net scramble_key_i[90] has less than 2 valid port. Skip open checking for this net. (RT-204)
Warning: Net scramble_key_i[89] has less than 2 valid port. Skip open checking for this net. (RT-204)
Warning: Net scramble_key_i[88] has less than 2 valid port. Skip open checking for this net. (RT-204)
Warning: Net scramble_key_i[87] has less than 2 valid port. Skip open checking for this net. (RT-204)
Warning: Net scramble_key_i[86] has less than 2 valid port. Skip open checking for this net. (RT-204)
Warning: Net scramble_key_i[85] has less than 2 valid port. Skip open checking for this net. (RT-204)
Warning: Net scramble_key_i[84] has less than 2 valid port. Skip open checking for this net. (RT-204)
Warning: Net scramble_key_i[83] has less than 2 valid port. Skip open checking for this net. (RT-204)
Warning: Net scramble_key_i[82] has less than 2 valid port. Skip open checking for this net. (RT-204)
Warning: Net scramble_key_i[81] has less than 2 valid port. Skip open checking for this net. (RT-204)
Warning: Net scramble_key_i[80] has less than 2 valid port. Skip open checking for this net. (RT-204)
Warning: Net scramble_key_i[79] has less than 2 valid port. Skip open checking for this net. (RT-204)
Warning: Net scramble_key_i[78] has less than 2 valid port. Skip open checking for this net. (RT-204)
Warning: Net scramble_key_i[77] has less than 2 valid port. Skip open checking for this net. (RT-204)
Warning: Net scramble_key_i[76] has less than 2 valid port. Skip open checking for this net. (RT-204)
Warning: Net scramble_key_i[75] has less than 2 valid port. Skip open checking for this net. (RT-204)
Warning: Net scramble_key_i[74] has less than 2 valid port. Skip open checking for this net. (RT-204)
Warning: Net scramble_key_i[73] has less than 2 valid port. Skip open checking for this net. (RT-204)
Warning: Net scramble_key_i[72] has less than 2 valid port. Skip open checking for this net. (RT-204)
Warning: Net scramble_key_i[71] has less than 2 valid port. Skip open checking for this net. (RT-204)
Warning: Net scramble_key_i[70] has less than 2 valid port. Skip open checking for this net. (RT-204)
Warning: Net scramble_key_i[69] has less than 2 valid port. Skip open checking for this net. (RT-204)
Warning: Net scramble_key_i[68] has less than 2 valid port. Skip open checking for this net. (RT-204)
Warning: Net scramble_key_i[67] has less than 2 valid port. Skip open checking for this net. (RT-204)
Warning: Net scramble_key_i[66] has less than 2 valid port. Skip open checking for this net. (RT-204)
Warning: Net scramble_key_i[65] has less than 2 valid port. Skip open checking for this net. (RT-204)
Warning: Net scramble_key_i[64] has less than 2 valid port. Skip open checking for this net. (RT-204)
Warning: Net scramble_key_i[63] has less than 2 valid port. Skip open checking for this net. (RT-204)
Warning: Net scramble_key_i[62] has less than 2 valid port. Skip open checking for this net. (RT-204)
Warning: Net scramble_key_i[61] has less than 2 valid port. Skip open checking for this net. (RT-204)
Warning: Net scramble_key_i[60] has less than 2 valid port. Skip open checking for this net. (RT-204)
Warning: Net scramble_key_i[59] has less than 2 valid port. Skip open checking for this net. (RT-204)
Warning: Net scramble_key_i[58] has less than 2 valid port. Skip open checking for this net. (RT-204)
Warning: Net scramble_key_i[57] has less than 2 valid port. Skip open checking for this net. (RT-204)
Warning: Net scramble_key_i[56] has less than 2 valid port. Skip open checking for this net. (RT-204)
Warning: Net scramble_key_i[55] has less than 2 valid port. Skip open checking for this net. (RT-204)
Warning: Net scramble_key_i[54] has less than 2 valid port. Skip open checking for this net. (RT-204)
Warning: Net scramble_key_i[53] has less than 2 valid port. Skip open checking for this net. (RT-204)
Warning: Net scramble_key_i[52] has less than 2 valid port. Skip open checking for this net. (RT-204)
Warning: Net scramble_key_i[51] has less than 2 valid port. Skip open checking for this net. (RT-204)
Warning: Net scramble_key_i[50] has less than 2 valid port. Skip open checking for this net. (RT-204)
Warning: Net scramble_key_i[49] has less than 2 valid port. Skip open checking for this net. (RT-204)
Warning: Net scramble_key_i[48] has less than 2 valid port. Skip open checking for this net. (RT-204)
Warning: Net scramble_key_i[47] has less than 2 valid port. Skip open checking for this net. (RT-204)
Warning: Net scramble_key_i[46] has less than 2 valid port. Skip open checking for this net. (RT-204)
Warning: Net scramble_key_i[45] has less than 2 valid port. Skip open checking for this net. (RT-204)
Warning: Net scramble_key_i[44] has less than 2 valid port. Skip open checking for this net. (RT-204)
Warning: Net scramble_key_i[43] has less than 2 valid port. Skip open checking for this net. (RT-204)
Warning: Net scramble_key_i[42] has less than 2 valid port. Skip open checking for this net. (RT-204)
Warning: Net scramble_key_i[41] has less than 2 valid port. Skip open checking for this net. (RT-204)
Warning: Net scramble_key_i[40] has less than 2 valid port. Skip open checking for this net. (RT-204)
Warning: Net scramble_key_i[39] has less than 2 valid port. Skip open checking for this net. (RT-204)
Warning: Net scramble_key_i[38] has less than 2 valid port. Skip open checking for this net. (RT-204)
Warning: Net scramble_key_i[37] has less than 2 valid port. Skip open checking for this net. (RT-204)
Warning: Net scramble_key_i[36] has less than 2 valid port. Skip open checking for this net. (RT-204)
Warning: Net scramble_key_i[35] has less than 2 valid port. Skip open checking for this net. (RT-204)
Warning: Net scramble_key_i[34] has less than 2 valid port. Skip open checking for this net. (RT-204)
Warning: Net scramble_key_i[33] has less than 2 valid port. Skip open checking for this net. (RT-204)
Warning: Net scramble_key_i[32] has less than 2 valid port. Skip open checking for this net. (RT-204)
Warning: Net scramble_key_i[31] has less than 2 valid port. Skip open checking for this net. (RT-204)
Warning: Net scramble_key_i[30] has less than 2 valid port. Skip open checking for this net. (RT-204)
Warning: Net scramble_key_i[29] has less than 2 valid port. Skip open checking for this net. (RT-204)
Warning: Net scramble_key_i[28] has less than 2 valid port. Skip open checking for this net. (RT-204)
Warning: Net scramble_key_i[27] has less than 2 valid port. Skip open checking for this net. (RT-204)
Warning: Net scramble_key_i[26] has less than 2 valid port. Skip open checking for this net. (RT-204)
Warning: Net scramble_key_i[25] has less than 2 valid port. Skip open checking for this net. (RT-204)
Warning: Net scramble_key_i[24] has less than 2 valid port. Skip open checking for this net. (RT-204)
Warning: Net scramble_key_i[23] has less than 2 valid port. Skip open checking for this net. (RT-204)
Warning: Net scramble_key_i[22] has less than 2 valid port. Skip open checking for this net. (RT-204)
Warning: Net scramble_key_i[21] has less than 2 valid port. Skip open checking for this net. (RT-204)
Warning: Net scramble_key_i[20] has less than 2 valid port. Skip open checking for this net. (RT-204)
Warning: Net scramble_key_i[19] has less than 2 valid port. Skip open checking for this net. (RT-204)
Warning: Net scramble_key_i[18] has less than 2 valid port. Skip open checking for this net. (RT-204)
Warning: Net scramble_key_i[17] has less than 2 valid port. Skip open checking for this net. (RT-204)
Warning: Net scramble_key_i[16] has less than 2 valid port. Skip open checking for this net. (RT-204)
Warning: Net scramble_key_i[15] has less than 2 valid port. Skip open checking for this net. (RT-204)
Warning: Net scramble_key_i[14] has less than 2 valid port. Skip open checking for this net. (RT-204)
Warning: Net scramble_key_i[13] has less than 2 valid port. Skip open checking for this net. (RT-204)
Warning: Net scramble_key_i[12] has less than 2 valid port. Skip open checking for this net. (RT-204)
Warning: Net scramble_key_i[11] has less than 2 valid port. Skip open checking for this net. (RT-204)
Warning: Net scramble_key_i[10] has less than 2 valid port. Skip open checking for this net. (RT-204)
Warning: Net scramble_key_i[9] has less than 2 valid port. Skip open checking for this net. (RT-204)
Warning: Net scramble_key_i[8] has less than 2 valid port. Skip open checking for this net. (RT-204)
Warning: Net scramble_key_i[7] has less than 2 valid port. Skip open checking for this net. (RT-204)
Warning: Net scramble_key_i[6] has less than 2 valid port. Skip open checking for this net. (RT-204)
Warning: Net scramble_key_i[5] has less than 2 valid port. Skip open checking for this net. (RT-204)
Warning: Net scramble_key_i[4] has less than 2 valid port. Skip open checking for this net. (RT-204)
Warning: Net scramble_key_i[3] has less than 2 valid port. Skip open checking for this net. (RT-204)
Warning: Net scramble_key_i[2] has less than 2 valid port. Skip open checking for this net. (RT-204)
Warning: Net scramble_key_i[1] has less than 2 valid port. Skip open checking for this net. (RT-204)
Warning: Net scramble_key_i[0] has less than 2 valid port. Skip open checking for this net. (RT-204)
Warning: Net scramble_nonce_i[63] has less than 2 valid port. Skip open checking for this net. (RT-204)
Warning: Net scramble_nonce_i[62] has less than 2 valid port. Skip open checking for this net. (RT-204)
Warning: Net scramble_nonce_i[61] has less than 2 valid port. Skip open checking for this net. (RT-204)
Warning: Net scramble_nonce_i[60] has less than 2 valid port. Skip open checking for this net. (RT-204)
Warning: Net scramble_nonce_i[59] has less than 2 valid port. Skip open checking for this net. (RT-204)
Warning: Net scramble_nonce_i[58] has less than 2 valid port. Skip open checking for this net. (RT-204)
Warning: Net scramble_nonce_i[57] has less than 2 valid port. Skip open checking for this net. (RT-204)
Warning: Net scramble_nonce_i[56] has less than 2 valid port. Skip open checking for this net. (RT-204)
Warning: Net scramble_nonce_i[55] has less than 2 valid port. Skip open checking for this net. (RT-204)
Warning: Net scramble_nonce_i[54] has less than 2 valid port. Skip open checking for this net. (RT-204)
Warning: Net scramble_nonce_i[53] has less than 2 valid port. Skip open checking for this net. (RT-204)
Warning: Net scramble_nonce_i[52] has less than 2 valid port. Skip open checking for this net. (RT-204)
Warning: Net scramble_nonce_i[51] has less than 2 valid port. Skip open checking for this net. (RT-204)
Warning: Net scramble_nonce_i[50] has less than 2 valid port. Skip open checking for this net. (RT-204)
Warning: Net scramble_nonce_i[49] has less than 2 valid port. Skip open checking for this net. (RT-204)
Warning: Net scramble_nonce_i[48] has less than 2 valid port. Skip open checking for this net. (RT-204)
Warning: Net scramble_nonce_i[47] has less than 2 valid port. Skip open checking for this net. (RT-204)
Warning: Net scramble_nonce_i[46] has less than 2 valid port. Skip open checking for this net. (RT-204)
Warning: Net scramble_nonce_i[45] has less than 2 valid port. Skip open checking for this net. (RT-204)
Warning: Net scramble_nonce_i[44] has less than 2 valid port. Skip open checking for this net. (RT-204)
Warning: Net scramble_nonce_i[43] has less than 2 valid port. Skip open checking for this net. (RT-204)
Warning: Net scramble_nonce_i[42] has less than 2 valid port. Skip open checking for this net. (RT-204)
Warning: Net scramble_nonce_i[41] has less than 2 valid port. Skip open checking for this net. (RT-204)
Warning: Net scramble_nonce_i[40] has less than 2 valid port. Skip open checking for this net. (RT-204)
Warning: Net scramble_nonce_i[39] has less than 2 valid port. Skip open checking for this net. (RT-204)
Warning: Net scramble_nonce_i[38] has less than 2 valid port. Skip open checking for this net. (RT-204)
Warning: Net scramble_nonce_i[37] has less than 2 valid port. Skip open checking for this net. (RT-204)
Warning: Net scramble_nonce_i[36] has less than 2 valid port. Skip open checking for this net. (RT-204)
Warning: Net scramble_nonce_i[35] has less than 2 valid port. Skip open checking for this net. (RT-204)
Warning: Net scramble_nonce_i[34] has less than 2 valid port. Skip open checking for this net. (RT-204)
Warning: Net scramble_nonce_i[33] has less than 2 valid port. Skip open checking for this net. (RT-204)
Warning: Net scramble_nonce_i[32] has less than 2 valid port. Skip open checking for this net. (RT-204)
Warning: Net scramble_nonce_i[31] has less than 2 valid port. Skip open checking for this net. (RT-204)
Warning: Net scramble_nonce_i[30] has less than 2 valid port. Skip open checking for this net. (RT-204)
Warning: Net scramble_nonce_i[29] has less than 2 valid port. Skip open checking for this net. (RT-204)
Warning: Net scramble_nonce_i[28] has less than 2 valid port. Skip open checking for this net. (RT-204)
Warning: Net scramble_nonce_i[27] has less than 2 valid port. Skip open checking for this net. (RT-204)
Warning: Net scramble_nonce_i[26] has less than 2 valid port. Skip open checking for this net. (RT-204)
Warning: Net scramble_nonce_i[25] has less than 2 valid port. Skip open checking for this net. (RT-204)
Warning: Net scramble_nonce_i[24] has less than 2 valid port. Skip open checking for this net. (RT-204)
Warning: Net scramble_nonce_i[23] has less than 2 valid port. Skip open checking for this net. (RT-204)
Warning: Net scramble_nonce_i[22] has less than 2 valid port. Skip open checking for this net. (RT-204)
Warning: Net scramble_nonce_i[21] has less than 2 valid port. Skip open checking for this net. (RT-204)
Warning: Net scramble_nonce_i[20] has less than 2 valid port. Skip open checking for this net. (RT-204)
Warning: Net scramble_nonce_i[19] has less than 2 valid port. Skip open checking for this net. (RT-204)
Warning: Net scramble_nonce_i[18] has less than 2 valid port. Skip open checking for this net. (RT-204)
Warning: Net scramble_nonce_i[17] has less than 2 valid port. Skip open checking for this net. (RT-204)
Warning: Net scramble_nonce_i[16] has less than 2 valid port. Skip open checking for this net. (RT-204)
Warning: Net scramble_nonce_i[15] has less than 2 valid port. Skip open checking for this net. (RT-204)
Warning: Net scramble_nonce_i[14] has less than 2 valid port. Skip open checking for this net. (RT-204)
Warning: Net scramble_nonce_i[13] has less than 2 valid port. Skip open checking for this net. (RT-204)
Warning: Net scramble_nonce_i[12] has less than 2 valid port. Skip open checking for this net. (RT-204)
Warning: Net scramble_nonce_i[11] has less than 2 valid port. Skip open checking for this net. (RT-204)
Warning: Net scramble_nonce_i[10] has less than 2 valid port. Skip open checking for this net. (RT-204)
Warning: Net scramble_nonce_i[9] has less than 2 valid port. Skip open checking for this net. (RT-204)
Warning: Net scramble_nonce_i[8] has less than 2 valid port. Skip open checking for this net. (RT-204)
Warning: Net scramble_nonce_i[7] has less than 2 valid port. Skip open checking for this net. (RT-204)
Warning: Net scramble_nonce_i[6] has less than 2 valid port. Skip open checking for this net. (RT-204)
Warning: Net scramble_nonce_i[5] has less than 2 valid port. Skip open checking for this net. (RT-204)
Warning: Net scramble_nonce_i[4] has less than 2 valid port. Skip open checking for this net. (RT-204)
Warning: Net scramble_nonce_i[3] has less than 2 valid port. Skip open checking for this net. (RT-204)
Warning: Net scramble_nonce_i[2] has less than 2 valid port. Skip open checking for this net. (RT-204)
Warning: Net scramble_nonce_i[1] has less than 2 valid port. Skip open checking for this net. (RT-204)
Warning: Net scramble_nonce_i[0] has less than 2 valid port. Skip open checking for this net. (RT-204)
Warning: Net fetch_enable_i[3] has less than 2 valid port. Skip open checking for this net. (RT-204)
Warning: Net fetch_enable_i[2] has less than 2 valid port. Skip open checking for this net. (RT-204)
Warning: Net fetch_enable_i[1] has less than 2 valid port. Skip open checking for this net. (RT-204)
Warning: Net scan_rst_ni has less than 2 valid port. Skip open checking for this net. (RT-204)
[Check Net] All nets are submitted.
[Check Net] 100%	Elapsed =    0:00:10, CPU =    0:00:10

===============================================================
    Maximum number of violations is set to 20
    Abort checking when more than 20 violations are found
    All violations might not be found.
===============================================================
Total number of input nets is 25922.
Total number of short violations is 0.
Total number of open nets is 0.
Total number of floating route violations is 0.

Elapsed =    0:00:10, CPU =    0:00:10
1
