Information: The stitching and editing of coupling caps is turned OFF for design 'ibex_hvt:ibex_hvt_routing.design'. (TIM-125)
Information: Design ibex_hvt_routing has 25673 nets, 0 global routed, 25667 detail routed. (NEX-024)
Warning: Technology layer 'M4' setting 'pitch' is not valid (NEX-001)
Warning: Technology layer 'MRDL' setting 'pitch' is not valid (NEX-001)
Warning: Parasitic Tech Library layer 'M1' parameter 'SMIN' = 0.040 does not match 0.026 of technology file (NEX-007)
Warning: Parasitic Tech Library layer 'M2' parameter 'SMIN' = 0.040 does not match 0.026 of technology file (NEX-007)
Warning: Parasitic Tech Library layer 'M3' parameter 'SMIN' = 0.040 does not match 0.026 of technology file (NEX-007)
Warning: Parasitic Tech Library layer 'M1' parameter 'SMIN' = 0.040 does not match 0.026 of technology file (NEX-007)
Warning: Parasitic Tech Library layer 'M2' parameter 'SMIN' = 0.040 does not match 0.026 of technology file (NEX-007)
Warning: Parasitic Tech Library layer 'M3' parameter 'SMIN' = 0.040 does not match 0.026 of technology file (NEX-007)
Warning: Parasitic Tech Library layer 'M8' parameter 'WMIN' = 0.030 does not match 0.060 of technology file (NEX-007)
Warning: Parasitic Tech Library layer 'M8' parameter 'SMIN' = 0.060 does not match 0.040 of technology file (NEX-007)
Information: The RC mode used is DR for design 'ibex_wrapper'. (NEX-022)
---extraction options---
Corner: Slow
 late_cap_scale                : 1
 late_res_scale                : 1
 early_cap_scale               : 1
 early_res_scale               : 1
Corner: Fast
 late_cap_scale                : 1
 late_res_scale                : 1
 early_cap_scale               : 1
 early_res_scale               : 1
Global options:
 reference_direction       : use_from_tluplus
 real_metalfill_extraction : none
 virtual_shield_extraction : true
---app options---
 host.max_cores                   : 1
 extract.connect_open           : true
 extract.incremental_extraction : true
 extract.enable_coupling_cap    : false
Extracting design: ibex_hvt_routing 
Information: coupling capacitance is lumped to ground. (NEX-030)
Information: 25667 nets are successfully extracted. (NEX-028)
Information: Design Average RC for design ibex_hvt_routing  (NEX-011)
Information: r = 2.182077 ohm/um, via_r = 1.042294 ohm/cut, c = 0.138512 ff/um, cc = 0.000000 ff/um (X dir) (NEX-017)
Information: r = 2.555225 ohm/um, via_r = 0.640972 ohm/cut, c = 0.139515 ff/um, cc = 0.000000 ff/um (Y dir) (NEX-017)
Information: Advanced receiver model has not been enabled for detailed routed design. (TIM-204)
Information: Update timing completed net estimation for all the timing graph nets (TIM-111)
Information: Net estimation statistics: timing graph nets = 25671, routed nets = 25667, across physical hierarchy nets = 0, parasitics cached nets = 25671, delay annotated nets = 0, parasitics annotated nets = 0, multi-voltage nets = 0. (TIM-112)
****************************************
Report : clock timing
        -type summary
Design : ibex_wrapper
Version: O-2018.06-SP1
Date   : Mon Jul  7 20:49:11 2025
****************************************

  Mode: Func
  Clock: clk_i
                                                                                 Corner
------------------------------------------------------------------------------------------
  Maximum setup launch latency:
      ibex_top_inst/core_busy_q_reg[0]/CK                      0.15       rp-+       Slow

  Minimum setup capture latency:
      ibex_top_inst/core_clock_gate_i/gen_generic.u_impl_generic/en_latch_reg/G
                                                               0.00       fp-+       Fast

  Minimum hold launch latency:
      ibex_top_inst/core_clock_gate_i/gen_generic.u_impl_generic/en_latch_reg/G
                                                               0.00       fp-+       Fast

  Maximum hold capture latency:
      ibex_top_inst/core_busy_q_reg[0]/CK                      0.15       rp-+       Slow

  Maximum active transition:
      ibex_top_inst/core_clock_gate_i/gen_generic.u_impl_generic/en_latch_reg/G
                                                               0.05       fp-+       Fast

  Minimum active transition:
      ibex_top_inst/core_busy_q_reg[0]/CK                      0.01       rp-+       Fast

  Maximum setup skew:
      ibex_top_inst/core_busy_q_reg[0]/CK                                 rp-+       Slow
      ibex_top_inst/core_clock_gate_i/gen_generic.u_impl_generic/en_latch_reg/G
                                                               0.15       fp-+       Slow

  Maximum hold skew:
      ibex_top_inst/core_busy_q_reg[0]/CK                                 rp-+       Fast
      ibex_top_inst/core_clock_gate_i/gen_generic.u_impl_generic/en_latch_reg/G
                                                              -0.07       fp-+       Fast



  Mode: Func
  Clock: cluster_clock_gating
                                                                                 Corner
------------------------------------------------------------------------------------------
  Maximum setup launch latency:
      ibex_top_inst/gen_regfile_ff.register_file_i/g_rf_flops[13].rf_reg_q_reg[8]/CK
                                                               0.16       rp-+       Slow

  Minimum setup capture latency:
      ibex_top_inst/gen_regfile_ff.register_file_i/g_rf_flops[21].rf_reg_q_reg[19]/CK
                                                               0.07       rp-+       Fast

  Minimum hold launch latency:
      ibex_top_inst/gen_regfile_ff.register_file_i/g_rf_flops[21].rf_reg_q_reg[19]/CK
                                                               0.07       rp-+       Fast

  Maximum hold capture latency:
      ibex_top_inst/gen_regfile_ff.register_file_i/g_rf_flops[13].rf_reg_q_reg[8]/CK
                                                               0.16       rp-+       Slow

  Maximum active transition:
      ibex_top_inst/gen_regfile_ff.register_file_i/g_rf_flops[18].rf_reg_q_reg[8]/CK
                                                               0.03       rp-+       Slow

  Minimum active transition:
      ibex_top_inst/gen_regfile_ff.register_file_i/g_rf_flops[12].rf_reg_q_reg[4]/CK
                                                               0.01       rp-+       Fast

  Maximum setup skew:
      ibex_top_inst/gen_regfile_ff.register_file_i/g_rf_flops[2].rf_reg_q_reg[3]/CK
                                                                          rp-+       Slow
      ibex_top_inst/u_ibex_core/cs_registers_i/mcycle_counter_i/counter_q_reg[35]/CK
                                                               0.01       rp-+       Slow

  Maximum hold skew:
      ibex_top_inst/gen_regfile_ff.register_file_i/g_rf_flops[31].rf_reg_q_reg[3]/CK
                                                                          rp-+       Slow
      ibex_top_inst/gen_regfile_ff.register_file_i/g_rf_flops[31].rf_reg_q_reg[4]/CK
                                                               0.01       rp-+       Slow


1
