****************************************
Report : timing
        -path_type full
        -delay_type min
        -max_paths 1
        -report_by design
Design : ibex_wrapper
Version: O-2018.06-SP1
Date   : Mon Jul  7 20:49:12 2025
****************************************

  Startpoint: ibex_top_inst/core_clock_gate_i/gen_generic.u_impl_generic/en_latch_reg (negative level-sensitive latch clocked by clk_i)
  Endpoint: ibex_top_inst/core_clock_gate_i/U2 (falling clock gating-check end-point clocked by clk_i)
  Mode: Func
  Corner: Fast
  Scenario: Func_Fast
  Path Group: clk_i
  Path Type: min

  Point                                            Incr      Path  
  ------------------------------------------------------------------------
  clock clk_i (fall edge)                          2.50      2.50
  clock network delay (propagated)                 0.00      2.50

  ibex_top_inst/core_clock_gate_i/gen_generic.u_impl_generic/en_latch_reg/G (SAEDHVT14_LDNQOR2_4)
                                                   0.00      2.50 f
  ibex_top_inst/core_clock_gate_i/gen_generic.u_impl_generic/en_latch_reg/Q (SAEDHVT14_LDNQOR2_4)
                                                   0.03      2.53 r
  ibex_top_inst/core_clock_gate_i/U2/A1 (SAEDHVT14_AN2_2)
                                                   0.00      2.53 r
  data arrival time                                          2.53

  clock clk_i (fall edge)                          2.50      2.50
  clock network delay (propagated)                 0.03      2.53
  ibex_top_inst/core_clock_gate_i/U2/A2 (SAEDHVT14_AN2_2)
                                                   0.00      2.53 f
  clock uncertainty                                0.10      2.63
  library hold time                                0.00      2.63
  data required time                                         2.63
  ------------------------------------------------------------------------
  data required time                                         2.63
  data arrival time                                         -2.53
  ------------------------------------------------------------------------
  slack (VIOLATED)                                          -0.10


1
