****************************************
Report : report_utilization
Design : ibex_wrapper
Version: O-2018.06-SP1
Date   : Mon Jul  7 20:49:01 2025
****************************************
Utilization Ratio:			0.5154
Utilization options:
 - Area calculation based on:		site_row of block ibex_hvt_routing
 - Categories of objects excluded:	hard_macros macro_keepouts soft_macros io_cells hard_blockages 
Total Area:				25534.0848
Total Capacity Area:			25534.0848
Total Area of cells:			13159.3608
Area of excluded objects:
 - hard_macros         :		0.0000
 - macro_keepouts      :		0.0000
 - soft_macros         :		0.0000
 - io_cells            :		0.0000
 - hard_blockages      :		0.0000

Utilization of site-rows with:
 - Site 'unit':				0.5154

0.5154
