****************************************
Report : qor
Design : ibex_wrapper
Version: O-2018.06-SP1
Date   : Mon Jul  7 20:49:12 2025
****************************************


Scenario           'Func_Fast'
Timing Path Group  'clk_i'
----------------------------------------
Levels of Logic:                      9
Critical Path Length:              1.66
Critical Path Slack:               1.60
Critical Path Clk Period:          5.00
Total Negative Slack:              0.00
No. of Violating Paths:               0
Worst Hold Violation:             -0.10
Total Hold Violation:             -0.10
No. of Hold Violations:               1
----------------------------------------

Scenario           'Func_Fast'
Timing Path Group  'cluster_clock_gating'
----------------------------------------
Levels of Logic:                     37
Critical Path Length:              2.09
Critical Path Slack:               2.73
Critical Path Clk Period:          5.00
Total Negative Slack:              0.00
No. of Violating Paths:               0
Worst Hold Violation:             -0.00
Total Hold Violation:             -0.06
No. of Hold Violations:             105
----------------------------------------

Scenario           'Func_Slow'
Timing Path Group  'clk_i'
----------------------------------------
Levels of Logic:                     68
Critical Path Length:              2.84
Critical Path Slack:               0.49
Critical Path Clk Period:          5.00
Total Negative Slack:              0.00
No. of Violating Paths:               0
Worst Hold Violation:             -0.09
Total Hold Violation:             -0.09
No. of Hold Violations:               1
----------------------------------------

Scenario           'Func_Slow'
Timing Path Group  'cluster_clock_gating'
----------------------------------------
Levels of Logic:                     94
Critical Path Length:              3.25
Critical Path Slack:               1.53
Critical Path Clk Period:          5.00
Total Negative Slack:              0.00
No. of Violating Paths:               0
Worst Hold Violation:              0.00
Total Hold Violation:              0.00
No. of Hold Violations:               0
----------------------------------------


Cell Count
----------------------------------------
Hierarchical Cell Count:              2
Hierarchical Port Count:            911
Leaf Cell Count:                  24906
Buf/Inv Cell Count:                8713
Buf Cell Count:                    7881
Inv Cell Count:                     832
CT Buf/Inv Cell Count:                0
Combinational Cell Count:         22877
Sequential Cell Count:             2029
Macro Count:                          0
----------------------------------------


Area
----------------------------------------
Combinational Area:            10557.03
Noncombinational Area:          2638.34
Buf/Inv Area:                   3900.76
Total Buffer Area:              3688.04
Total Inverter Area:             212.72
Macro/Black Box Area:              0.00
Net Area:                             0
Net XLength:                       0.00
Net YLength:                       0.00
----------------------------------------
Cell Area (netlist):                          13195.37
Cell Area (netlist and physical only):        14337.69
Net Length:                        0.00


Design Rules
----------------------------------------
Total Number of Nets:             25922
Nets with Violations:                 0
Max Trans Violations:                 0
Max Cap Violations:                   0
----------------------------------------

1
