source -echo /mnt/hgfs/PnR_GP/Final_1/3_PrimeTime/Run_5/pt_func_fast.tcl
set NAME  "ibex_wrapper_rt_change_4"
set NAME2 "ibex_wrapper_fast_change_4"
set NAME3 "ibex_wrapper_change_4"
set PATHS "Routing_change_4"
set RUN   "Run_5"
set BLOCK "Routing_route_opt"
set LIB "saed14hvt_ff0p88v125c.db"
set_app_var search_path "/mnt/hgfs/stdcell_hvt/db_ccs/"
set_app_var target_library $LIB
set_app_var link_library "$target_library"
set NETLIST "/mnt/hgfs/PnR_GP/Final_1/3_PrimeTime/$RUN/output/Routing_change_4/ibex_wrapper_rt_change_4.v"
set CONSTRAINTS "/mnt/hgfs/PnR_GP/Final_1/3_PrimeTime/$RUN/output/Routing_change_4/ibex_wrapper_fast_change_4.sdc"
set PARASITICS "/mnt/hgfs/PnR_GP/Final_1/3_PrimeTime/$RUN/output/Routing_change_4/ibex_wrapper_change_4.tlup_min_125.spef"  
read_db -library $LIB
Loading db file '/mnt/hgfs/stdcell_hvt/db_ccs/saed14hvt_ff0p88v125c.db'
read_verilog $NETLIST
link_design -keep_sub_designs "ibex_cs_registers_0_00000001_0_0_0_0_00000000_00000028_0_00000000_00000004_0_0_3_0"
Loading verilog file '/mnt/hgfs/PnR_GP/Final_1/3_PrimeTime/Run_5/output/Routing_change_4/ibex_wrapper_rt_change_4.v'
Warning: -keep_sub_design option of link_design will be made obsolete and removed from future releases of PrimeTime starting with the 2017.12 release. (PT-007)
Linking design ibex_cs_registers_0_00000001_0_0_0_0_00000000_00000028_0_00000000_00000004_0_0_3_0...
Information: 886 (96.10%) library cells are unused in library saed14hvt_ff0p88v125c..... (LNK-045)
Information: total 886 library cells are unused (LNK-046)
Design 'ibex_cs_registers_0_00000001_0_0_0_0_00000000_00000028_0_00000000_00000004_0_0_3_0' was successfully linked.
Information: There are 5645 leaf cells, ports, hiers and 5532 nets in the design (LNK-047)
link_design -keep_sub_designs "ibex_register_file_ff_0_00000020_0_0_0_00000000"
Warning: -keep_sub_design option of link_design will be made obsolete and removed from future releases of PrimeTime starting with the 2017.12 release. (PT-007)
Unlinking design ibex_cs_registers_0_00000001_0_0_0_0_00000000_00000028_0_00000000_00000004_0_0_3_0...
Warning: All timing information (backannotation, exceptions, etc.) is being removed from design 'ibex_cs_registers_0_00000001_0_0_0_0_00000000_00000028_0_00000000_00000004_0_0_3_0'. User-created annotations must be restored after relinking this design. (LNK-024)
Linking design ibex_register_file_ff_0_00000020_0_0_0_00000000...
Information: 898 (97.40%) library cells are unused in library saed14hvt_ff0p88v125c..... (LNK-045)
Information: total 898 library cells are unused (LNK-046)
Design 'ibex_register_file_ff_0_00000020_0_0_0_00000000' was successfully linked.
Information: There are 8526 leaf cells, ports, hiers and 8459 nets in the design (LNK-047)
link_design -keep_sub_designs "ibex_wrapper"
Warning: -keep_sub_design option of link_design will be made obsolete and removed from future releases of PrimeTime starting with the 2017.12 release. (PT-007)
Unlinking design ibex_register_file_ff_0_00000020_0_0_0_00000000...
Warning: All timing information (backannotation, exceptions, etc.) is being removed from design 'ibex_register_file_ff_0_00000020_0_0_0_00000000'. User-created annotations must be restored after relinking this design. (LNK-024)
Linking design ibex_wrapper...
Warning: Unable to resolve reference to 'ibex_register_file_ff_0_00000020_0_0_0_00000000' in 'ibex_wrapper'. (LNK-005)
Warning: Unable to resolve reference to 'ibex_cs_registers_0_00000001_0_0_0_0_00000000_00000028_0_00000000_00000004_0_0_3_0' in 'ibex_wrapper'. (LNK-005)
Information: Creating black box for ibex_top_inst/u_ibex_core/cs_registers_i/ibex_cs_registers_0_00000001_0_0_0_0_00000000_00000028_0_00000000_00000004_0_0_3_0... (LNK-043)
Information: Creating black box for ibex_top_inst/gen_regfile_ff.register_file_i/ibex_register_file_ff_0_00000020_0_0_0_00000000... (LNK-043)
Removed 2144 unconnected cells and blackboxes.
Information: 848 (91.97%) library cells are unused in library saed14hvt_ff0p88v125c..... (LNK-045)
Information: total 848 library cells are unused (LNK-046)
Design 'ibex_wrapper' was successfully linked.
Information: There are 12169 leaf cells, ports, hiers and 12725 nets in the design (LNK-047)
#current_design "ibex_wrapper"
read_sdc $CONSTRAINTS

Reading SDC version 2.1...
read_parasitics $PARASITICS
Information: Log for 'read_parasitics command' will be generated in 'parasitics_command.log'. (PARA-107)
source "/mnt/hgfs/PnR_GP/Final_1/3_PrimeTime/$RUN/dont_use_const_hendawi.tcl"
Information: Defining new variable 'PATHS'. (CMD-041)
Information: Defining new variable 'RUN'. (CMD-041)
Information: Defining new variable 'CONSTRAINTS'. (CMD-041)
Information: Defining new variable 'NAME'. (CMD-041)
Information: Defining new variable 'NETLIST'. (CMD-041)
Information: Defining new variable 'LIB'. (CMD-041)
Information: Defining new variable 'NAME2'. (CMD-041)
Information: Defining new variable 'NAME3'. (CMD-041)
Information: Defining new variable 'BLOCK'. (CMD-041)
Information: Defining new variable 'PARASITICS'. (CMD-041)
1
check_timing
Information: Using automatic max wire load selection group 'predcaps'. (ENV-003)
Information: Using automatic min wire load selection group 'predcaps'. (ENV-003)
Warning: Some timing arcs have been disabled for breaking timing loops or because of constant propagation. Use the 'report_disable_timing' command to get the list of these disabled timing arcs. (PTE-003)
Information: Inferring 1 clock-gating checks. (PTE-017)
Warning: An extrapolation exceeding 10% of the library characterization range has been detected. The delay calculation accuracy may be affected. for the cell timing arc, (saed14hvt_ff0p88v125c/SAEDHVT14_INV_2) U4748/A-->X (max negative_unate) [fall slew = 0.146645, lib_range = [0.003 0.133](nS)] (RC-011)
Warning: An extrapolation exceeding 10% of the library characterization range has been detected. The delay calculation accuracy may be affected. for the cell timing arc, (saed14hvt_ff0p88v125c/SAEDHVT14_INV_2) U5001/A-->X (max negative_unate) [fall slew = 0.247464, lib_range = [0.003 0.133](nS)] (RC-011)
Warning: An extrapolation exceeding 10% of the library characterization range has been detected. The delay calculation accuracy may be affected. for the cell timing arc, (saed14hvt_ff0p88v125c/SAEDHVT14_DEL_R2V3_2) CTS_copt_h_inst_11945/A-->X (max positive_unate) [rise slew = 0.153605, lib_range = [0.003 0.133](nS)] (RC-011)
Warning: An extrapolation exceeding 10% of the library characterization range has been detected. The delay calculation accuracy may be affected. for the cell timing arc, (saed14hvt_ff0p88v125c/SAEDHVT14_ND2_CDC_2) U9201/A1-->X (max negative_unate) [fall slew = 0.188777, lib_range = [0.003 0.133](nS)] (RC-011)
Warning: An extrapolation exceeding 10% of the library characterization range has been detected. The delay calculation accuracy may be affected. for the cell timing arc, (saed14hvt_ff0p88v125c/SAEDHVT14_DEL_R2V3_2) CTS_copt_h_inst_9301/A-->X (max positive_unate) [rise slew = 0.662999, lib_range = [0.003 0.133](nS)] (RC-011)
Warning: An extrapolation exceeding 10% of the library characterization range has been detected. The delay calculation accuracy may be affected. for the cell timing arc, (saed14hvt_ff0p88v125c/SAEDHVT14_DEL_R2V3_2) CTS_copt_h_inst_3728/A-->X (max positive_unate) [rise slew = 0.188777, lib_range = [0.003 0.133](nS)] (RC-011)
Warning: An extrapolation exceeding 10% of the library characterization range has been detected. The delay calculation accuracy may be affected. for the cell timing arc, (saed14hvt_ff0p88v125c/SAEDHVT14_DEL_R2V3_2) CTS_copt_h_inst_3733/A-->X (max positive_unate) [rise slew = 0.188777, lib_range = [0.003 0.133](nS)] (RC-011)
Warning: An extrapolation exceeding 10% of the library characterization range has been detected. The delay calculation accuracy may be affected. for the cell timing arc, (saed14hvt_ff0p88v125c/SAEDHVT14_DEL_R2V3_2) CTS_copt_h_inst_5630/A-->X (max positive_unate) [rise slew = 0.247464, lib_range = [0.003 0.133](nS)] (RC-011)
Warning: An extrapolation exceeding 10% of the library characterization range has been detected. The delay calculation accuracy may be affected. for the cell timing arc, (saed14hvt_ff0p88v125c/SAEDHVT14_DEL_R2V3_2) CTS_copt_h_inst_7869/A-->X (max positive_unate) [rise slew = 0.146645, lib_range = [0.003 0.133](nS)] (RC-011)
Warning: An extrapolation exceeding 10% of the library characterization range has been detected. The delay calculation accuracy may be affected. for the cell timing arc, (saed14hvt_ff0p88v125c/SAEDHVT14_DEL_R2V3_2) CTS_copt_h_inst_9244/A-->X (max positive_unate) [rise slew = 0.540987, lib_range = [0.003 0.133](nS)] (RC-011)
Warning: An extrapolation exceeding 10% of the library characterization range has been detected. The delay calculation accuracy may be affected. for the cell timing arc, (saed14hvt_ff0p88v125c/SAEDHVT14_DEL_R2V3_2) CTS_copt_h_inst_9300/A-->X (max positive_unate) [rise slew = 0.662999, lib_range = [0.003 0.133](nS)] (RC-011)
Warning: An extrapolation exceeding 10% of the library characterization range has been detected. The delay calculation accuracy may be affected. for the cell timing arc, (saed14hvt_ff0p88v125c/SAEDHVT14_DEL_R2V1_2) CTS_copt_h_inst_9619/A-->X (max positive_unate) [rise slew = 0.578757, lib_range = [0.003 0.133](nS)] (RC-011)
Warning: An extrapolation exceeding 10% of the library characterization range has been detected. The delay calculation accuracy may be affected. for the cell timing arc, (saed14hvt_ff0p88v125c/SAEDHVT14_DEL_R2V1_2) CTS_copt_h_inst_10111/A-->X (max positive_unate) [rise slew = 0.475152, lib_range = [0.003 0.133](nS)] (RC-011)
Warning: An extrapolation exceeding 10% of the library characterization range has been detected. The delay calculation accuracy may be affected. for the cell timing arc, (saed14hvt_ff0p88v125c/SAEDHVT14_DEL_R2V3_2) CTS_copt_h_inst_10474/A-->X (max positive_unate) [rise slew = 0.528083, lib_range = [0.003 0.133](nS)] (RC-011)
Warning: An extrapolation exceeding 10% of the library characterization range has been detected. The delay calculation accuracy may be affected. for the cell timing arc, (saed14hvt_ff0p88v125c/SAEDHVT14_DEL_R2V3_2) CTS_copt_h_inst_10256/A-->X (max positive_unate) [rise slew = 0.604134, lib_range = [0.003 0.133](nS)] (RC-011)
Warning: An extrapolation exceeding 10% of the library characterization range has been detected. The delay calculation accuracy may be affected. for the cell timing arc, (saed14hvt_ff0p88v125c/SAEDHVT14_DEL_R2V3_2) CTS_copt_h_inst_11113/A-->X (max positive_unate) [rise slew = 1.5296, lib_range = [0.003 0.133](nS)] (RC-011)
Warning: An extrapolation exceeding 10% of the library characterization range has been detected. The delay calculation accuracy may be affected. for the cell timing arc, (saed14hvt_ff0p88v125c/SAEDHVT14_DEL_R2V3_2) CTS_copt_h_inst_10257/A-->X (max positive_unate) [rise slew = 0.604134, lib_range = [0.003 0.133](nS)] (RC-011)
Warning: An extrapolation exceeding 10% of the library characterization range has been detected. The delay calculation accuracy may be affected. for the cell timing arc, (saed14hvt_ff0p88v125c/SAEDHVT14_DEL_R2V3_2) CTS_copt_h_inst_10476/A-->X (max positive_unate) [rise slew = 0.528083, lib_range = [0.003 0.133](nS)] (RC-011)
Warning: An extrapolation exceeding 10% of the library characterization range has been detected. The delay calculation accuracy may be affected. for the cell timing arc, (saed14hvt_ff0p88v125c/SAEDHVT14_DEL_R2V3_2) CTS_copt_h_inst_11130/A-->X (max positive_unate) [rise slew = 1.26116, lib_range = [0.003 0.133](nS)] (RC-011)
Warning: An extrapolation exceeding 10% of the library characterization range has been detected. The delay calculation accuracy may be affected. for the cell timing arc, (saed14hvt_ff0p88v125c/SAEDHVT14_DEL_R2V3_2) CTS_copt_h_inst_11943/A-->X (max positive_unate) [rise slew = 0.153605, lib_range = [0.003 0.133](nS)] (RC-011)
Warning: An extrapolation exceeding 10% of the library characterization range has been detected. The delay calculation accuracy may be affected. for the cell timing arc, (saed14hvt_ff0p88v125c/SAEDHVT14_DEL_R2V3_2) CTS_copt_h_inst_11964/A-->X (max positive_unate) [rise slew = 1.40646, lib_range = [0.003 0.133](nS)] (RC-011)
Warning: An extrapolation exceeding 10% of the library characterization range has been detected. The delay calculation accuracy may be affected. for the cell timing arc, (saed14hvt_ff0p88v125c/SAEDHVT14_DEL_R2V3_2) CTS_copt_h_inst_11965/A-->X (max positive_unate) [rise slew = 1.40646, lib_range = [0.003 0.133](nS)] (RC-011)
Warning: An extrapolation exceeding 10% of the library characterization range has been detected. The delay calculation accuracy may be affected. for the cell timing arc, (saed14hvt_ff0p88v125c/SAEDHVT14_DEL_R2V3_2) CTS_copt_h_inst_11575/A-->X (max positive_unate) [fall slew = 0.201801, lib_range = [0.003 0.133](nS)] (RC-011)
Warning: An extrapolation exceeding 10% of the library characterization range has been detected. The delay calculation accuracy may be affected. for the cell timing arc, (saed14hvt_ff0p88v125c/SAEDHVT14_DEL_R2V3_2) CTS_copt_h_inst_9462/A-->X (max positive_unate) [fall slew = 0.148737, lib_range = [0.003 0.133](nS)] (RC-011)
Warning: An extrapolation exceeding 10% of the library characterization range has been detected. The delay calculation accuracy may be affected. for the cell timing arc, (saed14hvt_ff0p88v125c/SAEDHVT14_DEL_R2V3_2) CTS_copt_h_inst_11576/A-->X (max positive_unate) [fall slew = 0.199796, lib_range = [0.003 0.133](nS)] (RC-011)
Warning: An extrapolation exceeding 10% of the library characterization range has been detected. The delay calculation accuracy may be affected. for the cell timing arc, (saed14hvt_ff0p88v125c/SAEDHVT14_BUF_S_2) U12319/A-->X (max positive_unate) [rise slew = 0.191432, lib_range = [0.003 0.133](nS)] (RC-011)
Warning: An extrapolation exceeding 10% of the library characterization range has been detected. The delay calculation accuracy may be affected. for the cell timing arc, (saed14hvt_ff0p88v125c/SAEDHVT14_BUF_S_2) U12319/A-->X (min positive_unate) [rise slew = 0.192001, lib_range = [0.003 0.133](nS)] (RC-011)
Warning: An extrapolation exceeding 10% of the library characterization range has been detected. The delay calculation accuracy may be affected. for the cell timing arc, (saed14hvt_ff0p88v125c/SAEDHVT14_BUF_S_2) U12288/A-->X (max positive_unate) [rise slew = 0.191537, lib_range = [0.003 0.133](nS)] (RC-011)
Warning: An extrapolation exceeding 10% of the library characterization range has been detected. The delay calculation accuracy may be affected. for the cell timing arc, (saed14hvt_ff0p88v125c/SAEDHVT14_BUF_S_2) U12288/A-->X (min positive_unate) [rise slew = 0.192072, lib_range = [0.003 0.133](nS)] (RC-011)
Warning: An extrapolation exceeding 10% of the library characterization range has been detected. The delay calculation accuracy may be affected. for the cell timing arc, (saed14hvt_ff0p88v125c/SAEDHVT14_BUF_S_2) U12647/A-->X (max positive_unate) [rise slew = 0.191642, lib_range = [0.003 0.133](nS)] (RC-011)
Warning: An extrapolation exceeding 10% of the library characterization range has been detected. The delay calculation accuracy may be affected. for the cell timing arc, (saed14hvt_ff0p88v125c/SAEDHVT14_BUF_S_2) U12647/A-->X (min positive_unate) [rise slew = 0.19216, lib_range = [0.003 0.133](nS)] (RC-011)
Warning: An extrapolation exceeding 10% of the library characterization range has been detected. The delay calculation accuracy may be affected. for the cell timing arc, (saed14hvt_ff0p88v125c/SAEDHVT14_BUF_S_2) U12575/A-->X (max positive_unate) [rise slew = 0.191644, lib_range = [0.003 0.133](nS)] (RC-011)
Warning: An extrapolation exceeding 10% of the library characterization range has been detected. The delay calculation accuracy may be affected. for the cell timing arc, (saed14hvt_ff0p88v125c/SAEDHVT14_BUF_S_2) U12575/A-->X (min positive_unate) [rise slew = 0.192162, lib_range = [0.003 0.133](nS)] (RC-011)
Warning: An extrapolation exceeding 10% of the library characterization range has been detected. The delay calculation accuracy may be affected. for the cell timing arc, (saed14hvt_ff0p88v125c/SAEDHVT14_BUF_S_2) U12291/A-->X (max positive_unate) [rise slew = 0.191544, lib_range = [0.003 0.133](nS)] (RC-011)
Warning: An extrapolation exceeding 10% of the library characterization range has been detected. The delay calculation accuracy may be affected. for the cell timing arc, (saed14hvt_ff0p88v125c/SAEDHVT14_BUF_S_2) U12587/A-->X (max positive_unate) [rise slew = 0.191645, lib_range = [0.003 0.133](nS)] (RC-011)
Warning: An extrapolation exceeding 10% of the library characterization range has been detected. The delay calculation accuracy may be affected. for the cell timing arc, (saed14hvt_ff0p88v125c/SAEDHVT14_BUF_S_2) U12291/A-->X (min positive_unate) [rise slew = 0.192076, lib_range = [0.003 0.133](nS)] (RC-011)
Warning: An extrapolation exceeding 10% of the library characterization range has been detected. The delay calculation accuracy may be affected. for the cell timing arc, (saed14hvt_ff0p88v125c/SAEDHVT14_BUF_S_2) U12587/A-->X (min positive_unate) [rise slew = 0.192162, lib_range = [0.003 0.133](nS)] (RC-011)
Warning: An extrapolation exceeding 10% of the library characterization range has been detected. The delay calculation accuracy may be affected. for the cell timing arc, (saed14hvt_ff0p88v125c/SAEDHVT14_BUF_S_2) U12283/A-->X (max positive_unate) [rise slew = 0.191622, lib_range = [0.003 0.133](nS)] (RC-011)
Warning: An extrapolation exceeding 10% of the library characterization range has been detected. The delay calculation accuracy may be affected. for the cell timing arc, (saed14hvt_ff0p88v125c/SAEDHVT14_BUF_S_2) U12283/A-->X (min positive_unate) [rise slew = 0.19214, lib_range = [0.003 0.133](nS)] (RC-011)
Warning: An extrapolation exceeding 10% of the library characterization range has been detected. The delay calculation accuracy may be affected. for the cell timing arc, (saed14hvt_ff0p88v125c/SAEDHVT14_BUF_2) U_PTECO_HOLD_BUF150/A-->X (max positive_unate) [fall slew = 0.155246, lib_range = [0.003 0.133](nS)] (RC-011)
Warning: An extrapolation exceeding 10% of the library characterization range has been detected. The delay calculation accuracy may be affected. for the cell timing arc, (saed14hvt_ff0p88v125c/SAEDHVT14_BUF_S_2) U12267/A-->X (max positive_unate) [rise slew = 0.191549, lib_range = [0.003 0.133](nS)] (RC-011)
Warning: An extrapolation exceeding 10% of the library characterization range has been detected. The delay calculation accuracy may be affected. for the cell timing arc, (saed14hvt_ff0p88v125c/SAEDHVT14_BUF_S_2) U12267/A-->X (min positive_unate) [rise slew = 0.192079, lib_range = [0.003 0.133](nS)] (RC-011)
Warning: An extrapolation exceeding 10% of the library characterization range has been detected. The delay calculation accuracy may be affected. for the cell timing arc, (saed14hvt_ff0p88v125c/SAEDHVT14_INV_2) U7050/A-->X (max negative_unate) [rise slew = 0.162158, lib_range = [0.003 0.133](nS)] (RC-011)
Warning: An extrapolation exceeding 10% of the library characterization range has been detected. The delay calculation accuracy may be affected. for the cell timing arc, (saed14hvt_ff0p88v125c/SAEDHVT14_INV_2) U7050/A-->X (min negative_unate) [rise slew = 0.164499, lib_range = [0.003 0.133](nS)] (RC-011)
Warning: An extrapolation exceeding 10% of the library characterization range has been detected. The delay calculation accuracy may be affected. for the cell timing arc, (saed14hvt_ff0p88v125c/SAEDHVT14_INV_S_2) PLACE_HFSINV_1191_212/A-->X (max negative_unate) [rise slew = 0.226927, lib_range = [0.003 0.133](nS)] (RC-011)
Warning: An extrapolation exceeding 10% of the library characterization range has been detected. The delay calculation accuracy may be affected. for the cell timing arc, (saed14hvt_ff0p88v125c/SAEDHVT14_OR4_2) U7292/A2-->X (max positive_unate) [fall slew = 0.162041, lib_range = [0.003 0.133](nS)] (RC-011)
Warning: An extrapolation exceeding 10% of the library characterization range has been detected. The delay calculation accuracy may be affected. for the cell timing arc, (saed14hvt_ff0p88v125c/SAEDHVT14_OR4_2) U7292/A2-->X (min positive_unate) [fall slew = 0.164451, lib_range = [0.003 0.133](nS)] (RC-011)
Warning: An extrapolation exceeding 10% of the library characterization range has been detected. The delay calculation accuracy may be affected. for the cell timing arc, (saed14hvt_ff0p88v125c/SAEDHVT14_INV_S_6) U4751/A-->X (max negative_unate) [fall slew = 0.586332, lib_range = [0.003 0.133](nS)] (RC-011)
Warning: An extrapolation exceeding 10% of the library characterization range has been detected. The delay calculation accuracy may be affected. for the cell timing arc, (saed14hvt_ff0p88v125c/SAEDHVT14_INV_S_6) U4751/A-->X (min negative_unate) [fall slew = 0.46242, lib_range = [0.003 0.133](nS)] (RC-011)
Warning: An extrapolation exceeding 10% of the library characterization range has been detected. The delay calculation accuracy may be affected. for the cell timing arc, (saed14hvt_ff0p88v125c/SAEDHVT14_BUF_S_2) PLACE_HFSBUF_586_213/A-->X (max positive_unate) [fall slew = 0.227171, lib_range = [0.003 0.133](nS)] (RC-011)
Warning: An extrapolation exceeding 10% of the library characterization range has been detected. The delay calculation accuracy may be affected. for the cell timing arc, (saed14hvt_ff0p88v125c/SAEDHVT14_EN2_2) U7294/A1-->X (max positive_unate) [fall slew = 0.162062, lib_range = [0.003 0.133](nS)] (RC-011)
Warning: An extrapolation exceeding 10% of the library characterization range has been detected. The delay calculation accuracy may be affected. for the cell timing arc, (saed14hvt_ff0p88v125c/SAEDHVT14_EN2_2) U7294/A1-->X (min positive_unate) [fall slew = 0.164468, lib_range = [0.003 0.133](nS)] (RC-011)
Warning: An extrapolation exceeding 10% of the library characterization range has been detected. The delay calculation accuracy may be affected. for the cell timing arc, (saed14hvt_ff0p88v125c/SAEDHVT14_EN2_2) U7294/A1-->X (max negative_unate) [rise slew = 0.162062, lib_range = [0.003 0.133](nS)] (RC-011)
Warning: An extrapolation exceeding 10% of the library characterization range has been detected. The delay calculation accuracy may be affected. for the cell timing arc, (saed14hvt_ff0p88v125c/SAEDHVT14_EN2_2) U7294/A1-->X (min negative_unate) [rise slew = 0.164468, lib_range = [0.003 0.133](nS)] (RC-011)
Warning: An extrapolation exceeding 10% of the library characterization range has been detected. The delay calculation accuracy may be affected. for the cell timing arc, (saed14hvt_ff0p88v125c/SAEDHVT14_DEL_R2V1_2) CTS_copt_h_inst_9015/A-->X (max positive_unate) [fall slew = 0.161961, lib_range = [0.003 0.133](nS)] (RC-011)
Warning: An extrapolation exceeding 10% of the library characterization range has been detected. The delay calculation accuracy may be affected. for the cell timing arc, (saed14hvt_ff0p88v125c/SAEDHVT14_DEL_R2V1_2) CTS_copt_h_inst_9015/A-->X (min positive_unate) [fall slew = 0.162997, lib_range = [0.003 0.133](nS)] (RC-011)
Warning: An extrapolation exceeding 10% of the library characterization range has been detected. The delay calculation accuracy may be affected. for the cell timing arc, (saed14hvt_ff0p88v125c/SAEDHVT14_DEL_R2V3_2) CTS_copt_h_inst_9167/A-->X (max positive_unate) [fall slew = 0.220539, lib_range = [0.003 0.133](nS)] (RC-011)
Warning: An extrapolation exceeding 10% of the library characterization range has been detected. The delay calculation accuracy may be affected. for the cell timing arc, (saed14hvt_ff0p88v125c/SAEDHVT14_DEL_R2V3_2) CTS_copt_h_inst_9167/A-->X (min positive_unate) [fall slew = 0.219167, lib_range = [0.003 0.133](nS)] (RC-011)
Warning: An extrapolation exceeding 10% of the library characterization range has been detected. The delay calculation accuracy may be affected. for the cell timing arc, (saed14hvt_ff0p88v125c/SAEDHVT14_BUF_2) U_PTECO_HOLD_BUF116/A-->X (max positive_unate) [fall slew = 0.150343, lib_range = [0.003 0.133](nS)] (RC-011)
Warning: An extrapolation exceeding 10% of the library characterization range has been detected. The delay calculation accuracy may be affected. for the cell timing arc, (saed14hvt_ff0p88v125c/SAEDHVT14_BUF_2) U_PTECO_HOLD_BUF92/A-->X (max positive_unate) [fall slew = 0.193045, lib_range = [0.003 0.133](nS)] (RC-011)
Warning: An extrapolation exceeding 10% of the library characterization range has been detected. The delay calculation accuracy may be affected. for the cell timing arc, (saed14hvt_ff0p88v125c/SAEDHVT14_BUF_2) U_PTECO_HOLD_BUF92/A-->X (min positive_unate) [fall slew = 0.214296, lib_range = [0.003 0.133](nS)] (RC-011)
Warning: An extrapolation exceeding 10% of the library characterization range has been detected. The delay calculation accuracy may be affected. for the cell timing arc, (saed14hvt_ff0p88v125c/SAEDHVT14_BUF_2) U_PTECO_HOLD_BUF116/A-->X (min positive_unate) [fall slew = 0.160626, lib_range = [0.003 0.133](nS)] (RC-011)
Warning: An extrapolation exceeding 10% of the library characterization range has been detected. The delay calculation accuracy may be affected. for the cell timing arc, (saed14hvt_ff0p88v125c/SAEDHVT14_BUF_2) U_PTECO_HOLD_BUF93/A-->X (min positive_unate) [fall slew = 0.153659, lib_range = [0.003 0.133](nS)] (RC-011)
Warning: An extrapolation exceeding 10% of the library characterization range has been detected. The delay calculation accuracy may be affected. for the cell timing arc, (saed14hvt_ff0p88v125c/SAEDHVT14_BUF_2) U_PTECO_HOLD_BUF86/A-->X (max positive_unate) [fall slew = 0.164252, lib_range = [0.003 0.133](nS)] (RC-011)
Warning: An extrapolation exceeding 10% of the library characterization range has been detected. The delay calculation accuracy may be affected. for the cell timing arc, (saed14hvt_ff0p88v125c/SAEDHVT14_BUF_S_2) CTS_copt_h_inst_10674/A-->X (max positive_unate) [fall slew = 0.183189, lib_range = [0.003 0.133](nS)] (RC-011)
Warning: An extrapolation exceeding 10% of the library characterization range has been detected. The delay calculation accuracy may be affected. for the cell timing arc, (saed14hvt_ff0p88v125c/SAEDHVT14_BUF_S_2) CTS_copt_h_inst_10674/A-->X (min positive_unate) [fall slew = 0.15231, lib_range = [0.003 0.133](nS)] (RC-011)
Warning: An extrapolation exceeding 10% of the library characterization range has been detected. The delay calculation accuracy may be affected. for the cell timing arc, (saed14hvt_ff0p88v125c/SAEDHVT14_DEL_R2V3_2) CTS_copt_h_inst_11811/A-->X (max positive_unate) [rise slew = 0.586332, lib_range = [0.003 0.133](nS)] (RC-011)
Warning: An extrapolation exceeding 10% of the library characterization range has been detected. The delay calculation accuracy may be affected. for the cell timing arc, (saed14hvt_ff0p88v125c/SAEDHVT14_BUF_2) U_PTECO_HOLD_BUF86/A-->X (min positive_unate) [fall slew = 0.176365, lib_range = [0.003 0.133](nS)] (RC-011)
Warning: An extrapolation exceeding 10% of the library characterization range has been detected. The delay calculation accuracy may be affected. for the cell timing arc, (saed14hvt_ff0p88v125c/SAEDHVT14_DEL_R2V1_2) CTS_copt_h_inst_11096/A-->X (max positive_unate) [fall slew = 0.156587, lib_range = [0.003 0.133](nS)] (RC-011)
Warning: An extrapolation exceeding 10% of the library characterization range has been detected. The delay calculation accuracy may be affected. for the cell timing arc, (saed14hvt_ff0p88v125c/SAEDHVT14_DEL_R2V3_2) CTS_copt_h_inst_11811/A-->X (min positive_unate) [rise slew = 0.46242, lib_range = [0.003 0.133](nS)] (RC-011)
Warning: An extrapolation exceeding 10% of the library characterization range has been detected. The delay calculation accuracy may be affected. for the cell timing arc, (saed14hvt_ff0p88v125c/SAEDHVT14_DEL_R2V1_2) CTS_copt_h_inst_11812/A-->X (max positive_unate) [rise slew = 0.586332, lib_range = [0.003 0.133](nS)] (RC-011)
Warning: An extrapolation exceeding 10% of the library characterization range has been detected. The delay calculation accuracy may be affected. for the cell timing arc, (saed14hvt_ff0p88v125c/SAEDHVT14_BUF_2) U_PTECO_HOLD_BUF76/A-->X (min positive_unate) [fall slew = 0.167501, lib_range = [0.003 0.133](nS)] (RC-011)
Warning: An extrapolation exceeding 10% of the library characterization range has been detected. The delay calculation accuracy may be affected. for the cell timing arc, (saed14hvt_ff0p88v125c/SAEDHVT14_DEL_R2V1_2) CTS_copt_h_inst_11812/A-->X (min positive_unate) [rise slew = 0.46242, lib_range = [0.003 0.133](nS)] (RC-011)
Warning: An extrapolation exceeding 10% of the library characterization range has been detected. The delay calculation accuracy may be affected. for the cell timing arc, (saed14hvt_ff0p88v125c/SAEDHVT14_INV_S_2) U5830/A-->X (max negative_unate) [rise slew = 0.190389, lib_range = [0.003 0.133](nS)] (RC-011)
Warning: An extrapolation exceeding 10% of the library characterization range has been detected. The delay calculation accuracy may be affected. for the cell timing arc, (saed14hvt_ff0p88v125c/SAEDHVT14_OR3_2) U7518/A2-->X (max positive_unate) [rise slew = 0.247464, lib_range = [0.003 0.133](nS)] (RC-011)
Warning: An extrapolation exceeding 10% of the library characterization range has been detected. The delay calculation accuracy may be affected. for the cell timing arc, (saed14hvt_ff0p88v125c/SAEDHVT14_ND2_CDC_2) U6940/A2-->X (max negative_unate) [fall slew = 0.146645, lib_range = [0.003 0.133](nS)] (RC-011)
Warning: An extrapolation exceeding 10% of the library characterization range has been detected. The delay calculation accuracy may be affected. for the cell timing arc, (saed14hvt_ff0p88v125c/SAEDHVT14_INV_S_2) U5830/A-->X (min negative_unate) [rise slew = 0.23652, lib_range = [0.003 0.133](nS)] (RC-011)
Warning: An extrapolation exceeding 10% of the library characterization range has been detected. The delay calculation accuracy may be affected. for the cell timing arc, (saed14hvt_ff0p88v125c/SAEDHVT14_ND4_2) U6759/A1-->X (max negative_unate) [fall slew = 0.188777, lib_range = [0.003 0.133](nS)] (RC-011)
Warning: An extrapolation exceeding 10% of the library characterization range has been detected. The delay calculation accuracy may be affected. for the cell timing arc, (saed14hvt_ff0p88v125c/SAEDHVT14_OR4_2) U7854/A4-->X (max positive_unate) [rise slew = 0.662999, lib_range = [0.003 0.133](nS)] (RC-011)
Warning: An extrapolation exceeding 10% of the library characterization range has been detected. The delay calculation accuracy may be affected. for the cell timing arc, (saed14hvt_ff0p88v125c/SAEDHVT14_ND4_2) U6759/A4-->X (max negative_unate) [rise slew = 0.217273, lib_range = [0.003 0.133](nS)] (RC-011)
Warning: An extrapolation exceeding 10% of the library characterization range has been detected. The delay calculation accuracy may be affected. for the cell timing arc, (saed14hvt_ff0p88v125c/SAEDHVT14_OR3_2) U10722/A1-->X (max positive_unate) [fall slew = 0.190389, lib_range = [0.003 0.133](nS)] (RC-011)
Warning: An extrapolation exceeding 10% of the library characterization range has been detected. The delay calculation accuracy may be affected. for the cell timing arc, (saed14hvt_ff0p88v125c/SAEDHVT14_OR3_2) U10722/A1-->X (min positive_unate) [fall slew = 0.23652, lib_range = [0.003 0.133](nS)] (RC-011)
Warning: An extrapolation exceeding 10% of the library characterization range has been detected. The delay calculation accuracy may be affected. for the cell timing arc, (saed14hvt_ff0p88v125c/SAEDHVT14_DEL_R2V1_2) CTS_copt_h_inst_8916/A-->X (max positive_unate) [rise slew = 0.156385, lib_range = [0.003 0.133](nS)] (RC-011)
Warning: An extrapolation exceeding 10% of the library characterization range has been detected. The delay calculation accuracy may be affected. for the cell timing arc, (saed14hvt_ff0p88v125c/SAEDHVT14_DEL_R2V1_2) CTS_copt_h_inst_8916/A-->X (min positive_unate) [rise slew = 0.147232, lib_range = [0.003 0.133](nS)] (RC-011)
Warning: An extrapolation exceeding 10% of the library characterization range has been detected. The delay calculation accuracy may be affected. for the cell timing arc, (saed14hvt_ff0p88v125c/SAEDHVT14_ND2_CDC_2) U5352/A2-->X (max negative_unate) [rise slew = 0.221184, lib_range = [0.003 0.133](nS)] (RC-011)
Warning: An extrapolation exceeding 10% of the library characterization range has been detected. The delay calculation accuracy may be affected. for the cell timing arc, (saed14hvt_ff0p88v125c/SAEDHVT14_AN2_2) U4790/A1-->X (max positive_unate) [fall slew = 0.221184, lib_range = [0.003 0.133](nS)] (RC-011)
Warning: An extrapolation exceeding 10% of the library characterization range has been detected. The delay calculation accuracy may be affected. for the cell timing arc, (saed14hvt_ff0p88v125c/SAEDHVT14_OR4_2) U7520/A1-->X (max positive_unate) [rise slew = 0.586332, lib_range = [0.003 0.133](nS)] (RC-011)
Warning: An extrapolation exceeding 10% of the library characterization range has been detected. The delay calculation accuracy may be affected. for the cell timing arc, (saed14hvt_ff0p88v125c/SAEDHVT14_OR4_2) U7520/A1-->X (min positive_unate) [rise slew = 0.46242, lib_range = [0.003 0.133](nS)] (RC-011)
Warning: An extrapolation exceeding 10% of the library characterization range has been detected. The delay calculation accuracy may be affected. for the cell timing arc, (saed14hvt_ff0p88v125c/SAEDHVT14_ND2_CDC_2) U4878/A1-->X (max negative_unate) [fall slew = 0.146645, lib_range = [0.003 0.133](nS)] (RC-011)
Warning: An extrapolation exceeding 10% of the library characterization range has been detected. The delay calculation accuracy may be affected. for the cell timing arc, (saed14hvt_ff0p88v125c/SAEDHVT14_ND2_CDC_2) U4988/A1-->X (max negative_unate) [fall slew = 0.247464, lib_range = [0.003 0.133](nS)] (RC-011)
Warning: An extrapolation exceeding 10% of the library characterization range has been detected. The delay calculation accuracy may be affected. for the cell timing arc, (saed14hvt_ff0p88v125c/SAEDHVT14_OR3_2) U7590/A1-->X (max positive_unate) [fall slew = 0.221184, lib_range = [0.003 0.133](nS)] (RC-011)
Warning: An extrapolation exceeding 10% of the library characterization range has been detected. The delay calculation accuracy may be affected. for the cell timing arc, (saed14hvt_ff0p88v125c/SAEDHVT14_AN3_2) U7848/A1-->X (max positive_unate) [fall slew = 0.155312, lib_range = [0.003 0.133](nS)] (RC-011)
Warning: An extrapolation exceeding 10% of the library characterization range has been detected. The delay calculation accuracy may be affected. for the cell timing arc, (saed14hvt_ff0p88v125c/SAEDHVT14_AN4_2) U7510/A1-->X (max positive_unate) [rise slew = 0.146645, lib_range = [0.003 0.133](nS)] (RC-011)
Warning: An extrapolation exceeding 10% of the library characterization range has been detected. The delay calculation accuracy may be affected. for the cell timing arc, (saed14hvt_ff0p88v125c/SAEDHVT14_AN4_2) U7510/A2-->X (max positive_unate) [rise slew = 0.188777, lib_range = [0.003 0.133](nS)] (RC-011)
Warning: An extrapolation exceeding 10% of the library characterization range has been detected. The delay calculation accuracy may be affected. for the cell timing arc, (saed14hvt_ff0p88v125c/SAEDHVT14_MUX2_2) U7806/D0-->X (max positive_unate) [rise slew = 0.662999, lib_range = [0.003 0.133](nS)] (RC-011)
Warning: An extrapolation exceeding 10% of the library characterization range has been detected. The delay calculation accuracy may be affected. for the cell timing arc, (saed14hvt_ff0p88v125c/SAEDHVT14_MUX2_2) U7806/D0-->X (max positive_unate) [rise slew = 0.662999, lib_range = [0.003 0.133](nS)] (RC-011)
Warning: An extrapolation exceeding 10% of the library characterization range has been detected. The delay calculation accuracy may be affected. for the cell timing arc, (saed14hvt_ff0p88v125c/SAEDHVT14_AN4_2) U9132/A1-->X (max positive_unate) [rise slew = 0.188777, lib_range = [0.003 0.133](nS)] (RC-011)
Warning: An extrapolation exceeding 10% of the library characterization range has been detected. The delay calculation accuracy may be affected. for the cell timing arc, (saed14hvt_ff0p88v125c/SAEDHVT14_MUX2_2) U7806/D0-->X (max positive_unate) [rise slew = 0.662999, lib_range = [0.003 0.133](nS)] (RC-011)
Warning: An extrapolation exceeding 10% of the library characterization range has been detected. The delay calculation accuracy may be affected. for the cell timing arc, (saed14hvt_ff0p88v125c/SAEDHVT14_MUX2_2) U7806/D1-->X (max positive_unate) [fall slew = 0.155393, lib_range = [0.003 0.133](nS)] (RC-011)
Warning: An extrapolation exceeding 10% of the library characterization range has been detected. The delay calculation accuracy may be affected. for the cell timing arc, (saed14hvt_ff0p88v125c/SAEDHVT14_MUX2_2) U7806/D1-->X (max positive_unate) [fall slew = 0.155393, lib_range = [0.003 0.133](nS)] (RC-011)
Note - message 'RC-011' limit (100) exceeded.  Remainder will be suppressed.
Information: Checking 'no_input_delay'.
Information: Checking 'no_driving_cell'.
Warning: There are 4 ports with parasitics but with no driving cell.

Information: Checking 'unconstrained_endpoints'.
Warning: There are 931 endpoints which are not constrained for maximum delay.

Information: Checking 'unexpandable_clocks'.
Information: Checking 'latch_fanout'.
Information: Checking 'no_clock'.
Information: Checking 'partial_input_delay'.
Information: Checking 'generic'.
Information: Checking 'loops'.
Information: Checking 'generated_clocks'.
Information: Checking 'pulse_clock_non_pulse_clock_merge'.
Information: Checking 'pll_configuration'.
0
update_timing
1
save_session /mnt/hgfs/PnR_GP/Final_1/3_PrimeTime/Run_5/session_0/[get_current_task_label]
Saving environmental constraints.....
Information: Saved session uses shared data located in /mnt/hgfs/PnR_GP/Final_1/3_PrimeTime/Run_5/session_0/common_data/b (SR-036)
Saving netlist information.....
Saving miscellaneous application information.....
Saving timing information.....
Saving variable information.....
Information: Executed with 4 workers
1
sh sync

restore_session /mnt/hgfs/PnR_GP/Final_1/3_PrimeTime/Run_5/session_0/Func_Fast
Information: Clean up the current session for restore:
	 removing all loaded designs and libraries in memory.... (SR-004)
Session uses common data
Restoring variable information.....
Restoring netlist information.....
Loading db file '/mnt/hgfs/stdcell_hvt/db_ccs/saed14hvt_ff0p88v125c.db'
Restoring environmental constraints.....
Error: The session directory is corrupted due to missing data. (SR-037)
Error: Clean up partially restored design data... (SR-016)
Removing design 'ibex_wrapper'...
Removing library '/mnt/hgfs/stdcell_hvt/db_ccs/saed14hvt_ff0p88v125c.db:saed14hvt_ff0p88v125c'...
0
source -echo /mnt/hgfs/PnR_GP/Final_1/3_PrimeTime/Run_5/pt_func_fast.tcl
set NAME  "ibex_wrapper_rt_change_4"
set NAME2 "ibex_wrapper_fast_change_4"
set NAME3 "ibex_wrapper_change_4"
set PATHS "Routing_change_4"
set RUN   "Run_5"
set BLOCK "Routing_route_opt"
set LIB "saed14hvt_ff0p88v125c.db"
set_app_var search_path "/mnt/hgfs/stdcell_hvt/db_ccs/"
set_app_var target_library $LIB
set_app_var link_library "$target_library"
set NETLIST "/mnt/hgfs/PnR_GP/Final_1/3_PrimeTime/$RUN/output/Routing_change_4/ibex_wrapper_rt_change_4.v"
set CONSTRAINTS "/mnt/hgfs/PnR_GP/Final_1/3_PrimeTime/$RUN/output/Routing_change_4/ibex_wrapper_fast_change_4.sdc"
set PARASITICS "/mnt/hgfs/PnR_GP/Final_1/3_PrimeTime/$RUN/output/Routing_change_4/ibex_wrapper_change_4.tlup_min_125.spef"  
read_db -library $LIB
Loading db file '/mnt/hgfs/stdcell_hvt/db_ccs/saed14hvt_ff0p88v125c.db'
read_verilog $NETLIST
link_design -keep_sub_designs "ibex_cs_registers_0_00000001_0_0_0_0_00000000_00000028_0_00000000_00000004_0_0_3_0"
Loading verilog file '/mnt/hgfs/PnR_GP/Final_1/3_PrimeTime/Run_5/output/Routing_change_4/ibex_wrapper_rt_change_4.v'
Warning: -keep_sub_design option of link_design will be made obsolete and removed from future releases of PrimeTime starting with the 2017.12 release. (PT-007)
Linking design ibex_cs_registers_0_00000001_0_0_0_0_00000000_00000028_0_00000000_00000004_0_0_3_0...
Information: 886 (96.10%) library cells are unused in library saed14hvt_ff0p88v125c..... (LNK-045)
Information: total 886 library cells are unused (LNK-046)
Design 'ibex_cs_registers_0_00000001_0_0_0_0_00000000_00000028_0_00000000_00000004_0_0_3_0' was successfully linked.
Information: There are 5645 leaf cells, ports, hiers and 5532 nets in the design (LNK-047)
link_design -keep_sub_designs "ibex_register_file_ff_0_00000020_0_0_0_00000000"
Warning: -keep_sub_design option of link_design will be made obsolete and removed from future releases of PrimeTime starting with the 2017.12 release. (PT-007)
Unlinking design ibex_cs_registers_0_00000001_0_0_0_0_00000000_00000028_0_00000000_00000004_0_0_3_0...
Warning: All timing information (backannotation, exceptions, etc.) is being removed from design 'ibex_cs_registers_0_00000001_0_0_0_0_00000000_00000028_0_00000000_00000004_0_0_3_0'. User-created annotations must be restored after relinking this design. (LNK-024)
Linking design ibex_register_file_ff_0_00000020_0_0_0_00000000...
Information: 898 (97.40%) library cells are unused in library saed14hvt_ff0p88v125c..... (LNK-045)
Information: total 898 library cells are unused (LNK-046)
Design 'ibex_register_file_ff_0_00000020_0_0_0_00000000' was successfully linked.
Information: There are 8526 leaf cells, ports, hiers and 8459 nets in the design (LNK-047)
link_design -keep_sub_designs "ibex_wrapper"
Warning: -keep_sub_design option of link_design will be made obsolete and removed from future releases of PrimeTime starting with the 2017.12 release. (PT-007)
Unlinking design ibex_register_file_ff_0_00000020_0_0_0_00000000...
Warning: All timing information (backannotation, exceptions, etc.) is being removed from design 'ibex_register_file_ff_0_00000020_0_0_0_00000000'. User-created annotations must be restored after relinking this design. (LNK-024)
Linking design ibex_wrapper...
Warning: Unable to resolve reference to 'ibex_register_file_ff_0_00000020_0_0_0_00000000' in 'ibex_wrapper'. (LNK-005)
Warning: Unable to resolve reference to 'ibex_cs_registers_0_00000001_0_0_0_0_00000000_00000028_0_00000000_00000004_0_0_3_0' in 'ibex_wrapper'. (LNK-005)
Information: Creating black box for ibex_top_inst/u_ibex_core/cs_registers_i/ibex_cs_registers_0_00000001_0_0_0_0_00000000_00000028_0_00000000_00000004_0_0_3_0... (LNK-043)
Information: Creating black box for ibex_top_inst/gen_regfile_ff.register_file_i/ibex_register_file_ff_0_00000020_0_0_0_00000000... (LNK-043)
Removed 2144 unconnected cells and blackboxes.
Information: 848 (91.97%) library cells are unused in library saed14hvt_ff0p88v125c..... (LNK-045)
Information: total 848 library cells are unused (LNK-046)
Design 'ibex_wrapper' was successfully linked.
Information: There are 12169 leaf cells, ports, hiers and 12725 nets in the design (LNK-047)
#current_design "ibex_wrapper"
read_sdc $CONSTRAINTS

Reading SDC version 2.1...
read_parasitics $PARASITICS
Information: Log for 'read_parasitics command' will be generated in 'parasitics_command.log'. (PARA-107)
source "/mnt/hgfs/PnR_GP/Final_1/3_PrimeTime/$RUN/dont_use_const_hendawi.tcl"
1
check_timing
Information: Using automatic max wire load selection group 'predcaps'. (ENV-003)
Information: Using automatic min wire load selection group 'predcaps'. (ENV-003)
Warning: Some timing arcs have been disabled for breaking timing loops or because of constant propagation. Use the 'report_disable_timing' command to get the list of these disabled timing arcs. (PTE-003)
Information: Inferring 1 clock-gating checks. (PTE-017)
Warning: An extrapolation exceeding 10% of the library characterization range has been detected. The delay calculation accuracy may be affected. for the cell timing arc, (saed14hvt_ff0p88v125c/SAEDHVT14_INV_2) U4748/A-->X (max negative_unate) [fall slew = 0.146645, lib_range = [0.003 0.133](nS)] (RC-011)
Warning: An extrapolation exceeding 10% of the library characterization range has been detected. The delay calculation accuracy may be affected. for the cell timing arc, (saed14hvt_ff0p88v125c/SAEDHVT14_INV_2) U5001/A-->X (max negative_unate) [fall slew = 0.247464, lib_range = [0.003 0.133](nS)] (RC-011)
Warning: An extrapolation exceeding 10% of the library characterization range has been detected. The delay calculation accuracy may be affected. for the cell timing arc, (saed14hvt_ff0p88v125c/SAEDHVT14_DEL_R2V3_2) CTS_copt_h_inst_11945/A-->X (max positive_unate) [rise slew = 0.153605, lib_range = [0.003 0.133](nS)] (RC-011)
Warning: An extrapolation exceeding 10% of the library characterization range has been detected. The delay calculation accuracy may be affected. for the cell timing arc, (saed14hvt_ff0p88v125c/SAEDHVT14_ND2_CDC_2) U9201/A1-->X (max negative_unate) [fall slew = 0.188777, lib_range = [0.003 0.133](nS)] (RC-011)
Warning: An extrapolation exceeding 10% of the library characterization range has been detected. The delay calculation accuracy may be affected. for the cell timing arc, (saed14hvt_ff0p88v125c/SAEDHVT14_DEL_R2V3_2) CTS_copt_h_inst_9301/A-->X (max positive_unate) [rise slew = 0.662999, lib_range = [0.003 0.133](nS)] (RC-011)
Warning: An extrapolation exceeding 10% of the library characterization range has been detected. The delay calculation accuracy may be affected. for the cell timing arc, (saed14hvt_ff0p88v125c/SAEDHVT14_DEL_R2V3_2) CTS_copt_h_inst_3728/A-->X (max positive_unate) [rise slew = 0.188777, lib_range = [0.003 0.133](nS)] (RC-011)
Warning: An extrapolation exceeding 10% of the library characterization range has been detected. The delay calculation accuracy may be affected. for the cell timing arc, (saed14hvt_ff0p88v125c/SAEDHVT14_DEL_R2V3_2) CTS_copt_h_inst_3733/A-->X (max positive_unate) [rise slew = 0.188777, lib_range = [0.003 0.133](nS)] (RC-011)
Warning: An extrapolation exceeding 10% of the library characterization range has been detected. The delay calculation accuracy may be affected. for the cell timing arc, (saed14hvt_ff0p88v125c/SAEDHVT14_DEL_R2V3_2) CTS_copt_h_inst_5630/A-->X (max positive_unate) [rise slew = 0.247464, lib_range = [0.003 0.133](nS)] (RC-011)
Warning: An extrapolation exceeding 10% of the library characterization range has been detected. The delay calculation accuracy may be affected. for the cell timing arc, (saed14hvt_ff0p88v125c/SAEDHVT14_DEL_R2V3_2) CTS_copt_h_inst_7869/A-->X (max positive_unate) [rise slew = 0.146645, lib_range = [0.003 0.133](nS)] (RC-011)
Warning: An extrapolation exceeding 10% of the library characterization range has been detected. The delay calculation accuracy may be affected. for the cell timing arc, (saed14hvt_ff0p88v125c/SAEDHVT14_DEL_R2V3_2) CTS_copt_h_inst_9244/A-->X (max positive_unate) [rise slew = 0.540987, lib_range = [0.003 0.133](nS)] (RC-011)
Warning: An extrapolation exceeding 10% of the library characterization range has been detected. The delay calculation accuracy may be affected. for the cell timing arc, (saed14hvt_ff0p88v125c/SAEDHVT14_DEL_R2V3_2) CTS_copt_h_inst_9300/A-->X (max positive_unate) [rise slew = 0.662999, lib_range = [0.003 0.133](nS)] (RC-011)
Warning: An extrapolation exceeding 10% of the library characterization range has been detected. The delay calculation accuracy may be affected. for the cell timing arc, (saed14hvt_ff0p88v125c/SAEDHVT14_DEL_R2V1_2) CTS_copt_h_inst_9619/A-->X (max positive_unate) [rise slew = 0.578757, lib_range = [0.003 0.133](nS)] (RC-011)
Warning: An extrapolation exceeding 10% of the library characterization range has been detected. The delay calculation accuracy may be affected. for the cell timing arc, (saed14hvt_ff0p88v125c/SAEDHVT14_DEL_R2V1_2) CTS_copt_h_inst_10111/A-->X (max positive_unate) [rise slew = 0.475152, lib_range = [0.003 0.133](nS)] (RC-011)
Warning: An extrapolation exceeding 10% of the library characterization range has been detected. The delay calculation accuracy may be affected. for the cell timing arc, (saed14hvt_ff0p88v125c/SAEDHVT14_DEL_R2V3_2) CTS_copt_h_inst_10256/A-->X (max positive_unate) [rise slew = 0.604134, lib_range = [0.003 0.133](nS)] (RC-011)
Warning: An extrapolation exceeding 10% of the library characterization range has been detected. The delay calculation accuracy may be affected. for the cell timing arc, (saed14hvt_ff0p88v125c/SAEDHVT14_DEL_R2V3_2) CTS_copt_h_inst_10257/A-->X (max positive_unate) [rise slew = 0.604134, lib_range = [0.003 0.133](nS)] (RC-011)
Warning: An extrapolation exceeding 10% of the library characterization range has been detected. The delay calculation accuracy may be affected. for the cell timing arc, (saed14hvt_ff0p88v125c/SAEDHVT14_DEL_R2V3_2) CTS_copt_h_inst_10474/A-->X (max positive_unate) [rise slew = 0.528083, lib_range = [0.003 0.133](nS)] (RC-011)
Warning: An extrapolation exceeding 10% of the library characterization range has been detected. The delay calculation accuracy may be affected. for the cell timing arc, (saed14hvt_ff0p88v125c/SAEDHVT14_DEL_R2V3_2) CTS_copt_h_inst_10476/A-->X (max positive_unate) [rise slew = 0.528083, lib_range = [0.003 0.133](nS)] (RC-011)
Warning: An extrapolation exceeding 10% of the library characterization range has been detected. The delay calculation accuracy may be affected. for the cell timing arc, (saed14hvt_ff0p88v125c/SAEDHVT14_DEL_R2V3_2) CTS_copt_h_inst_11113/A-->X (max positive_unate) [rise slew = 1.5296, lib_range = [0.003 0.133](nS)] (RC-011)
Warning: An extrapolation exceeding 10% of the library characterization range has been detected. The delay calculation accuracy may be affected. for the cell timing arc, (saed14hvt_ff0p88v125c/SAEDHVT14_DEL_R2V3_2) CTS_copt_h_inst_11130/A-->X (max positive_unate) [rise slew = 1.26116, lib_range = [0.003 0.133](nS)] (RC-011)
Warning: An extrapolation exceeding 10% of the library characterization range has been detected. The delay calculation accuracy may be affected. for the cell timing arc, (saed14hvt_ff0p88v125c/SAEDHVT14_DEL_R2V3_2) CTS_copt_h_inst_11943/A-->X (max positive_unate) [rise slew = 0.153605, lib_range = [0.003 0.133](nS)] (RC-011)
Warning: An extrapolation exceeding 10% of the library characterization range has been detected. The delay calculation accuracy may be affected. for the cell timing arc, (saed14hvt_ff0p88v125c/SAEDHVT14_DEL_R2V3_2) CTS_copt_h_inst_11965/A-->X (max positive_unate) [rise slew = 1.40646, lib_range = [0.003 0.133](nS)] (RC-011)
Warning: An extrapolation exceeding 10% of the library characterization range has been detected. The delay calculation accuracy may be affected. for the cell timing arc, (saed14hvt_ff0p88v125c/SAEDHVT14_DEL_R2V3_2) CTS_copt_h_inst_11964/A-->X (max positive_unate) [rise slew = 1.40646, lib_range = [0.003 0.133](nS)] (RC-011)
Warning: An extrapolation exceeding 10% of the library characterization range has been detected. The delay calculation accuracy may be affected. for the cell timing arc, (saed14hvt_ff0p88v125c/SAEDHVT14_DEL_R2V3_2) CTS_copt_h_inst_11575/A-->X (max positive_unate) [fall slew = 0.201801, lib_range = [0.003 0.133](nS)] (RC-011)
Warning: An extrapolation exceeding 10% of the library characterization range has been detected. The delay calculation accuracy may be affected. for the cell timing arc, (saed14hvt_ff0p88v125c/SAEDHVT14_DEL_R2V3_2) CTS_copt_h_inst_11576/A-->X (max positive_unate) [fall slew = 0.199796, lib_range = [0.003 0.133](nS)] (RC-011)
Warning: An extrapolation exceeding 10% of the library characterization range has been detected. The delay calculation accuracy may be affected. for the cell timing arc, (saed14hvt_ff0p88v125c/SAEDHVT14_DEL_R2V3_2) CTS_copt_h_inst_9462/A-->X (max positive_unate) [fall slew = 0.148737, lib_range = [0.003 0.133](nS)] (RC-011)
Warning: An extrapolation exceeding 10% of the library characterization range has been detected. The delay calculation accuracy may be affected. for the cell timing arc, (saed14hvt_ff0p88v125c/SAEDHVT14_BUF_S_2) U12319/A-->X (max positive_unate) [rise slew = 0.191432, lib_range = [0.003 0.133](nS)] (RC-011)
Warning: An extrapolation exceeding 10% of the library characterization range has been detected. The delay calculation accuracy may be affected. for the cell timing arc, (saed14hvt_ff0p88v125c/SAEDHVT14_BUF_S_2) U12319/A-->X (min positive_unate) [rise slew = 0.192001, lib_range = [0.003 0.133](nS)] (RC-011)
Warning: An extrapolation exceeding 10% of the library characterization range has been detected. The delay calculation accuracy may be affected. for the cell timing arc, (saed14hvt_ff0p88v125c/SAEDHVT14_BUF_S_2) U12288/A-->X (max positive_unate) [rise slew = 0.191537, lib_range = [0.003 0.133](nS)] (RC-011)
Warning: An extrapolation exceeding 10% of the library characterization range has been detected. The delay calculation accuracy may be affected. for the cell timing arc, (saed14hvt_ff0p88v125c/SAEDHVT14_BUF_S_2) U12267/A-->X (max positive_unate) [rise slew = 0.191549, lib_range = [0.003 0.133](nS)] (RC-011)
Warning: An extrapolation exceeding 10% of the library characterization range has been detected. The delay calculation accuracy may be affected. for the cell timing arc, (saed14hvt_ff0p88v125c/SAEDHVT14_BUF_S_2) U12288/A-->X (min positive_unate) [rise slew = 0.192072, lib_range = [0.003 0.133](nS)] (RC-011)
Warning: An extrapolation exceeding 10% of the library characterization range has been detected. The delay calculation accuracy may be affected. for the cell timing arc, (saed14hvt_ff0p88v125c/SAEDHVT14_BUF_S_2) U12267/A-->X (min positive_unate) [rise slew = 0.192079, lib_range = [0.003 0.133](nS)] (RC-011)
Warning: An extrapolation exceeding 10% of the library characterization range has been detected. The delay calculation accuracy may be affected. for the cell timing arc, (saed14hvt_ff0p88v125c/SAEDHVT14_BUF_S_2) U12587/A-->X (max positive_unate) [rise slew = 0.191645, lib_range = [0.003 0.133](nS)] (RC-011)
Warning: An extrapolation exceeding 10% of the library characterization range has been detected. The delay calculation accuracy may be affected. for the cell timing arc, (saed14hvt_ff0p88v125c/SAEDHVT14_BUF_S_2) U12647/A-->X (max positive_unate) [rise slew = 0.191642, lib_range = [0.003 0.133](nS)] (RC-011)
Warning: An extrapolation exceeding 10% of the library characterization range has been detected. The delay calculation accuracy may be affected. for the cell timing arc, (saed14hvt_ff0p88v125c/SAEDHVT14_BUF_S_2) U12283/A-->X (max positive_unate) [rise slew = 0.191622, lib_range = [0.003 0.133](nS)] (RC-011)
Warning: An extrapolation exceeding 10% of the library characterization range has been detected. The delay calculation accuracy may be affected. for the cell timing arc, (saed14hvt_ff0p88v125c/SAEDHVT14_BUF_S_2) U12575/A-->X (max positive_unate) [rise slew = 0.191644, lib_range = [0.003 0.133](nS)] (RC-011)
Warning: An extrapolation exceeding 10% of the library characterization range has been detected. The delay calculation accuracy may be affected. for the cell timing arc, (saed14hvt_ff0p88v125c/SAEDHVT14_BUF_S_2) U12647/A-->X (min positive_unate) [rise slew = 0.19216, lib_range = [0.003 0.133](nS)] (RC-011)
Warning: An extrapolation exceeding 10% of the library characterization range has been detected. The delay calculation accuracy may be affected. for the cell timing arc, (saed14hvt_ff0p88v125c/SAEDHVT14_BUF_S_2) U12587/A-->X (min positive_unate) [rise slew = 0.192162, lib_range = [0.003 0.133](nS)] (RC-011)
Warning: An extrapolation exceeding 10% of the library characterization range has been detected. The delay calculation accuracy may be affected. for the cell timing arc, (saed14hvt_ff0p88v125c/SAEDHVT14_BUF_S_2) U12291/A-->X (max positive_unate) [rise slew = 0.191544, lib_range = [0.003 0.133](nS)] (RC-011)
Warning: An extrapolation exceeding 10% of the library characterization range has been detected. The delay calculation accuracy may be affected. for the cell timing arc, (saed14hvt_ff0p88v125c/SAEDHVT14_BUF_S_2) U12283/A-->X (min positive_unate) [rise slew = 0.19214, lib_range = [0.003 0.133](nS)] (RC-011)
Warning: An extrapolation exceeding 10% of the library characterization range has been detected. The delay calculation accuracy may be affected. for the cell timing arc, (saed14hvt_ff0p88v125c/SAEDHVT14_BUF_S_2) U12575/A-->X (min positive_unate) [rise slew = 0.192162, lib_range = [0.003 0.133](nS)] (RC-011)
Warning: An extrapolation exceeding 10% of the library characterization range has been detected. The delay calculation accuracy may be affected. for the cell timing arc, (saed14hvt_ff0p88v125c/SAEDHVT14_BUF_S_2) U12291/A-->X (min positive_unate) [rise slew = 0.192076, lib_range = [0.003 0.133](nS)] (RC-011)
Warning: An extrapolation exceeding 10% of the library characterization range has been detected. The delay calculation accuracy may be affected. for the cell timing arc, (saed14hvt_ff0p88v125c/SAEDHVT14_BUF_2) U_PTECO_HOLD_BUF150/A-->X (max positive_unate) [fall slew = 0.155246, lib_range = [0.003 0.133](nS)] (RC-011)
Warning: An extrapolation exceeding 10% of the library characterization range has been detected. The delay calculation accuracy may be affected. for the cell timing arc, (saed14hvt_ff0p88v125c/SAEDHVT14_INV_2) U7050/A-->X (max negative_unate) [rise slew = 0.162158, lib_range = [0.003 0.133](nS)] (RC-011)
Warning: An extrapolation exceeding 10% of the library characterization range has been detected. The delay calculation accuracy may be affected. for the cell timing arc, (saed14hvt_ff0p88v125c/SAEDHVT14_INV_2) U7050/A-->X (min negative_unate) [rise slew = 0.164499, lib_range = [0.003 0.133](nS)] (RC-011)
Warning: An extrapolation exceeding 10% of the library characterization range has been detected. The delay calculation accuracy may be affected. for the cell timing arc, (saed14hvt_ff0p88v125c/SAEDHVT14_INV_S_6) U4751/A-->X (max negative_unate) [fall slew = 0.586332, lib_range = [0.003 0.133](nS)] (RC-011)
Warning: An extrapolation exceeding 10% of the library characterization range has been detected. The delay calculation accuracy may be affected. for the cell timing arc, (saed14hvt_ff0p88v125c/SAEDHVT14_INV_S_6) U4751/A-->X (min negative_unate) [fall slew = 0.46242, lib_range = [0.003 0.133](nS)] (RC-011)
Warning: An extrapolation exceeding 10% of the library characterization range has been detected. The delay calculation accuracy may be affected. for the cell timing arc, (saed14hvt_ff0p88v125c/SAEDHVT14_INV_S_2) PLACE_HFSINV_1191_212/A-->X (max negative_unate) [rise slew = 0.226927, lib_range = [0.003 0.133](nS)] (RC-011)
Warning: An extrapolation exceeding 10% of the library characterization range has been detected. The delay calculation accuracy may be affected. for the cell timing arc, (saed14hvt_ff0p88v125c/SAEDHVT14_OR4_2) U7292/A2-->X (max positive_unate) [fall slew = 0.162041, lib_range = [0.003 0.133](nS)] (RC-011)
Warning: An extrapolation exceeding 10% of the library characterization range has been detected. The delay calculation accuracy may be affected. for the cell timing arc, (saed14hvt_ff0p88v125c/SAEDHVT14_OR4_2) U7292/A2-->X (min positive_unate) [fall slew = 0.164451, lib_range = [0.003 0.133](nS)] (RC-011)
Warning: An extrapolation exceeding 10% of the library characterization range has been detected. The delay calculation accuracy may be affected. for the cell timing arc, (saed14hvt_ff0p88v125c/SAEDHVT14_BUF_S_2) PLACE_HFSBUF_586_213/A-->X (max positive_unate) [fall slew = 0.227171, lib_range = [0.003 0.133](nS)] (RC-011)
Warning: An extrapolation exceeding 10% of the library characterization range has been detected. The delay calculation accuracy may be affected. for the cell timing arc, (saed14hvt_ff0p88v125c/SAEDHVT14_EN2_2) U7294/A1-->X (max positive_unate) [fall slew = 0.162062, lib_range = [0.003 0.133](nS)] (RC-011)
Warning: An extrapolation exceeding 10% of the library characterization range has been detected. The delay calculation accuracy may be affected. for the cell timing arc, (saed14hvt_ff0p88v125c/SAEDHVT14_EN2_2) U7294/A1-->X (min positive_unate) [fall slew = 0.164468, lib_range = [0.003 0.133](nS)] (RC-011)
Warning: An extrapolation exceeding 10% of the library characterization range has been detected. The delay calculation accuracy may be affected. for the cell timing arc, (saed14hvt_ff0p88v125c/SAEDHVT14_EN2_2) U7294/A1-->X (max negative_unate) [rise slew = 0.162062, lib_range = [0.003 0.133](nS)] (RC-011)
Warning: An extrapolation exceeding 10% of the library characterization range has been detected. The delay calculation accuracy may be affected. for the cell timing arc, (saed14hvt_ff0p88v125c/SAEDHVT14_EN2_2) U7294/A1-->X (min negative_unate) [rise slew = 0.164468, lib_range = [0.003 0.133](nS)] (RC-011)
Warning: An extrapolation exceeding 10% of the library characterization range has been detected. The delay calculation accuracy may be affected. for the cell timing arc, (saed14hvt_ff0p88v125c/SAEDHVT14_DEL_R2V3_2) CTS_copt_h_inst_9167/A-->X (max positive_unate) [fall slew = 0.220539, lib_range = [0.003 0.133](nS)] (RC-011)
Warning: An extrapolation exceeding 10% of the library characterization range has been detected. The delay calculation accuracy may be affected. for the cell timing arc, (saed14hvt_ff0p88v125c/SAEDHVT14_DEL_R2V1_2) CTS_copt_h_inst_9015/A-->X (max positive_unate) [fall slew = 0.161961, lib_range = [0.003 0.133](nS)] (RC-011)
Warning: An extrapolation exceeding 10% of the library characterization range has been detected. The delay calculation accuracy may be affected. for the cell timing arc, (saed14hvt_ff0p88v125c/SAEDHVT14_DEL_R2V3_2) CTS_copt_h_inst_9167/A-->X (min positive_unate) [fall slew = 0.219167, lib_range = [0.003 0.133](nS)] (RC-011)
Warning: An extrapolation exceeding 10% of the library characterization range has been detected. The delay calculation accuracy may be affected. for the cell timing arc, (saed14hvt_ff0p88v125c/SAEDHVT14_DEL_R2V1_2) CTS_copt_h_inst_9015/A-->X (min positive_unate) [fall slew = 0.162997, lib_range = [0.003 0.133](nS)] (RC-011)
Warning: An extrapolation exceeding 10% of the library characterization range has been detected. The delay calculation accuracy may be affected. for the cell timing arc, (saed14hvt_ff0p88v125c/SAEDHVT14_BUF_S_2) CTS_copt_h_inst_10674/A-->X (max positive_unate) [fall slew = 0.183189, lib_range = [0.003 0.133](nS)] (RC-011)
Warning: An extrapolation exceeding 10% of the library characterization range has been detected. The delay calculation accuracy may be affected. for the cell timing arc, (saed14hvt_ff0p88v125c/SAEDHVT14_BUF_2) U_PTECO_HOLD_BUF92/A-->X (max positive_unate) [fall slew = 0.193045, lib_range = [0.003 0.133](nS)] (RC-011)
Warning: An extrapolation exceeding 10% of the library characterization range has been detected. The delay calculation accuracy may be affected. for the cell timing arc, (saed14hvt_ff0p88v125c/SAEDHVT14_BUF_2) U_PTECO_HOLD_BUF116/A-->X (max positive_unate) [fall slew = 0.150343, lib_range = [0.003 0.133](nS)] (RC-011)
Warning: An extrapolation exceeding 10% of the library characterization range has been detected. The delay calculation accuracy may be affected. for the cell timing arc, (saed14hvt_ff0p88v125c/SAEDHVT14_BUF_S_2) CTS_copt_h_inst_10674/A-->X (min positive_unate) [fall slew = 0.15231, lib_range = [0.003 0.133](nS)] (RC-011)
Warning: An extrapolation exceeding 10% of the library characterization range has been detected. The delay calculation accuracy may be affected. for the cell timing arc, (saed14hvt_ff0p88v125c/SAEDHVT14_BUF_2) U_PTECO_HOLD_BUF92/A-->X (min positive_unate) [fall slew = 0.214296, lib_range = [0.003 0.133](nS)] (RC-011)
Warning: An extrapolation exceeding 10% of the library characterization range has been detected. The delay calculation accuracy may be affected. for the cell timing arc, (saed14hvt_ff0p88v125c/SAEDHVT14_BUF_2) U_PTECO_HOLD_BUF116/A-->X (min positive_unate) [fall slew = 0.160626, lib_range = [0.003 0.133](nS)] (RC-011)
Warning: An extrapolation exceeding 10% of the library characterization range has been detected. The delay calculation accuracy may be affected. for the cell timing arc, (saed14hvt_ff0p88v125c/SAEDHVT14_BUF_2) U_PTECO_HOLD_BUF93/A-->X (min positive_unate) [fall slew = 0.153659, lib_range = [0.003 0.133](nS)] (RC-011)
Warning: An extrapolation exceeding 10% of the library characterization range has been detected. The delay calculation accuracy may be affected. for the cell timing arc, (saed14hvt_ff0p88v125c/SAEDHVT14_BUF_2) U_PTECO_HOLD_BUF86/A-->X (max positive_unate) [fall slew = 0.164252, lib_range = [0.003 0.133](nS)] (RC-011)
Warning: An extrapolation exceeding 10% of the library characterization range has been detected. The delay calculation accuracy may be affected. for the cell timing arc, (saed14hvt_ff0p88v125c/SAEDHVT14_DEL_R2V1_2) CTS_copt_h_inst_11096/A-->X (max positive_unate) [fall slew = 0.156587, lib_range = [0.003 0.133](nS)] (RC-011)
Warning: An extrapolation exceeding 10% of the library characterization range has been detected. The delay calculation accuracy may be affected. for the cell timing arc, (saed14hvt_ff0p88v125c/SAEDHVT14_DEL_R2V3_2) CTS_copt_h_inst_11811/A-->X (max positive_unate) [rise slew = 0.586332, lib_range = [0.003 0.133](nS)] (RC-011)
Warning: An extrapolation exceeding 10% of the library characterization range has been detected. The delay calculation accuracy may be affected. for the cell timing arc, (saed14hvt_ff0p88v125c/SAEDHVT14_DEL_R2V3_2) CTS_copt_h_inst_11811/A-->X (min positive_unate) [rise slew = 0.46242, lib_range = [0.003 0.133](nS)] (RC-011)
Warning: An extrapolation exceeding 10% of the library characterization range has been detected. The delay calculation accuracy may be affected. for the cell timing arc, (saed14hvt_ff0p88v125c/SAEDHVT14_BUF_2) U_PTECO_HOLD_BUF86/A-->X (min positive_unate) [fall slew = 0.176365, lib_range = [0.003 0.133](nS)] (RC-011)
Warning: An extrapolation exceeding 10% of the library characterization range has been detected. The delay calculation accuracy may be affected. for the cell timing arc, (saed14hvt_ff0p88v125c/SAEDHVT14_BUF_2) U_PTECO_HOLD_BUF76/A-->X (min positive_unate) [fall slew = 0.167501, lib_range = [0.003 0.133](nS)] (RC-011)
Warning: An extrapolation exceeding 10% of the library characterization range has been detected. The delay calculation accuracy may be affected. for the cell timing arc, (saed14hvt_ff0p88v125c/SAEDHVT14_DEL_R2V1_2) CTS_copt_h_inst_11812/A-->X (max positive_unate) [rise slew = 0.586332, lib_range = [0.003 0.133](nS)] (RC-011)
Warning: An extrapolation exceeding 10% of the library characterization range has been detected. The delay calculation accuracy may be affected. for the cell timing arc, (saed14hvt_ff0p88v125c/SAEDHVT14_DEL_R2V1_2) CTS_copt_h_inst_11812/A-->X (min positive_unate) [rise slew = 0.46242, lib_range = [0.003 0.133](nS)] (RC-011)
Warning: An extrapolation exceeding 10% of the library characterization range has been detected. The delay calculation accuracy may be affected. for the cell timing arc, (saed14hvt_ff0p88v125c/SAEDHVT14_INV_S_2) U5830/A-->X (max negative_unate) [rise slew = 0.190389, lib_range = [0.003 0.133](nS)] (RC-011)
Warning: An extrapolation exceeding 10% of the library characterization range has been detected. The delay calculation accuracy may be affected. for the cell timing arc, (saed14hvt_ff0p88v125c/SAEDHVT14_ND2_CDC_2) U6940/A2-->X (max negative_unate) [fall slew = 0.146645, lib_range = [0.003 0.133](nS)] (RC-011)
Warning: An extrapolation exceeding 10% of the library characterization range has been detected. The delay calculation accuracy may be affected. for the cell timing arc, (saed14hvt_ff0p88v125c/SAEDHVT14_INV_S_2) U5830/A-->X (min negative_unate) [rise slew = 0.23652, lib_range = [0.003 0.133](nS)] (RC-011)
Warning: An extrapolation exceeding 10% of the library characterization range has been detected. The delay calculation accuracy may be affected. for the cell timing arc, (saed14hvt_ff0p88v125c/SAEDHVT14_OR3_2) U7518/A2-->X (max positive_unate) [rise slew = 0.247464, lib_range = [0.003 0.133](nS)] (RC-011)
Warning: An extrapolation exceeding 10% of the library characterization range has been detected. The delay calculation accuracy may be affected. for the cell timing arc, (saed14hvt_ff0p88v125c/SAEDHVT14_ND4_2) U6759/A1-->X (max negative_unate) [fall slew = 0.188777, lib_range = [0.003 0.133](nS)] (RC-011)
Warning: An extrapolation exceeding 10% of the library characterization range has been detected. The delay calculation accuracy may be affected. for the cell timing arc, (saed14hvt_ff0p88v125c/SAEDHVT14_ND4_2) U6759/A4-->X (max negative_unate) [rise slew = 0.217273, lib_range = [0.003 0.133](nS)] (RC-011)
Warning: An extrapolation exceeding 10% of the library characterization range has been detected. The delay calculation accuracy may be affected. for the cell timing arc, (saed14hvt_ff0p88v125c/SAEDHVT14_OR4_2) U7854/A4-->X (max positive_unate) [rise slew = 0.662999, lib_range = [0.003 0.133](nS)] (RC-011)
Warning: An extrapolation exceeding 10% of the library characterization range has been detected. The delay calculation accuracy may be affected. for the cell timing arc, (saed14hvt_ff0p88v125c/SAEDHVT14_OR3_2) U10722/A1-->X (max positive_unate) [fall slew = 0.190389, lib_range = [0.003 0.133](nS)] (RC-011)
Warning: An extrapolation exceeding 10% of the library characterization range has been detected. The delay calculation accuracy may be affected. for the cell timing arc, (saed14hvt_ff0p88v125c/SAEDHVT14_OR3_2) U10722/A1-->X (min positive_unate) [fall slew = 0.23652, lib_range = [0.003 0.133](nS)] (RC-011)
Warning: An extrapolation exceeding 10% of the library characterization range has been detected. The delay calculation accuracy may be affected. for the cell timing arc, (saed14hvt_ff0p88v125c/SAEDHVT14_DEL_R2V1_2) CTS_copt_h_inst_8916/A-->X (max positive_unate) [rise slew = 0.156385, lib_range = [0.003 0.133](nS)] (RC-011)
Warning: An extrapolation exceeding 10% of the library characterization range has been detected. The delay calculation accuracy may be affected. for the cell timing arc, (saed14hvt_ff0p88v125c/SAEDHVT14_DEL_R2V1_2) CTS_copt_h_inst_8916/A-->X (min positive_unate) [rise slew = 0.147232, lib_range = [0.003 0.133](nS)] (RC-011)
Warning: An extrapolation exceeding 10% of the library characterization range has been detected. The delay calculation accuracy may be affected. for the cell timing arc, (saed14hvt_ff0p88v125c/SAEDHVT14_ND2_CDC_2) U5352/A2-->X (max negative_unate) [rise slew = 0.221184, lib_range = [0.003 0.133](nS)] (RC-011)
Warning: An extrapolation exceeding 10% of the library characterization range has been detected. The delay calculation accuracy may be affected. for the cell timing arc, (saed14hvt_ff0p88v125c/SAEDHVT14_AN2_2) U4790/A1-->X (max positive_unate) [fall slew = 0.221184, lib_range = [0.003 0.133](nS)] (RC-011)
Warning: An extrapolation exceeding 10% of the library characterization range has been detected. The delay calculation accuracy may be affected. for the cell timing arc, (saed14hvt_ff0p88v125c/SAEDHVT14_OR4_2) U7520/A1-->X (max positive_unate) [rise slew = 0.586332, lib_range = [0.003 0.133](nS)] (RC-011)
Warning: An extrapolation exceeding 10% of the library characterization range has been detected. The delay calculation accuracy may be affected. for the cell timing arc, (saed14hvt_ff0p88v125c/SAEDHVT14_OR4_2) U7520/A1-->X (min positive_unate) [rise slew = 0.46242, lib_range = [0.003 0.133](nS)] (RC-011)
Warning: An extrapolation exceeding 10% of the library characterization range has been detected. The delay calculation accuracy may be affected. for the cell timing arc, (saed14hvt_ff0p88v125c/SAEDHVT14_ND2_CDC_2) U4878/A1-->X (max negative_unate) [fall slew = 0.146645, lib_range = [0.003 0.133](nS)] (RC-011)
Warning: An extrapolation exceeding 10% of the library characterization range has been detected. The delay calculation accuracy may be affected. for the cell timing arc, (saed14hvt_ff0p88v125c/SAEDHVT14_ND2_CDC_2) U4988/A1-->X (max negative_unate) [fall slew = 0.247464, lib_range = [0.003 0.133](nS)] (RC-011)
Warning: An extrapolation exceeding 10% of the library characterization range has been detected. The delay calculation accuracy may be affected. for the cell timing arc, (saed14hvt_ff0p88v125c/SAEDHVT14_OR3_2) U7590/A1-->X (max positive_unate) [fall slew = 0.221184, lib_range = [0.003 0.133](nS)] (RC-011)
Warning: An extrapolation exceeding 10% of the library characterization range has been detected. The delay calculation accuracy may be affected. for the cell timing arc, (saed14hvt_ff0p88v125c/SAEDHVT14_AN3_2) U7848/A1-->X (max positive_unate) [fall slew = 0.155312, lib_range = [0.003 0.133](nS)] (RC-011)
Warning: An extrapolation exceeding 10% of the library characterization range has been detected. The delay calculation accuracy may be affected. for the cell timing arc, (saed14hvt_ff0p88v125c/SAEDHVT14_AN4_2) U7510/A1-->X (max positive_unate) [rise slew = 0.146645, lib_range = [0.003 0.133](nS)] (RC-011)
Warning: An extrapolation exceeding 10% of the library characterization range has been detected. The delay calculation accuracy may be affected. for the cell timing arc, (saed14hvt_ff0p88v125c/SAEDHVT14_AN4_2) U7510/A2-->X (max positive_unate) [rise slew = 0.188777, lib_range = [0.003 0.133](nS)] (RC-011)
Warning: An extrapolation exceeding 10% of the library characterization range has been detected. The delay calculation accuracy may be affected. for the cell timing arc, (saed14hvt_ff0p88v125c/SAEDHVT14_MUX2_2) U7806/D0-->X (max positive_unate) [rise slew = 0.662999, lib_range = [0.003 0.133](nS)] (RC-011)
Warning: An extrapolation exceeding 10% of the library characterization range has been detected. The delay calculation accuracy may be affected. for the cell timing arc, (saed14hvt_ff0p88v125c/SAEDHVT14_MUX2_2) U7806/D0-->X (max positive_unate) [rise slew = 0.662999, lib_range = [0.003 0.133](nS)] (RC-011)
Warning: An extrapolation exceeding 10% of the library characterization range has been detected. The delay calculation accuracy may be affected. for the cell timing arc, (saed14hvt_ff0p88v125c/SAEDHVT14_MUX2_2) U7806/D0-->X (max positive_unate) [rise slew = 0.662999, lib_range = [0.003 0.133](nS)] (RC-011)
Warning: An extrapolation exceeding 10% of the library characterization range has been detected. The delay calculation accuracy may be affected. for the cell timing arc, (saed14hvt_ff0p88v125c/SAEDHVT14_MUX2_2) U7806/D1-->X (max positive_unate) [fall slew = 0.155393, lib_range = [0.003 0.133](nS)] (RC-011)
Warning: An extrapolation exceeding 10% of the library characterization range has been detected. The delay calculation accuracy may be affected. for the cell timing arc, (saed14hvt_ff0p88v125c/SAEDHVT14_MUX2_2) U7806/D1-->X (max positive_unate) [fall slew = 0.155393, lib_range = [0.003 0.133](nS)] (RC-011)
Warning: An extrapolation exceeding 10% of the library characterization range has been detected. The delay calculation accuracy may be affected. for the cell timing arc, (saed14hvt_ff0p88v125c/SAEDHVT14_MUX2_2) U7806/D1-->X (max positive_unate) [fall slew = 0.155393, lib_range = [0.003 0.133](nS)] (RC-011)
Note - message 'RC-011' limit (2168) exceeded.  Remainder will be suppressed.
Information: Checking 'no_input_delay'.
Information: Checking 'no_driving_cell'.
Warning: There are 4 ports with parasitics but with no driving cell.

Information: Checking 'unconstrained_endpoints'.
Warning: There are 931 endpoints which are not constrained for maximum delay.

Information: Checking 'unexpandable_clocks'.
Information: Checking 'latch_fanout'.
Information: Checking 'no_clock'.
Information: Checking 'partial_input_delay'.
Information: Checking 'generic'.
Information: Checking 'loops'.
Information: Checking 'generated_clocks'.
Information: Checking 'pulse_clock_non_pulse_clock_merge'.
Information: Checking 'pll_configuration'.
0
check_timing
Information: Checking 'no_input_delay'.
Information: Checking 'no_driving_cell'.
Warning: There are 4 ports with parasitics but with no driving cell.

Information: Checking 'unconstrained_endpoints'.
Warning: There are 931 endpoints which are not constrained for maximum delay.

Information: Checking 'unexpandable_clocks'.
Information: Checking 'latch_fanout'.
Information: Checking 'no_clock'.
Information: Checking 'partial_input_delay'.
Information: Checking 'generic'.
Information: Checking 'loops'.
Information: Checking 'generated_clocks'.
Information: Checking 'pulse_clock_non_pulse_clock_merge'.
Information: Checking 'pll_configuration'.
0
update_timing
1
report_qor
1
report_constraint
1
report_timing -delay_type max -max_paths 500
1
report_timing -delay_type min -max_paths 500
1
save_session /mnt/hgfs/PnR_GP/Final_1/3_PrimeTime/Run_5/session_1/[get_current_task_label]
Saving environmental constraints.....
Information: Saved session uses shared data located in /mnt/hgfs/PnR_GP/Final_1/3_PrimeTime/Run_5/session_1/common_data/b (SR-036)
Saving netlist information.....
Saving miscellaneous application information.....
Saving timing information.....
Saving variable information.....
Information: Executed with 4 workers
1
insert_buffer  {ibex_top_inst/u_ibex_core/if_stage_i/instr_rdata_id_o_reg[28]/Q}  {SAEDHVT14_BUF_2}
Error: Could not insert a buffer on object 'ibex_top_inst/u_ibex_core/if_stage_i/instr_rdata_id_o_reg[28]/Q': Multi-driver net and not all driver pins specified. (NED-012)

insert_buffer  {ibex_top_inst/u_ibex_core/if_stage_i/instr_rdata_id_o_reg[28]/Q}  {SAEDHVT14_BUF_2}
Error: Could not insert a buffer on object 'ibex_top_inst/u_ibex_core/if_stage_i/instr_rdata_id_o_reg[28]/Q': Multi-driver net and not all driver pins specified. (NED-012)
Error: No changes made. (NED-040)

insert_buffer  {U7852/X}  {SAEDHVT14_BUF_2}

insert_buffer  {U7852/X}  {SAEDHVT14_BUF_2}
Information: Invalidating logical update. (PTE-139)
Information: Invalidating logical update. (PTE-139)
Information: Inserted 'U1' at 'U7852/X' with 'saed14hvt_ff0p88v125c/SAEDHVT14_BUF_2'. (NED-046)
{"U1"}
insert_buffer  {U7852/X}  {SAEDHVT14_BUF_2}

insert_buffer  {U7852/X}  {SAEDHVT14_BUF_2}
Information: Inserted 'U2' at 'U7852/X' with 'saed14hvt_ff0p88v125c/SAEDHVT14_BUF_2'. (NED-046)
{"U2"}
report_qor
Warning: An extrapolation exceeding 10% of the library characterization range has been detected. The delay calculation accuracy may be affected. for the cell timing arc, (saed14hvt_ff0p88v125c/SAEDHVT14_OR4_2) U10559/A1-->X (max positive_unate) [fall slew = 0.155315, lib_range = [0.003 0.133](nS)] (RC-011)
1
report_constraint
1
save_session /mnt/hgfs/PnR_GP/Final_1/3_PrimeTime/Run_5/session_2/[get_current_task_label]
Saving environmental constraints.....
Information: Saved session uses shared data located in /mnt/hgfs/PnR_GP/Final_1/3_PrimeTime/Run_5/session_2/common_data/b (SR-036)
Saving netlist information.....
Saving miscellaneous application information.....
Saving timing information.....
Saving variable information.....
Information: Executed with 4 workers
1
write_changes -format icc2tcl -output "ibex_wrapper_changes5.tcl"
Information: Writing change list file '/mnt/hgfs/PnR_GP/Final_1/3_PrimeTime/Run_5/work/Func_Fast/ibex_wrapper_changes5.tcl'.
1
