
Running global router for congestion map ...
Info: Set app option 'route.global.deterministic' to on

Start Global Route ... 
[Init] Elapsed real time: 0:00:00 
[Init] Elapsed cpu  time: sys=0:00:00 usr=0:00:00 total=0:00:00
[Init] Stage (MB): Used    0  Alloctr    0  Proc    0 
[Init] Total (MB): Used    5  Alloctr    5  Proc 1714 
Printing options for 'route.common.*'

Printing options for 'route.global.*'
global.deterministic                                    :	 on                  

Begin global routing.
Warning: Cell contains tie connections which are not connected to real PG. (ZRT-511)
Turn off antenna since no rule is specified
Cell Min-Routing-Layer = M1
Cell Max-Routing-Layer = MRDL
Warning: There is no constraint to limit maximum number of secondary power and ground (PG) pins in a cluster. (ZRT-536)
Warning: There is no constraint to limit maximum number of secondary power and ground (PG) pins in a cluster. (ZRT-536)
Warning: Ignore 2 top cell ports with no pins. (ZRT-027)
Info: number of net_type_blockage: 0 
Via on layer (VIA1) needs more than one tracks
Warning: Layer M1 pitch 0.074 may be too small: wire/via-down 0.074, wire/via-up 0.098. (ZRT-026)
Via on layer (VIA1) needs more than one tracks
Warning: Layer M2 pitch 0.060 may be too small: wire/via-down 0.098, wire/via-up 0.060. (ZRT-026)
Via on layer (VIA3) needs more than one tracks
Warning: Layer M3 pitch 0.074 may be too small: wire/via-down 0.060, wire/via-up 0.080. (ZRT-026)
Wire on layer (M4) needs more than one tracks
Via on layer (VIA3) needs more than one tracks
Via on layer (VIA4) needs more than one tracks
Warning: Layer M4 pitch 0.074 may be too small: wire/via-down 0.107, wire/via-up 0.105. (ZRT-026)
Via on layer (VIA4) needs more than one tracks
Warning: Layer M5 pitch 0.120 may be too small: wire/via-down 0.135, wire/via-up 0.107. (ZRT-026)
Via on layer (VIA8) needs more than one tracks
Warning: Layer M8 pitch 0.120 may be too small: wire/via-down 0.107, wire/via-up 0.135. (ZRT-026)
Wire on layer (M9) needs more than one tracks
Via on layer (VIA8) needs more than one tracks
Via on layer (VIARDL) needs more than one tracks
Warning: Layer M9 pitch 0.120 may be too small: wire/via-down 0.135, wire/via-up 1.570. (ZRT-026)
Via on layer (VIARDL) needs more than one tracks
Warning: Layer MRDL pitch 0.600 may be too small: wire/via-down 4.500, wire/via-up 0.600. (ZRT-026)
Transition layer name: M3(2)
Warning: Standard cell pin SAEDHVT14_INV_PS_2/VDD has no valid via regions. (ZRT-044)
Warning: Standard cell pin SAEDHVT14_NR3B_2/B2 has no valid via regions. (ZRT-044)
Warning: Standard cell pin SAEDHVT14_NR2_2/A1 has no valid via regions. (ZRT-044)
Warning: Standard cell pin SAEDHVT14_NR2_2/X has no valid via regions. (ZRT-044)
Current Stage stats:
[End of Read DB] Elapsed real time: 0:00:01 
[End of Read DB] Elapsed cpu  time: sys=0:00:00 usr=0:00:01 total=0:00:01
[End of Read DB] Stage (MB): Used   96  Alloctr   97  Proc    0 
[End of Read DB] Total (MB): Used  102  Alloctr  102  Proc 1714 
Constructing data structure ...
Design statistics:
Design Bounding Box (-18.00,-18.00,158.00,158.00)
Number of routing layers = 10
layer M1, dir Ver, min width = 0.03, min space = 0.03 pitch = 0.07
layer M2, dir Hor, min width = 0.03, min space = 0.03 pitch = 0.06
layer M3, dir Ver, min width = 0.03, min space = 0.03 pitch = 0.07
layer M4, dir Hor, min width = 0.06, min space = 0.04 pitch = 0.07
layer M5, dir Ver, min width = 0.06, min space = 0.04 pitch = 0.12
layer M6, dir Hor, min width = 0.06, min space = 0.04 pitch = 0.12
layer M7, dir Ver, min width = 0.06, min space = 0.04 pitch = 0.12
layer M8, dir Hor, min width = 0.06, min space = 0.04 pitch = 0.12
layer M9, dir Ver, min width = 0.06, min space = 0.04 pitch = 0.12
layer MRDL, dir Hor, min width = 2.00, min space = 2.00 pitch = 0.60
Current Stage stats:
[End of Build Tech Data] Elapsed real time: 0:00:00 
[End of Build Tech Data] Elapsed cpu  time: sys=0:00:00 usr=0:00:00 total=0:00:00
[End of Build Tech Data] Stage (MB): Used    1  Alloctr    1  Proc    0 
[End of Build Tech Data] Total (MB): Used  104  Alloctr  104  Proc 1714 
Net statistics:
Total number of nets     = 17810
Number of nets to route  = 17580
Number of single or zero port nets = 229
1 nets are fully connected,
 of which 1 are detail routed and 0 are global routed.
Current Stage stats:
[End of Build All Nets] Elapsed real time: 0:00:00 
[End of Build All Nets] Elapsed cpu  time: sys=0:00:00 usr=0:00:00 total=0:00:00
[End of Build All Nets] Stage (MB): Used    6  Alloctr    6  Proc    0 
[End of Build All Nets] Total (MB): Used  110  Alloctr  110  Proc 1714 
Average gCell capacity  2.97	 on layer (1)	 M1
Average gCell capacity  9.31	 on layer (2)	 M2
Average gCell capacity  7.04	 on layer (3)	 M3
Average gCell capacity  8.04	 on layer (4)	 M4
Average gCell capacity  4.95	 on layer (5)	 M5
Average gCell capacity  4.95	 on layer (6)	 M6
Average gCell capacity  4.91	 on layer (7)	 M7
Average gCell capacity  2.84	 on layer (8)	 M8
Average gCell capacity  2.84	 on layer (9)	 M9
Average gCell capacity  1.00	 on layer (10)	 MRDL
Average number of tracks per gCell 8.12	 on layer (1)	 M1
Average number of tracks per gCell 10.01	 on layer (2)	 M2
Average number of tracks per gCell 8.12	 on layer (3)	 M3
Average number of tracks per gCell 8.12	 on layer (4)	 M4
Average number of tracks per gCell 5.01	 on layer (5)	 M5
Average number of tracks per gCell 5.01	 on layer (6)	 M6
Average number of tracks per gCell 5.01	 on layer (7)	 M7
Average number of tracks per gCell 5.01	 on layer (8)	 M8
Average number of tracks per gCell 5.01	 on layer (9)	 M9
Average number of tracks per gCell 1.00	 on layer (10)	 MRDL
Number of gCells = 858490
Current Stage stats:
[End of Build Congestion map] Elapsed real time: 0:00:00 
[End of Build Congestion map] Elapsed cpu  time: sys=0:00:00 usr=0:00:00 total=0:00:00
[End of Build Congestion map] Stage (MB): Used    8  Alloctr    9  Proc    0 
[End of Build Congestion map] Total (MB): Used  119  Alloctr  120  Proc 1714 
Total stats:
[End of Build Data] Elapsed real time: 0:00:01 
[End of Build Data] Elapsed cpu  time: sys=0:00:00 usr=0:00:01 total=0:00:01
[End of Build Data] Stage (MB): Used   16  Alloctr   17  Proc    0 
[End of Build Data] Total (MB): Used  119  Alloctr  120  Proc 1714 
Current Stage stats:
[End of Blocked Pin Detection] Elapsed real time: 0:00:00 
[End of Blocked Pin Detection] Elapsed cpu  time: sys=0:00:00 usr=0:00:00 total=0:00:00
[End of Blocked Pin Detection] Stage (MB): Used    0  Alloctr    0  Proc    0 
[End of Blocked Pin Detection] Total (MB): Used  119  Alloctr  120  Proc 1714 
Information: Using 1 threads for routing. (ZRT-444)
multi gcell levels ON

Start GR phase 0
10% of nets complete Elapsed cpu time: 0:00:00 Elapsed real time: 0:00:00
20% of nets complete Elapsed cpu time: 0:00:00 Elapsed real time: 0:00:00
30% of nets complete Elapsed cpu time: 0:00:00 Elapsed real time: 0:00:00
40% of nets complete Elapsed cpu time: 0:00:00 Elapsed real time: 0:00:00
50% of nets complete Elapsed cpu time: 0:00:00 Elapsed real time: 0:00:00
60% of nets complete Elapsed cpu time: 0:00:00 Elapsed real time: 0:00:00
70% of nets complete Elapsed cpu time: 0:00:00 Elapsed real time: 0:00:00
80% of nets complete Elapsed cpu time: 0:00:00 Elapsed real time: 0:00:00
90% of nets complete Elapsed cpu time: 0:00:00 Elapsed real time: 0:00:00
Current Stage stats:
[End of Initial Routing] Elapsed real time: 0:00:01 
[End of Initial Routing] Elapsed cpu  time: sys=0:00:00 usr=0:00:01 total=0:00:01
[End of Initial Routing] Stage (MB): Used    8  Alloctr    8  Proc    0 
[End of Initial Routing] Total (MB): Used  127  Alloctr  128  Proc 1714 
Initial. Routing result:
Initial. Both Dirs: Overflow =  1416 Max = 6 GRCs =  2053 (1.20%)
Initial. H routing: Overflow =   227 Max = 4 (GRCs =  1) GRCs =   360 (0.42%)
Initial. V routing: Overflow =  1188 Max = 6 (GRCs =  2) GRCs =  1693 (1.97%)
Initial. M1         Overflow =     0 Max = 0 (GRCs =  0) GRCs =     0 (0.00%)
Initial. M2         Overflow =   192 Max = 3 (GRCs =  5) GRCs =   322 (0.38%)
Initial. M3         Overflow =  1187 Max = 6 (GRCs =  2) GRCs =  1686 (1.96%)
Initial. M4         Overflow =    34 Max = 4 (GRCs =  1) GRCs =    37 (0.04%)
Initial. M5         Overflow =     0 Max = 1 (GRCs =  7) GRCs =     7 (0.01%)
Initial. M6         Overflow =     1 Max = 1 (GRCs =  1) GRCs =     1 (0.00%)
Initial. M7         Overflow =     0 Max = 0 (GRCs =  0) GRCs =     0 (0.00%)
Initial. M8         Overflow =     0 Max = 0 (GRCs =  0) GRCs =     0 (0.00%)
Initial. M9         Overflow =     0 Max = 0 (GRCs =  0) GRCs =     0 (0.00%)
Initial. MRDL       Overflow =     0 Max = 0 (GRCs =  0) GRCs =     0 (0.00%)

Initial. Total Wire Length = 194961.81
Initial. Layer M1 wire length = 97.31
Initial. Layer M2 wire length = 71124.69
Initial. Layer M3 wire length = 80394.10
Initial. Layer M4 wire length = 16767.43
Initial. Layer M5 wire length = 17209.40
Initial. Layer M6 wire length = 4863.08
Initial. Layer M7 wire length = 4290.48
Initial. Layer M8 wire length = 197.74
Initial. Layer M9 wire length = 17.58
Initial. Layer MRDL wire length = 0.00
Initial. Total Number of Contacts = 107873
Initial. Via VIA12SQ_C count = 44942
Initial. Via VIA23SQ_C count = 58093
Initial. Via VIA34SQ_C count = 2620
Initial. Via VIA45SQ count = 1405
Initial. Via VIA56SQ count = 476
Initial. Via VIA67SQ_C count = 317
Initial. Via VIA78SQ_C count = 16
Initial. Via VIA89_C count = 4
Initial. Via VIA9RDL count = 0
Initial. completed.

Start GR phase 1
10% of nets complete Elapsed cpu time: 0:00:00 Elapsed real time: 0:00:00
20% of nets complete Elapsed cpu time: 0:00:00 Elapsed real time: 0:00:00
30% of nets complete Elapsed cpu time: 0:00:00 Elapsed real time: 0:00:00
40% of nets complete Elapsed cpu time: 0:00:00 Elapsed real time: 0:00:00
50% of nets complete Elapsed cpu time: 0:00:00 Elapsed real time: 0:00:00
60% of nets complete Elapsed cpu time: 0:00:00 Elapsed real time: 0:00:00
70% of nets complete Elapsed cpu time: 0:00:00 Elapsed real time: 0:00:00
80% of nets complete Elapsed cpu time: 0:00:00 Elapsed real time: 0:00:00
90% of nets complete Elapsed cpu time: 0:00:00 Elapsed real time: 0:00:00
Current Stage stats:
[End of Phase1 Routing] Elapsed real time: 0:00:00 
[End of Phase1 Routing] Elapsed cpu  time: sys=0:00:00 usr=0:00:00 total=0:00:00
[End of Phase1 Routing] Stage (MB): Used    0  Alloctr    0  Proc    0 
[End of Phase1 Routing] Total (MB): Used  127  Alloctr  128  Proc 1714 
phase1. Routing result:
phase1. Both Dirs: Overflow =   138 Max = 3 GRCs =   235 (0.14%)
phase1. H routing: Overflow =    16 Max = 2 (GRCs =  3) GRCs =    36 (0.04%)
phase1. V routing: Overflow =   121 Max = 3 (GRCs =  4) GRCs =   199 (0.23%)
phase1. M1         Overflow =     0 Max = 0 (GRCs =  0) GRCs =     0 (0.00%)
phase1. M2         Overflow =    15 Max = 2 (GRCs =  3) GRCs =    34 (0.04%)
phase1. M3         Overflow =   120 Max = 3 (GRCs =  4) GRCs =   190 (0.22%)
phase1. M4         Overflow =     0 Max = 1 (GRCs =  2) GRCs =     2 (0.00%)
phase1. M5         Overflow =     1 Max = 1 (GRCs =  9) GRCs =     9 (0.01%)
phase1. M6         Overflow =     0 Max = 0 (GRCs =  0) GRCs =     0 (0.00%)
phase1. M7         Overflow =     0 Max = 0 (GRCs =  0) GRCs =     0 (0.00%)
phase1. M8         Overflow =     0 Max = 0 (GRCs =  0) GRCs =     0 (0.00%)
phase1. M9         Overflow =     0 Max = 0 (GRCs =  0) GRCs =     0 (0.00%)
phase1. MRDL       Overflow =     0 Max = 0 (GRCs =  0) GRCs =     0 (0.00%)

phase1. Total Wire Length = 196078.18
phase1. Layer M1 wire length = 97.31
phase1. Layer M2 wire length = 70024.93
phase1. Layer M3 wire length = 76795.56
phase1. Layer M4 wire length = 18977.65
phase1. Layer M5 wire length = 20332.67
phase1. Layer M6 wire length = 4954.72
phase1. Layer M7 wire length = 4645.17
phase1. Layer M8 wire length = 232.59
phase1. Layer M9 wire length = 17.58
phase1. Layer MRDL wire length = 0.00
phase1. Total Number of Contacts = 109578
phase1. Via VIA12SQ_C count = 44890
phase1. Via VIA23SQ_C count = 58227
phase1. Via VIA34SQ_C count = 3497
phase1. Via VIA45SQ count = 2112
phase1. Via VIA56SQ count = 507
phase1. Via VIA67SQ_C count = 325
phase1. Via VIA78SQ_C count = 16
phase1. Via VIA89_C count = 4
phase1. Via VIA9RDL count = 0
phase1. completed.

Start GR phase 2
10% of nets complete Elapsed cpu time: 0:00:00 Elapsed real time: 0:00:00
20% of nets complete Elapsed cpu time: 0:00:00 Elapsed real time: 0:00:00
30% of nets complete Elapsed cpu time: 0:00:00 Elapsed real time: 0:00:00
40% of nets complete Elapsed cpu time: 0:00:00 Elapsed real time: 0:00:00
50% of nets complete Elapsed cpu time: 0:00:00 Elapsed real time: 0:00:00
60% of nets complete Elapsed cpu time: 0:00:00 Elapsed real time: 0:00:00
70% of nets complete Elapsed cpu time: 0:00:00 Elapsed real time: 0:00:00
80% of nets complete Elapsed cpu time: 0:00:00 Elapsed real time: 0:00:00
90% of nets complete Elapsed cpu time: 0:00:00 Elapsed real time: 0:00:00
Current Stage stats:
[End of Phase2 Routing] Elapsed real time: 0:00:00 
[End of Phase2 Routing] Elapsed cpu  time: sys=0:00:00 usr=0:00:00 total=0:00:00
[End of Phase2 Routing] Stage (MB): Used    0  Alloctr    0  Proc    0 
[End of Phase2 Routing] Total (MB): Used  127  Alloctr  128  Proc 1714 
phase2. Routing result:
phase2. Both Dirs: Overflow =    44 Max = 2 GRCs =    43 (0.03%)
phase2. H routing: Overflow =     0 Max = 0 (GRCs =  0) GRCs =     0 (0.00%)
phase2. V routing: Overflow =    44 Max = 2 (GRCs =  3) GRCs =    43 (0.05%)
phase2. M1         Overflow =     0 Max = 0 (GRCs =  0) GRCs =     0 (0.00%)
phase2. M2         Overflow =     0 Max = 0 (GRCs =  0) GRCs =     0 (0.00%)
phase2. M3         Overflow =    44 Max = 2 (GRCs =  3) GRCs =    43 (0.05%)
phase2. M4         Overflow =     0 Max = 0 (GRCs =  0) GRCs =     0 (0.00%)
phase2. M5         Overflow =     0 Max = 0 (GRCs =  0) GRCs =     0 (0.00%)
phase2. M6         Overflow =     0 Max = 0 (GRCs =  0) GRCs =     0 (0.00%)
phase2. M7         Overflow =     0 Max = 0 (GRCs =  0) GRCs =     0 (0.00%)
phase2. M8         Overflow =     0 Max = 0 (GRCs =  0) GRCs =     0 (0.00%)
phase2. M9         Overflow =     0 Max = 0 (GRCs =  0) GRCs =     0 (0.00%)
phase2. MRDL       Overflow =     0 Max = 0 (GRCs =  0) GRCs =     0 (0.00%)

phase2. Total Wire Length = 196076.38
phase2. Layer M1 wire length = 97.31
phase2. Layer M2 wire length = 70069.87
phase2. Layer M3 wire length = 76826.16
phase2. Layer M4 wire length = 18930.86
phase2. Layer M5 wire length = 20302.11
phase2. Layer M6 wire length = 4954.72
phase2. Layer M7 wire length = 4645.17
phase2. Layer M8 wire length = 232.59
phase2. Layer M9 wire length = 17.58
phase2. Layer MRDL wire length = 0.00
phase2. Total Number of Contacts = 109567
phase2. Via VIA12SQ_C count = 44892
phase2. Via VIA23SQ_C count = 58230
phase2. Via VIA34SQ_C count = 3487
phase2. Via VIA45SQ count = 2106
phase2. Via VIA56SQ count = 507
phase2. Via VIA67SQ_C count = 325
phase2. Via VIA78SQ_C count = 16
phase2. Via VIA89_C count = 4
phase2. Via VIA9RDL count = 0
phase2. completed.

Start GR phase 3
10% of nets complete Elapsed cpu time: 0:00:00 Elapsed real time: 0:00:00
20% of nets complete Elapsed cpu time: 0:00:00 Elapsed real time: 0:00:00
30% of nets complete Elapsed cpu time: 0:00:00 Elapsed real time: 0:00:00
40% of nets complete Elapsed cpu time: 0:00:00 Elapsed real time: 0:00:00
50% of nets complete Elapsed cpu time: 0:00:00 Elapsed real time: 0:00:00
60% of nets complete Elapsed cpu time: 0:00:00 Elapsed real time: 0:00:00
70% of nets complete Elapsed cpu time: 0:00:00 Elapsed real time: 0:00:00
80% of nets complete Elapsed cpu time: 0:00:00 Elapsed real time: 0:00:00
90% of nets complete Elapsed cpu time: 0:00:00 Elapsed real time: 0:00:00
Current Stage stats:
[End of Phase3 Routing] Elapsed real time: 0:00:00 
[End of Phase3 Routing] Elapsed cpu  time: sys=0:00:00 usr=0:00:00 total=0:00:00
[End of Phase3 Routing] Stage (MB): Used    0  Alloctr    0  Proc    0 
[End of Phase3 Routing] Total (MB): Used  127  Alloctr  128  Proc 1714 
phase3. Routing result:
phase3. Both Dirs: Overflow =    43 Max = 2 GRCs =    42 (0.02%)
phase3. H routing: Overflow =     0 Max = 0 (GRCs =  0) GRCs =     0 (0.00%)
phase3. V routing: Overflow =    43 Max = 2 (GRCs =  3) GRCs =    42 (0.05%)
phase3. M1         Overflow =     0 Max = 0 (GRCs =  0) GRCs =     0 (0.00%)
phase3. M2         Overflow =     0 Max = 0 (GRCs =  0) GRCs =     0 (0.00%)
phase3. M3         Overflow =    43 Max = 2 (GRCs =  3) GRCs =    42 (0.05%)
phase3. M4         Overflow =     0 Max = 0 (GRCs =  0) GRCs =     0 (0.00%)
phase3. M5         Overflow =     0 Max = 0 (GRCs =  0) GRCs =     0 (0.00%)
phase3. M6         Overflow =     0 Max = 0 (GRCs =  0) GRCs =     0 (0.00%)
phase3. M7         Overflow =     0 Max = 0 (GRCs =  0) GRCs =     0 (0.00%)
phase3. M8         Overflow =     0 Max = 0 (GRCs =  0) GRCs =     0 (0.00%)
phase3. M9         Overflow =     0 Max = 0 (GRCs =  0) GRCs =     0 (0.00%)
phase3. MRDL       Overflow =     0 Max = 0 (GRCs =  0) GRCs =     0 (0.00%)

phase3. Total Wire Length = 196077.19
phase3. Layer M1 wire length = 97.31
phase3. Layer M2 wire length = 70069.87
phase3. Layer M3 wire length = 76816.96
phase3. Layer M4 wire length = 18931.67
phase3. Layer M5 wire length = 20311.30
phase3. Layer M6 wire length = 4954.72
phase3. Layer M7 wire length = 4645.17
phase3. Layer M8 wire length = 232.59
phase3. Layer M9 wire length = 17.58
phase3. Layer MRDL wire length = 0.00
phase3. Total Number of Contacts = 109567
phase3. Via VIA12SQ_C count = 44892
phase3. Via VIA23SQ_C count = 58230
phase3. Via VIA34SQ_C count = 3487
phase3. Via VIA45SQ count = 2106
phase3. Via VIA56SQ count = 507
phase3. Via VIA67SQ_C count = 325
phase3. Via VIA78SQ_C count = 16
phase3. Via VIA89_C count = 4
phase3. Via VIA9RDL count = 0
phase3. completed.
[End of Whole Chip Routing] Elapsed real time: 0:00:04 
[End of Whole Chip Routing] Elapsed cpu  time: sys=0:00:00 usr=0:00:04 total=0:00:04
[End of Whole Chip Routing] Stage (MB): Used   25  Alloctr   25  Proc    0 
[End of Whole Chip Routing] Total (MB): Used  127  Alloctr  128  Proc 1714 

Information: Global Routing terminated early: false (ZRT-103)

Congestion utilization per direction:
Average vertical track utilization   = 10.35 %
Peak    vertical track utilization   = 100.00 %
Average horizontal track utilization =  9.20 %
Peak    horizontal track utilization = 82.35 %

Current Stage stats:
[GR: Done] Elapsed real time: 0:00:00 
[GR: Done] Elapsed cpu  time: sys=0:00:00 usr=0:00:00 total=0:00:00
[GR: Done] Stage (MB): Used   -8  Alloctr   -8  Proc    0 
[GR: Done] Total (MB): Used  121  Alloctr  122  Proc 1714 
GR Total stats:
[GR: Done] Elapsed real time: 0:00:05 
[GR: Done] Elapsed cpu  time: sys=0:00:00 usr=0:00:05 total=0:00:05
[GR: Done] Stage (MB): Used  115  Alloctr  116  Proc    0 
[GR: Done] Total (MB): Used  121  Alloctr  122  Proc 1714 
Writing out congestion map...
Updating congestion ...
Updating congestion ...
Final total stats:
[End of Global Routing] Elapsed real time: 0:00:05 
[End of Global Routing] Elapsed cpu  time: sys=0:00:00 usr=0:00:05 total=0:00:05
[End of Global Routing] Stage (MB): Used    0  Alloctr    0  Proc    0 
[End of Global Routing] Total (MB): Used    4  Alloctr    5  Proc 1714 

****************************************
Report : congestion
Design : ibex_wrapper
Version: O-2018.06-SP1
Date   : Mon Jun 16 22:17:56 2025
****************************************

Layer     |    overflow     |              # GRCs has
Name      |  total  |  max  | overflow (%)      | max overflow
---------------------------------------------------------------
Both Dirs |      45 |     2 |      42  ( 0.02%) |       3
H routing |       0 |     0 |       0  ( 0.00%) |       0
V routing |      45 |     2 |      42  ( 0.05%) |       3

1
