****************************************
Report : timing
        -path_type full
        -delay_type max
        -max_paths 1
        -report_by design
Design : ibex_wrapper
Version: O-2018.06-SP1
Date   : Mon Jun 16 22:17:50 2025
****************************************

  Startpoint: ibex_top_inst/core_clock_gate_i/gen_generic.u_impl_generic/en_latch_reg (negative level-sensitive latch clocked by clk_i)
  Endpoint: ibex_top_inst/core_clock_gate_i/U2 (rising clock gating-check end-point clocked by clk_i)
  Mode: Func
  Corner: Slow
  Scenario: Func_Slow
  Path Group: clk_i
  Path Type: max

  Point                                            Incr      Path  
  ------------------------------------------------------------------------
  clock clk_i (fall edge)                          3.12      3.12
  clock network delay (ideal)                      0.00      3.12

  ibex_top_inst/core_clock_gate_i/gen_generic.u_impl_generic/en_latch_reg/G (SAEDHVT14_LDNR2PQ_2)
                                                   0.00      3.12 f
  ibex_top_inst/core_clock_gate_i/gen_generic.u_impl_generic/en_latch_reg/Q (SAEDHVT14_LDNR2PQ_2)
                                                   0.08      3.20 f
  ibex_top_inst/core_clock_gate_i/U2/A1 (SAEDHVT14_AN2_2)
                                                   0.00      3.20 f
  data arrival time                                          3.20

  clock clk_i (rise edge)                          6.25      6.25
  clock network delay (ideal)                      0.00      6.25
  ibex_top_inst/core_clock_gate_i/U2/A2 (SAEDHVT14_AN2_2)
                                                   0.00      6.25 r
  clock uncertainty                               -0.20      6.05
  library setup time                              -0.00      6.05
  data required time                                         6.05
  ------------------------------------------------------------------------
  data required time                                         6.05
  data arrival time                                         -3.20
  ------------------------------------------------------------------------
  slack (MET)                                                2.85


1
