#@ # 
#@ # Running icc2_shell Version O-2018.06-SP1 for linux64 -- Jul 17, 2018
#@ # Date:   Wed Jul  9 00:26:08 2025
#@ # Run by: ICer@IC_EDA
#@ 

puts "############################"
puts "#######   Finishing  ########"
puts "############################"
set PATH "../2_PnR/ibex_hvt"
# set the block name at the previous stage
set PREV_BLOCK "ibex_hvt_eco_3"
set BLOCK "ibex_hvt_finishing_2"
set LOG "./log"
sh rm -rf $LOG
sh mkdir -p $LOG
set REPORT "./reports"
sh rm -rf $REPORT
sh mkdir $REPORT
set OUTPUT "./output"
sh rm -rf $OUTPUT
sh mkdir -p $OUTPUT
# open block design view
open_block "$PATH:$PREV_BLOCK.design" > "$LOG/open_block.log"
copy_block -from_block "$PREV_BLOCK" -to_block "$BLOCK" > "$LOG/copy_block.log"
# guide the tool to change in the current block
current_block $BLOCK > "$LOG/current_block.log"
set_svf "$OUTPUT/ibex_wrapper_rt.svf" > "$LOG/svf.log"
set pnr_std_fillers " */SAEDHVT14_FILL_ECO_18   */SAEDHVT14_FILL_ECO_15 */SAEDHVT14_FILL_ECO_12 */SAEDHVT14_FILL_ECO_9   */SAEDHVT14_FILL_ECO_2 */SAEDHVT14_FILL_ECO_1    */SAEDHVT14_FILL_NNWIV1Y2_2 */SAEDHVT14_FILL_NNWIV1Y2_3 */SAEDHVT14_FILL_NNWIY2_2 */SAEDHVT14_FILL_NNWIY2_3 */SAEDHVT14_FILL_NNWSPACERY2_7 */SAEDHVT14_FILL_NNWVDDBRKY2_3 */SAEDHVT14_FILLP2 */SAEDHVT14_FILLP3 */SAEDHVT14_FILL_SPACER_7 */SAEDHVT14_FILL_Y2_3 "
set std_fillers_dont_use "  */SAEDHVT14_DCAP_PV1ECO_*   "
set std_fillers "  */SAEDHVT14_DCAP_*   "
set_dont_use [get_lib_cells $std_fillers_dont_use]
create_stdcell_filler -lib_cell $std_fillers > "$LOG/create_stdcell_filler.log"
remove_stdcell_fillers_with_violation > "$LOG/remove_stdcell_fillers_with_violation.log"
connect_pg_net -net "VDD" [get_pins -hierarchical "*/VDD*"] > "$LOG/connect_pg_net.log"
connect_pg_net -net "GND" [get_pins -hierarchical "*/VSS*"] >> "$LOG/connect_pg_net.log"
create_stdcell_filler -lib_cell $pnr_std_fillers >> "$LOG/create_stdcell_filler.log"
connect_pg_net -net "VDD" [get_pins -hierarchical "*/VDD*"] >> "$LOG/connect_pg_net.log"
connect_pg_net -net "GND" [get_pins -hierarchical "*/VSS*"] >> "$LOG/connect_pg_net.log"
start_gui
gui_set_pref_value -category {SelectByNamePalette} -key {ObjectType} -value {Logical Cells}
win_set_filter -visible -class cell -filter {hard_macro_margin hard_margin route_blockage_margin soft_margin}
win_set_filter -visible -class placement_blockage -filter {wiring} -layer {0-72}
win_set_filter -expand_cell_types {soft_macro  }
win_set_select_class -visible {cell port bound routing_blockage shaping_blockage pg_region pin_blockage block_shielding topology_node topology_edge core_area die_area edit_group shape via terminal fill_cell placement_blockage }
win_set_filter -class cell -filter {cell_array hard_macro_margin hard_margin route_blockage_margin soft_margin}
win_set_filter -class placement_blockage -filter {wiring} -layer {0-72}
win_set_select_class {cell port bound routing_blockage shaping_blockage pg_region pin_blockage topology_node topology_edge edit_group shape via placement_blockage }
gui_set_setting -window [gui_get_current_window -types Layout -mru] -setting showLayer_NWELL -value false
gui_set_setting -window [gui_get_current_window -types Layout -mru] -setting showLayer_LVTIMP -value false
gui_set_setting -window [gui_get_current_window -types Layout -mru] -setting showLayer_PO -value false
gui_set_setting -window [gui_get_current_window -types Layout -mru] -setting showLayer_M1 -value false
gui_set_setting -window [gui_get_current_window -types Layout -mru] -setting showLayer_M1DMY -value false
gui_set_setting -window [gui_get_current_window -types Layout -mru] -setting showLayer_VIA1 -value false
gui_set_setting -window [gui_get_current_window -types Layout -mru] -setting showLayer_M2 -value false
gui_set_setting -window [gui_get_current_window -types Layout -mru] -setting showLayer_M2DMY -value false
gui_set_setting -window [gui_get_current_window -types Layout -mru] -setting showLayer_VIA2 -value false
gui_set_setting -window [gui_get_current_window -types Layout -mru] -setting showLayer_M3 -value false
gui_set_setting -window [gui_get_current_window -types Layout -mru] -setting showLayer_M3DMY -value false
gui_set_setting -window [gui_get_current_window -types Layout -mru] -setting showLayer_VIA3 -value false
gui_set_setting -window [gui_get_current_window -types Layout -mru] -setting showLayer_M4 -value false
gui_set_setting -window [gui_get_current_window -types Layout -mru] -setting showLayer_M4DMY -value false
gui_set_setting -window [gui_get_current_window -types Layout -mru] -setting showLayer_VIA4 -value false
gui_set_setting -window [gui_get_current_window -types Layout -mru] -setting showLayer_M5 -value false
gui_set_setting -window [gui_get_current_window -types Layout -mru] -setting showLayer_M5DMY -value false
gui_set_setting -window [gui_get_current_window -types Layout -mru] -setting showLayer_VIA5 -value false
gui_set_setting -window [gui_get_current_window -types Layout -mru] -setting showLayer_M6 -value false
gui_set_setting -window [gui_get_current_window -types Layout -mru] -setting showLayer_M6DMY -value false
gui_set_setting -window [gui_get_current_window -types Layout -mru] -setting showLayer_VIA6 -value false
gui_set_setting -window [gui_get_current_window -types Layout -mru] -setting showLayer_M7 -value false
gui_set_setting -window [gui_get_current_window -types Layout -mru] -setting showLayer_M7DMY -value false
gui_set_setting -window [gui_get_current_window -types Layout -mru] -setting showLayer_VIA7 -value false
gui_set_setting -window [gui_get_current_window -types Layout -mru] -setting showLayer_M8 -value false
gui_set_setting -window [gui_get_current_window -types Layout -mru] -setting showLayer_M8DMY -value false
gui_set_setting -window [gui_get_current_window -types Layout -mru] -setting showLayer_VIA8 -value false
gui_set_setting -window [gui_get_current_window -types Layout -mru] -setting showLayer_M9 -value false
gui_set_setting -window [gui_get_current_window -types Layout -mru] -setting showLayer_M9DMY -value false
gui_set_setting -window [gui_get_current_window -types Layout -mru] -setting showLayer_VIARDL -value false
gui_set_setting -window [gui_get_current_window -types Layout -mru] -setting showLayer_MRDL -value false
gui_set_setting -window [gui_get_current_window -types Layout -mru] -setting showLayer_DIFF -value false
gui_set_setting -window [gui_get_current_window -types Layout -mru] -setting showLayer_BJTDMY -value false
gui_set_setting -window [gui_get_current_window -types Layout -mru] -setting showLayer_CPO -value false
gui_set_setting -window [gui_get_current_window -types Layout -mru] -setting showLayer_CTM1 -value false
gui_set_setting -window [gui_get_current_window -types Layout -mru] -setting showLayer_DIFF_15 -value false
gui_set_setting -window [gui_get_current_window -types Layout -mru] -setting showLayer_DIFF_25 -value false
gui_set_setting -window [gui_get_current_window -types Layout -mru] -setting showLayer_DIOD -value false
gui_set_setting -window [gui_get_current_window -types Layout -mru] -setting showLayer_DNW -value false
gui_set_setting -window [gui_get_current_window -types Layout -mru] -setting showLayer_ESD -value false
gui_set_setting -window [gui_get_current_window -types Layout -mru] -setting showLayer_FIN -value false
gui_set_setting -window [gui_get_current_window -types Layout -mru] -setting showLayer_HOTNWL -value false
gui_set_setting -window [gui_get_current_window -types Layout -mru] -setting showLayer_HVTIMP -value false
gui_set_setting -window [gui_get_current_window -types Layout -mru] -setting showLayer_IP -value false
gui_set_setting -window [gui_get_current_window -types Layout -mru] -setting showLayer_LOGO -value false
gui_set_setting -window [gui_get_current_window -types Layout -mru] -setting showLayer_M1PIN -value false
gui_set_setting -window [gui_get_current_window -types Layout -mru] -setting showLayer_M2PIN -value false
gui_set_setting -window [gui_get_current_window -types Layout -mru] -setting showLayer_M3PIN -value false
gui_set_setting -window [gui_get_current_window -types Layout -mru] -setting showLayer_M4PIN -value false
gui_set_setting -window [gui_get_current_window -types Layout -mru] -setting showLayer_M5PIN -value false
gui_set_setting -window [gui_get_current_window -types Layout -mru] -setting showLayer_M6PIN -value false
gui_set_setting -window [gui_get_current_window -types Layout -mru] -setting showLayer_M7PIN -value false
gui_set_setting -window [gui_get_current_window -types Layout -mru] -setting showLayer_M8PIN -value false
gui_set_setting -window [gui_get_current_window -types Layout -mru] -setting showLayer_M9PIN -value false
gui_set_setting -window [gui_get_current_window -types Layout -mru] -setting showLayer_MRPIN -value false
gui_set_setting -window [gui_get_current_window -types Layout -mru] -setting showLayer_NIMP -value false
gui_set_setting -window [gui_get_current_window -types Layout -mru] -setting showLayer_PAD -value false
gui_set_setting -window [gui_get_current_window -types Layout -mru] -setting showLayer_PIMP -value false
gui_set_setting -window [gui_get_current_window -types Layout -mru] -setting showLayer_RM1 -value false
gui_set_setting -window [gui_get_current_window -types Layout -mru] -setting showLayer_RM2 -value false
gui_set_setting -window [gui_get_current_window -types Layout -mru] -setting showLayer_RM3 -value false
gui_set_setting -window [gui_get_current_window -types Layout -mru] -setting showLayer_RM4 -value false
gui_set_setting -window [gui_get_current_window -types Layout -mru] -setting showLayer_RM5 -value false
gui_set_setting -window [gui_get_current_window -types Layout -mru] -setting showLayer_RM6 -value false
gui_set_setting -window [gui_get_current_window -types Layout -mru] -setting showLayer_RM7 -value false
gui_set_setting -window [gui_get_current_window -types Layout -mru] -setting showLayer_RM8 -value false
gui_set_setting -window [gui_get_current_window -types Layout -mru] -setting showLayer_RM9 -value false
gui_set_setting -window [gui_get_current_window -types Layout -mru] -setting showLayer_RMARK -value false
gui_set_setting -window [gui_get_current_window -types Layout -mru] -setting showLayer_RNW -value false
gui_set_setting -window [gui_get_current_window -types Layout -mru] -setting showLayer_SBLK -value false
gui_set_setting -window [gui_get_current_window -types Layout -mru] -setting showLayer_VIA0 -value false
gui_set_setting -window [gui_get_current_window -types Layout -mru] -setting showLayer_prBoundary -value false
gui_set_setting -window [gui_get_current_window -types Layout -mru] -setting showLayer_UNASSIGNED -value false
win_set_filter -visible -class routing_blockage -layer {0-72}
win_set_filter -visible -class shape -filter {} -layer {0-72}
win_set_filter -visible -class via -filter {} -layer {0-72}
win_set_filter -visible -class terminal -filter {}  -layer {0-72}
win_set_filter -class routing_blockage -layer {0-72}
win_set_filter -class shape -filter {} -layer {0-72}
win_set_filter -class via -filter {} -layer {0-72}
gui_zoom -window [gui_get_current_window -types Layout -view] -factor 2 -at_point {111.653 51.389}
gui_zoom -window [gui_get_current_window -types Layout -view] -factor 2 -at_point {111.653 51.389}
gui_zoom -window [gui_get_current_window -types Layout -view] -factor 2 -at_point {111.653 51.389}
gui_zoom -window [gui_get_current_window -types Layout -view] -factor 2 -at_point {111.654 51.388}
gui_zoom -window [gui_get_current_window -types Layout -view] -factor 2 -at_point {111.654 51.388}
gui_zoom -window [gui_get_current_window -types Layout -view] -factor 0.5 -at_point {110.846 51.221}
gui_zoom -window [gui_get_current_window -types Layout -view] -factor 0.5 -at_point {110.847 51.221}
gui_zoom -window [gui_get_current_window -types Layout -view] -factor 0.5 -at_point {110.852 51.216}
gui_zoom -window [gui_get_current_window -types Layout -view] -factor 0.5 -at_point {110.852 51.192}
gui_zoom -window [gui_get_current_window -types Layout -view] -factor 0.5 -at_point {110.899 51.192}
gui_zoom -window [gui_get_current_window -types Layout -view] -factor 0.5 -at_point {110.983 51.120}
gui_zoom -window [gui_get_current_window -types Layout -view] -factor 2 -at_point {10.281 74.050}
gui_zoom -window [gui_get_current_window -types Layout -view] -factor 2 -at_point {17.924 54.368}
gui_zoom -window [gui_get_current_window -types Layout -view] -factor 2 -at_point {17.924 54.464}
gui_zoom -window [gui_get_current_window -types Layout -view] -factor 2 -at_point {17.972 54.559}
gui_zoom -window [gui_get_current_window -types Layout -view] -factor 0.5 -at_point {17.971 54.560}
gui_zoom -window [gui_get_current_window -types Layout -view] -factor 0.5 -at_point {17.972 54.560}
gui_zoom -window [gui_get_current_window -types Layout -view] -factor 0.5 -at_point {18.019 54.560}
gui_zoom -window [gui_get_current_window -types Layout -view] -factor 0.5 -at_point {17.924 54.559}
check_routes
gui_set_setting -window [gui_get_current_window -types Layout -mru] -setting showWiringGrid -value true
win_set_filter -visible -class trackdef -filter {non_preferred} -layer {0-72}
win_set_select_class -visible {cell port bound routing_blockage shaping_blockage pg_region pin_blockage block_shielding topology_node topology_edge core_area die_area edit_group shape via terminal fill_cell trackdef placement_blockage }
gui_show_error_data
gui_set_error_browser_option -show_mode all
gui_set_error_browser_option -view_mode zoom
gui_set_error_browser_option -zoom_factor 1.000000
gui_set_error_browser_option -grouping type
gui_error_browser -show
gui_open_error_data -name {zroute.err}
gui_open_error_data -name {zroute.err}
gui_set_current_errors -data_name {zroute.err} -group {End of line enclosure} -sub_group {VIA1 (20)-M2 (21)}
gui_set_selected_errors -replace [gui_get_errors -data_name {zroute.err} -id {0}] -force
gui_set_setting -window [gui_get_current_window -types Layout -mru] -setting showPin -value true
gui_set_setting -window [gui_get_current_window -types Layout -mru] -setting showLayer_M2 -value true
gui_set_setting -window [gui_get_current_window -types Layout -mru] -setting showLayer_VIA1 -value true
win_set_filter -visible -class pin -filter {} -layer {0-4 7-72}
win_set_filter -visible -class routing_blockage -layer {0-4 7-72}
win_set_filter -visible -class shape -filter {} -layer {0-4 7-72}
win_set_filter -visible -class via -filter {} -layer {0-4 7-72}
win_set_filter -visible -class terminal -filter {}  -layer {0-4 7-72}
win_set_filter -visible -class trackdef -filter {non_preferred} -layer {0-4 7-72}
win_set_select_class -visible {cell pin port bound routing_blockage shaping_blockage pg_region pin_blockage block_shielding topology_node topology_edge core_area die_area edit_group shape via terminal fill_cell trackdef placement_blockage }
win_set_filter -class pin -filter {} -layer {0-4 7-72}
win_set_filter -class routing_blockage -layer {0-4 7-72}
win_set_filter -class shape -filter {} -layer {0-4 7-72}
win_set_filter -class via -filter {} -layer {0-4 7-72}
win_set_select_class {cell pin port bound routing_blockage shaping_blockage pg_region pin_blockage topology_node topology_edge edit_group shape via placement_blockage }
win_select_objects -slct_targets global -at {97.836 3.906} -radius 0
gui_zoom -window [gui_get_current_window -types Layout -view] -factor 0.5 -at_point {97.815 3.896}
gui_zoom -window [gui_get_current_window -types Layout -view] -factor 0.5 -at_point {97.815 3.897}
gui_zoom -window [gui_get_current_window -types Layout -view] -factor 0.5 -at_point {97.816 3.896}
gui_scroll -window [gui_get_current_window -types Layout -view] -vrel 0.25
gui_scroll -window [gui_get_current_window -types Layout -view] -vrel -0.25
gui_scroll -window [gui_get_current_window -types Layout -view] -vrel 0.25
gui_set_setting -window [gui_get_current_window -types Layout -mru] -setting viewLevel -value 1
gui_set_setting -window [gui_get_current_window -types Layout -mru] -setting viewLevel -value 2
gui_set_setting -window [gui_get_current_window -types Layout -mru] -setting viewLevel -value 3
gui_set_setting -window [gui_get_current_window -types Layout -mru] -setting viewLevel -value 4
gui_set_setting -window [gui_get_current_window -types Layout -mru] -setting viewLevel -value 5
gui_set_setting -window [gui_get_current_window -types Layout -mru] -setting deepSelect -value true
gui_set_setting -window [gui_get_current_window -types Layout -mru] -setting expandCellCore -value true
gui_set_setting -window [gui_get_current_window -types Layout -mru] -setting expandCellIO -value true
gui_set_setting -window [gui_get_current_window -types Layout -mru] -setting expandCellHardMacro -value true
gui_set_setting -window [gui_get_current_window -types Layout -mru] -setting expandFillInst -value true
gui_set_setting -window [gui_get_current_window -types Layout -mru] -setting expandCellOthers -value true
win_set_filter -start_level 0 -stop_level 5 -visible
win_set_filter -expand_cell_types {std io hard_macro soft_macro other fill  }
win_set_filter -start_level 0 -stop_level 5
win_select_objects -slct_targets global -at {97.664 3.895} -radius 0.0004
gui_mouse_tool -window [gui_get_current_window -types Layout -mru] -start StretchTool
gui_mouse_tool -window [gui_get_current_window -types Layout -mru] -add_point {97.771 3.901} -scale 0.0004
gui_mouse_tool -window [gui_get_current_window -types Layout -mru] -add_point {97.808 3.902} -scale 0.0004
gui_mouse_tool -window [gui_get_current_window -types Layout -mru] -add_point {97.816 3.902} -scale 0.0004
gui_mouse_tool -window [gui_get_current_window -types Layout -mru] -add_point {97.845 3.901} -scale 0.0004
gui_mouse_tool -window [gui_get_current_window -types Layout -mru] -reset
check_routes
gui_set_selected_errors -replace [gui_get_errors -data_name {zroute.err} -id {1}] -force
win_select_objects -slct_targets global -at {101.572 39.319} -radius 0
gui_zoom -window [gui_get_current_window -types Layout -view] -factor 0.5 -at_point {101.613 39.303}
gui_zoom -window [gui_get_current_window -types Layout -view] -factor 0.5 -at_point {101.612 39.304}
win_select_objects -slct_targets global -at {101.449 39.303} -radius 0.0002
gui_mouse_tool -window [gui_get_current_window -types Layout -mru] -start StretchTool
gui_mouse_tool -window [gui_get_current_window -types Layout -mru] -add_point {101.544 39.301} -scale 0.0002
gui_mouse_tool -window [gui_get_current_window -types Layout -mru] -add_point {101.614 39.302} -scale 0.0002
gui_set_selected_errors -replace [gui_get_errors -data_name {zroute.err} -id {0}] -force
gui_mouse_tool -window [gui_get_current_window -types Layout -mru] -add_point {98.379 8.701} -scale 0
gui_zoom -window [gui_get_current_window -types Layout -view] -factor 0.5 -at_point {98.381 8.700}
gui_zoom -window [gui_get_current_window -types Layout -view] -factor 0.5 -at_point {98.381 8.700}
gui_zoom -window [gui_get_current_window -types Layout -view] -factor 0.5 -at_point {98.382 8.700}
gui_set_mouse_tool_option -tool StretchTool -option {dragAngle} -value {Orthogonal}
gui_scroll -window [gui_get_current_window -types Layout -view] -vrel -0.25
gui_scroll -window [gui_get_current_window -types Layout -view] -vrel 0.25
gui_set_mouse_tool_option -tool StretchTool -option {dragAngle} -value {Diagonal}
gui_scroll -window [gui_get_current_window -types Layout -view] -hrel -0.25
gui_mouse_tool -window [gui_get_current_window -types Layout -mru] -reset
gui_mouse_tool -window [gui_get_current_window -types Layout -mru] -add_point {98.231 8.701} -scale 0.0004
gui_mouse_tool -window [gui_get_current_window -types Layout -mru] -reset
gui_mouse_tool -window [gui_get_current_window -types Layout -mru] -add_point {98.361 8.701} -scale 0.0004
gui_mouse_tool -window [gui_get_current_window -types Layout -mru] -add_point {98.438 8.697} -scale 0.0004
gui_set_selected_errors -replace [gui_get_errors -data_name {zroute.err} -id {3}] -force
gui_set_selected_errors -replace [gui_get_errors -data_name {zroute.err} -id {2}] -force
gui_mouse_tool -window [gui_get_current_window -types Layout -mru] -abort
win_select_objects -slct_targets global -at {99.325 61.511} -radius 0
gui_zoom -window [gui_get_current_window -types Layout -view] -factor 0.5 -at_point {99.321 61.508}
gui_zoom -window [gui_get_current_window -types Layout -view] -factor 0.5 -at_point {99.320 61.509}
gui_zoom -window [gui_get_current_window -types Layout -view] -factor 0.5 -at_point {99.321 61.508}
win_select_objects -slct_targets global -at {99.113 61.499} -radius 0.0004
gui_mouse_tool -window [gui_get_current_window -types Layout -mru] -start StretchTool
gui_mouse_tool -window [gui_get_current_window -types Layout -mru] -add_point {99.252 61.498} -scale 0.0004
gui_mouse_tool -window [gui_get_current_window -types Layout -mru] -add_point {99.330 61.497} -scale 0.0004
gui_set_selected_errors -replace [gui_get_errors -data_name {zroute.err} -id {3}] -force
gui_zoom -window [gui_get_current_window -types Layout -view] -factor 0.5 -at_point {73.516 72.315}
gui_zoom -window [gui_get_current_window -types Layout -view] -factor 0.5 -at_point {73.516 72.315}
gui_scroll -window [gui_get_current_window -types Layout -view] -hrel -0.25
gui_scroll -window [gui_get_current_window -types Layout -view] -hrel -0.25
gui_mouse_tool -window [gui_get_current_window -types Layout -mru] -add_point {73.397 72.300} -scale 0.0002
gui_mouse_tool -window [gui_get_current_window -types Layout -mru] -reset
gui_mouse_tool -window [gui_get_current_window -types Layout -mru] -add_point {73.498 72.300} -scale 0.0002
gui_mouse_tool -window [gui_get_current_window -types Layout -mru] -add_point {73.568 72.299} -scale 0.0002
gui_set_selected_errors -replace [gui_get_errors -data_name {zroute.err} -id {4}] -force
gui_mouse_tool -window [gui_get_current_window -types Layout -mru] -abort
gui_zoom -window [gui_get_current_window -types Layout -view] -factor 0.5 -at_point {148.263 85.513}
gui_zoom -window [gui_get_current_window -types Layout -view] -factor 0.5 -at_point {148.263 85.513}
gui_scroll -window [gui_get_current_window -types Layout -view] -vrel -0.25
gui_scroll -window [gui_get_current_window -types Layout -view] -vrel 0.25
gui_scroll -window [gui_get_current_window -types Layout -view] -hrel -0.25
gui_scroll -window [gui_get_current_window -types Layout -view] -hrel -0.25
win_select_objects -slct_targets global -at {148.127 85.500} -radius 0.0002
gui_mouse_tool -window [gui_get_current_window -types Layout -mru] -start StretchTool
gui_mouse_tool -window [gui_get_current_window -types Layout -mru] -reset
win_select_objects -slct_targets global -at {148.159 85.500} -radius 0.0002
gui_mouse_tool -window [gui_get_current_window -types Layout -mru] -start StretchTool
gui_mouse_tool -window [gui_get_current_window -types Layout -mru] -add_point {148.240 85.500} -scale 0.0002
gui_mouse_tool -window [gui_get_current_window -types Layout -mru] -add_point {148.320 85.499} -scale 0.0002
gui_set_selected_errors -replace [gui_get_errors -data_name {zroute.err} -id {5}] -force
gui_mouse_tool -window [gui_get_current_window -types Layout -mru] -abort
gui_zoom -window [gui_get_current_window -types Layout -view] -factor 0.5 -at_point {107.331 105.307}
gui_scroll -window [gui_get_current_window -types Layout -view] -vrel -0.25
gui_scroll -window [gui_get_current_window -types Layout -view] -vrel 0.25
gui_scroll -window [gui_get_current_window -types Layout -view] -hrel -0.25
gui_scroll -window [gui_get_current_window -types Layout -view] -hrel -0.25
gui_scroll -window [gui_get_current_window -types Layout -view] -hrel -0.25
gui_zoom -window [gui_get_current_window -types Layout -view] -factor 0.5 -at_point {107.202 105.307}
win_select_objects -slct_targets global -at {107.210 105.303} -radius 0.0002
gui_mouse_tool -window [gui_get_current_window -types Layout -mru] -start StretchTool
gui_mouse_tool -window [gui_get_current_window -types Layout -mru] -add_point {107.316 105.304} -scale 0.0002
gui_mouse_tool -window [gui_get_current_window -types Layout -mru] -add_point {107.386 105.302} -scale 0.0002
gui_mouse_tool -window [gui_get_current_window -types Layout -mru] -abort
gui_set_selected_errors -replace [gui_get_errors -data_name {zroute.err} -id {6}] -force
win_select_objects -slct_targets global -at {127.125 114.920} -radius 0
gui_zoom -window [gui_get_current_window -types Layout -view] -factor 0.5 -at_point {127.125 114.920}
gui_zoom -window [gui_get_current_window -types Layout -view] -factor 0.5 -at_point {127.125 114.920}
gui_zoom -window [gui_get_current_window -types Layout -view] -factor 0.5 -at_point {127.126 114.920}
gui_scroll -window [gui_get_current_window -types Layout -view] -vrel -0.25
win_select_objects -slct_targets global -at {126.949 114.909} -radius 0.0004
gui_mouse_tool -window [gui_get_current_window -types Layout -mru] -start StretchTool
gui_mouse_tool -window [gui_get_current_window -types Layout -mru] -add_point {127.074 114.901} -scale 0.0004
gui_mouse_tool -window [gui_get_current_window -types Layout -mru] -add_point {127.171 114.900} -scale 0.0004
gui_mouse_tool -window [gui_get_current_window -types Layout -mru] -reset
win_select_objects -slct_targets global -at {127.188 114.927} -radius 0.0004
gui_set_selected_errors -replace [gui_get_errors -data_name {zroute.err} -id {7}] -force
win_select_objects -slct_targets global -at {62.575 122.720} -radius 0
gui_zoom -window [gui_get_current_window -types Layout -view] -factor 0.5 -at_point {62.575 122.720}
gui_zoom -window [gui_get_current_window -types Layout -view] -factor 0.5 -at_point {62.575 122.721}
gui_scroll -window [gui_get_current_window -types Layout -view] -vrel -0.25
gui_scroll -window [gui_get_current_window -types Layout -view] -hrel -0.25
gui_scroll -window [gui_get_current_window -types Layout -view] -hrel -0.25
gui_scroll -window [gui_get_current_window -types Layout -view] -hrel 0.25
win_select_objects -slct_targets global -at {62.452 122.706} -radius 0.0002
gui_mouse_tool -window [gui_get_current_window -types Layout -mru] -start StretchTool
gui_mouse_tool -window [gui_get_current_window -types Layout -mru] -add_point {62.548 122.701} -scale 0.0002
gui_mouse_tool -window [gui_get_current_window -types Layout -mru] -add_point {62.615 122.697} -scale 0.0002
gui_mouse_tool -window [gui_get_current_window -types Layout -mru] -reset
win_select_objects -slct_targets global -at {62.642 122.713} -radius 0.0002
gui_set_selected_errors -replace [gui_get_errors -data_name {zroute.err} -id {8}] -force
win_select_objects -slct_targets global -at {72.750 128.110} -radius 0
gui_zoom -window [gui_get_current_window -types Layout -view] -factor 0.5 -at_point {72.750 128.110}
gui_zoom -window [gui_get_current_window -types Layout -view] -factor 0.5 -at_point {72.750 128.109}
gui_zoom -window [gui_get_current_window -types Layout -view] -factor 0.5 -at_point {72.750 128.109}
win_select_objects -slct_targets global -at {72.606 128.102} -radius 0.0004
gui_mouse_tool -window [gui_get_current_window -types Layout -mru] -start StretchTool
gui_mouse_tool -window [gui_get_current_window -types Layout -mru] -add_point {72.686 128.097} -scale 0.0004
gui_mouse_tool -window [gui_get_current_window -types Layout -mru] -add_point {72.756 128.094} -scale 0.0004
gui_mouse_tool -window [gui_get_current_window -types Layout -mru] -reset
win_select_objects -slct_targets global -at {72.778 128.085} -radius 0.0004
gui_set_selected_errors -replace [gui_get_errors -data_name {zroute.err} -id {9}] -force
win_select_objects -slct_targets global -at {122.999 127.512} -radius 0
gui_zoom -window [gui_get_current_window -types Layout -view] -factor 0.5 -at_point {122.999 127.512}
gui_zoom -window [gui_get_current_window -types Layout -view] -factor 0.5 -at_point {123.000 127.512}
win_select_objects -slct_targets global -at {122.816 127.506} -radius 0.0002
gui_mouse_tool -window [gui_get_current_window -types Layout -mru] -start StretchTool
gui_mouse_tool -window [gui_get_current_window -types Layout -mru] -reset
win_select_objects -slct_targets global -at {122.839 127.500} -radius 0.0002
gui_mouse_tool -window [gui_get_current_window -types Layout -mru] -start StretchTool
gui_mouse_tool -window [gui_get_current_window -types Layout -mru] -add_point {122.930 127.501} -scale 0.0002
gui_mouse_tool -window [gui_get_current_window -types Layout -mru] -add_point {122.998 127.496} -scale 0.0002
gui_mouse_tool -window [gui_get_current_window -types Layout -mru] -reset
win_select_objects -slct_targets global -at {123.025 127.494} -radius 0.0002
gui_set_selected_errors -replace [gui_get_errors -data_name {zroute.err} -id {10}] -force
win_select_objects -slct_targets global -at {73.195 151.508} -radius 0
gui_zoom -window [gui_get_current_window -types Layout -view] -factor 0.5 -at_point {73.195 151.508}
gui_zoom -window [gui_get_current_window -types Layout -view] -factor 0.5 -at_point {73.195 151.509}
gui_zoom -window [gui_get_current_window -types Layout -view] -factor 0.5 -at_point {73.195 151.509}
win_select_objects -slct_targets global -at {73.020 151.497} -radius 0.0004
gui_mouse_tool -window [gui_get_current_window -types Layout -mru] -start StretchTool
gui_mouse_tool -window [gui_get_current_window -types Layout -mru] -add_point {73.128 151.499} -scale 0.0004
gui_mouse_tool -window [gui_get_current_window -types Layout -mru] -add_point {73.205 151.495} -scale 0.0004
gui_mouse_tool -window [gui_get_current_window -types Layout -mru] -reset
win_select_objects -slct_targets global -at {73.225 151.472} -radius 0.0004
check_routes
check_lvs
connect_pg_net -net "VDD" [get_pins -hierarchical "*/VDD*"] >> "$LOG/connect_pg_net.log"
connect_pg_net -net "GND" [get_pins -hierarchical "*/VSS*"] >> "$LOG/connect_pg_net.log"
##############################
# CHECKS #
##############################
check_pg_drc > "$REPORT/check_pg_drc.log"
report_utilization > "$REPORT/report_utilization.log"
check_pg_connectivity > "$REPORT/check_pg_connectivity.rpt"
check_pg_missing_vias > "$REPORT/check_missing_vias.rpt"
check_routes > "$REPORT/check_routes.rpt"
check_lvs > "$REPORT/check_lvs.rpt"
report_clock_timing -type summary > "$REPORT/report_clock_timing.rpt"
report_timing  > "$REPORT/report_timing.rpt"
report_timing -delay_type min > "$REPORT/report_timing_min.rpt"
report_constraints -all_violators -max_delay -min_delay > "$REPORT/report_constraints.rpt"
report_qor  > "$REPORT/report_qor.rpt"
check_legality > "$REPORT/check_legality.rpt"
save_block
####################################
# OUTPUTS #
####################################
write_def "$OUTPUT/ibex_wrapper_finishing.def"
write_sdc -scenario Func_Fast -output "$OUTPUT/ibex_wrapper_fast_finishing.sdc"
write_sdc -scenario Func_Slow -output "$OUTPUT/ibex_wrapper_slow_finishing.sdc"
write_verilog "$OUTPUT/ibex_wrapper_rt_finishing.v"
write_parasitics -output "$OUTPUT/ibex_wrapper_finishing"
exit
