Information: Performing power optimization. (PWR-850)
Information: Choosing a test methodology will restrict the optimization of sequential cells. (UIO-12)

Information: There are 655 potential problems in your design. Please run 'check_design' for more information. (LINT-99)


Warning: Operating condition ss0p72vm40c set on design ibex_top has different process,
voltage and temperatures parameters than the parameters at which target library 
saed14hvt_tt0p8v25c is characterized. Delays may be inaccurate as a result. (OPT-998)
Information: State dependent leakage is now switched from on to off.

  Beginning Pass 1 Mapping  (Incremental)
  ------------------------

  Updating timing information
Information: Updating design information... (UID-85)
Information: The library cell 'SAEDHVT14_TIE1_PV1ECO_1' in the library 'saed14hvt_tt0p8v25c' is not characterized for internal power. (PWR-536)
Information: The library cell 'SAEDHVT14_TIE0_PV1ECO_1' in the library 'saed14hvt_tt0p8v25c' is not characterized for internal power. (PWR-536)
Information: The library cell 'SAEDHVT14_TIE1_V1ECO_1' in the library 'saed14hvt_tt0p8v25c' is not characterized for internal power. (PWR-536)
Information: The library cell 'SAEDHVT14_TIE1_V1_2' in the library 'saed14hvt_tt0p8v25c' is not characterized for internal power. (PWR-536)
Information: The library cell 'SAEDHVT14_TIE1_4' in the library 'saed14hvt_tt0p8v25c' is not characterized for internal power. (PWR-536)
Information: The library cell 'SAEDHVT14_TIE0_V1_2' in the library 'saed14hvt_tt0p8v25c' is not characterized for internal power. (PWR-536)
Information: The library cell 'SAEDHVT14_TIE0_4' in the library 'saed14hvt_tt0p8v25c' is not characterized for internal power. (PWR-536)
Information: The target library(s) contains cell(s), other than black boxes, that are not characterized for internal power. (PWR-24)

  Beginning Mapping Optimizations  (Medium effort)  (Incremental)
  -------------------------------

  Beginning Incremental Implementation Selection
  ----------------------------------------------
  Selecting implementations
  Selecting implementations
Information: compile falsified 131 infeasible paths. (OPT-1720)

                                  TOTAL                                                
   ELAPSED            WORST NEG   SETUP    DESIGN                              LEAKAGE 
    TIME      AREA      SLACK     COST    RULE COST         ENDPOINT            POWER  
  --------- --------- --------- --------- --------- ------------------------- ---------
    0:00:12   12033.2  43705.96 33035584.0     182.0                           5553586.5000
    0:00:14   12033.5  43706.11 36945572.0     182.0                           5554135.5000
    0:00:14   12033.8  32778.29 30270542.0     182.0                           5554333.5000
    0:00:14   12033.8  32778.29 30270542.0     182.0                           5554333.5000
    0:00:15   12033.3  26099.42 22023852.0     182.0                           5554107.5000
    0:00:15   12033.3  26099.42 22023852.0     182.0                           5554107.5000
    0:00:17   11975.6  28077.06 23582516.0     182.0                           5413572.0000
    0:00:17   11946.7  40907.41 22785540.0     182.0                           5354604.0000
    0:00:17   11931.2 217634.25 40493340.0     182.0                           5325852.0000
    0:00:18   11929.0 239407.78 52316740.0     182.0                           5318110.0000
    0:00:18   11929.0 239407.78 52316740.0     182.0                           5318107.0000
    0:00:18   11929.0 239407.78 52316740.0     182.0                           5318107.0000
    0:00:18   11929.0 239407.78 52316740.0     182.0                           5318107.0000
    0:00:18   11929.0 239407.78 52316740.0     182.0                           5318107.0000
    0:00:18   11929.0 239407.78 52316740.0     182.0                           5318107.0000
    0:00:18   11929.6 239407.78 52245864.0     182.0                           5319920.5000
    0:00:18   11928.7 239412.27 52356664.0     182.0                           5318164.0000
    0:00:18   11930.1 239412.27 52354836.0     182.0                           5319330.5000
    0:00:18   11930.4 239412.27 52356664.0     182.0                           5319411.5000
    0:00:18   11931.0 239412.27 52356744.0     182.0                           5319500.5000
    0:00:19   11931.0 239412.27 52356744.0     182.0                           5319500.5000
    0:00:19   11931.0 239412.27 52356744.0     182.0                           5319500.5000
    0:00:19   11931.0 239412.27 52356744.0     182.0                           5319500.5000
    0:00:19   11939.3  35914.91 26411876.0     182.0 u_ibex_core/if_stage_i/gen_prefetch_buffer.prefetch_buffer_i/fetch_addr_q_reg[14]/D 5326447.5000
    0:00:20   11971.7  35873.50 26410312.0     182.0 u_ibex_core/if_stage_i/gen_prefetch_buffer.prefetch_buffer_i/fetch_addr_q_reg[10]/D 5354332.5000
    0:00:20   11984.0  35800.77 26408372.0     182.0 u_ibex_core/if_stage_i/gen_prefetch_buffer.prefetch_buffer_i/fifo_i/instr_addr_q_reg[10]/D 5365003.5000
    0:00:20   11998.7  35740.79 26406784.0     182.0 u_ibex_core/if_stage_i/gen_prefetch_buffer.prefetch_buffer_i/fetch_addr_q_reg[10]/D 5376221.5000
    0:00:20   12012.7  35735.16 26405080.0     182.0 u_ibex_core/if_stage_i/gen_prefetch_buffer.prefetch_buffer_i/fetch_addr_q_reg[10]/D 5386927.0000
    0:00:20   12013.9  35697.88 26405586.0     182.0 u_ibex_core/if_stage_i/gen_prefetch_buffer.prefetch_buffer_i/fifo_i/instr_addr_q_reg[9]/D 5387986.0000
    0:00:20   12014.6  35694.64 26404570.0     182.0 u_ibex_core/if_stage_i/gen_prefetch_buffer.prefetch_buffer_i/fetch_addr_q_reg[10]/D 5387424.5000
    0:00:21   12018.9  35694.64 26404250.0     182.0 u_ibex_core/if_stage_i/gen_prefetch_buffer.prefetch_buffer_i/fetch_addr_q_reg[10]/D 5391632.5000
    0:00:21   12020.2  35694.64 26404032.0     182.0                           5390879.0000
    0:00:21   12028.4  35694.64 26402290.0     182.0                           5397804.0000
    0:00:22   12034.6  35694.64 26394576.0     182.0                           5401593.0000
    0:00:22   12051.8  35694.64 26387328.0     182.0                           5416429.0000
    0:00:22   12054.2  35694.64 26384962.0     182.0                           5418507.0000
    0:00:22   12064.0  35694.64 26380716.0     182.0                           5427004.5000
    0:00:22   12063.9  35694.64 26380716.0     182.0                           5426972.0000



  Beginning Delay Optimization Phase
  ----------------------------------

                                  TOTAL                                                
   ELAPSED            WORST NEG   SETUP    DESIGN                              LEAKAGE 
    TIME      AREA      SLACK     COST    RULE COST         ENDPOINT            POWER  
  --------- --------- --------- --------- --------- ------------------------- ---------
    0:00:22   12063.9  35694.64 26380716.0     182.0                           5426972.0000
    0:00:24   12064.9  35642.62 23679118.0     182.0                           5428295.5000
    0:00:27   12064.9  35642.62 23663448.0     182.0                           5427073.5000
    0:00:29   12063.8  35642.57 23581294.0     186.0                           5425728.5000


  Beginning Design Rule Fixing  (max_fanout)
  ----------------------------

                                  TOTAL                                                
   ELAPSED            WORST NEG   SETUP    DESIGN                              LEAKAGE 
    TIME      AREA      SLACK     COST    RULE COST         ENDPOINT            POWER  
  --------- --------- --------- --------- --------- ------------------------- ---------
    0:00:29   12063.8  35642.57 23581294.0     186.0                           5425728.5000
    0:00:30   12065.1  35642.57 23573220.0     182.0 u_ibex_core/if_stage_i/gen_prefetch_buffer.prefetch_buffer_i/fetch_addr_q_reg[9]/D 5426417.0000
    0:00:30   12064.0  35638.44 23549788.0     182.0 u_ibex_core/cs_registers_i/u_mstack_csr/n13 5425315.0000
    0:00:31   12060.8  35638.44 23543160.0     182.0 net167948                 5422802.0000
    0:00:32   12061.2  35638.43 23543158.0     182.0                           5422636.0000
    0:00:33   12064.7  35638.43 23542624.0     182.0                           5423146.0000
    0:00:33   12080.8  35638.43 23536988.0     182.0                           5437750.0000
    0:00:33   12094.1  35638.43 23524176.0     182.0                           5450003.0000
    0:00:33   12110.1  35638.43 23508808.0     182.0                           5464706.0000
    0:00:33   12126.1  35638.43 23493440.0     182.0                           5479409.5000
    0:00:33   12139.4  35638.43 23483062.0     182.0                           5491662.0000
    0:00:33   12150.1  35638.43 23470386.0     182.0                           5501464.5000
    0:00:34   12163.4  35638.43 23460008.0     182.0                           5513717.0000
    0:00:34   12171.4  35638.43 23452324.0     182.0                           5521068.5000
    0:00:34   12179.4  35638.43 23444640.0     182.0                           5528420.5000
    0:00:34   12187.4  35638.43 23436954.0     182.0                           5535772.0000
    0:00:34   12195.3  35638.43 23429270.0     182.0                           5543123.5000
    0:00:34   12203.3  35638.43 23421586.0     182.0                           5550475.5000
    0:00:35   12211.3  35638.43 23413900.0     182.0                           5557827.0000
    0:00:35   12219.3  35638.43 23406216.0     182.0                           5565178.5000
    0:00:35   12227.3  35638.43 23398532.0     182.0                           5572530.5000
    0:00:35   12235.3  35638.43 23390846.0     182.0                           5579882.0000
    0:00:35   12243.3  35638.43 23383162.0     182.0                           5587233.5000
    0:00:36   12251.3  35638.43 23375478.0     182.0                           5594585.0000
    0:00:36   12259.3  35638.43 23367792.0     182.0                           5601937.0000
    0:00:36   12267.3  35638.43 23361682.0     182.0                           5609161.0000
    0:00:36   12272.0  35638.43 23356358.0     182.0                           5613528.0000
    0:00:36   12278.0  35638.43 23086228.0     182.0                           5618680.5000
    0:00:37   12286.0  35638.43 23078544.0     182.0                           5626032.0000
    0:00:37   12294.0  35638.43 23070860.0     182.0                           5633383.5000
    0:00:37   12302.8  35638.43 23059864.0     182.0                           5641286.5000
    0:00:37   12311.8  35638.43 23043288.0     182.0                           5649059.5000
    0:00:37   12320.5  35638.43 23032916.0     182.0                           5656880.0000
    0:00:38   12328.5  35638.43 23025242.0     182.0                           5664231.5000
    0:00:38   12336.5  35638.43 23018132.0     182.0                           5671583.0000
    0:00:38   12338.9  35638.43 23015348.0     182.0                           5674000.0000


  Beginning Leakage Power Optimization  (max_leakage_power 0)
  ------------------------------------

                                  TOTAL                                                
   ELAPSED            WORST NEG   SETUP    DESIGN                              LEAKAGE 
    TIME      AREA      SLACK     COST    RULE COST         ENDPOINT            POWER  
  --------- --------- --------- --------- --------- ------------------------- ---------
    0:00:38   12338.9  35638.43 23015348.0     182.0                           5674000.0000
    0:00:38   12338.9  35638.43 23015348.0     182.0                           5674000.0000
    0:00:47   12229.8  93775.77 42065308.0     182.0                           5586766.0000
    0:00:48   11680.2  78085.88 37400424.0     182.0                           5087328.0000
    0:00:49   11646.0  78124.18 37405096.0     182.0                           5058389.0000
    0:00:49   11638.8  78122.88 37404352.0     182.0                           5053486.5000
    0:00:49   11627.5  78122.88 37404296.0     182.0                           5048837.5000
    0:00:49   11627.5  78122.88 37404296.0     182.0                           5048837.5000
    0:00:50   11641.0  77765.38 37398260.0     182.0 u_ibex_core/id_stage_i/imd_val_q_reg[0][30]/D 5058398.5000
    0:00:51   11643.0  77602.97 37344284.0     182.0 u_ibex_core/id_stage_i/imd_val_q_reg[0][33]/SE 5058925.5000
    0:00:51   11646.0  77602.96 37344260.0     182.0 u_ibex_core/wb_stage_i/g_writeback_stage.rf_wdata_wb_q_reg[31]/D 5061056.5000
    0:00:52   11648.7  77523.95 37326564.0     182.0 u_ibex_core/id_stage_i/imd_val_q_reg[0][25]/D 5063490.0000
    0:00:52   11648.5  77525.13 37326640.0     182.0 u_ibex_core/id_stage_i/imd_val_q_reg[0][25]/D 5063288.0000
    0:00:53   11648.5  68149.63 32261102.0     182.0 u_ibex_core/wb_stage_i/g_writeback_stage.rf_wdata_wb_q_reg[25]/D 5063288.0000
    0:00:54   11649.4  48345.94 28657632.0     182.0 u_ibex_core/id_stage_i/imd_val_q_reg[0][29]/D 5064421.0000
    0:00:54   11650.4  48280.43 28638308.0     182.0 u_ibex_core/id_stage_i/imd_val_q_reg[0][29]/D 5065330.0000
    0:00:54   11653.1  48213.03 28618288.0     182.0 u_ibex_core/id_stage_i/imd_val_q_reg[0][29]/D 5067780.5000
    0:00:55   11655.8  48145.62 28598268.0     182.0 u_ibex_core/id_stage_i/imd_val_q_reg[0][29]/D 5070231.0000
    0:00:55   11658.4  48078.21 28578248.0     182.0 u_ibex_core/id_stage_i/imd_val_q_reg[0][29]/D 5072681.5000
    0:00:55   11661.1  48010.81 28558230.0     182.0 u_ibex_core/id_stage_i/imd_val_q_reg[0][29]/D 5075132.0000
    0:00:56   11663.7  47943.40 28538210.0     182.0 u_ibex_core/id_stage_i/imd_val_q_reg[0][29]/D 5077582.5000
    0:00:56   11666.4  47876.00 28518190.0     182.0 u_ibex_core/id_stage_i/imd_val_q_reg[0][29]/D 5080033.0000
    0:00:56   11669.1  47808.59 28498170.0     182.0 u_ibex_core/id_stage_i/imd_val_q_reg[0][29]/D 5082483.5000
    0:00:57   11671.7  47741.18 28478150.0     182.0 u_ibex_core/id_stage_i/imd_val_q_reg[0][29]/D 5084934.5000
    0:00:57   11674.4  47673.78 28458130.0     182.0 u_ibex_core/id_stage_i/imd_val_q_reg[0][29]/D 5087385.0000
    0:00:57   11677.1  47606.37 28438112.0     182.0 u_ibex_core/id_stage_i/imd_val_q_reg[0][29]/D 5089835.5000
    0:00:58   11679.7  47538.96 28418092.0     182.0 u_ibex_core/id_stage_i/imd_val_q_reg[0][29]/D 5092286.0000
    0:00:58   11682.4  47471.56 28398072.0     182.0 u_ibex_core/id_stage_i/imd_val_q_reg[0][29]/D 5094736.5000
    0:00:58   11685.1  47404.15 28378052.0     182.0 u_ibex_core/id_stage_i/imd_val_q_reg[0][29]/D 5097187.0000
    0:00:59   11687.7  47336.75 28358032.0     182.0 u_ibex_core/id_stage_i/imd_val_q_reg[0][29]/D 5099637.5000
    0:00:59   11690.4  47269.34 28338012.0     182.0 u_ibex_core/id_stage_i/imd_val_q_reg[0][29]/D 5102088.0000
    0:00:59   11693.1  47201.93 28317994.0     182.0 u_ibex_core/id_stage_i/imd_val_q_reg[0][29]/D 5104538.5000
    0:01:00   11695.7  47134.53 28297974.0     182.0 u_ibex_core/id_stage_i/imd_val_q_reg[0][29]/D 5106989.0000
    0:01:00   11698.4  47067.12 28277954.0     182.0 u_ibex_core/id_stage_i/imd_val_q_reg[0][29]/D 5109440.0000
    0:01:00   11701.0  46999.71 28257934.0     182.0 u_ibex_core/id_stage_i/imd_val_q_reg[0][29]/D 5111890.5000
    0:01:01   11703.7  46932.31 28237914.0     182.0 u_ibex_core/id_stage_i/imd_val_q_reg[0][29]/D 5114341.0000
    0:01:01   11706.4  46864.90 28217894.0     182.0 u_ibex_core/id_stage_i/imd_val_q_reg[0][29]/D 5116791.5000
    0:01:01   11709.0  46797.50 28197876.0     182.0 u_ibex_core/id_stage_i/imd_val_q_reg[0][29]/D 5119242.0000
    0:01:02   11711.7  46730.09 28177856.0     182.0 u_ibex_core/id_stage_i/imd_val_q_reg[0][29]/D 5121692.5000
    0:01:02   11714.4  46662.68 28157836.0     182.0 u_ibex_core/id_stage_i/imd_val_q_reg[0][29]/D 5124143.0000
    0:01:02   11717.0  46595.28 28137816.0     182.0 u_ibex_core/id_stage_i/imd_val_q_reg[0][29]/D 5126593.5000
    0:01:03   11719.7  46527.87 28117796.0     182.0 u_ibex_core/id_stage_i/imd_val_q_reg[0][29]/D 5129044.0000
    0:01:03   11722.4  46460.46 28097776.0     182.0 u_ibex_core/id_stage_i/imd_val_q_reg[0][29]/D 5131494.5000
    0:01:03   11725.0  46393.06 28077758.0     182.0 u_ibex_core/id_stage_i/imd_val_q_reg[0][29]/D 5133945.5000
    0:01:04   11727.7  46325.65 28057738.0     182.0 u_ibex_core/id_stage_i/imd_val_q_reg[0][29]/D 5136396.0000
    0:01:04   11730.3  46258.25 28037718.0     182.0 u_ibex_core/id_stage_i/imd_val_q_reg[0][29]/D 5138846.5000
    0:01:04   11733.0  46190.84 28017698.0     182.0 u_ibex_core/id_stage_i/imd_val_q_reg[0][29]/D 5141297.0000
    0:01:05   11733.8  46189.74 28017652.0     182.0 u_ibex_core/id_stage_i/imd_val_q_reg[0][29]/D 5141276.0000
    0:01:05   11736.3  46189.64 28017644.0     182.0 u_ibex_core/id_stage_i/imd_val_q_reg[0][25]/D 5141852.0000
    0:01:06   11736.3  46189.64 28017646.0     182.0 u_ibex_core/id_stage_i/imd_val_q_reg[0][25]/D 5141443.0000
    0:01:07   11735.2  46189.64 28017646.0     182.0 u_ibex_core/wb_stage_i/g_writeback_stage.rf_wdata_wb_q_reg[25]/D 5140872.5000
    0:01:08   11735.8  46189.68 28017648.0     182.0 u_ibex_core/wb_stage_i/g_writeback_stage.rf_wdata_wb_q_reg[25]/D 5141029.5000
    0:01:10   11736.3  46189.66 28017646.0     182.0 u_ibex_core/wb_stage_i/g_writeback_stage.rf_wdata_wb_q_reg[25]/D 5141186.5000
    0:01:10   11736.5  46189.66 28017648.0     182.0 u_ibex_core/wb_stage_i/g_writeback_stage.rf_wdata_wb_q_reg[25]/D 5141507.0000
    0:01:11   11737.3  46189.66 28017646.0     182.0 u_ibex_core/wb_stage_i/g_writeback_stage.rf_wdata_wb_q_reg[25]/D 5142078.0000
    0:01:11   11740.8  46189.63 28017644.0     182.0 u_ibex_core/wb_stage_i/g_writeback_stage.rf_wdata_wb_q_reg[25]/D 5145788.5000
    0:01:28   11740.8  46189.61 28017644.0     182.0                           5145673.5000
    0:01:29   11743.9  46189.64 28017632.0     182.0                           5147965.5000
    0:01:29   11745.9  46189.62 28017630.0     182.0                           5150332.0000
    0:01:30   11745.8  46189.62 28016006.0     182.0                           5150630.5000
    0:01:30   11746.5  46189.62 28014668.0     182.0                           5151341.0000
    0:01:31   11750.4  46189.62 28014636.0     182.0                           5154359.5000
    0:01:31   11753.6  46189.62 28014616.0     182.0                           5157409.0000
    0:01:31   11753.9  46189.62 28014620.0     182.0                           5157352.5000
    0:01:32   11753.2  46189.62 28014622.0     182.0                           5156842.0000
    0:01:32   11756.2  46189.62 28011410.0     182.0                           5159151.5000
    0:01:32   11758.1  46189.62 28009392.0     182.0                           5159675.0000
    0:01:32   11759.5  46189.62 28008952.0     182.0                           5161467.5000
    0:01:33   11757.7  46189.62 28008846.0     182.0                           5160844.0000
    0:01:33   11756.6  46189.62 28008786.0     182.0                           5160835.0000
    0:01:33   11759.7  46189.62 28008194.0     182.0                           5163188.5000
    0:01:33   11763.8  46189.62 28006374.0     182.0                           5167298.5000
    0:01:34   11766.5  46189.62 28006332.0     182.0                           5169839.0000
    0:01:34   11764.8  46189.62 28003624.0     182.0                           5169188.5000
    0:01:34   11763.5  46189.62 28002908.0     182.0                           5168659.5000
    0:01:35   11762.1  46189.62 28002908.0     182.0                           5168248.5000
    0:01:36   11737.5  46189.62 28002836.0     182.0                           5153967.0000
    0:01:36   11608.6  46189.62 28002912.0     182.0                           5038837.0000
    0:01:37   11426.7  46189.62 28002926.0     182.0                           4882039.5000
    0:01:38   11419.7  46189.62 28002926.0     182.0                           4881078.0000
    0:01:39   11402.5  46028.69 27955130.0     182.0                           4867077.0000
    0:01:41   11276.4  42373.76 26869370.0     182.0                           4751158.0000
    0:01:42   11275.6  42373.76 26869368.0     182.0                           4751137.0000
    0:01:43   11270.7  42373.76 26869368.0     182.0                           4748929.5000
    0:01:44   11259.0  42373.76 26869386.0     182.0                           4743777.0000
    0:01:45   11255.2  42373.76 26864038.0     182.0                           4743088.5000
    0:01:45   11238.6  42373.76 26864084.0     182.0                           4738642.5000
    0:01:46   11215.1  42373.76 26693736.0     182.0                           4733704.0000
    0:01:46   11206.2  40326.80 26196814.0     182.0                           4726659.0000
    0:01:47   11204.8  40326.80 26196814.0     182.0                           4726260.5000
    0:01:49   11166.3  40326.80 26196854.0     182.0                           4696983.0000
    0:01:50   11157.4  40326.79 26196798.0     182.0                           4691497.0000
    0:01:55   11157.1  40326.78 29167362.0     182.0                           4691391.5000
    0:01:56   11154.5  39091.98 28888554.0     182.0                           4691279.5000
    0:01:56   11154.1  39091.98 28888552.0     182.0                           4691270.5000
    0:01:57   11151.1  39091.98 28888552.0     182.0                           4688993.5000
    0:01:58   11149.9  39091.98 28883222.0     182.0                           4688873.0000
    0:01:58   11132.0  39091.98 28883106.0     182.0                           4686530.0000
    0:01:59   11090.2  39091.98 28883106.0     182.0                           4651583.0000
    0:01:59   11077.7  39091.98 28883254.0     182.0                           4644570.5000
    0:01:59   11076.5  39091.98 28883256.0     182.0                           4644544.0000
    0:02:00   11055.7  39091.98 28883256.0     182.0                           4630430.5000
    0:02:01   11045.7  39091.88 28883254.0     182.0 u_ibex_core/wb_stage_i/g_writeback_stage.rf_wdata_wb_q_reg[25]/D 4624467.0000
    0:02:02   11044.9  39091.88 28883258.0     182.0                           4624177.5000
    0:02:02   11040.3  39091.88 28882528.0     182.0                           4621449.0000
    0:02:02   11038.0  39091.88 28882528.0     182.0                           4619187.5000
    0:02:02   11037.0  39091.88 28882036.0     182.0                           4619199.0000
    0:02:04   11032.5  39091.88 28882090.0     182.0                           4615765.0000
    0:02:05   11032.2  39091.88 28882090.0     182.0                           4615395.5000
    0:02:08   11032.4  39092.09 28873930.0     182.0                           4616081.0000
    0:02:10   11032.0  39092.09 28817686.0     182.0                           4616421.5000
    0:02:13   11025.8  39092.11 28817766.0     182.0                           4613854.5000
    0:02:14   11023.8  39092.11 28817766.0     182.0                           4612040.5000
    0:02:15   11018.4  39092.11 28817832.0     182.0                           4607936.5000
    0:02:16   11017.9  39092.11 28817832.0     182.0                           4607787.5000
    0:02:20   11017.4  39092.11 28817832.0     182.0                           4607470.0000
    0:02:22   11016.3  39092.11 28817832.0     182.0                           4606750.5000
    0:02:25   11015.5  39092.10 28817832.0     182.0                           4606732.5000
    0:02:30   11014.7  39092.10 28817832.0     182.0                           4606715.0000
    0:02:30   11014.4  39092.10 28817832.0     182.0 u_ibex_core/id_stage_i/imd_val_q_reg[0][25]/D 4606513.0000
    0:02:31   11015.7  39092.09 28817832.0     182.0 u_ibex_core/id_stage_i/imd_val_q_reg[0][32]/SE 4608045.5000
    0:02:33   11016.2  39092.02 28817832.0     182.0 u_ibex_core/wb_stage_i/g_writeback_stage.rf_wdata_wb_q_reg[25]/D 4608195.0000
    0:02:34   11014.8  39092.11 28817834.0     182.0                           4607876.5000
    0:02:36   11014.0  39092.11 28817834.0     182.0                           4607595.5000
    0:02:38   11013.5  39092.11 28817834.0     182.0                           4607291.5000
    0:02:42   11012.7  39092.11 28817834.0     182.0                           4607273.5000
    0:02:43   11011.5  39091.26 28817784.0     182.0                           4606656.0000
    0:02:44   11012.5  39091.86 28817804.0     182.0                           4606710.5000
    0:02:44   11013.9  39091.86 28817748.0     182.0                           4607247.5000
    0:02:44   11012.8  39091.86 28817748.0     182.0                           4606881.0000
    0:02:45   11013.1  39091.85 28817748.0     182.0                           4606306.0000
    0:02:45   11013.7  39091.85 28814354.0     182.0                           4606851.5000
    0:02:46   11013.5  39091.85 28814358.0     182.0                           4606649.5000
    0:02:47   11013.4  39091.85 28814358.0     182.0                           4606617.0000
    0:02:47   11013.3  39091.85 28814358.0     182.0                           4606472.5000
    0:02:47   11015.5  39091.85 28813070.0     182.0                           4608448.5000
    0:02:48   11018.5  39091.85 28812676.0     182.0                           4610816.5000
    0:02:48   11018.7  39091.85 28812676.0     182.0                           4610645.5000
    0:02:48   11023.9  39091.85 28811980.0     182.0                           4614469.5000
    0:02:48   11029.0  39091.85 28810904.0     182.0                           4619070.5000
    0:02:48   11031.2  39091.85 28810172.0     182.0                           4620341.0000
    0:02:49   11034.1  39091.85 28809816.0     182.0                           4623450.5000
    0:02:50   11036.6  39091.72 28801552.0     182.0 u_ibex_core/wb_stage_i/g_writeback_stage.rf_wdata_wb_q_reg[30]/D 4624853.5000
Information: State dependent leakage is now switched from off to on.
Information: Propagating switching activity (low effort zero delay simulation). (PWR-6)
    0:02:55   11038.6  39091.78 28801556.0     182.0                           4618174.0000
Loading db file '/mnt/hgfs/0_GP/PDK/saed14_pdk/SAED14nm_EDK_CORE_HVT_v_062020/stdcell_hvt/db_ccs/saed14hvt_tt0p8v25c.db'
Loading db file '/mnt/hgfs/0_GP/PDK/saed14_pdk/SAED14nm_EDK_CORE_HVT_v_062020/stdcell_hvt/db_ccs/saed14hvt_ss0p72vm40c.db'
Loading db file '/mnt/hgfs/0_GP/PDK/saed14_pdk/SAED14nm_EDK_CORE_HVT_v_062020/stdcell_hvt/db_ccs/saed14hvt_ff0p88v125c.db'


Note: Symbol # after min delay cost means estimated hold TNS across all active scenarios 


  Optimization Complete
  ---------------------
Warning: Design 'ibex_top' contains 1 high-fanout nets. A fanout number of 1000 will be used for delay calculations involving these nets. (TIM-134)
     Net 'gen_regfile_ff.register_file_i/n3960': 1984 load(s), 1 driver(s)
1
