----------------------------------------------------------------
running legalize_placement
Warning: Library cell saed14hvt:SAEDHVT14_ISOFSDPQ_PECO_8.frame is missing supply pins. Its power structure cannot be determined. (LGL-050)
Warning: Library cell saed14hvt:SAEDHVT14_DCAP_PV1ECO_12.frame is missing supply pins. Its power structure cannot be determined. (LGL-050)
Warning: Routing direction of metal layer PO is neither "horizontal" nor "vertical".  PDC checks will not be performed on this layer. (PDC-003)
PDC app_options settings =========
	place.legalize.enable_prerouted_net_check: 1
	place.legalize.num_tracks_for_access_check: 1
	place.legalize.use_eol_spacing_for_access_check: 0
	place.legalize.allow_touch_track_for_access_check: 1
	place.legalize.reduce_conservatism_in_eol_check: 0
	place.legalize.preroute_shape_merge_distance: 0.0
	place.legalize.enable_non_preferred_direction_span_check: 0

Layer M1: cached 2 shapes out of 4170 total shapes.
Layer M2: cached 1 shapes out of 123711 total shapes.
Layer M3: cached 16 shapes out of 97759 total shapes.
Cached 4400 vias out of 178295 total vias.


****************************************
  Report : Fillers
  Site   : unit
****************************************

Filler widths available for different combinations of VT, OD and TPO:
----------------------------------------------------------------------
     VT1      VT2      OD1      OD2      TPO   WIDTHS
                    height   height            sites
----------------------------------------------------------------------
  HVTIMP   HVTIMP     none     none     none   1 4 5 6 7 9 10 14 17 18 20 34 66
----------------------------------------------------------------------
Smallest non-OD filler width is 1 sites.
----------------------------------------------------------------------

Checking legality
Checking cell legality:
0%....10%....20%....30%....40%....50%....60%....70%....80%....90%....100%
Sorting rows.
Checking spacing rule legality.
0%....10%....20%....30%....40%....50%....60%....70%....80%....90%....100%
Checking packing rule legality.
0%....10%....20%....30%....40%....50%....60%....70%....80%....90%....100%
Checking layer rule legality.
0%....10%....20%....30%....40%....50%....60%....70%....80%....90%....100%

****************************************
  Report : Legality
****************************************

VIOLATIONS BY CATEGORY:
   MOVABLE  APP-FIXED USER-FIXED  DESCRIPTION
         0          0          0  Two objects overlap.
         2          0          0  A cell violates a pnet.
         0          0          0  A cell is illegal at a site.
         0          0          0  A cell is not aligned with a site.
         0          0          0  A cell has an illegal orientation.
         0          0          0  A cell spacing rule is violated.
         0          0          0  A layer rule is violated.
         0          0          0  A cell is in the wrong region.
         0          0          0  Two cells violate cts margins.
         0          0          0  Two cells violate coloring.

         2          0          0  TOTAL

TOTAL 2 Violations.

VIOLATIONS BY SUBCATEGORY:
     MOVABLE  APP-FIXED USER-FIXED  DESCRIPTION

         0          0          0    Two objects overlap.
           0          0          0    Two cells overlap.
           0          0          0    Two cells have overlapping keepout margins.
           0          0          0    A cell overlaps a blockage.
           0          0          0    A cell keepout margin overlaps a blockage.

         2          0          0    A cell violates a pnet.

         0          0          0    A cell is illegal at a site.
           0          0          0    A cell violates pin-track alignment rules.
           0          0          0    A cell is illegal at a site.
           0          0          0    A cell violates legal index rule.
           0          0          0    A cell has the wrong variant for its location.

         0          0          0    A cell is not aligned with a site.
           0          0          0    A cell is not aligned with the base site.
           0          0          0    A cell is not aligned with an overlaid site.

         0          0          0    A cell has an illegal orientation.

         0          0          0    A cell spacing rule is violated.
           0          0          0    A spacing rule is violated in a row.
           0          0          0    A spacing rule is violated between adjacent rows.
           0          0          0    A cell violates vertical abutment rule.
           0          0          0    A cell violates metal spacing rule.

         0          0          0    A layer rule is violated.
           0          0          0    A layer VTH rule is violated.
           0          0          0    A layer OD rule is violated.
           0          0          0    A layer OD max-width rule is violated.
           0          0          0    A layer ALL_OD corner rule is violated.
           0          0          0    A layer max-vertical-length rule is violated.
           0          0          0    A layer TPO rule is violated.
           0          0          0    Filler cell insertion cannot satisfy layer rules.

         0          0          0    A cell is in the wrong region.
           0          0          0    A cell is outside its hard bound.
           0          0          0    A cell is in the wrong voltage area.
           0          0          0    A cell violates an exclusive movebound.

         0          0          0    Two cells violate cts margins.

         0          0          0    Two cells violate coloring.

Information: Legalizing 2 cells and 25141 out of total 27490 cells will remain unchanged during legalization
Information: 2347 cells were skipped due to unplaced or fixed status
nplDplc2Placer::setParam(effort,1)
nplDplc2Placer::setParam(debug,0)
nplDplc2Placer::setParam(site_check,2)
nplDplc2Placer::setParam(app_firm_wgt,0)
Warning: Routing direction of metal layer PO is neither "horizontal" nor "vertical".  PDC checks will not be performed on this layer. (PDC-003)
PDC app_options settings =========
	place.legalize.enable_prerouted_net_check: 1
	place.legalize.num_tracks_for_access_check: 1
	place.legalize.use_eol_spacing_for_access_check: 0
	place.legalize.allow_touch_track_for_access_check: 1
	place.legalize.reduce_conservatism_in_eol_check: 0
	place.legalize.preroute_shape_merge_distance: 0.0
	place.legalize.enable_non_preferred_direction_span_check: 0

Layer M1: cached 2 shapes out of 4170 total shapes.
Layer M2: cached 1 shapes out of 123711 total shapes.
Layer M3: cached 16 shapes out of 97759 total shapes.
Cached 4400 vias out of 178295 total vias.

Legalizing Top Level Design ibex_wrapper ... 
Warning: Library cell saed14hvt:SAEDHVT14_ISOFSDPQ_PECO_8.frame is missing supply pins. Its power structure cannot be determined. (LGL-050)
Warning: Library cell saed14hvt:SAEDHVT14_DCAP_PV1ECO_12.frame is missing supply pins. Its power structure cannot be determined. (LGL-050)
Warning: Routing direction of metal layer PO is neither "horizontal" nor "vertical".  PDC checks will not be performed on this layer. (PDC-003)


****************************************
  Report : Fillers
  Site   : unit
****************************************

Filler widths available for different combinations of VT, OD and TPO:
----------------------------------------------------------------------
     VT1      VT2      OD1      OD2      TPO   WIDTHS
                    height   height            sites
----------------------------------------------------------------------
  HVTIMP   HVTIMP     none     none     none   1 4 5 6 7 9 10 14 17 18 20 34 66
----------------------------------------------------------------------
Smallest non-OD filler width is 1 sites.
----------------------------------------------------------------------


Bounds/Regions In This Design:
        Area    Num Cells  Exclusive Name
 (square um)
     25534.1        27490        Yes DEFAULT_VA

Optimizing attract points
Warning: There is high fragmentation caused by many blockages or fixed cells.
	The median subrow width (space between blockages) is 25 sites
	and the median cell width is 11 sites. This makes it difficult for
	the legalizer to pack in the cells and can result in high
	displacements and long runtimes.
Please look for the GIF files that are written out at the end of
	legalization to see the impact of the fragmentation.
    Done attract points (0 sec)
Starting legalizer.
Warning: Many cells are placed far from legal locations. When the cells
	are simply snapped to their nearest legal location, the
	displacements are:
	    Average displacement:    0.829 um (1.38 rows)
	    Max Displacement:        1.011 um (1.69 rows)
	    Number of cells moved: 2 (out of 2 cells)

Writing GIF plot to file './legalizer_debug_plots/ibex_hvt_eco_1_SITE_unit.001-0001-nearest_legal_locations.gif'.
Warning: There is high fragmentation caused by many blockages or fixed cells.
	The median subrow width (space between blockages) is 25 sites
	and the median cell width is 11 sites. This makes it difficult for
	the legalizer to pack in the cells and can result in high
	displacements and long runtimes.
Please look for the GIF files that are written out at the end of
	legalization to see the impact of the fragmentation.
Warning: Exclusive bound 'DEFAULT' has no cells.
Optimizing Exclusive Bound 'DEFAULT_VA' (2/2)
Warning: There is high fragmentation caused by many blockages or fixed cells.
	The median subrow width (space between blockages) is 25 sites
	and the median cell width is 11 sites. This makes it difficult for
	the legalizer to pack in the cells and can result in high
	displacements and long runtimes.
Please look for the GIF files that are written out at the end of
	legalization to see the impact of the fragmentation.
    Done Exclusive Bound 'DEFAULT_VA' (2/2) (0 sec)
Writing GIF plot to file './legalizer_debug_plots/ibex_hvt_eco_1_SITE_unit.001-0002-max_displacements.gif'.
Writing GIF plot to file './legalizer_debug_plots/ibex_hvt_eco_1_SITE_unit.001-0003-colored_displacements.gif'.
Legalization complete (1 total sec)

****************************************
  Report : Placement Attempts
  Site   : unit
****************************************

number of cells:                  27490
number of references:               114
number of site rows:                266
number of locations attempted:       46
number of locations failed:          35  (76.1%)

Legality of references at locations:
1 references had failures.

Worst 1 references by total failures:
 CELLS       UNFLIPPED                       FLIPPED                REFERENCE NAME
         ATTEMPTS  FAILURES            ATTEMPTS  FAILURES           
    26         27        18 ( 66.7%)         19        17 ( 89.5%)  SAEDHVT14_DEL_R2V2_2

Worst 1 references by failure rate:
 CELLS       UNFLIPPED                       FLIPPED                REFERENCE NAME
         ATTEMPTS  FAILURES            ATTEMPTS  FAILURES           
    26         27        18 ( 66.7%)         19        17 ( 89.5%)  SAEDHVT14_DEL_R2V2_2

Legality of references in rows:
0 references had row failures.

****************************************
  Report : Cell Displacements
****************************************

number of cells aggregated:           2 (22 total sites)
avg row height over cells:        0.600 um
rms cell displacement:            0.829 um ( 1.38 row height)
rms weighted cell displacement:   0.829 um ( 1.38 row height)
max cell displacement:            1.011 um ( 1.69 row height)
avg cell displacement:            0.802 um ( 1.34 row height)
avg weighted cell displacement:   0.802 um ( 1.34 row height)
number of cells moved:                2
number of large displacements:        0
large displacement threshold:     3.000 row height

Displacements of worst 2 cells:
Cell: U229 (SAEDHVT14_DEL_R2V2_2)
  Input location: (88.504,98.4)
  Legal location: (89.318,97.8)
  Displacement:   1.011 um ( 1.69 row height)
Cell: U230 (SAEDHVT14_DEL_R2V2_2)
  Input location: (100.418,119.4)
  Legal location: (101.01,119.4)
  Displacement:   0.592 um ( 0.99 row height)

Legalization succeeded.
Total Legalizer CPU: 7.946
----------------------------------------------------------------
1
