Warning: Cell contains tie connections which are not connected to real PG. (ZRT-511)
Turn off antenna since no rule is specified
Cell Min-Routing-Layer = M1
Cell Max-Routing-Layer = M9
Warning: Ignore 11 top cell ports with no pins. (ZRT-027)
Info: number of net_type_blockage: 0 
Via on layer (VIA1) needs more than one tracks
Warning: Layer M1 pitch 0.074 may be too small: wire/via-down 0.074, wire/via-up 0.098. (ZRT-026)
Via on layer (VIA1) needs more than one tracks
Warning: Layer M2 pitch 0.060 may be too small: wire/via-down 0.098, wire/via-up 0.060. (ZRT-026)
Via on layer (VIA3) needs more than one tracks
Warning: Layer M3 pitch 0.074 may be too small: wire/via-down 0.060, wire/via-up 0.080. (ZRT-026)
Wire on layer (M4) needs more than one tracks
Via on layer (VIA3) needs more than one tracks
Via on layer (VIA4) needs more than one tracks
Warning: Layer M4 pitch 0.074 may be too small: wire/via-down 0.107, wire/via-up 0.105. (ZRT-026)
Via on layer (VIA4) needs more than one tracks
Warning: Layer M5 pitch 0.120 may be too small: wire/via-down 0.135, wire/via-up 0.107. (ZRT-026)
Via on layer (VIA8) needs more than one tracks
Warning: Layer M8 pitch 0.120 may be too small: wire/via-down 0.107, wire/via-up 0.135. (ZRT-026)
Wire on layer (M9) needs more than one tracks
Via on layer (VIA8) needs more than one tracks
Via on layer (VIARDL) needs more than one tracks
Warning: Layer M9 pitch 0.120 may be too small: wire/via-down 0.135, wire/via-up 1.570. (ZRT-026)
Via on layer (VIARDL) needs more than one tracks
Warning: Layer MRDL pitch 0.600 may be too small: wire/via-down 4.500, wire/via-up 0.600. (ZRT-026)
Transition layer name: M3(2)
Warning: Standard cell pin SAEDHVT14_FSDPQ_V2LP_2/Q has no valid via regions. (ZRT-044)
Warning: Standard cell pin SAEDHVT14_FSDPQB_V2_2/QN has no valid via regions. (ZRT-044)
Warning: Standard cell pin SAEDHVT14_NR3B_2/B2 has no valid via regions. (ZRT-044)
Warning: Standard cell pin SAEDHVT14_NR2_2/A1 has no valid via regions. (ZRT-044)
Warning: Standard cell pin SAEDHVT14_NR2_2/X has no valid via regions. (ZRT-044)
Printing options for 'route.common.*'
common.verbose_level                                    :	 0                   

Printing options for 'route.detail.*'
detail.antenna                                          :	 true                
detail.force_end_on_preferred_grid                      :	 true                

Printing options for 'route.auto_via_ladder.*'


Begin full DRC check ...

Information: Using 1 threads for routing. (ZRT-444)
Checked	1/81 Partitions, Violations =	0
Checked	3/81 Partitions, Violations =	0
Checked	6/81 Partitions, Violations =	0
Checked	9/81 Partitions, Violations =	0
Checked	12/81 Partitions, Violations =	0
Checked	15/81 Partitions, Violations =	0
Checked	18/81 Partitions, Violations =	0
Checked	21/81 Partitions, Violations =	0
Checked	24/81 Partitions, Violations =	0
Checked	28/81 Partitions, Violations =	0
Checked	30/81 Partitions, Violations =	0
Checked	33/81 Partitions, Violations =	0
Checked	36/81 Partitions, Violations =	0
Checked	39/81 Partitions, Violations =	0
Checked	42/81 Partitions, Violations =	2
Checked	45/81 Partitions, Violations =	2
Checked	48/81 Partitions, Violations =	2
Checked	51/81 Partitions, Violations =	6
Checked	54/81 Partitions, Violations =	6
Checked	57/81 Partitions, Violations =	6
Checked	60/81 Partitions, Violations =	14
Checked	63/81 Partitions, Violations =	14
Checked	66/81 Partitions, Violations =	14
Checked	69/81 Partitions, Violations =	21
Checked	72/81 Partitions, Violations =	21
Checked	75/81 Partitions, Violations =	21
Checked	78/81 Partitions, Violations =	21
Checked	81/81 Partitions, Violations =	21
[DRC CHECK] Elapsed real time: 0:00:07 
[DRC CHECK] Elapsed cpu  time: sys=0:00:00 usr=0:00:07 total=0:00:07
[DRC CHECK] Stage (MB): Used    0  Alloctr    0  Proc    0 
[DRC CHECK] Total (MB): Used  161  Alloctr  168  Proc 1610 
Loading parastics information to the router ...
Warning: Technology layer 'M4' setting 'pitch' is not valid (NEX-001)
Warning: Technology layer 'MRDL' setting 'pitch' is not valid (NEX-001)
Warning: Parasitic Tech Library layer 'M1' parameter 'SMIN' = 0.040 does not match 0.026 of technology file (NEX-007)
Warning: Parasitic Tech Library layer 'M2' parameter 'SMIN' = 0.040 does not match 0.026 of technology file (NEX-007)
Warning: Parasitic Tech Library layer 'M3' parameter 'SMIN' = 0.040 does not match 0.026 of technology file (NEX-007)
Warning: Parasitic Tech Library layer 'M1' parameter 'SMIN' = 0.040 does not match 0.026 of technology file (NEX-007)
Warning: Parasitic Tech Library layer 'M2' parameter 'SMIN' = 0.040 does not match 0.026 of technology file (NEX-007)
Warning: Parasitic Tech Library layer 'M3' parameter 'SMIN' = 0.040 does not match 0.026 of technology file (NEX-007)
Warning: Parasitic Tech Library layer 'M8' parameter 'WMIN' = 0.030 does not match 0.060 of technology file (NEX-007)
Warning: Parasitic Tech Library layer 'M8' parameter 'SMIN' = 0.060 does not match 0.040 of technology file (NEX-007)
parastics information loaded to the router.
Printing options for 'route.common.*'
common.verbose_level                                    :	 0                   

Printing options for 'route.detail.*'
detail.antenna                                          :	 true                
detail.force_end_on_preferred_grid                      :	 true                

Printing options for 'route.auto_via_ladder.*'

Information: RC layer preference is turned on for this design. (ZRT-613)
[Dr init] Elapsed real time: 0:00:11 
[Dr init] Elapsed cpu  time: sys=0:00:00 usr=0:00:11 total=0:00:11
[Dr init] Stage (MB): Used  151  Alloctr  157  Proc    0 
[Dr init] Total (MB): Used  152  Alloctr  159  Proc 1610 
Total number of nets = 26342, of which 0 are not extracted
Total number of open nets = 0, of which 0 are frozen
Information: Using 1 threads for routing. (ZRT-444)
Routing in incremental mode, starting from iteration 80

Start DR iteration 80: non-uniform partition
Routed	1/4 Partitions, Violations =	21
Routed	2/4 Partitions, Violations =	20
Routed	3/4 Partitions, Violations =	23
Routed	4/4 Partitions, Violations =	21

DRC-SUMMARY:
	@@@@@@@ TOTAL VIOLATIONS =	21
	Diff net spacing : 1
	Off-grid : 14
	Same net via-cut spacing : 3
	Internal-only types : 3

[Iter 80] Elapsed real time: 0:00:12 
[Iter 80] Elapsed cpu  time: sys=0:00:00 usr=0:00:11 total=0:00:12
[Iter 80] Stage (MB): Used  160  Alloctr  166  Proc    0 
[Iter 80] Total (MB): Used  161  Alloctr  168  Proc 1610 

End DR iteration 80 with 4 parts

Start DR iteration 81: non-uniform partition
Routed	1/4 Partitions, Violations =	18
Routed	2/4 Partitions, Violations =	11
Routed	3/4 Partitions, Violations =	14
Routed	4/4 Partitions, Violations =	16

DRC-SUMMARY:
	@@@@@@@ TOTAL VIOLATIONS =	16
	Off-grid : 14
	Same net via-cut spacing : 2

[Iter 81] Elapsed real time: 0:00:12 
[Iter 81] Elapsed cpu  time: sys=0:00:00 usr=0:00:12 total=0:00:12
[Iter 81] Stage (MB): Used  160  Alloctr  166  Proc    0 
[Iter 81] Total (MB): Used  161  Alloctr  168  Proc 1610 

End DR iteration 81 with 4 parts

Start DR iteration 82: non-uniform partition
Routed	1/4 Partitions, Violations =	16
Routed	2/4 Partitions, Violations =	20
Routed	3/4 Partitions, Violations =	18
Routed	4/4 Partitions, Violations =	21

DRC-SUMMARY:
	@@@@@@@ TOTAL VIOLATIONS =	21
	Diff net spacing : 1
	Less than NDR width : 1
	Off-grid : 17
	Same net via-cut spacing : 2

[Iter 82] Elapsed real time: 0:00:13 
[Iter 82] Elapsed cpu  time: sys=0:00:00 usr=0:00:13 total=0:00:13
[Iter 82] Stage (MB): Used  160  Alloctr  166  Proc    0 
[Iter 82] Total (MB): Used  161  Alloctr  168  Proc 1610 

End DR iteration 82 with 4 parts

Start DR iteration 83: non-uniform partition
Routed	1/4 Partitions, Violations =	858
Routed	2/4 Partitions, Violations =	24
Routed	3/4 Partitions, Violations =	24
Routed	4/4 Partitions, Violations =	24

DRC-SUMMARY:
	@@@@@@@ TOTAL VIOLATIONS =	24
	Off-grid : 19
	Same net via-cut spacing : 5

[Iter 83] Elapsed real time: 0:00:14 
[Iter 83] Elapsed cpu  time: sys=0:00:00 usr=0:00:14 total=0:00:14
[Iter 83] Stage (MB): Used  160  Alloctr  166  Proc    0 
[Iter 83] Total (MB): Used  161  Alloctr  168  Proc 1610 

End DR iteration 83 with 4 parts

Start DR iteration 84: non-uniform partition
Routed	1/4 Partitions, Violations =	22
Routed	2/4 Partitions, Violations =	19
Routed	3/4 Partitions, Violations =	16
Routed	4/4 Partitions, Violations =	16

DRC-SUMMARY:
	@@@@@@@ TOTAL VIOLATIONS =	16
	Less than minimum area : 1
	Off-grid : 11
	Same net via-cut spacing : 3
	Internal-only types : 1

[Iter 84] Elapsed real time: 0:00:15 
[Iter 84] Elapsed cpu  time: sys=0:00:00 usr=0:00:15 total=0:00:15
[Iter 84] Stage (MB): Used  160  Alloctr  166  Proc    0 
[Iter 84] Total (MB): Used  161  Alloctr  168  Proc 1610 

End DR iteration 84 with 4 parts

Start DR iteration 85: non-uniform partition
Routed	1/5 Partitions, Violations =	16
Routed	2/5 Partitions, Violations =	23
Routed	3/5 Partitions, Violations =	26
Routed	4/5 Partitions, Violations =	23
Routed	5/5 Partitions, Violations =	23

DRC-SUMMARY:
	@@@@@@@ TOTAL VIOLATIONS =	23
	Off-grid : 19
	Same net via-cut spacing : 4

[Iter 85] Elapsed real time: 0:00:16 
[Iter 85] Elapsed cpu  time: sys=0:00:00 usr=0:00:16 total=0:00:16
[Iter 85] Stage (MB): Used  160  Alloctr  166  Proc    0 
[Iter 85] Total (MB): Used  161  Alloctr  168  Proc 1610 

End DR iteration 85 with 5 parts

Start DR iteration 86: non-uniform partition
Routed	1/4 Partitions, Violations =	23
Routed	2/4 Partitions, Violations =	18
Routed	3/4 Partitions, Violations =	14
Routed	4/4 Partitions, Violations =	14

DRC-SUMMARY:
	@@@@@@@ TOTAL VIOLATIONS =	14
	Less than NDR width : 1
	Off-grid : 11
	Same net via-cut spacing : 2

[Iter 86] Elapsed real time: 0:00:17 
[Iter 86] Elapsed cpu  time: sys=0:00:00 usr=0:00:17 total=0:00:17
[Iter 86] Stage (MB): Used  160  Alloctr  166  Proc    0 
[Iter 86] Total (MB): Used  161  Alloctr  168  Proc 1610 

End DR iteration 86 with 4 parts

Start DR iteration 87: non-uniform partition
Routed	1/4 Partitions, Violations =	11
Routed	2/4 Partitions, Violations =	15
Routed	3/4 Partitions, Violations =	19
Routed	4/4 Partitions, Violations =	19

DRC-SUMMARY:
	@@@@@@@ TOTAL VIOLATIONS =	19
	Less than minimum area : 1
	Less than NDR width : 1
	Off-grid : 13
	Same net via-cut spacing : 2
	Internal-only types : 2

[Iter 87] Elapsed real time: 0:00:19 
[Iter 87] Elapsed cpu  time: sys=0:00:00 usr=0:00:18 total=0:00:19
[Iter 87] Stage (MB): Used  160  Alloctr  166  Proc    0 
[Iter 87] Total (MB): Used  161  Alloctr  168  Proc 1610 

End DR iteration 87 with 4 parts

Start DR iteration 88: non-uniform partition
Routed	1/5 Partitions, Violations =	76
Routed	2/5 Partitions, Violations =	75
Routed	3/5 Partitions, Violations =	87
Routed	4/5 Partitions, Violations =	76
Routed	5/5 Partitions, Violations =	75

DRC-SUMMARY:
	@@@@@@@ TOTAL VIOLATIONS =	75
	Less than NDR width : 60
	Off-grid : 13
	Same net via-cut spacing : 2

[Iter 88] Elapsed real time: 0:00:20 
[Iter 88] Elapsed cpu  time: sys=0:00:00 usr=0:00:19 total=0:00:20
[Iter 88] Stage (MB): Used  160  Alloctr  166  Proc    0 
[Iter 88] Total (MB): Used  161  Alloctr  168  Proc 1610 

End DR iteration 88 with 5 parts

Start DR iteration 89: non-uniform partition
Routed	1/4 Partitions, Violations =	15
Routed	2/4 Partitions, Violations =	13
Routed	3/4 Partitions, Violations =	14
Routed	4/4 Partitions, Violations =	19

DRC-SUMMARY:
	@@@@@@@ TOTAL VIOLATIONS =	19
	Diff net spacing : 1
	Less than minimum area : 1
	Off-grid : 13
	Same net via-cut spacing : 2
	Internal-only types : 2

[Iter 89] Elapsed real time: 0:00:21 
[Iter 89] Elapsed cpu  time: sys=0:00:00 usr=0:00:20 total=0:00:21
[Iter 89] Stage (MB): Used  160  Alloctr  166  Proc    0 
[Iter 89] Total (MB): Used  161  Alloctr  168  Proc 1610 

End DR iteration 89 with 4 parts

Start DR iteration 90: non-uniform partition
Routed	1/5 Partitions, Violations =	17
Routed	2/5 Partitions, Violations =	19
Routed	3/5 Partitions, Violations =	71
Routed	4/5 Partitions, Violations =	71
Routed	5/5 Partitions, Violations =	71

DRC-SUMMARY:
	@@@@@@@ TOTAL VIOLATIONS =	71
	Less than NDR width : 58
	Off-grid : 12
	Same net via-cut spacing : 1

[Iter 90] Elapsed real time: 0:00:22 
[Iter 90] Elapsed cpu  time: sys=0:00:00 usr=0:00:21 total=0:00:22
[Iter 90] Stage (MB): Used  160  Alloctr  166  Proc    0 
[Iter 90] Total (MB): Used  161  Alloctr  168  Proc 1610 

End DR iteration 90 with 5 parts

Start DR iteration 91: non-uniform partition
Routed	1/4 Partitions, Violations =	13
Routed	2/4 Partitions, Violations =	7
Routed	3/4 Partitions, Violations =	11
Routed	4/4 Partitions, Violations =	15

DRC-SUMMARY:
	@@@@@@@ TOTAL VIOLATIONS =	15
	Off-grid : 12
	Same net spacing : 1
	Same net via-cut spacing : 2

[Iter 91] Elapsed real time: 0:00:23 
[Iter 91] Elapsed cpu  time: sys=0:00:00 usr=0:00:22 total=0:00:23
[Iter 91] Stage (MB): Used  160  Alloctr  166  Proc    0 
[Iter 91] Total (MB): Used  161  Alloctr  168  Proc 1610 

End DR iteration 91 with 4 parts

Stop DR since not converging

Information: Detail Routing terminated early because DRCs were not converging: true (ZRT-312)
[DR] Elapsed real time: 0:00:23 
[DR] Elapsed cpu  time: sys=0:00:00 usr=0:00:22 total=0:00:23
[DR] Stage (MB): Used  142  Alloctr  148  Proc    0 
[DR] Total (MB): Used  143  Alloctr  150  Proc 1610 
[DR: Done] Elapsed real time: 0:00:23 
[DR: Done] Elapsed cpu  time: sys=0:00:00 usr=0:00:22 total=0:00:23
[DR: Done] Stage (MB): Used  142  Alloctr  148  Proc    0 
[DR: Done] Total (MB): Used  143  Alloctr  150  Proc 1610 

DR finished with 0 open nets, of which 0 are frozen
Information: Merged away 4 aligned/redundant DRCs. (ZRT-305)

DR finished with 11 violations

DRC-SUMMARY:
	@@@@@@@ TOTAL VIOLATIONS =	11
	Off-grid : 8
	Same net spacing : 1
	Same net via-cut spacing : 2



Total Wire Length =                    310391 micron
Total Number of Contacts =             173445
Total Number of Wires =                208990
Total Number of PtConns =              31294
Total Number of Routed Wires =       208987
Total Routed Wire Length =           288703 micron
Total Number of Routed Contacts =       173445
	Layer                 M1 :        668 micron
	Layer                 M2 :     106032 micron
	Layer                 M3 :     115115 micron
	Layer                 M4 :      31005 micron
	Layer                 M5 :      36094 micron
	Layer                 M6 :      12691 micron
	Layer                 M7 :       8698 micron
	Layer                 M8 :         80 micron
	Layer                 M9 :          8 micron
	Layer               MRDL :          0 micron
	Via              VIA89_C :          4
	Via       VIA78SQ_C(rot) :         15
	Via         VIA78SQ(rot) :          3
	Via            VIA67SQ_C :        620
	Via       VIA67SQ_C(rot) :         43
	Via              VIA67SQ :         23
	Via         VIA67SQ(rot) :         10
	Via            VIA56SQ_C :         23
	Via       VIA56SQ_C(rot) :        102
	Via              VIA56SQ :       1631
	Via              VIA45SQ :       6205
	Via         VIA45SQ(rot) :          2
	Via            VIA34SQ_C :         50
	Via       VIA34SQ_C(rot) :       8958
	Via          VIA34BAR2_C :         24
	Via              VIA34SQ :        291
	Via         VIA34SQ(rot) :        822
	Via          VIA3_34SQ_C :          6
	Via     VIA3_34SQ_C(rot) :         64
	Via            VIA3_34SQ :         38
	Via       VIA3_34SQ(rot) :          6
	Via            VIA23SQ_C :      87155
	Via       VIA23SQ_C(rot) :          1
	Via          VIA23BAR2_C :          1
	Via              VIA23SQ :         17
	Via         VIA23SQ(rot) :         10
	Via          VIA2_33SQ_C :        536
	Via          VIA23_3SQ_C :        462
	Via        VIA2_33_3SQ_C :        168
	Via            VIA12SQ_C :          5
	Via       VIA12SQ_C(rot) :      64743
	Via            VIA12LG_C :          1
	Via              VIA12SQ :          7
	Via         VIA12SQ(rot) :        322
	Via       VIA12BAR2(rot) :          1
	Via     VIA1_32SQ_C(rot) :        753
	Via     VIA12_3SQ_C(rot) :        123
	Via   VIA1_32_3SQ_C(rot) :        200

 
Redundant via conversion report:
--------------------------------

  Total optimized via conversion rate =  0.00% (0 / 173445 vias)
 
    Layer VIA1       =  0.00% (0      / 66155   vias)
        Un-optimized =  0.00% (0       vias)
        Un-mapped    = 100.00% (66155   vias)
    Layer VIA2       =  0.00% (0      / 88350   vias)
        Un-optimized =  0.00% (0       vias)
        Un-mapped    = 100.00% (88350   vias)
    Layer VIA3       =  0.00% (0      / 10259   vias)
        Un-optimized =  0.00% (0       vias)
        Un-mapped    = 100.00% (10259   vias)
    Layer VIA4       =  0.00% (0      / 6207    vias)
        Un-optimized =  0.00% (0       vias)
        Un-mapped    = 100.00% (6207    vias)
    Layer VIA5       =  0.00% (0      / 1756    vias)
        Un-optimized =  0.00% (0       vias)
        Un-mapped    = 100.00% (1756    vias)
    Layer VIA6       =  0.00% (0      / 696     vias)
        Un-optimized =  0.00% (0       vias)
        Un-mapped    = 100.00% (696     vias)
    Layer VIA7       =  0.00% (0      / 18      vias)
        Un-optimized =  0.00% (0       vias)
        Un-mapped    = 100.00% (18      vias)
    Layer VIA8       =  0.00% (0      / 4       vias)
        Un-optimized =  0.00% (0       vias)
        Un-mapped    = 100.00% (4       vias)
 
  Total double via conversion rate    =  0.00% (0 / 173445 vias)
 
    Layer VIA1       =  0.00% (0      / 66155   vias)
    Layer VIA2       =  0.00% (0      / 88350   vias)
    Layer VIA3       =  0.00% (0      / 10259   vias)
    Layer VIA4       =  0.00% (0      / 6207    vias)
    Layer VIA5       =  0.00% (0      / 1756    vias)
    Layer VIA6       =  0.00% (0      / 696     vias)
    Layer VIA7       =  0.00% (0      / 18      vias)
    Layer VIA8       =  0.00% (0      / 4       vias)
 
  The optimized via conversion rate based on total routed via count =  0.00% (0 / 173445 vias)
 
    Layer VIA1       =  0.00% (0      / 66155   vias)
        Un-optimized =  0.00% (0       vias)
        Un-mapped    = 100.00% (66155   vias)
    Layer VIA2       =  0.00% (0      / 88350   vias)
        Un-optimized =  0.00% (0       vias)
        Un-mapped    = 100.00% (88350   vias)
    Layer VIA3       =  0.00% (0      / 10259   vias)
        Un-optimized =  0.00% (0       vias)
        Un-mapped    = 100.00% (10259   vias)
    Layer VIA4       =  0.00% (0      / 6207    vias)
        Un-optimized =  0.00% (0       vias)
        Un-mapped    = 100.00% (6207    vias)
    Layer VIA5       =  0.00% (0      / 1756    vias)
        Un-optimized =  0.00% (0       vias)
        Un-mapped    = 100.00% (1756    vias)
    Layer VIA6       =  0.00% (0      / 696     vias)
        Un-optimized =  0.00% (0       vias)
        Un-mapped    = 100.00% (696     vias)
    Layer VIA7       =  0.00% (0      / 18      vias)
        Un-optimized =  0.00% (0       vias)
        Un-mapped    = 100.00% (18      vias)
    Layer VIA8       =  0.00% (0      / 4       vias)
        Un-optimized =  0.00% (0       vias)
        Un-mapped    = 100.00% (4       vias)
 

Total number of nets = 26342
0 open nets, of which 0 are frozen
Total number of excluded ports = 0 ports of 0 unplaced cells connected to 0 nets
                                 0 ports without pins of 0 cells connected to 0 nets
                                 0 ports of 0 cover cells connected to 0 non-pg nets
Total number of DRCs = 11
Total number of antenna violations = antenna checking not active
Information: Routes in non-preferred voltage areas = 0 (ZRT-559)

Topology ECO not run, no qualifying violations or in frozen nets.
Updating the database ...
