Warning: Cell contains tie connections which are not connected to real PG. (ZRT-511)
Turn off antenna since no rule is specified
Cell Min-Routing-Layer = M1
Cell Max-Routing-Layer = M9
Warning: Ignore 11 top cell ports with no pins. (ZRT-027)
Info: number of net_type_blockage: 0 
Via on layer (VIA1) needs more than one tracks
Warning: Layer M1 pitch 0.074 may be too small: wire/via-down 0.074, wire/via-up 0.098. (ZRT-026)
Via on layer (VIA1) needs more than one tracks
Warning: Layer M2 pitch 0.060 may be too small: wire/via-down 0.098, wire/via-up 0.060. (ZRT-026)
Via on layer (VIA3) needs more than one tracks
Warning: Layer M3 pitch 0.074 may be too small: wire/via-down 0.060, wire/via-up 0.080. (ZRT-026)
Wire on layer (M4) needs more than one tracks
Via on layer (VIA3) needs more than one tracks
Via on layer (VIA4) needs more than one tracks
Warning: Layer M4 pitch 0.074 may be too small: wire/via-down 0.107, wire/via-up 0.105. (ZRT-026)
Via on layer (VIA4) needs more than one tracks
Warning: Layer M5 pitch 0.120 may be too small: wire/via-down 0.135, wire/via-up 0.107. (ZRT-026)
Via on layer (VIA8) needs more than one tracks
Warning: Layer M8 pitch 0.120 may be too small: wire/via-down 0.107, wire/via-up 0.135. (ZRT-026)
Wire on layer (M9) needs more than one tracks
Via on layer (VIA8) needs more than one tracks
Via on layer (VIARDL) needs more than one tracks
Warning: Layer M9 pitch 0.120 may be too small: wire/via-down 0.135, wire/via-up 1.570. (ZRT-026)
Via on layer (VIARDL) needs more than one tracks
Warning: Layer MRDL pitch 0.600 may be too small: wire/via-down 4.500, wire/via-up 0.600. (ZRT-026)
Transition layer name: M3(2)
Warning: Standard cell pin SAEDHVT14_FSDPQ_V2LP_2/Q has no valid via regions. (ZRT-044)
Warning: Standard cell pin SAEDHVT14_FSDPQB_V2_2/QN has no valid via regions. (ZRT-044)
Warning: Standard cell pin SAEDHVT14_NR3B_2/B2 has no valid via regions. (ZRT-044)
Warning: Standard cell pin SAEDHVT14_NR2_2/A1 has no valid via regions. (ZRT-044)
Warning: Standard cell pin SAEDHVT14_NR2_2/X has no valid via regions. (ZRT-044)
Printing options for 'route.common.*'
common.verbose_level                                    :	 0                   

Printing options for 'route.detail.*'
detail.antenna                                          :	 true                
detail.force_end_on_preferred_grid                      :	 true                

Printing options for 'route.auto_via_ladder.*'


Begin full DRC check ...

Information: Using 1 threads for routing. (ZRT-444)
Checked	1/81 Partitions, Violations =	0
Checked	3/81 Partitions, Violations =	0
Checked	6/81 Partitions, Violations =	0
Checked	9/81 Partitions, Violations =	0
Checked	12/81 Partitions, Violations =	0
Checked	15/81 Partitions, Violations =	0
Checked	18/81 Partitions, Violations =	0
Checked	21/81 Partitions, Violations =	0
Checked	24/81 Partitions, Violations =	0
Checked	28/81 Partitions, Violations =	0
Checked	30/81 Partitions, Violations =	0
Checked	33/81 Partitions, Violations =	0
Checked	36/81 Partitions, Violations =	0
Checked	39/81 Partitions, Violations =	0
Checked	42/81 Partitions, Violations =	0
Checked	45/81 Partitions, Violations =	0
Checked	48/81 Partitions, Violations =	0
Checked	51/81 Partitions, Violations =	2
Checked	54/81 Partitions, Violations =	2
Checked	57/81 Partitions, Violations =	2
Checked	60/81 Partitions, Violations =	5
Checked	63/81 Partitions, Violations =	5
Checked	66/81 Partitions, Violations =	5
Checked	69/81 Partitions, Violations =	10
Checked	72/81 Partitions, Violations =	10
Checked	75/81 Partitions, Violations =	10
Checked	78/81 Partitions, Violations =	10
Checked	81/81 Partitions, Violations =	10
[DRC CHECK] Elapsed real time: 0:00:07 
[DRC CHECK] Elapsed cpu  time: sys=0:00:00 usr=0:00:07 total=0:00:07
[DRC CHECK] Stage (MB): Used    0  Alloctr    0  Proc    0 
[DRC CHECK] Total (MB): Used  161  Alloctr  168  Proc 1894 
Loading parastics information to the router ...
Warning: Technology layer 'M4' setting 'pitch' is not valid (NEX-001)
Warning: Technology layer 'MRDL' setting 'pitch' is not valid (NEX-001)
Warning: Parasitic Tech Library layer 'M1' parameter 'SMIN' = 0.040 does not match 0.026 of technology file (NEX-007)
Warning: Parasitic Tech Library layer 'M2' parameter 'SMIN' = 0.040 does not match 0.026 of technology file (NEX-007)
Warning: Parasitic Tech Library layer 'M3' parameter 'SMIN' = 0.040 does not match 0.026 of technology file (NEX-007)
Warning: Parasitic Tech Library layer 'M1' parameter 'SMIN' = 0.040 does not match 0.026 of technology file (NEX-007)
Warning: Parasitic Tech Library layer 'M2' parameter 'SMIN' = 0.040 does not match 0.026 of technology file (NEX-007)
Warning: Parasitic Tech Library layer 'M3' parameter 'SMIN' = 0.040 does not match 0.026 of technology file (NEX-007)
Warning: Parasitic Tech Library layer 'M8' parameter 'WMIN' = 0.030 does not match 0.060 of technology file (NEX-007)
Warning: Parasitic Tech Library layer 'M8' parameter 'SMIN' = 0.060 does not match 0.040 of technology file (NEX-007)
parastics information loaded to the router.
Printing options for 'route.common.*'
common.verbose_level                                    :	 0                   

Printing options for 'route.detail.*'
detail.antenna                                          :	 true                
detail.force_end_on_preferred_grid                      :	 true                

Printing options for 'route.auto_via_ladder.*'

Information: RC layer preference is turned on for this design. (ZRT-613)
[Dr init] Elapsed real time: 0:00:12 
[Dr init] Elapsed cpu  time: sys=0:00:00 usr=0:00:11 total=0:00:11
[Dr init] Stage (MB): Used  151  Alloctr  157  Proc    0 
[Dr init] Total (MB): Used  152  Alloctr  159  Proc 1894 
Total number of nets = 26342, of which 0 are not extracted
Total number of open nets = 0, of which 0 are frozen
Information: Using 1 threads for routing. (ZRT-444)
Routing in incremental mode, starting from iteration 112

Start DR iteration 112: non-uniform partition
Routed	1/3 Partitions, Violations =	67
Routed	2/3 Partitions, Violations =	91
Routed	3/3 Partitions, Violations =	53

DRC-SUMMARY:
	@@@@@@@ TOTAL VIOLATIONS =	53
	Less than minimum area : 1
	Less than NDR width : 2
	Off-grid : 11
	Same net spacing : 2
	Same net via-cut spacing : 2
	Internal-only types : 35

[Iter 112] Elapsed real time: 0:00:12 
[Iter 112] Elapsed cpu  time: sys=0:00:00 usr=0:00:12 total=0:00:12
[Iter 112] Stage (MB): Used  160  Alloctr  166  Proc    0 
[Iter 112] Total (MB): Used  161  Alloctr  168  Proc 1894 

End DR iteration 112 with 3 parts

Start DR iteration 113: non-uniform partition
Routed	1/3 Partitions, Violations =	32
Routed	2/3 Partitions, Violations =	18
Routed	3/3 Partitions, Violations =	17

DRC-SUMMARY:
	@@@@@@@ TOTAL VIOLATIONS =	17
	Less than minimum area : 1
	Off-grid : 14
	Same net via-cut spacing : 2

[Iter 113] Elapsed real time: 0:00:12 
[Iter 113] Elapsed cpu  time: sys=0:00:00 usr=0:00:12 total=0:00:12
[Iter 113] Stage (MB): Used  160  Alloctr  166  Proc    0 
[Iter 113] Total (MB): Used  161  Alloctr  168  Proc 1894 

End DR iteration 113 with 3 parts

Start DR iteration 114: non-uniform partition
Routed	1/3 Partitions, Violations =	17
Routed	2/3 Partitions, Violations =	19
Routed	3/3 Partitions, Violations =	15

DRC-SUMMARY:
	@@@@@@@ TOTAL VIOLATIONS =	15
	Less than NDR width : 3
	Off-grid : 9
	Same net via-cut spacing : 2
	Internal-only types : 1

[Iter 114] Elapsed real time: 0:00:13 
[Iter 114] Elapsed cpu  time: sys=0:00:00 usr=0:00:13 total=0:00:13
[Iter 114] Stage (MB): Used  160  Alloctr  166  Proc    0 
[Iter 114] Total (MB): Used  161  Alloctr  168  Proc 1894 

End DR iteration 114 with 3 parts

Start DR iteration 115: non-uniform partition
Routed	1/4 Partitions, Violations =	11
Routed	2/4 Partitions, Violations =	12
Routed	3/4 Partitions, Violations =	9
Routed	4/4 Partitions, Violations =	16

DRC-SUMMARY:
	@@@@@@@ TOTAL VIOLATIONS =	16
	Diff net spacing : 1
	Less than minimum area : 1
	Less than NDR width : 2
	Off-grid : 10
	Same net via-cut spacing : 2

[Iter 115] Elapsed real time: 0:00:14 
[Iter 115] Elapsed cpu  time: sys=0:00:00 usr=0:00:14 total=0:00:14
[Iter 115] Stage (MB): Used  160  Alloctr  166  Proc    0 
[Iter 115] Total (MB): Used  161  Alloctr  168  Proc 1894 

End DR iteration 115 with 4 parts

Start DR iteration 116: non-uniform partition
Routed	1/3 Partitions, Violations =	109
Routed	2/3 Partitions, Violations =	8
Routed	3/3 Partitions, Violations =	12

DRC-SUMMARY:
	@@@@@@@ TOTAL VIOLATIONS =	12
	Off-grid : 10
	Same net via-cut spacing : 1
	Internal-only types : 1

[Iter 116] Elapsed real time: 0:00:15 
[Iter 116] Elapsed cpu  time: sys=0:00:00 usr=0:00:14 total=0:00:15
[Iter 116] Stage (MB): Used  160  Alloctr  166  Proc    0 
[Iter 116] Total (MB): Used  161  Alloctr  168  Proc 1894 

End DR iteration 116 with 3 parts

Stop DR since not converging

Information: Detail Routing terminated early because DRCs were not converging: true (ZRT-312)

Begin revisit internal-only type DRCs ...

Checked	1/1 Partitions, Violations =	11

DRC-SUMMARY:
	@@@@@@@ TOTAL VIOLATIONS =	11

[REVISIT DRC] Elapsed real time: 0:00:00 
[REVISIT DRC] Elapsed cpu  time: sys=0:00:00 usr=0:00:00 total=0:00:00
[REVISIT DRC] Stage (MB): Used    0  Alloctr    0  Proc    0 
[REVISIT DRC] Total (MB): Used  161  Alloctr  168  Proc 1894 
[DR] Elapsed real time: 0:00:15 
[DR] Elapsed cpu  time: sys=0:00:00 usr=0:00:14 total=0:00:15
[DR] Stage (MB): Used  142  Alloctr  148  Proc    0 
[DR] Total (MB): Used  143  Alloctr  150  Proc 1894 
[DR: Done] Elapsed real time: 0:00:15 
[DR: Done] Elapsed cpu  time: sys=0:00:00 usr=0:00:14 total=0:00:15
[DR: Done] Stage (MB): Used  142  Alloctr  148  Proc    0 
[DR: Done] Total (MB): Used  143  Alloctr  150  Proc 1894 

DR finished with 0 open nets, of which 0 are frozen
Information: Merged away 2 aligned/redundant DRCs. (ZRT-305)

DR finished with 9 violations

DRC-SUMMARY:
	@@@@@@@ TOTAL VIOLATIONS =	9
	Off-grid : 8
	Same net via-cut spacing : 1



Total Wire Length =                    310390 micron
Total Number of Contacts =             173439
Total Number of Wires =                208995
Total Number of PtConns =              31290
Total Number of Routed Wires =       208989
Total Routed Wire Length =           288701 micron
Total Number of Routed Contacts =       173439
	Layer                 M1 :        668 micron
	Layer                 M2 :     106022 micron
	Layer                 M3 :     115113 micron
	Layer                 M4 :      31015 micron
	Layer                 M5 :      36094 micron
	Layer                 M6 :      12691 micron
	Layer                 M7 :       8698 micron
	Layer                 M8 :         80 micron
	Layer                 M9 :          8 micron
	Layer               MRDL :          0 micron
	Via              VIA89_C :          4
	Via       VIA78SQ_C(rot) :         15
	Via         VIA78SQ(rot) :          3
	Via            VIA67SQ_C :        620
	Via       VIA67SQ_C(rot) :         43
	Via              VIA67SQ :         23
	Via         VIA67SQ(rot) :         10
	Via            VIA56SQ_C :         23
	Via       VIA56SQ_C(rot) :        102
	Via              VIA56SQ :       1631
	Via              VIA45SQ :       6205
	Via         VIA45SQ(rot) :          2
	Via            VIA34SQ_C :         52
	Via       VIA34SQ_C(rot) :       8962
	Via          VIA34BAR2_C :         24
	Via              VIA34SQ :        291
	Via         VIA34SQ(rot) :        822
	Via          VIA3_34SQ_C :          6
	Via     VIA3_34SQ_C(rot) :         63
	Via            VIA3_34SQ :         37
	Via       VIA3_34SQ(rot) :          5
	Via            VIA23SQ_C :      87144
	Via       VIA23SQ_C(rot) :          1
	Via          VIA23BAR2_C :          1
	Via              VIA23SQ :         17
	Via         VIA23SQ(rot) :         10
	Via          VIA2_33SQ_C :        535
	Via          VIA23_3SQ_C :        466
	Via        VIA2_33_3SQ_C :        166
	Via            VIA12SQ_C :          5
	Via       VIA12SQ_C(rot) :      64740
	Via            VIA12LG_C :          1
	Via              VIA12SQ :          7
	Via         VIA12SQ(rot) :        322
	Via     VIA1_32SQ_C(rot) :        760
	Via     VIA12_3SQ_C(rot) :        121
	Via   VIA1_32_3SQ_C(rot) :        200

 
Redundant via conversion report:
--------------------------------

  Total optimized via conversion rate =  0.00% (0 / 173439 vias)
 
    Layer VIA1       =  0.00% (0      / 66156   vias)
        Un-optimized =  0.00% (0       vias)
        Un-mapped    = 100.00% (66156   vias)
    Layer VIA2       =  0.00% (0      / 88340   vias)
        Un-optimized =  0.00% (0       vias)
        Un-mapped    = 100.00% (88340   vias)
    Layer VIA3       =  0.00% (0      / 10262   vias)
        Un-optimized =  0.00% (0       vias)
        Un-mapped    = 100.00% (10262   vias)
    Layer VIA4       =  0.00% (0      / 6207    vias)
        Un-optimized =  0.00% (0       vias)
        Un-mapped    = 100.00% (6207    vias)
    Layer VIA5       =  0.00% (0      / 1756    vias)
        Un-optimized =  0.00% (0       vias)
        Un-mapped    = 100.00% (1756    vias)
    Layer VIA6       =  0.00% (0      / 696     vias)
        Un-optimized =  0.00% (0       vias)
        Un-mapped    = 100.00% (696     vias)
    Layer VIA7       =  0.00% (0      / 18      vias)
        Un-optimized =  0.00% (0       vias)
        Un-mapped    = 100.00% (18      vias)
    Layer VIA8       =  0.00% (0      / 4       vias)
        Un-optimized =  0.00% (0       vias)
        Un-mapped    = 100.00% (4       vias)
 
  Total double via conversion rate    =  0.00% (0 / 173439 vias)
 
    Layer VIA1       =  0.00% (0      / 66156   vias)
    Layer VIA2       =  0.00% (0      / 88340   vias)
    Layer VIA3       =  0.00% (0      / 10262   vias)
    Layer VIA4       =  0.00% (0      / 6207    vias)
    Layer VIA5       =  0.00% (0      / 1756    vias)
    Layer VIA6       =  0.00% (0      / 696     vias)
    Layer VIA7       =  0.00% (0      / 18      vias)
    Layer VIA8       =  0.00% (0      / 4       vias)
 
  The optimized via conversion rate based on total routed via count =  0.00% (0 / 173439 vias)
 
    Layer VIA1       =  0.00% (0      / 66156   vias)
        Un-optimized =  0.00% (0       vias)
        Un-mapped    = 100.00% (66156   vias)
    Layer VIA2       =  0.00% (0      / 88340   vias)
        Un-optimized =  0.00% (0       vias)
        Un-mapped    = 100.00% (88340   vias)
    Layer VIA3       =  0.00% (0      / 10262   vias)
        Un-optimized =  0.00% (0       vias)
        Un-mapped    = 100.00% (10262   vias)
    Layer VIA4       =  0.00% (0      / 6207    vias)
        Un-optimized =  0.00% (0       vias)
        Un-mapped    = 100.00% (6207    vias)
    Layer VIA5       =  0.00% (0      / 1756    vias)
        Un-optimized =  0.00% (0       vias)
        Un-mapped    = 100.00% (1756    vias)
    Layer VIA6       =  0.00% (0      / 696     vias)
        Un-optimized =  0.00% (0       vias)
        Un-mapped    = 100.00% (696     vias)
    Layer VIA7       =  0.00% (0      / 18      vias)
        Un-optimized =  0.00% (0       vias)
        Un-mapped    = 100.00% (18      vias)
    Layer VIA8       =  0.00% (0      / 4       vias)
        Un-optimized =  0.00% (0       vias)
        Un-mapped    = 100.00% (4       vias)
 

Total number of nets = 26342
0 open nets, of which 0 are frozen
Total number of excluded ports = 0 ports of 0 unplaced cells connected to 0 nets
                                 0 ports without pins of 0 cells connected to 0 nets
                                 0 ports of 0 cover cells connected to 0 non-pg nets
Total number of DRCs = 9
Total number of antenna violations = antenna checking not active
Information: Routes in non-preferred voltage areas = 0 (ZRT-559)

Topology ECO not run, no qualifying violations or in frozen nets.
Updating the database ...
