#@ # 
#@ # Running icc2_shell Version O-2018.06-SP1 for linux64 -- Jul 17, 2018
#@ # Date:   Tue Jul  8 11:18:37 2025
#@ # Run by: ICer@IC_EDA
#@ 

start_gui
gui_set_pref_value -category {SelectByNamePalette} -key {ObjectType} -value {Logical Cells}
open_lib /mnt/hgfs/0_GP/Final_2/2_PnR/ibex_hvt -edit
open_block /mnt/hgfs/0_GP/Final_2/2_PnR/ibex_hvt:ibex_hvt_eco_2_3_DRCs.design
gui_set_pref_value -category {showRelativeLocationConstraints} -key {macroOffsetX} -value {0.001}
gui_set_pref_value -category {showRelativeLocationConstraints} -key {macroOffsetY} -value {0.001}
link_block
win_set_filter -visible -class cell -filter {hard_macro_margin hard_margin route_blockage_margin soft_margin}
win_set_filter -visible -class placement_blockage -filter {wiring} -layer {0-72}
win_set_filter -expand_cell_types {soft_macro  }
win_set_select_class -visible {cell port bound routing_blockage shaping_blockage pg_region pin_blockage block_shielding topology_node topology_edge core_area die_area edit_group shape via terminal fill_cell placement_blockage }
win_set_filter -class cell -filter {cell_array hard_macro_margin hard_margin route_blockage_margin soft_margin}
win_set_filter -class placement_blockage -filter {wiring} -layer {0-72}
win_set_select_class {cell port bound routing_blockage shaping_blockage pg_region pin_blockage topology_node topology_edge edit_group shape via placement_blockage }
gui_show_error_data
gui_set_error_browser_option -show_mode all
gui_set_error_browser_option -view_mode zoom
gui_set_error_browser_option -zoom_factor 1.000000
gui_set_error_browser_option -grouping type
gui_error_browser -show
gui_open_error_data -name {zroute.err}
gui_open_error_data -name {zroute.err}
gui_set_current_errors -data_name {zroute.err} -group {Off-grid}
gui_set_selected_errors -replace [gui_get_errors -data_name {zroute.err} -id {0}] -force
gui_set_setting -window [gui_get_current_window -types Layout -mru] -setting showPin -value true
gui_set_current_errors -data_name {zroute.err} -group {Off-grid} -sub_group {M1 (19)}
gui_set_selected_errors -replace [gui_get_errors -data_name {zroute.err} -id {0}] -force
gui_set_setting -window [gui_get_current_window -types Layout -mru] -setting showLayer_NWELL -value false
gui_set_setting -window [gui_get_current_window -types Layout -mru] -setting showLayer_LVTIMP -value false
gui_set_setting -window [gui_get_current_window -types Layout -mru] -setting showLayer_PO -value false
gui_set_setting -window [gui_get_current_window -types Layout -mru] -setting showLayer_M1 -value false
gui_set_setting -window [gui_get_current_window -types Layout -mru] -setting showLayer_M1DMY -value false
gui_set_setting -window [gui_get_current_window -types Layout -mru] -setting showLayer_VIA1 -value false
gui_set_setting -window [gui_get_current_window -types Layout -mru] -setting showLayer_M2 -value false
gui_set_setting -window [gui_get_current_window -types Layout -mru] -setting showLayer_M2DMY -value false
gui_set_setting -window [gui_get_current_window -types Layout -mru] -setting showLayer_VIA2 -value false
gui_set_setting -window [gui_get_current_window -types Layout -mru] -setting showLayer_M3 -value false
gui_set_setting -window [gui_get_current_window -types Layout -mru] -setting showLayer_M3DMY -value false
gui_set_setting -window [gui_get_current_window -types Layout -mru] -setting showLayer_VIA3 -value false
gui_set_setting -window [gui_get_current_window -types Layout -mru] -setting showLayer_M4 -value false
gui_set_setting -window [gui_get_current_window -types Layout -mru] -setting showLayer_M4DMY -value false
gui_set_setting -window [gui_get_current_window -types Layout -mru] -setting showLayer_VIA4 -value false
gui_set_setting -window [gui_get_current_window -types Layout -mru] -setting showLayer_M5 -value false
gui_set_setting -window [gui_get_current_window -types Layout -mru] -setting showLayer_M5DMY -value false
gui_set_setting -window [gui_get_current_window -types Layout -mru] -setting showLayer_VIA5 -value false
gui_set_setting -window [gui_get_current_window -types Layout -mru] -setting showLayer_M6 -value false
gui_set_setting -window [gui_get_current_window -types Layout -mru] -setting showLayer_M6DMY -value false
gui_set_setting -window [gui_get_current_window -types Layout -mru] -setting showLayer_VIA6 -value false
gui_set_setting -window [gui_get_current_window -types Layout -mru] -setting showLayer_M7 -value false
gui_set_setting -window [gui_get_current_window -types Layout -mru] -setting showLayer_M7DMY -value false
gui_set_setting -window [gui_get_current_window -types Layout -mru] -setting showLayer_VIA7 -value false
gui_set_setting -window [gui_get_current_window -types Layout -mru] -setting showLayer_M8 -value false
gui_set_setting -window [gui_get_current_window -types Layout -mru] -setting showLayer_M8DMY -value false
gui_set_setting -window [gui_get_current_window -types Layout -mru] -setting showLayer_VIA8 -value false
gui_set_setting -window [gui_get_current_window -types Layout -mru] -setting showLayer_M9 -value false
gui_set_setting -window [gui_get_current_window -types Layout -mru] -setting showLayer_M9DMY -value false
gui_set_setting -window [gui_get_current_window -types Layout -mru] -setting showLayer_VIARDL -value false
gui_set_setting -window [gui_get_current_window -types Layout -mru] -setting showLayer_MRDL -value false
gui_set_setting -window [gui_get_current_window -types Layout -mru] -setting showLayer_DIFF -value false
gui_set_setting -window [gui_get_current_window -types Layout -mru] -setting showLayer_BJTDMY -value false
gui_set_setting -window [gui_get_current_window -types Layout -mru] -setting showLayer_CPO -value false
gui_set_setting -window [gui_get_current_window -types Layout -mru] -setting showLayer_CTM1 -value false
gui_set_setting -window [gui_get_current_window -types Layout -mru] -setting showLayer_DIFF_15 -value false
gui_set_setting -window [gui_get_current_window -types Layout -mru] -setting showLayer_DIFF_25 -value false
gui_set_setting -window [gui_get_current_window -types Layout -mru] -setting showLayer_DIOD -value false
gui_set_setting -window [gui_get_current_window -types Layout -mru] -setting showLayer_DNW -value false
gui_set_setting -window [gui_get_current_window -types Layout -mru] -setting showLayer_ESD -value false
gui_set_setting -window [gui_get_current_window -types Layout -mru] -setting showLayer_FIN -value false
gui_set_setting -window [gui_get_current_window -types Layout -mru] -setting showLayer_HOTNWL -value false
gui_set_setting -window [gui_get_current_window -types Layout -mru] -setting showLayer_HVTIMP -value false
gui_set_setting -window [gui_get_current_window -types Layout -mru] -setting showLayer_IP -value false
gui_set_setting -window [gui_get_current_window -types Layout -mru] -setting showLayer_LOGO -value false
gui_set_setting -window [gui_get_current_window -types Layout -mru] -setting showLayer_M1PIN -value false
gui_set_setting -window [gui_get_current_window -types Layout -mru] -setting showLayer_M2PIN -value false
gui_set_setting -window [gui_get_current_window -types Layout -mru] -setting showLayer_M3PIN -value false
gui_set_setting -window [gui_get_current_window -types Layout -mru] -setting showLayer_M4PIN -value false
gui_set_setting -window [gui_get_current_window -types Layout -mru] -setting showLayer_M5PIN -value false
gui_set_setting -window [gui_get_current_window -types Layout -mru] -setting showLayer_M6PIN -value false
gui_set_setting -window [gui_get_current_window -types Layout -mru] -setting showLayer_M7PIN -value false
gui_set_setting -window [gui_get_current_window -types Layout -mru] -setting showLayer_M8PIN -value false
gui_set_setting -window [gui_get_current_window -types Layout -mru] -setting showLayer_M9PIN -value false
gui_set_setting -window [gui_get_current_window -types Layout -mru] -setting showLayer_MRPIN -value false
gui_set_setting -window [gui_get_current_window -types Layout -mru] -setting showLayer_NIMP -value false
gui_set_setting -window [gui_get_current_window -types Layout -mru] -setting showLayer_PAD -value false
gui_set_setting -window [gui_get_current_window -types Layout -mru] -setting showLayer_PIMP -value false
gui_set_setting -window [gui_get_current_window -types Layout -mru] -setting showLayer_RM1 -value false
gui_set_setting -window [gui_get_current_window -types Layout -mru] -setting showLayer_RM2 -value false
gui_set_setting -window [gui_get_current_window -types Layout -mru] -setting showLayer_RM3 -value false
gui_set_setting -window [gui_get_current_window -types Layout -mru] -setting showLayer_RM4 -value false
gui_set_setting -window [gui_get_current_window -types Layout -mru] -setting showLayer_RM5 -value false
gui_set_setting -window [gui_get_current_window -types Layout -mru] -setting showLayer_RM6 -value false
gui_set_setting -window [gui_get_current_window -types Layout -mru] -setting showLayer_RM7 -value false
gui_set_setting -window [gui_get_current_window -types Layout -mru] -setting showLayer_RM8 -value false
gui_set_setting -window [gui_get_current_window -types Layout -mru] -setting showLayer_RM9 -value false
gui_set_setting -window [gui_get_current_window -types Layout -mru] -setting showLayer_RMARK -value false
gui_set_setting -window [gui_get_current_window -types Layout -mru] -setting showLayer_RNW -value false
gui_set_setting -window [gui_get_current_window -types Layout -mru] -setting showLayer_SBLK -value false
gui_set_setting -window [gui_get_current_window -types Layout -mru] -setting showLayer_VIA0 -value false
gui_set_setting -window [gui_get_current_window -types Layout -mru] -setting showLayer_prBoundary -value false
gui_set_setting -window [gui_get_current_window -types Layout -mru] -setting showLayer_UNASSIGNED -value false
gui_set_setting -window [gui_get_current_window -types Layout -mru] -setting showLayer_M2 -value true
gui_set_setting -window [gui_get_current_window -types Layout -mru] -setting showLayer_VIA1 -value true
gui_set_setting -window [gui_get_current_window -types Layout -mru] -setting showLayer_M1 -value true
gui_set_setting -window [gui_get_current_window -types Layout -mru] -setting showWiringGrid -value true
win_set_filter -visible -class pin -filter {} -layer {0-2 4 7-72}
win_set_filter -visible -class routing_blockage -layer {0-2 4 7-72}
win_set_filter -visible -class shape -filter {} -layer {0-2 4 7-72}
win_set_filter -visible -class via -filter {} -layer {0-2 4 7-72}
win_set_filter -visible -class terminal -filter {}  -layer {0-2 4 7-72}
win_set_filter -visible -class trackdef -filter {non_preferred} -layer {0-2 4 7-72}
win_set_select_class -visible {cell pin port bound routing_blockage shaping_blockage pg_region pin_blockage block_shielding topology_node topology_edge core_area die_area edit_group shape via terminal fill_cell trackdef placement_blockage }
win_set_filter -class pin -filter {} -layer {0-2 4 7-72}
win_set_filter -class routing_blockage -layer {0-2 4 7-72}
win_set_filter -class shape -filter {} -layer {0-2 4 7-72}
win_set_filter -class via -filter {} -layer {0-2 4 7-72}
win_set_select_class {cell pin port bound routing_blockage shaping_blockage pg_region pin_blockage topology_node topology_edge edit_group shape via placement_blockage }
gui_mouse_tool -window [gui_get_current_window -types Layout -mru] -start DeleteTool
gui_set_mouse_tool_option -tool DeleteTool -option {removeDisconnected} -value false
gui_mouse_tool -window [gui_get_current_window -types Layout -mru] -add_point {112.372 147.355} -scale 0.0003
gui_set_selected_errors -replace [gui_get_errors -data_name {zroute.err} -id {0}] -force
undo
gui_mouse_tool -window [gui_get_current_window -types Layout -mru] -reset
gui_set_mouse_tool_option -tool SELECT -option {Operation} -value {Replace}
win_select_objects -slct_targets global -at {112.366 147.380} -radius 0.0003
remove_physical_objects
gui_set_selected_errors -replace [gui_get_errors -data_name {zroute.err} -id {0}] -force
win_select_objects -slct_targets global -at {112.416 147.365} -radius 0.0003
win_select_objects -slct_targets global -at {112.416 147.365} -radius 0.0003 -index 1
remove_physical_objects
gui_set_selected_errors -replace [gui_get_errors -data_name {zroute.err} -id {0}] -force
win_select_objects -slct_targets global -at {112.375 147.252} -radius 0.0003
win_select_objects -slct_targets global -at {112.374 147.222} -radius 0.0003
win_select_objects -slct_targets global -at {112.374 147.222} -radius 0.0003 -index 1
win_select_objects -slct_targets global -at {112.374 147.222} -radius 0.0003 -index 2
win_select_objects -slct_targets global -at {112.374 147.222} -radius 0.0003 -index 3
win_select_objects -slct_targets global -at {112.374 147.222} -radius 0.0003
win_select_objects -slct_targets global -at {112.374 147.222} -radius 0.0003 -index 1
win_select_objects -slct_targets global -at {112.374 147.222} -radius 0.0003 -index 2
win_select_objects -slct_targets global -at {112.374 147.222} -radius 0.0003 -index 3
win_select_objects -slct_targets global -at {112.374 147.222} -radius 0.0003
remove_physical_objects
gui_set_selected_errors -replace [gui_get_errors -data_name {zroute.err} -id {0}] -force
win_select_objects -slct_targets global -at {112.414 147.236} -radius 0.0003
win_select_objects -slct_targets global -at {112.414 147.236} -radius 0.0003 -index 1
remove_physical_objects
gui_set_selected_errors -replace [gui_get_errors -data_name {zroute.err} -id {0}] -force
gui_set_setting -window [gui_get_current_window -types Layout -mru] -setting showLayer_VIA2 -value true
gui_set_setting -window [gui_get_current_window -types Layout -mru] -setting showLayer_M3 -value true
win_set_filter -visible -class pin -filter {} -layer {0-2 4 7 10-72}
win_set_filter -visible -class routing_blockage -layer {0-2 4 7 10-72}
win_set_filter -visible -class shape -filter {} -layer {0-2 4 7 10-72}
win_set_filter -visible -class via -filter {} -layer {0-2 4 7 10-72}
win_set_filter -visible -class terminal -filter {}  -layer {0-2 4 7 10-72}
win_set_filter -visible -class trackdef -filter {non_preferred} -layer {0-2 4 7 10-72}
win_set_filter -class pin -filter {} -layer {0-2 4 7 10-72}
win_set_filter -class routing_blockage -layer {0-2 4 7 10-72}
win_set_filter -class shape -filter {} -layer {0-2 4 7 10-72}
win_set_filter -class via -filter {} -layer {0-2 4 7 10-72}
win_select_objects -slct_targets global -at {112.368 147.343} -radius 0.0003
move_objects -rotate_by CW90 -group
gui_set_setting -window [gui_get_current_window -types Layout -mru] -setting showPinShapeLayer_M1 -value true
gui_set_setting -window [gui_get_current_window -types Layout -mru] -setting showPinShapeLayer_VIA1 -value true
gui_set_setting -window [gui_get_current_window -types Layout -mru] -setting showPinShapeLayer_M2 -value true
set_attribute -objects [get_vias VIA_S_23868] -name via_def -value [get_via_defs -library [current_lib] VIA12SQ_C]
win_select_objects -slct_targets global -at {112.369 147.295} -radius 0.0003
gui_zoom -window [gui_get_current_window -types Layout -view] -factor 2 -at_point {112.370 147.303}
gui_zoom -window [gui_get_current_window -types Layout -view] -factor 0.5 -at_point {112.370 147.303}
gui_mouse_tool -window [gui_get_current_window -types Layout -mru] -start CreateShapeTool
gui_set_mouse_tool_option -tool CreateShapeTool -option {layer} -value {M1}
gui_set_mouse_tool_option -tool CreateShapeTool -option {wireWidth} -value {0.034}
gui_set_mouse_tool_option -tool CreateShapeTool -option {net} -value {net410}
gui_set_mouse_tool_option -tool CreateShapeTool -option {layer} -value {M1 VIA1 M2}
gui_set_mouse_tool_option -tool CreateShapeTool -option {layer} -value {M2}
gui_set_mouse_tool_option -tool CreateShapeTool -option {autoLayer} -value {false}
gui_mouse_tool -window [gui_get_current_window -types Layout -mru] -add_point {112.334 147.303} -scale 0.0003
gui_mouse_tool -window [gui_get_current_window -types Layout -mru] -add_point {112.364 147.302} -scale 0.0003
gui_mouse_tool -window [gui_get_current_window -types Layout -mru] -reset
check_routes
win_select_objects -slct_targets global -at {112.458 147.391} -radius 0.0003
gui_set_current_errors -data_name {zroute.err} -group {End of line enclosure}
gui_set_selected_errors -replace [gui_get_errors -data_name {zroute.err} -id {1}] -force
gui_set_current_errors -data_name {zroute.err} -group {End of line enclosure} -sub_group {VIA1 (20)-M2 (21)}
gui_set_selected_errors -replace [gui_get_errors -data_name {zroute.err} -id {1}] -force
gui_zoom -window [gui_get_current_window -types Layout -view] -factor 0.5 -at_point {112.405 147.309}
gui_zoom -window [gui_get_current_window -types Layout -view] -factor 0.5 -at_point {112.405 147.308}
win_select_objects -slct_targets global -at {112.313 147.332} -radius 0.0002
win_select_objects -slct_targets global -at {112.418 147.302} -radius 0.0002
gui_set_current_errors -data_name {zroute.err} -group {Same net spacing} -sub_group {M2 (21)}
gui_set_selected_errors -replace [gui_get_errors -data_name {zroute.err} -id {0}] -force
win_select_objects -slct_targets global -at {112.296 147.271} -radius 0.0001
gui_zoom -window [gui_get_current_window -types Layout -view] -factor 0.5 -at_point {112.318 147.272}
gui_zoom -window [gui_get_current_window -types Layout -view] -factor 0.5 -at_point {112.318 147.272}
gui_zoom -window [gui_get_current_window -types Layout -view] -factor 2 -at_point {112.331 147.303}
win_select_objects -slct_targets global -at {112.368 147.334} -radius 0.0002
gui_mouse_tool -window [gui_get_current_window -types Layout -mru] -start MoveTool
gui_mouse_tool -window [gui_get_current_window -types Layout -mru] -add_point {112.368 147.334} -scale 0.0002
gui_mouse_tool -window [gui_get_current_window -types Layout -mru] -add_point {112.517 147.309} -scale 0.0002
gui_mouse_tool -window [gui_get_current_window -types Layout -mru] -reset
win_select_objects -slct_targets global -at {112.360 147.315} -radius 0.0002
gui_mouse_tool -window [gui_get_current_window -types Layout -mru] -start MoveTool
gui_mouse_tool -window [gui_get_current_window -types Layout -mru] -add_point {112.360 147.315} -scale 0.0002
gui_mouse_tool -window [gui_get_current_window -types Layout -mru] -add_point {112.243 147.319} -scale 0.0002
gui_mouse_tool -window [gui_get_current_window -types Layout -mru] -reset
win_select_objects -slct_targets global -at {112.306 147.246} -radius 0.0002
gui_mouse_tool -window [gui_get_current_window -types Layout -mru] -start MoveTool
gui_mouse_tool -window [gui_get_current_window -types Layout -mru] -add_point {112.306 147.246} -scale 0.0002
gui_mouse_tool -window [gui_get_current_window -types Layout -mru] -reset
gui_mouse_tool -window [gui_get_current_window -types Layout -mru] -add_point {112.342 147.299} -scale 0.0002
gui_mouse_tool -window [gui_get_current_window -types Layout -mru] -reset
gui_mouse_tool -window [gui_get_current_window -types Layout -mru] -add_point {112.342 147.299} -scale 0.0002
gui_mouse_tool -window [gui_get_current_window -types Layout -mru] -add_point {112.342 147.299} -scale 0.0002
gui_mouse_tool -window [gui_get_current_window -types Layout -mru] -reset
undo
win_select_objects -slct_targets global -at {112.340 147.300} -radius 0.0002
win_select_objects -slct_targets global -at {112.338 147.299} -radius 0.0002 -index 1
win_select_objects -slct_targets global -at {112.331 147.299} -radius 0.0002 -index 2
win_select_objects -slct_targets global -at {112.319 147.299} -radius 0.0002 -index 3
gui_mouse_tool -window [gui_get_current_window -types Layout -mru] -start StretchTool
gui_mouse_tool -window [gui_get_current_window -types Layout -mru] -reset
win_select_objects -slct_targets global -at {112.320 147.302} -radius 0.0002
gui_mouse_tool -window [gui_get_current_window -types Layout -mru] -start StretchTool
gui_mouse_tool -window [gui_get_current_window -types Layout -mru] -add_point {112.320 147.302} -scale 0.0002
gui_mouse_tool -window [gui_get_current_window -types Layout -mru] -add_point {112.323 147.258} -scale 0.0002
gui_mouse_tool -window [gui_get_current_window -types Layout -mru] -reset
win_select_objects -slct_targets global -at {112.313 147.320} -radius 0.0002
win_select_objects -slct_targets global -at {112.516 147.304} -radius 0.0002
gui_mouse_tool -window [gui_get_current_window -types Layout -mru] -start MoveTool
gui_mouse_tool -window [gui_get_current_window -types Layout -mru] -add_point {112.502 147.305} -scale 0.0002
gui_mouse_tool -window [gui_get_current_window -types Layout -mru] -add_point {112.338 147.318} -scale 0.0002
gui_mouse_tool -window [gui_get_current_window -types Layout -mru] -reset
undo
gui_zoom -window [gui_get_current_window -types Layout -view] -factor 0.5 -at_point {112.370 147.199}
gui_scroll -window [gui_get_current_window -types Layout -view] -vrel 0.25
gui_scroll -window [gui_get_current_window -types Layout -view] -vrel 0.25
gui_scroll -window [gui_get_current_window -types Layout -view] -vrel 0.25
gui_scroll -window [gui_get_current_window -types Layout -view] -vrel 0.25
gui_scroll -window [gui_get_current_window -types Layout -view] -vrel 0.25
gui_scroll -window [gui_get_current_window -types Layout -view] -vrel 0.25
gui_scroll -window [gui_get_current_window -types Layout -view] -vrel 0.25
gui_scroll -window [gui_get_current_window -types Layout -view] -vrel 0.25
gui_scroll -window [gui_get_current_window -types Layout -view] -vrel -0.25
gui_scroll -window [gui_get_current_window -types Layout -view] -vrel -0.25
gui_scroll -window [gui_get_current_window -types Layout -view] -vrel -0.25
gui_scroll -window [gui_get_current_window -types Layout -view] -vrel -0.25
gui_scroll -window [gui_get_current_window -types Layout -view] -vrel -0.25
gui_scroll -window [gui_get_current_window -types Layout -view] -vrel -0.25
gui_scroll -window [gui_get_current_window -types Layout -view] -vrel -0.25
win_select_objects -slct_targets global -at {112.332 147.233} -radius 0.0005
gui_mouse_tool -window [gui_get_current_window -types Layout -mru] -start MoveTool
gui_mouse_tool -window [gui_get_current_window -types Layout -mru] -add_point {112.332 147.233} -scale 0.0005
gui_mouse_tool -window [gui_get_current_window -types Layout -mru] -add_point {112.267 147.117} -scale 0.0005
gui_set_setting -window [gui_get_current_window -types Layout -mru] -setting showPinShapeLayer_VIA2 -value true
gui_set_setting -window [gui_get_current_window -types Layout -mru] -setting showPinShapeLayer_M3 -value true
gui_mouse_tool -window [gui_get_current_window -types Layout -mru] -reset
win_select_objects -slct_targets global -at {112.231 147.297} -radius 0.0005
gui_mouse_tool -window [gui_get_current_window -types Layout -mru] -start MoveTool
gui_mouse_tool -window [gui_get_current_window -types Layout -mru] -add_point {112.236 147.297} -scale 0.0005
gui_mouse_tool -window [gui_get_current_window -types Layout -mru] -add_point {112.632 147.400} -scale 0.0005
gui_mouse_tool -window [gui_get_current_window -types Layout -mru] -add_point {112.514 147.289} -scale 0.0005
gui_mouse_tool -window [gui_get_current_window -types Layout -mru] -add_point {112.281 147.298} -scale 0.0005
gui_mouse_tool -window [gui_get_current_window -types Layout -mru] -reset
gui_mouse_tool -window [gui_get_current_window -types Layout -mru] -start CreateShapeTool
gui_mouse_tool -window [gui_get_current_window -types Layout -mru] -add_point {112.259 147.118} -scale 0.0005
gui_mouse_tool -window [gui_get_current_window -types Layout -mru] -add_point {112.262 147.297} -scale 0.0005
gui_mouse_tool -window [gui_get_current_window -types Layout -mru] -add_point {112.259 147.271} -scale 0.0005
gui_mouse_tool -window [gui_get_current_window -types Layout -mru] -add_point {112.293 147.289} -scale 0.0005
gui_set_mouse_tool_option -tool CreateShapeTool -option {layer} -value {M1}
gui_mouse_tool -window [gui_get_current_window -types Layout -mru] -add_point {112.293 147.300} -scale 0.0005
gui_mouse_tool -window [gui_get_current_window -types Layout -mru] -add_point {112.408 147.301} -scale 0.0005
gui_mouse_tool -window [gui_get_current_window -types Layout -mru] -reset
gui_set_mouse_tool_option -tool SELECT -option {Operation} -value {Replace}
check_routes
win_select_objects -slct_targets global -at {112.440 147.340} -radius 0.0005
gui_set_current_errors -data_name {zroute.err} -group {Same net spacing}
gui_set_selected_errors -replace [gui_get_errors -data_name {zroute.err} -id {1}] -force
win_select_objects -slct_targets global -at {112.292 147.267} -radius 0.0001
win_select_objects -slct_targets global -at {112.274 147.264} -radius 0.0001
gui_set_current_errors -data_name {zroute.err} -group {Short}
gui_set_selected_errors -replace [gui_get_errors -data_name {zroute.err} -id {2}] -force
win_select_objects -slct_targets global -at {112.207 147.319} -radius 0.0001
gui_zoom -window [gui_get_current_window -types Layout -view] -factor 0.5 -at_point {112.207 147.319}
win_select_objects -slct_targets global -at {112.295 147.332} -radius 0.0002
move_objects -rotate_by CW90 -group
win_select_objects -slct_targets global -at {112.334 147.340} -radius 0.0002
win_select_objects -slct_targets global -at {112.269 147.236} -radius 0.0002
gui_zoom -window [gui_get_current_window -types Layout -view] -factor 0.5 -at_point {112.269 147.236}
gui_scroll -window [gui_get_current_window -types Layout -view] -vrel 0.25
gui_scroll -window [gui_get_current_window -types Layout -view] -vrel -0.25
gui_zoom -window [gui_get_current_window -types Layout -view] -factor 2 -at_point {112.327 147.294}
win_select_objects -slct_targets global -at {112.374 147.303} -radius 0.0002
win_select_objects -slct_targets global -at {112.334 147.303} -radius 0.0002
win_select_objects -slct_targets global -at {112.370 147.309} -radius 0.0002
gui_mouse_tool -window [gui_get_current_window -types Layout -mru] -start StretchTool
gui_mouse_tool -window [gui_get_current_window -types Layout -mru] -reset
gui_zoom -window [gui_get_current_window -types Layout -view] -factor 0.5 -at_point {112.302 147.306}
gui_scroll -window [gui_get_current_window -types Layout -view] -vrel 0.25
check_routes
win_select_objects -slct_targets global -at {112.456 147.343} -radius 0.0004
gui_set_current_errors -data_name {zroute.err} -group {Off-grid} -sub_group {M1 (19)}
gui_set_selected_errors -replace [gui_get_errors -data_name {zroute.err} -id {3}] -force
gui_set_current_errors -data_name {zroute.err} -group {Off-grid} -sub_group {M2 (21)}
gui_set_selected_errors -replace [gui_get_errors -data_name {zroute.err} -id {1}] -force
win_select_objects -slct_targets global -at {112.284 147.149} -radius 0.0001
gui_zoom -window [gui_get_current_window -types Layout -view] -factor 0.5 -at_point {112.284 147.149}
gui_zoom -window [gui_get_current_window -types Layout -view] -factor 0.5 -at_point {112.285 147.150}
gui_scroll -window [gui_get_current_window -types Layout -view] -vrel -0.25
gui_zoom -window [gui_get_current_window -types Layout -view] -factor 2 -at_point {112.282 147.269}
gui_scroll -window [gui_get_current_window -types Layout -view] -vrel 0.25
gui_zoom -window [gui_get_current_window -types Layout -view] -factor 2 -at_point {112.271 147.156}
win_select_objects -slct_targets global -at {112.261 147.129} -radius 0.0001
gui_mouse_tool -window [gui_get_current_window -types Layout -mru] -start MoveTool
gui_mouse_tool -window [gui_get_current_window -types Layout -mru] -add_point {112.261 147.129} -scale 0.0001
gui_mouse_tool -window [gui_get_current_window -types Layout -mru] -add_point {112.256 147.129} -scale 0.0001
gui_mouse_tool -window [gui_get_current_window -types Layout -mru] -add_point {112.260 147.195} -scale 0.0001
gui_mouse_tool -window [gui_get_current_window -types Layout -mru] -add_point {112.260 147.195} -scale 0.0001
gui_mouse_tool -window [gui_get_current_window -types Layout -mru] -reset
win_select_objects -slct_targets global -at {112.251 147.187} -radius 0.0001
win_select_objects -slct_targets global -at {112.251 147.187} -radius 0.0001 -index 1
remove_physical_objects
win_select_objects -slct_targets global -at {112.251 147.187} -radius 0.0001 -index 2
gui_zoom -window [gui_get_current_window -types Layout -view] -factor 0.5 -at_point {112.251 147.187}
gui_zoom -window [gui_get_current_window -types Layout -view] -factor 0.5 -at_point {112.252 147.186}
gui_scroll -window [gui_get_current_window -types Layout -view] -vrel -0.25
win_select_objects -slct_targets global -at {112.256 147.223} -radius 0.0005
remove_physical_objects
gui_set_selected_errors -replace [gui_get_errors -data_name {zroute.err} -id {1}] -force
gui_zoom -window [gui_get_current_window -types Layout -view] -factor 2 -at_point {112.258 147.241}
win_select_objects -slct_targets global -at {112.251 147.292} -radius 0.0003
win_select_objects -slct_targets global -at {112.253 147.294} -radius 0.0003 -index 1
win_select_objects -slct_targets global -at {112.253 147.294} -radius 0.0003 -index 2
win_select_objects -slct_targets global -at {112.253 147.294} -radius 0.0003 -index 3
win_select_objects -slct_targets global -at {112.253 147.294} -radius 0.0003 -index 4
win_select_objects -slct_targets global -at {112.253 147.294} -radius 0.0003
remove_physical_objects
gui_set_selected_errors -replace [gui_get_errors -data_name {zroute.err} -id {1}] -force
win_select_objects -slct_targets global -at {112.260 147.162} -radius 0.0003
win_select_objects -slct_targets global -at {112.261 147.202} -radius 0.0003
gui_error_browser -hide
gui_mouse_tool -window [gui_get_current_window -types Layout -mru] -start CreateShapeTool
gui_mouse_tool -window [gui_get_current_window -types Layout -mru] -reset
win_select_objects -slct_targets global -at {112.283 147.127} -radius 0.0003
move_objects -rotate_by CW90 -group
win_select_objects -slct_targets global -at {112.267 147.121} -radius 0.0003
gui_mouse_tool -window [gui_get_current_window -types Layout -mru] -start MoveTool
gui_mouse_tool -window [gui_get_current_window -types Layout -mru] -add_point {112.282 147.121} -scale 0.0003
gui_mouse_tool -window [gui_get_current_window -types Layout -mru] -add_point {112.355 147.120} -scale 0.0003
gui_mouse_tool -window [gui_get_current_window -types Layout -mru] -reset
win_select_objects -slct_targets global -at {112.336 147.247} -radius 0.0003
gui_mouse_tool -window [gui_get_current_window -types Layout -mru] -start StretchTool
gui_mouse_tool -window [gui_get_current_window -types Layout -mru] -add_point {112.334 147.256} -scale 0.0003
gui_mouse_tool -window [gui_get_current_window -types Layout -mru] -add_point {112.335 147.135} -scale 0.0003
gui_mouse_tool -window [gui_get_current_window -types Layout -mru] -reset
win_select_objects -slct_targets global -at {112.261 147.306} -radius 0.0003
gui_mouse_tool -window [gui_get_current_window -types Layout -mru] -start CreateShapeTool
gui_mouse_tool -window [gui_get_current_window -types Layout -mru] -add_point {112.295 147.114} -scale 0.0003
gui_mouse_tool -window [gui_get_current_window -types Layout -mru] -reset
gui_set_mouse_tool_option -tool CreateShapeTool -option {layer} -value {M2}
gui_mouse_tool -window [gui_get_current_window -types Layout -mru] -add_point {112.295 147.120} -scale 0.0003
gui_mouse_tool -window [gui_get_current_window -types Layout -mru] -reset
gui_zoom -window [gui_get_current_window -types Layout -view] -factor 2 -at_point {112.288 147.120}
gui_zoom -window [gui_get_current_window -types Layout -view] -factor 0.5 -at_point {112.292 147.120}
gui_zoom -window [gui_get_current_window -types Layout -view] -factor 0.5 -at_point {112.292 147.120}
gui_mouse_tool -window [gui_get_current_window -types Layout -mru] -reset
gui_mouse_tool -window [gui_get_current_window -types Layout -mru] -start CreateShapeTool
gui_mouse_tool -window [gui_get_current_window -types Layout -mru] -add_point {112.292 147.299} -scale 0.0005
gui_mouse_tool -window [gui_get_current_window -types Layout -mru] -add_point {112.283 147.124} -scale 0.0005
gui_mouse_tool -window [gui_get_current_window -types Layout -mru] -reset
gui_set_mouse_tool_option -tool SELECT -option {Operation} -value {Replace}
check_routes
gui_set_current_errors -data_name {zroute.err} -group {Diff net spacing}
gui_set_selected_errors -replace [gui_get_errors -data_name {zroute.err} -id {0}] -force
win_select_objects -slct_targets global -at {112.300 147.304} -radius 0.0001
win_select_objects -slct_targets global -at {112.265 147.304} -radius 0.0001
gui_zoom -window [gui_get_current_window -types Layout -view] -factor 0.5 -at_point {112.246 147.303}
gui_scroll -window [gui_get_current_window -types Layout -view] -vrel 0.25
gui_zoom -window [gui_get_current_window -types Layout -view] -factor 0.5 -at_point {112.245 147.241}
gui_zoom -window [gui_get_current_window -types Layout -view] -factor 2 -at_point {112.245 147.241}
gui_zoom -window [gui_get_current_window -types Layout -view] -factor 0.5 -at_point {112.245 147.241}
win_select_objects -slct_targets global -at {112.242 147.294} -radius 0.0005
gui_set_setting -window [gui_get_current_window -types Layout -mru] -setting viewLevel -value 1
gui_set_setting -window [gui_get_current_window -types Layout -mru] -setting viewLevel -value 2
gui_set_setting -window [gui_get_current_window -types Layout -mru] -setting viewLevel -value 3
gui_set_setting -window [gui_get_current_window -types Layout -mru] -setting viewLevel -value 4
gui_set_setting -window [gui_get_current_window -types Layout -mru] -setting viewLevel -value 5
gui_set_setting -window [gui_get_current_window -types Layout -mru] -setting deepSelect -value true
gui_set_setting -window [gui_get_current_window -types Layout -mru] -setting expandCellHardMacro -value true
gui_set_setting -window [gui_get_current_window -types Layout -mru] -setting expandCellCore -value true
gui_set_setting -window [gui_get_current_window -types Layout -mru] -setting expandCellIO -value true
gui_set_setting -window [gui_get_current_window -types Layout -mru] -setting expandFillInst -value true
gui_set_setting -window [gui_get_current_window -types Layout -mru] -setting expandCellOthers -value true
win_set_filter -start_level 0 -stop_level 5 -visible
win_set_filter -expand_cell_types {std io hard_macro soft_macro other fill  }
win_set_filter -start_level 0 -stop_level 5
win_select_objects -slct_targets global -at {112.298 147.307} -radius 0.0005
win_select_objects -slct_targets global -at {112.301 147.302} -radius 0.0005
move_objects -rotate_by CW90 -group
win_select_objects -slct_targets global -at {112.296 147.300} -radius 0.0005
win_select_objects -slct_targets global -at {112.365 147.301} -radius 0.0005
remove_physical_objects
gui_set_selected_errors -replace [gui_get_errors -data_name {zroute.err} -id {0}] -force
win_select_objects -slct_targets global -at {112.294 147.306} -radius 0.0005
gui_mouse_tool -window [gui_get_current_window -types Layout -mru] -start MoveTool
gui_mouse_tool -window [gui_get_current_window -types Layout -mru] -add_point {112.294 147.306} -scale 0.0005
gui_mouse_tool -window [gui_get_current_window -types Layout -mru] -add_point {112.372 147.305} -scale 0.0005
gui_mouse_tool -window [gui_get_current_window -types Layout -mru] -add_point {112.298 147.219} -scale 0.0005
gui_mouse_tool -window [gui_get_current_window -types Layout -mru] -reset
gui_mouse_tool -window [gui_get_current_window -types Layout -mru] -add_point {112.312 147.209} -scale 0.0005
gui_mouse_tool -window [gui_get_current_window -types Layout -mru] -add_point {112.471 147.212} -scale 0.0005
gui_mouse_tool -window [gui_get_current_window -types Layout -mru] -reset
gui_zoom -window [gui_get_current_window -types Layout -view] -factor 2 -at_point {112.373 147.280}
gui_zoom -window [gui_get_current_window -types Layout -view] -factor 0.5 -at_point {112.373 147.283}
gui_zoom -window [gui_get_current_window -types Layout -view] -factor 2 -at_point {112.369 147.126}
gui_zoom -window [gui_get_current_window -types Layout -view] -factor 0.5 -at_point {112.371 147.140}
gui_mouse_tool -window [gui_get_current_window -types Layout -mru] -start CreateShapeTool
gui_mouse_tool -window [gui_get_current_window -types Layout -mru] -add_point {112.368 147.298} -scale 0.0005
gui_mouse_tool -window [gui_get_current_window -types Layout -mru] -add_point {112.369 147.113} -scale 0.0005
gui_mouse_tool -window [gui_get_current_window -types Layout -mru] -reset
win_select_objects -slct_targets global -at {112.450 147.212} -radius 0.0005
remove_physical_objects
gui_set_selected_errors -replace [gui_get_errors -data_name {zroute.err} -id {0}] -force
check_routes
win_select_objects -slct_targets global -at {112.460 147.339} -radius 0.0005
gui_set_current_errors -data_name {zroute.err} -group {Off-grid}
gui_set_selected_errors -replace [gui_get_errors -data_name {zroute.err} -id {0}] -force
gui_set_current_errors -data_name {zroute.err} -group {Off-grid} -sub_group {M1 (19)}
gui_set_selected_errors -replace [gui_get_errors -data_name {zroute.err} -id {0}] -force
gui_set_selected_errors -replace [gui_get_errors -data_name {zroute.err} -id {1}] -force
gui_set_selected_errors -replace [gui_get_errors -data_name {zroute.err} -id {0}] -force
win_select_objects -slct_targets global -at {111.892 147.380} -radius 0.0001
gui_zoom -window [gui_get_current_window -types Layout -view] -factor 0.5 -at_point {111.892 147.380}
gui_zoom -window [gui_get_current_window -types Layout -view] -factor 0.5 -at_point {111.892 147.381}
gui_scroll -window [gui_get_current_window -types Layout -view] -vrel -0.25
gui_scroll -window [gui_get_current_window -types Layout -view] -vrel 0.25
gui_scroll -window [gui_get_current_window -types Layout -view] -hrel -0.25
gui_scroll -window [gui_get_current_window -types Layout -view] -hrel 0.25
gui_scroll -window [gui_get_current_window -types Layout -view] -hrel 0.25
gui_scroll -window [gui_get_current_window -types Layout -view] -hrel -0.25
gui_zoom -window [gui_get_current_window -types Layout -view] -factor 2 -at_point {111.923 147.349}
win_select_objects -slct_targets global -at {111.925 147.389} -radius 0.0002
gui_zoom -window [gui_get_current_window -types Layout -view] -factor 0.5 -at_point {111.925 147.389}
win_select_objects -slct_targets global -at {111.963 147.372} -radius 0.0005
win_select_objects -slct_targets global -at {111.927 147.388} -radius 0.0005
gui_mouse_tool -window [gui_get_current_window -types Layout -mru] -start MoveTool
gui_mouse_tool -window [gui_get_current_window -types Layout -mru] -add_point {111.927 147.388} -scale 0.0005
gui_mouse_tool -window [gui_get_current_window -types Layout -mru] -add_point {111.794 147.283} -scale 0.0005
gui_mouse_tool -window [gui_get_current_window -types Layout -mru] -add_point {111.925 147.387} -scale 0.0005
gui_mouse_tool -window [gui_get_current_window -types Layout -mru] -add_point {111.868 147.234} -scale 0.0005
undo
gui_mouse_tool -window [gui_get_current_window -types Layout -mru] -reset
win_select_objects -slct_targets global -at {111.927 147.396} -radius 0.0005
remove_physical_objects
gui_set_selected_errors -replace [gui_get_errors -data_name {zroute.err} -id {0}] -force
win_select_objects -slct_targets global -at {111.971 147.397} -radius 0.0005
win_select_objects -slct_targets global -at {111.971 147.397} -radius 0.0005 -index 1
remove_physical_objects
gui_set_selected_errors -replace [gui_get_errors -data_name {zroute.err} -id {0}] -force
win_select_objects -slct_targets global -at {111.890 147.416} -radius 0.0005
remove_physical_objects
gui_set_selected_errors -replace [gui_get_errors -data_name {zroute.err} -id {0}] -force
win_select_objects -slct_targets global -at {111.792 147.307} -radius 0.0005
move_objects -rotate_by CW90 -group
win_select_objects -slct_targets global -at {111.788 147.299} -radius 0.0005
gui_mouse_tool -window [gui_get_current_window -types Layout -mru] -start MoveTool
gui_mouse_tool -window [gui_get_current_window -types Layout -mru] -add_point {111.788 147.299} -scale 0.0005
gui_mouse_tool -window [gui_get_current_window -types Layout -mru] -add_point {111.925 147.343} -scale 0.0005
set_attribute -objects [get_vias VIA_S_23831] -name via_def -value [get_via_defs -library [current_lib] VIA12SQ_C]
gui_mouse_tool -window [gui_get_current_window -types Layout -mru] -reset
gui_zoom -window [gui_get_current_window -types Layout -view] -factor 2 -at_point {111.914 147.371}
gui_mouse_tool -window [gui_get_current_window -types Layout -mru] -start MoveTool
gui_mouse_tool -window [gui_get_current_window -types Layout -mru] -add_point {111.921 147.359} -scale 0.0002
gui_mouse_tool -window [gui_get_current_window -types Layout -mru] -add_point {111.922 147.413} -scale 0.0002
gui_mouse_tool -window [gui_get_current_window -types Layout -mru] -reset
gui_zoom -window [gui_get_current_window -types Layout -view] -factor 0.5 -at_point {111.904 147.400}
check_routes
gui_set_current_errors -data_name {zroute.err} -group {Off-grid}
gui_set_selected_errors -replace [gui_get_errors -data_name {zroute.err} -id {0}] -force
gui_set_current_errors -data_name {zroute.err} -group {Off-grid} -sub_group {M1 (19)}
gui_set_selected_errors -replace [gui_get_errors -data_name {zroute.err} -id {0}] -force
win_select_objects -slct_targets global -at {116.844 153.869} -radius 0.0001
gui_zoom -window [gui_get_current_window -types Layout -view] -factor 0.5 -at_point {116.844 153.869}
gui_scroll -window [gui_get_current_window -types Layout -view] -vrel 0.25
gui_scroll -window [gui_get_current_window -types Layout -view] -vrel -0.25
win_select_objects -slct_targets global -at {116.885 153.841} -radius 0.0003
gui_mouse_tool -window [gui_get_current_window -types Layout -mru] -start MoveTool
gui_mouse_tool -window [gui_get_current_window -types Layout -mru] -add_point {116.885 153.841} -scale 0.0003
gui_mouse_tool -window [gui_get_current_window -types Layout -mru] -add_point {116.995 153.875} -scale 0.0003
gui_mouse_tool -window [gui_get_current_window -types Layout -mru] -reset
win_select_objects -slct_targets global -at {116.858 153.845} -radius 0.0003
win_select_objects -slct_targets global -at {116.857 153.845} -radius 0.0003 -index 1
win_select_objects -slct_targets global -at {116.857 153.845} -radius 0.0003 -index 2
win_select_objects -slct_targets global -at {116.857 153.845} -radius 0.0003 -index 3
win_select_objects -slct_targets global -at {116.857 153.845} -radius 0.0003
remove_physical_objects
gui_set_selected_errors -replace [gui_get_errors -data_name {zroute.err} -id {0}] -force
win_select_objects -slct_targets global -at {116.884 153.805} -radius 0.0003
win_select_objects -slct_targets global -at {116.884 153.805} -radius 0.0003 -index 1
win_select_objects -slct_targets global -at {116.891 153.774} -radius 0.0003
gui_mouse_tool -window [gui_get_current_window -types Layout -mru] -start MoveTool
gui_mouse_tool -window [gui_get_current_window -types Layout -mru] -add_point {116.849 153.780} -scale 0.0003
gui_mouse_tool -window [gui_get_current_window -types Layout -mru] -add_point {116.852 153.832} -scale 0.0003
gui_set_mouse_tool_option -tool MoveTool -option {dragAngle} -value {Orthogonal}
gui_scroll -window [gui_get_current_window -types Layout -view] -vrel -0.25
gui_set_mouse_tool_option -tool MoveTool -option {dragAngle} -value {Diagonal}
gui_mouse_tool -window [gui_get_current_window -types Layout -mru] -add_point {116.843 153.844} -scale 0.0003
gui_mouse_tool -window [gui_get_current_window -types Layout -mru] -add_point {116.843 153.901} -scale 0.0003
gui_mouse_tool -window [gui_get_current_window -types Layout -mru] -add_point {116.843 153.901} -scale 0.0003
gui_mouse_tool -window [gui_get_current_window -types Layout -mru] -add_point {116.843 153.845} -scale 0.0003
gui_mouse_tool -window [gui_get_current_window -types Layout -mru] -reset
win_select_objects -slct_targets global -at {116.997 153.886} -radius 0.0003
gui_mouse_tool -window [gui_get_current_window -types Layout -mru] -start MoveTool
gui_mouse_tool -window [gui_get_current_window -types Layout -mru] -add_point {116.997 153.886} -scale 0.0003
gui_mouse_tool -window [gui_get_current_window -types Layout -mru] -reset
move_objects -rotate_by CW90 -group
gui_mouse_tool -window [gui_get_current_window -types Layout -mru] -reset
win_select_objects -slct_targets global -at {116.994 153.882} -radius 0.0003
gui_mouse_tool -window [gui_get_current_window -types Layout -mru] -start MoveTool
gui_mouse_tool -window [gui_get_current_window -types Layout -mru] -add_point {116.994 153.882} -scale 0.0003
gui_mouse_tool -window [gui_get_current_window -types Layout -mru] -add_point {116.969 153.896} -scale 0.0003
gui_mouse_tool -window [gui_get_current_window -types Layout -mru] -reset
win_select_objects -slct_targets global -at {116.838 153.770} -radius 0.0003
gui_mouse_tool -window [gui_get_current_window -types Layout -mru] -start StretchTool
gui_mouse_tool -window [gui_get_current_window -types Layout -mru] -add_point {116.836 153.797} -scale 0.0003
gui_mouse_tool -window [gui_get_current_window -types Layout -mru] -add_point {116.837 153.859} -scale 0.0003
gui_mouse_tool -window [gui_get_current_window -types Layout -mru] -reset
gui_mouse_tool -window [gui_get_current_window -types Layout -mru] -start CreateShapeTool
gui_set_mouse_tool_option -tool CreateShapeTool -option {net} -value {net411}
gui_mouse_tool -window [gui_get_current_window -types Layout -mru] -reset
gui_set_mouse_tool_option -tool SELECT -option {Operation} -value {Replace}
win_select_objects -slct_targets global -at {116.847 153.884} -radius 0.0003
gui_mouse_tool -window [gui_get_current_window -types Layout -mru] -start MoveTool
gui_mouse_tool -window [gui_get_current_window -types Layout -mru] -add_point {116.847 153.884} -scale 0.0003
gui_mouse_tool -window [gui_get_current_window -types Layout -mru] -add_point {116.849 153.875} -scale 0.0003
gui_mouse_tool -window [gui_get_current_window -types Layout -mru] -add_point {116.845 153.762} -scale 0.0003
gui_mouse_tool -window [gui_get_current_window -types Layout -mru] -reset
gui_mouse_tool -window [gui_get_current_window -types Layout -mru] -abort
gui_mouse_tool -window [gui_get_current_window -types Layout -mru] -start StretchTool
gui_mouse_tool -window [gui_get_current_window -types Layout -mru] -add_point {116.846 153.862} -scale 0.0003
gui_mouse_tool -window [gui_get_current_window -types Layout -mru] -add_point {116.846 153.857} -scale 0.0003
gui_mouse_tool -window [gui_get_current_window -types Layout -mru] -reset
win_select_objects -slct_targets global -at {116.851 153.912} -radius 0.0003
gui_mouse_tool -window [gui_get_current_window -types Layout -mru] -start CreateShapeTool
gui_mouse_tool -window [gui_get_current_window -types Layout -mru] -add_point {116.844 153.838} -scale 0.0003
gui_mouse_tool -window [gui_get_current_window -types Layout -mru] -add_point {116.971 153.842} -scale 0.0003
gui_mouse_tool -window [gui_get_current_window -types Layout -mru] -reset
gui_set_mouse_tool_option -tool SELECT -option {Operation} -value {Replace}
gui_mouse_tool -window [gui_get_current_window -types Layout -mru] -start StretchTool
gui_mouse_tool -window [gui_get_current_window -types Layout -mru] -add_point {117.017 153.840} -scale 0.0003
gui_mouse_tool -window [gui_get_current_window -types Layout -mru] -add_point {116.968 153.848} -scale 0.0003
gui_mouse_tool -window [gui_get_current_window -types Layout -mru] -reset
win_select_objects -slct_targets global -at {116.974 153.887} -radius 0.0003
gui_mouse_tool -window [gui_get_current_window -types Layout -mru] -start MoveTool
gui_mouse_tool -window [gui_get_current_window -types Layout -mru] -add_point {116.963 153.892} -scale 0.0003
gui_mouse_tool -window [gui_get_current_window -types Layout -mru] -add_point {117.028 153.892} -scale 0.0003
gui_mouse_tool -window [gui_get_current_window -types Layout -mru] -reset
win_select_objects -slct_targets global -at {116.954 153.842} -radius 0.0003
gui_mouse_tool -window [gui_get_current_window -types Layout -mru] -start StretchTool
gui_mouse_tool -window [gui_get_current_window -types Layout -mru] -add_point {116.959 153.842} -scale 0.0003
gui_mouse_tool -window [gui_get_current_window -types Layout -mru] -reset
undo
gui_mouse_tool -window [gui_get_current_window -types Layout -mru] -add_point {116.926 153.837} -scale 0.0003
gui_mouse_tool -window [gui_get_current_window -types Layout -mru] -add_point {116.961 153.843} -scale 0.0003
gui_mouse_tool -window [gui_get_current_window -types Layout -mru] -reset
win_select_objects -slct_targets global -at {116.880 153.844} -radius 0.0003
win_select_objects -slct_targets global -at {116.959 153.836} -radius 0.0003
gui_mouse_tool -window [gui_get_current_window -types Layout -mru] -start StretchTool
gui_mouse_tool -window [gui_get_current_window -types Layout -mru] -add_point {116.863 153.846} -scale 0.0003
gui_mouse_tool -window [gui_get_current_window -types Layout -mru] -add_point {116.829 153.844} -scale 0.0003
gui_mouse_tool -window [gui_get_current_window -types Layout -mru] -add_point {116.990 153.840} -scale 0.0003
gui_mouse_tool -window [gui_get_current_window -types Layout -mru] -reset
gui_mouse_tool -window [gui_get_current_window -types Layout -mru] -reset
win_select_objects -slct_targets global -at {116.995 153.935} -radius 0.0003
check_routes
check_lvs
set LOG "./log"
set REPORT "./reports"
set OUTPUT "./output"
set BLOCK "ibex_hvt_eco_2"
save_block -as "$BLOCK\_3_DRCs"
set_svf -off
##############################
# CHECKS #
##############################
check_pg_drc > "$REPORT/check_pg_drc.log"
report_utilization > "$REPORT/report_utilization.log"
check_pg_connectivity > "$REPORT/check_pg_connectivity.rpt"
check_pg_missing_vias > "$REPORT/check_missing_vias.rpt"
check_routes > "$REPORT/check_routes.rpt"
report_qor  > "$REPORT/report_qor.rpt"
check_legality > "$REPORT/check_legality.rpt"
check_lvs > "$REPORT/check_lvs.rpt"
save_block
####################################
# OUTPUTS #
####################################
#write_def "$OUTPUT/ibex_wrapper.def"
write_sdc -scenario "Func_Slow" -output "$OUTPUT/ibex_wrapper_slow.sdc"
write_sdc -scenario "Func_Fast" -output "$OUTPUT/ibex_wrapper_fast.sdc"
write_verilog "$OUTPUT/ibex_wrapper_rt.v"
write_parasitics -output "$OUTPUT/ibex_wrapper"
save_block
exit
current_block
check_legality
exit
exit
