Information: Using the hold margin of 0.020 in all scenarios... (PTECO-083)
Information: Starting timing fix iteration 1 at [ Tue Jul  8 07:43:29 2025 ]...
Information: Analyzing scenarios...
Information: Checked out license 'PrimeTime-SI' (PT-019)
Information: Checked out license 'PrimeTime-SI' (PT-019)

Available buffers:
Lib_cell               Area
--------------------------------------------------------
SAEDHVT14_BUF_20       1.29
SAEDHVT14_BUF_16       1.07
SAEDHVT14_BUF_12       0.84
SAEDHVT14_BUF_10       0.71
SAEDHVT14_BUF_8        0.62
SAEDHVT14_BUF_6        0.49
SAEDHVT14_BUF_4        0.40
SAEDHVT14_BUF_2        0.31
SAEDHVT14_DEL_R2V3_2   0.49
SAEDHVT14_DEL_R2V2_2   0.49

Information: 44 violating endpoints located in the Func_Fast scenario... (PTECO-023)
Information: 44 violating endpoints located in all scenarios... (PTECO-024)
Information: Creating data base for fixing...
Information: Fixing violations...
Information: Finalizing ECO change list...
Information: Starting updating timing at [ Tue Jul  8 07:43:33 2025 ]...
Information: Finished updating timing at [ Tue Jul  8 07:43:33 2025 ]...
Information: Analyzing timing improvement...
Information: Tuning changes...
Information: Starting updating timing at [ Tue Jul  8 07:43:34 2025 ]...
Information: Finished updating timing at [ Tue Jul  8 07:43:34 2025 ]...
Information: 14 cells have been resized.
Information: 31 buffers have been inserted.

Information: Starting timing fix iteration 2 at [ Tue Jul  8 07:43:34 2025 ]...
Information: Analyzing scenarios...
Information: 2 violating endpoints located in the Func_Fast scenario... (PTECO-023)
Information: 2 violating endpoints located in all scenarios... (PTECO-024)
Information: Creating data base for fixing...
Information: Fixing violations...
Information: Finalizing ECO change list...
Information: Starting updating timing at [ Tue Jul  8 07:43:36 2025 ]...
Information: Finished updating timing at [ Tue Jul  8 07:43:36 2025 ]...
Information: Analyzing timing improvement...
Information: Tuning changes...
Information: Starting updating timing at [ Tue Jul  8 07:43:36 2025 ]...
Information: Finished updating timing at [ Tue Jul  8 07:43:37 2025 ]...
Information: 1 cells have been resized.

Information: Starting timing fix iteration 3 at [ Tue Jul  8 07:43:37 2025 ]...
Information: Analyzing scenarios...
Information: 1 violating endpoints located in the Func_Fast scenario... (PTECO-023)
Information: 1 violating endpoints located in all scenarios... (PTECO-024)
Information: Creating data base for fixing...
Information: Fixing violations...
Information: Finalizing ECO change list...
Information: No more fixes are available.
Information: The timing violation fixing process is complete.

Inserted buffers:
   Count Lib_cell               Area          Total_area
--------------------------------------------------------
       2 SAEDHVT14_BUF_2        0.31                0.62
      29 SAEDHVT14_DEL_R2V3_2   0.49               14.16
--------------------------------------------------------
      31 TOTAL                                     14.79

Final ECO Summary:
--------------------------------------------------------
Number of size_cell commands                          15
Number of insert_buffer commands                      31
Total number of commands                              46
Area increased by cell sizing                       1.69
Area increased by buffer insertion                 14.79
Total area increased                               16.47

Fixing Summary:
--------------------------------------------------------
Total violating endpoints found                       44
Total violating endpoints fixed                       43
Total violating endpoints remaining                    1
Total percentage of violations fixed                97.7%

Information: Elapsed time [                9 seconds ]
Information: Completed at [ Tue Jul  8 07:43:38 2025 ]

1
