 
****************************************
Report : area
Design : ibex_wrapper
Version: O-2018.06-SP1
Date   : Mon Jul  7 20:12:25 2025
****************************************

Information: Updating design information... (UID-85)
Warning: Design 'ibex_wrapper' contains 2 high-fanout nets. A fanout number of 1000 will be used for delay calculations involving these nets. (TIM-134)
Library(s) Used:

    saed14hvt_ss0p72vm40c (File: /mnt/hgfs/0_GP/PDK/saed14_pdk/SAED14nm_EDK_CORE_HVT_v_062020/stdcell_hvt/db_ccs/saed14hvt_ss0p72vm40c.db)

Number of ports:                         1481
Number of nets:                         19364
Number of cells:                        17922
Number of combinational cells:          15891
Number of sequential cells:              2029
Number of macros/black boxes:               0
Number of buf/inv:                       1892
Number of references:                      52

Combinational area:               7196.840280
Buf/Inv area:                      577.421994
Noncombinational area:            2638.248025
Macro/Black Box area:                0.000000
Net Interconnect area:           13316.083065

Total cell area:                  9835.088305
Total area:                      23151.171370
1
