 
****************************************
Report : qor
Design : ibex_top
Version: O-2018.06-SP1
Date   : Thu May  1 06:42:05 2025
****************************************


  Timing Path Group 'clk_i'
  -----------------------------------
  Levels of Logic:               8.00
  Critical Path Length:          0.32
  Critical Path Slack:           2.60
  Critical Path Clk Period:      6.25
  Total Negative Slack:          0.00
  No. of Violating Paths:        0.00
  Worst Hold Violation:         -0.04
  Total Hold Violation:         -0.04
  No. of Hold Violations:        1.00
  -----------------------------------

  Timing Path Group 'cluster_clock_gating'
  -----------------------------------
  Levels of Logic:              99.00
  Critical Path Length:          3.12
  Critical Path Slack:           2.92
  Critical Path Clk Period:      6.25
  Total Negative Slack:          0.00
  No. of Violating Paths:        0.00
  Worst Hold Violation:         -0.18
  Total Hold Violation:        -94.42
  No. of Hold Violations:     2005.00
  -----------------------------------


  Cell Count
  -----------------------------------
  Hierarchical Cell Count:          4
  Hierarchical Port Count:       1191
  Leaf Cell Count:              15452
  Buf/Inv Cell Count:            3696
  Buf Cell Count:                 727
  Inv Cell Count:                2987
  CT Buf/Inv Cell Count:            0
  Combinational Cell Count:     13432
  Sequential Cell Count:         2020
  Macro Count:                      0
  -----------------------------------


  Area
  -----------------------------------
  Combinational Area:     4038.801531
  Noncombinational Area:  2101.940457
  Buf/Inv Area:            736.995596
  Total Buffer Area:           209.70
  Total Inverter Area:         548.07
  Macro/Black Box Area:      0.000000
  Net Area:              10928.289086
  -----------------------------------
  Cell Area:              6140.741988
  Design Area:           17069.031074


  Design Rules
  -----------------------------------
  Total Number of Nets:         16269
  Nets With Violations:             1
  Max Trans Violations:             0
  Max Cap Violations:               1
  Max Fanout Violations:            1
  -----------------------------------


  Hostname: IC_EDA

  Compile CPU Statistics
  -----------------------------------------
  Resource Sharing:                    4.42
  Logic Optimization:                  2.94
  Mapping Optimization:               25.24
  -----------------------------------------
  Overall Compile Time:               93.78
  Overall Compile Wall Clock Time:    99.65

  --------------------------------------------------------------------

  Design  WNS: 0.00  TNS: 0.00  Number of Violating Paths: 0


  Design (Hold)  WNS: 0.18  TNS: 94.46  Number of Violating Paths: 2006

  --------------------------------------------------------------------


1
