 
****************************************
Report : area
Design : ibex_top
Version: O-2018.06-SP1
Date   : Thu May  1 06:42:03 2025
****************************************

Information: Updating design information... (UID-85)
Warning: Design 'ibex_top' contains 2 high-fanout nets. A fanout number of 1000 will be used for delay calculations involving these nets. (TIM-134)
Library(s) Used:

    saed14rvt_ss0p72vm40c (File: /mnt/hgfs/stdcell_rvt/db_ccs/saed14rvt_ss0p72vm40c.db)

Number of ports:                         1846
Number of nets:                         17171
Number of cells:                        15456
Number of combinational cells:          13432
Number of sequential cells:              2020
Number of macros/black boxes:               0
Number of buf/inv:                       3696
Number of references:                      61

Combinational area:               4038.801531
Buf/Inv area:                      736.995596
Noncombinational area:            2101.940457
Macro/Black Box area:                0.000000
Net Interconnect area:           10928.289086

Total cell area:                  6140.741988
Total area:                      17069.031074
1
