****************************************
Report : timing
	-path_type full
	-delay_type min
	-slack_lesser_than 0.00
	-max_paths 10
	-sort_by slack
Design : multi-scenario design
Version: O-2018.06-SP1
Date   : Tue Jul  8 07:45:13 2025
****************************************


Start of Master/Slave Task Processing
-------------------------------------
Started    : Command execution in scenario 'Func_Fast'
Started    : Command execution in scenario 'Func_Slow'
Succeeded  : Command execution in scenario 'Func_Slow'
Succeeded  : Command execution in scenario 'Func_Fast'
-----------------------------------
End of Master/Slave Task Processing


  Startpoint: ibex_top_inst/core_clock_gate_i/gen_generic.u_impl_generic/en_latch_reg
               (negative level-sensitive latch clocked by clk_i)
  Endpoint: ibex_top_inst/core_clock_gate_i/U2
               (rising clock gating-check end-point clocked by clk_i)
  Last common pin: clk_i
  Path Group: **clock_gating_default**
  Path Type: min
  Scenario: Func_Fast

  Point                                                   Incr       Path
  ------------------------------------------------------------------------------
  clock clk_i (fall edge)                                 2.50       2.50
  clock network delay (propagated)                        0.00       2.50
  ibex_top_inst/core_clock_gate_i/gen_generic.u_impl_generic/en_latch_reg/G (SAEDHVT14_LDNQOR2_4)
                                                          0.00       2.50 f
  ibex_top_inst/core_clock_gate_i/gen_generic.u_impl_generic/en_latch_reg/Q (SAEDHVT14_LDNQOR2_4)
                                                          0.03 &     2.53 r
  U231/X (SAEDHVT14_DEL_R2V2_2)                           0.02 &     2.55 r
  U230/X (SAEDHVT14_DEL_R2V2_2)                           0.03 &     2.57 r
  U229/X (SAEDHVT14_DEL_R2V2_2)                           0.03 &     2.60 r
  ibex_top_inst/core_clock_gate_i/U2/A1 (SAEDHVT14_AN2_2)
                                                          0.00 &     2.60 r
  data arrival time                                                  2.60

  clock clk_i (fall edge)                                 2.50       2.50
  clock network delay (propagated)                        0.03       2.53
  clock reconvergence pessimism                           0.00       2.53
  clock uncertainty                                       0.10       2.63
  ibex_top_inst/core_clock_gate_i/U2/A2 (SAEDHVT14_AN2_2)            2.63 f
  clock gating hold time                                  0.00       2.63
  data required time                                                 2.63
  ------------------------------------------------------------------------------
  data required time                                                 2.63
  data arrival time                                                 -2.60
  ------------------------------------------------------------------------------
  slack (VIOLATED)                                                  -0.03


1
