
Start of Master/Slave Task Processing
-------------------------------------
Started    : Command execution in scenario 'Func_Fast'
Started    : Command execution in scenario 'Func_Slow'
Succeeded  : Command execution in scenario 'Func_Slow'
Succeeded  : Command execution in scenario 'Func_Fast'
-----------------------------------
End of Master/Slave Task Processing

****************************************
Report : constraint
	-all_violators
	-verbose
	-max_transition
Design : multi_scenario design
Version: O-2018.06-SP1
Date   : Tue Jul  8 07:48:44 2025
****************************************

Scenarios: Func_Slow Func_Fast 


    Pin: U_PTECO_DRC_BUF425/X
    Scenario: Func_Slow

    max_transition         2.00
  - Transition Time        5.93
  ------------------------------
    Slack                 -3.93  (VIOLATED)


    Pin: data_addr_o[2]
    Scenario: Func_Slow

    max_transition         2.00
  - Transition Time        5.93
  ------------------------------
    Slack                 -3.93  (VIOLATED)


    Pin: U12467/A2
    Scenario: Func_Slow

    max_transition         2.00
  - Transition Time        5.93
  ------------------------------
    Slack                 -3.93  (VIOLATED)


    Pin: U8105/A3
    Scenario: Func_Slow

    max_transition         2.00
  - Transition Time        5.93
  ------------------------------
    Slack                 -3.93  (VIOLATED)


    Pin: U12465/A2
    Scenario: Func_Slow

    max_transition         2.00
  - Transition Time        5.93
  ------------------------------
    Slack                 -3.93  (VIOLATED)


    Pin: U10531/A1
    Scenario: Func_Slow

    max_transition         2.00
  - Transition Time        5.93
  ------------------------------
    Slack                 -3.93  (VIOLATED)


    Pin: U11776/A1
    Scenario: Func_Slow

    max_transition         2.00
  - Transition Time        5.93
  ------------------------------
    Slack                 -3.93  (VIOLATED)


    Pin: U12866/D0
    Scenario: Func_Slow

    max_transition         2.00
  - Transition Time        5.93
  ------------------------------
    Slack                 -3.93  (VIOLATED)


    Pin: U12282/A1
    Scenario: Func_Slow

    max_transition         2.00
  - Transition Time        5.93
  ------------------------------
    Slack                 -3.93  (VIOLATED)


    Pin: U12360/A1
    Scenario: Func_Slow

    max_transition         2.00
  - Transition Time        5.86
  ------------------------------
    Slack                 -3.86  (VIOLATED)


    Pin: U8106/A2
    Scenario: Func_Slow

    max_transition         2.00
  - Transition Time        5.86
  ------------------------------
    Slack                 -3.86  (VIOLATED)


    Pin: U12607/A2
    Scenario: Func_Slow

    max_transition         2.00
  - Transition Time        5.86
  ------------------------------
    Slack                 -3.86  (VIOLATED)


    Pin: U10591/A1
    Scenario: Func_Slow

    max_transition         2.00
  - Transition Time        5.86
  ------------------------------
    Slack                 -3.86  (VIOLATED)


    Pin: U12847/D0
    Scenario: Func_Slow

    max_transition         2.00
  - Transition Time        5.86
  ------------------------------
    Slack                 -3.86  (VIOLATED)


    Pin: U12116/A1
    Scenario: Func_Slow

    max_transition         2.00
  - Transition Time        5.86
  ------------------------------
    Slack                 -3.86  (VIOLATED)


    Pin: U12605/A2
    Scenario: Func_Slow

    max_transition         2.00
  - Transition Time        5.86
  ------------------------------
    Slack                 -3.86  (VIOLATED)


    Pin: data_addr_o[21]
    Scenario: Func_Slow

    max_transition         2.00
  - Transition Time        5.86
  ------------------------------
    Slack                 -3.86  (VIOLATED)


    Pin: U_PTECO_DRC_BUF419/X
    Scenario: Func_Slow

    max_transition         2.00
  - Transition Time        5.86
  ------------------------------
    Slack                 -3.86  (VIOLATED)


    Pin: data_addr_o[9]
    Scenario: Func_Slow

    max_transition         2.00
  - Transition Time        4.73
  ------------------------------
    Slack                 -2.73  (VIOLATED)


    Pin: U_PTECO_DRC_BUF420/X
    Scenario: Func_Slow

    max_transition         2.00
  - Transition Time        4.73
  ------------------------------
    Slack                 -2.73  (VIOLATED)


    Pin: U8105/A1
    Scenario: Func_Slow

    max_transition         2.00
  - Transition Time        4.73
  ------------------------------
    Slack                 -2.73  (VIOLATED)


    Pin: U11928/A1
    Scenario: Func_Slow

    max_transition         2.00
  - Transition Time        4.73
  ------------------------------
    Slack                 -2.73  (VIOLATED)


    Pin: U12521/A2
    Scenario: Func_Slow

    max_transition         2.00
  - Transition Time        4.73
  ------------------------------
    Slack                 -2.73  (VIOLATED)


    Pin: U12508/A2
    Scenario: Func_Slow

    max_transition         2.00
  - Transition Time        4.73
  ------------------------------
    Slack                 -2.73  (VIOLATED)


    Pin: U10554/A1
    Scenario: Func_Slow

    max_transition         2.00
  - Transition Time        4.73
  ------------------------------
    Slack                 -2.73  (VIOLATED)


    Pin: U12859/D0
    Scenario: Func_Slow

    max_transition         2.00
  - Transition Time        4.73
  ------------------------------
    Slack                 -2.73  (VIOLATED)


    Pin: U12312/A1
    Scenario: Func_Slow

    max_transition         2.00
  - Transition Time        4.73
  ------------------------------
    Slack                 -2.73  (VIOLATED)


    Pin: U_PTECO_DRC_BUF413/X
    Scenario: Func_Slow

    max_transition         2.00
  - Transition Time        2.41
  ------------------------------
    Slack                 -0.41  (VIOLATED)


    Pin: U12844/D0
    Scenario: Func_Slow

    max_transition         2.00
  - Transition Time        2.41
  ------------------------------
    Slack                 -0.41  (VIOLATED)


    Pin: U12153/A1
    Scenario: Func_Slow

    max_transition         2.00
  - Transition Time        2.41
  ------------------------------
    Slack                 -0.41  (VIOLATED)


    Pin: U12624/A2
    Scenario: Func_Slow

    max_transition         2.00
  - Transition Time        2.41
  ------------------------------
    Slack                 -0.41  (VIOLATED)


    Pin: U12627/A2
    Scenario: Func_Slow

    max_transition         2.00
  - Transition Time        2.41
  ------------------------------
    Slack                 -0.41  (VIOLATED)


    Pin: data_addr_o[24]
    Scenario: Func_Slow

    max_transition         2.00
  - Transition Time        2.41
  ------------------------------
    Slack                 -0.41  (VIOLATED)


    Pin: U8107/A3
    Scenario: Func_Slow

    max_transition         2.00
  - Transition Time        2.41
  ------------------------------
    Slack                 -0.41  (VIOLATED)


    Pin: U12372/A1
    Scenario: Func_Slow

    max_transition         2.00
  - Transition Time        2.41
  ------------------------------
    Slack                 -0.41  (VIOLATED)


    Pin: U10602/A1
    Scenario: Func_Slow

    max_transition         2.00
  - Transition Time        2.41
  ------------------------------
    Slack                 -0.41  (VIOLATED)


    Pin: data_addr_o[14]
    Scenario: Func_Slow

    max_transition         2.00
  - Transition Time        2.35
  ------------------------------
    Slack                 -0.35  (VIOLATED)


    Pin: U_PTECO_DRC_BUF418/X
    Scenario: Func_Slow

    max_transition         2.00
  - Transition Time        2.35
  ------------------------------
    Slack                 -0.35  (VIOLATED)


    Pin: U12015/A1
    Scenario: Func_Slow

    max_transition         2.00
  - Transition Time        2.35
  ------------------------------
    Slack                 -0.35  (VIOLATED)


    Pin: U12555/A2
    Scenario: Func_Slow

    max_transition         2.00
  - Transition Time        2.35
  ------------------------------
    Slack                 -0.35  (VIOLATED)


    Pin: U8104/A2
    Scenario: Func_Slow

    max_transition         2.00
  - Transition Time        2.35
  ------------------------------
    Slack                 -0.35  (VIOLATED)


    Pin: U12553/A2
    Scenario: Func_Slow

    max_transition         2.00
  - Transition Time        2.35
  ------------------------------
    Slack                 -0.35  (VIOLATED)


    Pin: U10570/A1
    Scenario: Func_Slow

    max_transition         2.00
  - Transition Time        2.35
  ------------------------------
    Slack                 -0.35  (VIOLATED)


    Pin: U12854/D0
    Scenario: Func_Slow

    max_transition         2.00
  - Transition Time        2.35
  ------------------------------
    Slack                 -0.35  (VIOLATED)


    Pin: U12332/A1
    Scenario: Func_Slow

    max_transition         2.00
  - Transition Time        2.35
  ------------------------------
    Slack                 -0.35  (VIOLATED)


    Pin: U7996/S
    Scenario: Func_Slow

    max_transition         2.00
  - Transition Time        2.09
  ------------------------------
    Slack                 -0.09  (VIOLATED)


    Pin: U11991/A1
    Scenario: Func_Slow

    max_transition         2.00
  - Transition Time        2.09
  ------------------------------
    Slack                 -0.09  (VIOLATED)


    Pin: U12542/A2
    Scenario: Func_Slow

    max_transition         2.00
  - Transition Time        2.09
  ------------------------------
    Slack                 -0.09  (VIOLATED)


    Pin: U12534/A2
    Scenario: Func_Slow

    max_transition         2.00
  - Transition Time        2.09
  ------------------------------
    Slack                 -0.09  (VIOLATED)


    Pin: U10564/A1
    Scenario: Func_Slow

    max_transition         2.00
  - Transition Time        2.09
  ------------------------------
    Slack                 -0.09  (VIOLATED)


    Pin: U12856/D0
    Scenario: Func_Slow

    max_transition         2.00
  - Transition Time        2.09
  ------------------------------
    Slack                 -0.09  (VIOLATED)


    Pin: U8104/A4
    Scenario: Func_Slow

    max_transition         2.00
  - Transition Time        2.09
  ------------------------------
    Slack                 -0.09  (VIOLATED)


    Pin: U12324/A1
    Scenario: Func_Slow

    max_transition         2.00
  - Transition Time        2.09
  ------------------------------
    Slack                 -0.09  (VIOLATED)


    Pin: data_addr_o[12]
    Scenario: Func_Slow

    max_transition         2.00
  - Transition Time        2.09
  ------------------------------
    Slack                 -0.09  (VIOLATED)


    Pin: data_addr_o[30]
    Scenario: Func_Slow

    max_transition         2.00
  - Transition Time        2.06
  ------------------------------
    Slack                 -0.06  (VIOLATED)


    Pin: U8021/S
    Scenario: Func_Slow

    max_transition         2.00
  - Transition Time        2.06
  ------------------------------
    Slack                 -0.06  (VIOLATED)


    Pin: U12947/A2
    Scenario: Func_Slow

    max_transition         2.00
  - Transition Time        2.06
  ------------------------------
    Slack                 -0.06  (VIOLATED)


    Pin: U12668/A2
    Scenario: Func_Slow

    max_transition         2.00
  - Transition Time        2.06
  ------------------------------
    Slack                 -0.06  (VIOLATED)


    Pin: U12867/A1
    Scenario: Func_Slow

    max_transition         2.00
  - Transition Time        2.06
  ------------------------------
    Slack                 -0.06  (VIOLATED)


    Pin: U12445/A1
    Scenario: Func_Slow

    max_transition         2.00
  - Transition Time        2.06
  ------------------------------
    Slack                 -0.06  (VIOLATED)


    Pin: U8107/A1
    Scenario: Func_Slow

    max_transition         2.00
  - Transition Time        2.06
  ------------------------------
    Slack                 -0.06  (VIOLATED)


    Pin: U12838/D0
    Scenario: Func_Slow

    max_transition         2.00
  - Transition Time        2.06
  ------------------------------
    Slack                 -0.06  (VIOLATED)


    Pin: U12396/A1
    Scenario: Func_Slow

    max_transition         2.00
  - Transition Time        2.06
  ------------------------------
    Slack                 -0.06  (VIOLATED)


    Pin: U8000/S
    Scenario: Func_Slow

    max_transition         2.00
  - Transition Time        2.03
  ------------------------------
    Slack                 -0.03  (VIOLATED)


    Pin: U11905/A1
    Scenario: Func_Slow

    max_transition         2.00
  - Transition Time        2.03
  ------------------------------
    Slack                 -0.03  (VIOLATED)


    Pin: U12510/A2
    Scenario: Func_Slow

    max_transition         2.00
  - Transition Time        2.03
  ------------------------------
    Slack                 -0.03  (VIOLATED)


    Pin: U12501/A2
    Scenario: Func_Slow

    max_transition         2.00
  - Transition Time        2.03
  ------------------------------
    Slack                 -0.03  (VIOLATED)


    Pin: U10551/A1
    Scenario: Func_Slow

    max_transition         2.00
  - Transition Time        2.03
  ------------------------------
    Slack                 -0.03  (VIOLATED)


    Pin: U12860/D0
    Scenario: Func_Slow

    max_transition         2.00
  - Transition Time        2.03
  ------------------------------
    Slack                 -0.03  (VIOLATED)


    Pin: U8103/A3
    Scenario: Func_Slow

    max_transition         2.00
  - Transition Time        2.03
  ------------------------------
    Slack                 -0.03  (VIOLATED)


    Pin: U12308/A1
    Scenario: Func_Slow

    max_transition         2.00
  - Transition Time        2.03
  ------------------------------
    Slack                 -0.03  (VIOLATED)


    Pin: data_addr_o[8]
    Scenario: Func_Slow

    max_transition         2.00
  - Transition Time        2.03
  ------------------------------
    Slack                 -0.03  (VIOLATED)


    Pin: U12862/D0
    Scenario: Func_Slow

    max_transition         2.00
  - Transition Time        2.01
  ------------------------------
    Slack                 -0.01  (VIOLATED)


    Pin: U10544/A1
    Scenario: Func_Slow

    max_transition         2.00
  - Transition Time        2.01
  ------------------------------
    Slack                 -0.01  (VIOLATED)


    Pin: U12493/A2
    Scenario: Func_Slow

    max_transition         2.00
  - Transition Time        2.01
  ------------------------------
    Slack                 -0.01  (VIOLATED)


    Pin: U12495/A2
    Scenario: Func_Slow

    max_transition         2.00
  - Transition Time        2.01
  ------------------------------
    Slack                 -0.01  (VIOLATED)


    Pin: U11879/A1
    Scenario: Func_Slow

    max_transition         2.00
  - Transition Time        2.01
  ------------------------------
    Slack                 -0.01  (VIOLATED)


    Pin: U_PTECO_DRC_BUF422/X
    Scenario: Func_Slow

    max_transition         2.00
  - Transition Time        2.01
  ------------------------------
    Slack                 -0.01  (VIOLATED)


    Pin: U12299/A1
    Scenario: Func_Slow

    max_transition         2.00
  - Transition Time        2.01
  ------------------------------
    Slack                 -0.01  (VIOLATED)


    Pin: U8102/A3
    Scenario: Func_Slow

    max_transition         2.00
  - Transition Time        2.01
  ------------------------------
    Slack                 -0.01  (VIOLATED)


    Pin: data_addr_o[6]
    Scenario: Func_Slow

    max_transition         2.00
  - Transition Time        2.01
  ------------------------------
    Slack                 -0.01  (VIOLATED)


1
