****************************************
Report : qor
Design : multi-scenario design
Version: O-2018.06-SP1
Date   : Tue Jul  8 07:42:01 2025
****************************************


Start of Master/Slave Task Processing
-------------------------------------
Started    : Command execution in scenario 'Func_Fast'
Started    : Command execution in scenario 'Func_Slow'
Succeeded  : Command execution in scenario 'Func_Fast'
Succeeded  : Command execution in scenario 'Func_Slow'
-----------------------------------
End of Master/Slave Task Processing

  Timing Path Group '**clock_gating_default**' (max_delay/setup)
  ---------------------------------------------
  Levels of Logic:                            4 (Func_Slow)
  Critical Path Length:                    0.25 (Func_Slow)
  Critical Path Slack:                     2.10 (Func_Slow)
  Total Negative Slack:                    0.00
  No. of Violating Paths:                     0
  ---------------------------------------------

  Timing Path Group 'clk_i' (max_delay/setup)
  ---------------------------------------------
  Levels of Logic:                           62 (Func_Slow)
  Critical Path Length:                    3.26 (Func_Slow)
  Critical Path Slack:                     0.22 (Func_Slow)
  Total Negative Slack:                    0.00
  No. of Violating Paths:                     0
  ---------------------------------------------

  Timing Path Group 'cluster_clock_gating' (max_delay/setup)
  ---------------------------------------------
  Levels of Logic:                           32 (Func_Slow)
  Critical Path Length:                    3.76 (Func_Slow)
  Critical Path Slack:                     1.66 (Func_Slow)
  Total Negative Slack:                    0.00
  No. of Violating Paths:                     0
  ---------------------------------------------

  Timing Path Group '**clock_gating_default**' (min_delay/hold)
  ---------------------------------------------
  Levels of Logic:                            4 (Func_Fast)
  Critical Path Length:                    0.10 (Func_Fast)
  Critical Path Slack:                    -0.03 (Func_Fast)
  Total Negative Slack:                   -0.03
  No. of Violating Paths:                     1
  ---------------------------------------------

  Timing Path Group 'clk_i' (min_delay/hold)
  ---------------------------------------------
  Levels of Logic:                            5 (Func_Fast)
  Critical Path Length:                    0.17 (Func_Fast)
  Critical Path Slack:                     0.02 (Func_Fast)
  Total Negative Slack:                    0.00
  No. of Violating Paths:                     0
  ---------------------------------------------

  Timing Path Group 'cluster_clock_gating' (min_delay/hold)
  ---------------------------------------------
  Levels of Logic:                            5 (Func_Fast)
  Critical Path Length:                    0.17 (Func_Fast)
  Critical Path Slack:                    -0.03 (Func_Fast)
  Total Negative Slack:                   -0.30
  No. of Violating Paths:                    43
  ---------------------------------------------

  Cell Count
  ---------------------------------------------
  Hierarchical Cell Count:                    2 (Func_Fast, Func_Slow)
  Hierarchical Port Count:                  683 (Func_Fast, Func_Slow)
  Leaf Cell Count:                        12055 (Func_Fast, Func_Slow)
  ---------------------------------------------


  Area
  ---------------------------------------------
  Net Interconnect Area:                6303.41 (Func_Fast, Func_Slow)
  Total Cell Area:                      6355.68 (Func_Fast, Func_Slow)
  Design Area:                         12659.09 (Func_Fast, Func_Slow)
  ---------------------------------------------


  Design Rule Violations
  ---------------------------------------------
  Total No. of Pins in Design:            37680
  max_capacitance Count:                      5
  min_capacitance Count:                    407
  max_transition Count:                      81
  clock_gating_hold Count:                    1
  max_capacitance Cost:                    1.60
  min_capacitance Cost:                   61.05
  max_transition Cost:                   103.28
  clock_gating_hold Cost:                  0.03
  Total DRC Cost:                        165.96
  ---------------------------------------------
1
