****************************************
Report : timing
	-path_type full
	-delay_type min
	-slack_lesser_than 0.00
	-max_paths 500
	-sort_by slack
Design : multi-scenario design
Version: O-2018.06-SP1
Date   : Tue Jul  8 08:24:53 2025
****************************************


Start of Master/Slave Task Processing
-------------------------------------
Started    : Command execution in scenario 'Func_Fast'
Started    : Command execution in scenario 'Func_Slow'
Succeeded  : Command execution in scenario 'Func_Fast'
Succeeded  : Command execution in scenario 'Func_Slow'
-----------------------------------
End of Master/Slave Task Processing


  Startpoint: ibex_top_inst/u_ibex_core/if_stage_i/instr_rdata_id_o_reg[28]
               (rising edge-triggered flip-flop clocked by cluster_clock_gating)
  Endpoint: ibex_top_inst/u_ibex_core/id_stage_i/controller_i/debug_cause_q_reg[1]
               (rising edge-triggered flip-flop clocked by cluster_clock_gating)
  Last common pin: ibex_top_inst/core_clock_gate_i/U2/X
  Path Group: cluster_clock_gating
  Path Type: min
  Scenario: Func_Fast

  Point                                                   Incr       Path
  ------------------------------------------------------------------------------
  clock cluster_clock_gating (rise edge)                  0.00       0.00
  clock network delay (propagated)                        0.07       0.07
  ibex_top_inst/u_ibex_core/if_stage_i/instr_rdata_id_o_reg[28]/CK (SAEDHVT14_FSDPQ_V2_2)
                                                          0.00       0.07 r
  ibex_top_inst/u_ibex_core/if_stage_i/instr_rdata_id_o_reg[28]/Q (SAEDHVT14_FSDPQ_V2_2)
                                                          0.02       0.10 f
  U7852/X (SAEDHVT14_NR3_2)                               0.03 H     0.13 r
  U_PTECO_HOLD_BUF151/X (SAEDHVT14_BUF_S_20)              0.01 &     0.13 r
  U_PTECO_HOLD_BUF30/X (SAEDHVT14_BUF_S_20)               0.01 &     0.14 r
  U5742/X (SAEDHVT14_AN3_2)                               0.02 &     0.16 r
  U5991/X (SAEDHVT14_ND2_CDC_2)                           0.01 &     0.16 f
  U_PTECO_HOLD_BUF15/X (SAEDHVT14_BUF_2)                  0.01 &     0.17 f
  U_PTECO_HOLD_BUF1/X (SAEDHVT14_BUF_16)                  0.01 &     0.18 f
  U7262/X (SAEDHVT14_AN2_2)                               0.01 &     0.19 f
  ibex_top_inst/u_ibex_core/id_stage_i/controller_i/debug_cause_q_reg[1]/D (SAEDHVT14_FSDPRBQ_V2LP_2)
                                                          0.00 &     0.19 f
  data arrival time                                                  0.19

  clock cluster_clock_gating (rise edge)                  0.00       0.00
  clock network delay (propagated)                        0.35       0.35
  clock reconvergence pessimism                          -0.26       0.09
  clock uncertainty                                       0.10       0.19
  ibex_top_inst/u_ibex_core/id_stage_i/controller_i/debug_cause_q_reg[1]/CK (SAEDHVT14_FSDPRBQ_V2LP_2)
                                                                     0.19 r
  library hold time                                       0.00       0.19
  data required time                                                 0.19
  ------------------------------------------------------------------------------
  data required time                                                 0.19
  data arrival time                                                 -0.19
  ------------------------------------------------------------------------------
  slack (VIOLATED: increase significant digits)                      0.00


  Startpoint: ibex_top_inst/u_ibex_core/if_stage_i/instr_rdata_id_o_reg[28]
               (rising edge-triggered flip-flop clocked by cluster_clock_gating)
  Endpoint: ibex_top_inst/u_ibex_core/id_stage_i/controller_i/debug_cause_q_reg[0]
               (rising edge-triggered flip-flop clocked by cluster_clock_gating)
  Last common pin: ibex_top_inst/core_clock_gate_i/U2/X
  Path Group: cluster_clock_gating
  Path Type: min
  Scenario: Func_Fast

  Point                                                   Incr       Path
  ------------------------------------------------------------------------------
  clock cluster_clock_gating (rise edge)                  0.00       0.00
  clock network delay (propagated)                        0.07       0.07
  ibex_top_inst/u_ibex_core/if_stage_i/instr_rdata_id_o_reg[28]/CK (SAEDHVT14_FSDPQ_V2_2)
                                                          0.00       0.07 r
  ibex_top_inst/u_ibex_core/if_stage_i/instr_rdata_id_o_reg[28]/Q (SAEDHVT14_FSDPQ_V2_2)
                                                          0.02       0.10 r
  U7852/X (SAEDHVT14_NR3_2)                               0.03 H     0.12 f
  U_PTECO_HOLD_BUF151/X (SAEDHVT14_BUF_S_20)              0.01 &     0.13 f
  U_PTECO_HOLD_BUF30/X (SAEDHVT14_BUF_S_20)               0.01 &     0.14 f
  U5742/X (SAEDHVT14_AN3_2)                               0.02 &     0.16 f
  U5991/X (SAEDHVT14_ND2_CDC_2)                           0.01 &     0.16 r
  U_PTECO_HOLD_BUF15/X (SAEDHVT14_BUF_2)                  0.01 &     0.17 r
  U11069/X (SAEDHVT14_ND2_CDC_2)                          0.01 &     0.18 f
  U_PTECO_HOLD_BUF3/X (SAEDHVT14_BUF_20)                  0.01 &     0.19 f
  ibex_top_inst/u_ibex_core/id_stage_i/controller_i/debug_cause_q_reg[0]/D (SAEDHVT14_FSDPRBQ_V2LP_2)
                                                          0.00 &     0.19 f
  data arrival time                                                  0.19

  clock cluster_clock_gating (rise edge)                  0.00       0.00
  clock network delay (propagated)                        0.35       0.35
  clock reconvergence pessimism                          -0.26       0.09
  clock uncertainty                                       0.10       0.19
  ibex_top_inst/u_ibex_core/id_stage_i/controller_i/debug_cause_q_reg[0]/CK (SAEDHVT14_FSDPRBQ_V2LP_2)
                                                                     0.19 r
  library hold time                                       0.00       0.19
  data required time                                                 0.19
  ------------------------------------------------------------------------------
  data required time                                                 0.19
  data arrival time                                                 -0.19
  ------------------------------------------------------------------------------
  slack (VIOLATED: increase significant digits)                      0.00


1
