****************************************
Report : qor
Design : multi-scenario design
Version: O-2018.06-SP1
Date   : Tue Jul  8 08:24:52 2025
****************************************


Start of Master/Slave Task Processing
-------------------------------------
Started    : Command execution in scenario 'Func_Slow'
Started    : Command execution in scenario 'Func_Fast'
Succeeded  : Command execution in scenario 'Func_Slow'
Succeeded  : Command execution in scenario 'Func_Fast'
-----------------------------------
End of Master/Slave Task Processing

  Timing Path Group '**clock_gating_default**' (max_delay/setup)
  ---------------------------------------------
  Levels of Logic:                           19 (Func_Slow)
  Critical Path Length:                    0.31 (Func_Slow)
  Critical Path Slack:                     2.67 (Func_Slow)
  Total Negative Slack:                    0.00
  No. of Violating Paths:                     0
  ---------------------------------------------

  Timing Path Group 'clk_i' (max_delay/setup)
  ---------------------------------------------
  Levels of Logic:                           62 (Func_Slow)
  Critical Path Length:                    3.88 (Func_Slow)
  Critical Path Slack:                     0.47 (Func_Slow)
  Total Negative Slack:                    0.00
  No. of Violating Paths:                     0
  ---------------------------------------------

  Timing Path Group 'cluster_clock_gating' (max_delay/setup)
  ---------------------------------------------
  Levels of Logic:                           89 (Func_Slow)
  Critical Path Length:                    4.19 (Func_Slow)
  Critical Path Slack:                     2.53 (Func_Slow)
  Total Negative Slack:                    0.00
  No. of Violating Paths:                     0
  ---------------------------------------------

  Timing Path Group '**clock_gating_default**' (min_delay/hold)
  ---------------------------------------------
  Levels of Logic:                           19 (Func_Fast)
  Critical Path Length:                    0.14 (Func_Fast)
  Critical Path Slack:                     0.01 (Func_Fast)
  Total Negative Slack:                    0.00
  No. of Violating Paths:                     0
  ---------------------------------------------

  Timing Path Group 'clk_i' (min_delay/hold)
  ---------------------------------------------
  Levels of Logic:                            4 (Func_Fast)
  Critical Path Length:                    0.10 (Func_Fast)
  Critical Path Slack:                     0.01 (Func_Fast)
  Total Negative Slack:                    0.00
  No. of Violating Paths:                     0
  ---------------------------------------------

  Timing Path Group 'cluster_clock_gating' (min_delay/hold)
  ---------------------------------------------
  Levels of Logic:                            9 (Func_Fast)
  Critical Path Length:                    0.19 (Func_Fast)
  Critical Path Slack:                    -0.00 (Func_Fast)
  Total Negative Slack:                   -0.00
  No. of Violating Paths:                     2
  ---------------------------------------------

  Cell Count
  ---------------------------------------------
  Hierarchical Cell Count:                    2 (Func_Fast, Func_Slow)
  Hierarchical Port Count:                  689 (Func_Fast, Func_Slow)
  Leaf Cell Count:                        11502 (Func_Fast, Func_Slow)
  ---------------------------------------------


  Area
  ---------------------------------------------
  Net Interconnect Area:                6084.77 (Func_Fast, Func_Slow)
  Total Cell Area:                      5848.32 (Func_Fast, Func_Slow)
  Design Area:                         11933.08 (Func_Fast, Func_Slow)
  ---------------------------------------------


  Design Rule Violations
  ---------------------------------------------
  Total No. of Pins in Design:            36249
  min_capacitance Count:                    405
  min_capacitance Cost:                   60.61
  Total DRC Cost:                         60.61
  ---------------------------------------------
1
