
Start of Master/Slave Task Processing
-------------------------------------
Started    : Command execution in scenario 'Func_Fast'
Started    : Command execution in scenario 'Func_Slow'
Succeeded  : Command execution in scenario 'Func_Slow'
Succeeded  : Command execution in scenario 'Func_Fast'
-----------------------------------
End of Master/Slave Task Processing

****************************************
Report : constraint
	-all_violators
	-verbose
	-max_capacitance
Design : multi_scenario design
Version: O-2018.06-SP1
Date   : Tue Jul  8 09:34:30 2025
****************************************

Scenarios: Func_Slow Func_Fast 


    Pin: U4645/X
    Scenario: Func_Slow

    max_capacitance       71.93
  - Capacitance           71.97
  ------------------------------
    Slack                 -0.04  (VIOLATED)


1
