****************************************
Report : qor
Design : multi-scenario design
Version: O-2018.06-SP1
Date   : Tue Jul  8 09:28:21 2025
****************************************


Start of Master/Slave Task Processing
-------------------------------------
Started    : Command execution in scenario 'Func_Fast'
Started    : Command execution in scenario 'Func_Slow'
Succeeded  : Command execution in scenario 'Func_Fast'
Succeeded  : Command execution in scenario 'Func_Slow'
-----------------------------------
End of Master/Slave Task Processing

  Timing Path Group '**clock_gating_default**' (max_delay/setup)
  ---------------------------------------------
  Levels of Logic:                            6 (Func_Slow)
  Critical Path Length:                    0.31 (Func_Slow)
  Critical Path Slack:                     2.04 (Func_Slow)
  Total Negative Slack:                    0.00
  No. of Violating Paths:                     0
  ---------------------------------------------

  Timing Path Group 'clk_i' (max_delay/setup)
  ---------------------------------------------
  Levels of Logic:                           66 (Func_Slow)
  Critical Path Length:                    3.30 (Func_Slow)
  Critical Path Slack:                     0.18 (Func_Slow)
  Total Negative Slack:                    0.00
  No. of Violating Paths:                     0
  ---------------------------------------------

  Timing Path Group 'cluster_clock_gating' (max_delay/setup)
  ---------------------------------------------
  Levels of Logic:                           32 (Func_Slow)
  Critical Path Length:                    3.81 (Func_Slow)
  Critical Path Slack:                     1.66 (Func_Slow)
  Total Negative Slack:                    0.00
  No. of Violating Paths:                     0
  ---------------------------------------------

  Timing Path Group '**clock_gating_default**' (min_delay/hold)
  ---------------------------------------------
  Levels of Logic:                            6 (Func_Fast)
  Critical Path Length:                    0.14 (Func_Fast)
  Critical Path Slack:                     0.01 (Func_Fast)
  Total Negative Slack:                    0.00
  No. of Violating Paths:                     0
  ---------------------------------------------

  Timing Path Group 'clk_i' (min_delay/hold)
  ---------------------------------------------
  Levels of Logic:                            5 (Func_Fast)
  Critical Path Length:                    0.17 (Func_Fast)
  Critical Path Slack:                     0.02 (Func_Fast)
  Total Negative Slack:                    0.00
  No. of Violating Paths:                     0
  ---------------------------------------------

  Timing Path Group 'cluster_clock_gating' (min_delay/hold)
  ---------------------------------------------
  Levels of Logic:                            7 (Func_Fast)
  Critical Path Length:                    0.17 (Func_Fast)
  Critical Path Slack:                    -0.01 (Func_Fast)
  Total Negative Slack:                   -0.01
  No. of Violating Paths:                     1
  ---------------------------------------------

  Cell Count
  ---------------------------------------------
  Hierarchical Cell Count:                    2 (Func_Fast, Func_Slow)
  Hierarchical Port Count:                  683 (Func_Fast, Func_Slow)
  Leaf Cell Count:                        12090 (Func_Fast, Func_Slow)
  ---------------------------------------------


  Area
  ---------------------------------------------
  Net Interconnect Area:                6308.28 (Func_Fast, Func_Slow)
  Total Cell Area:                      6374.68 (Func_Fast, Func_Slow)
  Design Area:                         12682.96 (Func_Fast, Func_Slow)
  ---------------------------------------------


  Design Rule Violations
  ---------------------------------------------
  Total No. of Pins in Design:            37750
  max_capacitance Count:                      1
  min_capacitance Count:                    407
  max_capacitance Cost:                    0.04
  min_capacitance Cost:                   61.05
  Total DRC Cost:                         61.09
  ---------------------------------------------
1
