****************************************
Report : timing
	-path_type full
	-delay_type min
	-max_paths 1
	-sort_by slack
Design : multi-scenario design
Version: O-2018.06-SP1
Date   : Tue Jul  8 09:32:32 2025
****************************************


Start of Master/Slave Task Processing
-------------------------------------
Started    : Command execution in scenario 'Func_Slow'
Started    : Command execution in scenario 'Func_Fast'
Succeeded  : Command execution in scenario 'Func_Slow'
Succeeded  : Command execution in scenario 'Func_Fast'
-----------------------------------
End of Master/Slave Task Processing


  Startpoint: ibex_top_inst/u_ibex_core/if_stage_i/instr_rdata_id_o_reg[21]
               (rising edge-triggered flip-flop clocked by cluster_clock_gating)
  Endpoint: ibex_top_inst/u_ibex_core/if_stage_i/instr_rdata_id_o_reg[22]
               (rising edge-triggered flip-flop clocked by cluster_clock_gating)
  Last common pin: ibex_top_inst/core_clock_gate_i/U2/X
  Path Group: cluster_clock_gating
  Path Type: min
  Scenario: Func_Fast

  Point                                                   Incr       Path
  ------------------------------------------------------------------------------
  clock cluster_clock_gating (rise edge)                  0.00       0.00
  clock network delay (propagated)                        0.08       0.08
  ibex_top_inst/u_ibex_core/if_stage_i/instr_rdata_id_o_reg[21]/CK (SAEDHVT14_FSDPQ_V2_4)
                                                          0.00       0.08 r
  ibex_top_inst/u_ibex_core/if_stage_i/instr_rdata_id_o_reg[21]/Q (SAEDHVT14_FSDPQ_V2_4) <-
                                                          0.01       0.09 r
  U1/X (SAEDHVT14_DEL_R2V2_2)                             0.03 H     0.13 r
  CTS_copt_h_inst_11420/X (SAEDHVT14_DEL_L4D100_2)        0.02 &     0.15 r
  U_PTECO_HOLD_BUF19/X (SAEDHVT14_BUF_20)                 0.01 &     0.16 r
  U_PTECO_HOLD_BUF184/X (SAEDHVT14_BUF_2)                 0.01 &     0.16 r
  U_PTECO_HOLD_BUF218/X (SAEDHVT14_DEL_L4D100_2)          0.02 &     0.18 r
  U_PTECO_HOLD_BUF402/X (SAEDHVT14_BUF_2)                 0.01 &     0.19 r
  CTS_copt_h_inst_11419/X (SAEDHVT14_DEL_L4D100_2)        0.02 H     0.20 r
  ibex_top_inst/u_ibex_core/if_stage_i/instr_rdata_id_o_reg[22]/SI (SAEDHVT14_FSDPQ_V2_2)
                                                          0.01       0.21 r
  data arrival time                                                  0.21

  clock cluster_clock_gating (rise edge)                  0.00       0.00
  clock network delay (propagated)                        0.35       0.35
  clock reconvergence pessimism                          -0.26       0.08
  clock uncertainty                                       0.10       0.18
  ibex_top_inst/u_ibex_core/if_stage_i/instr_rdata_id_o_reg[22]/CK (SAEDHVT14_FSDPQ_V2_2)
                                                                     0.18 r
  library hold time                                      -0.01       0.18
  data required time                                                 0.18
  ------------------------------------------------------------------------------
  data required time                                                 0.18
  data arrival time                                                 -0.21
  ------------------------------------------------------------------------------
  slack (MET)                                                        0.03


1
