Information: Starting DRC fix iteration 1 at [ Tue Jul  8 11:44:27 2025 ]...
Information: Analyzing scenarios...

Available buffers:
Lib_cell               Area
--------------------------------------------------------
SAEDHVT14_BUF_20       1.29
SAEDHVT14_BUF_16       1.07
SAEDHVT14_BUF_12       0.84
SAEDHVT14_BUF_10       0.71
SAEDHVT14_BUF_8        0.62
SAEDHVT14_BUF_6        0.49
SAEDHVT14_BUF_4        0.40
SAEDHVT14_BUF_2        0.31

Information: 0 max capacitance violations located in all scenarios... (PTECO-024)
Information: No more fixes are available.
Information: The DRC violation fixing process is complete.


Remaining Violations:
Scenario                               Total  Unfixable
--------------------------------------------------------
Func_Slow                                  0          0
Func_Fast                                  0          0
--------------------------------------------------------
Total                                      0          0

Inserted buffers:
   Count Lib_cell               Area          Total_area
--------------------------------------------------------
         No buffer           
--------------------------------------------------------
       0 TOTAL                                      0.00

Final ECO Summary:
--------------------------------------------------------
Total number of commands                               0
Total area increased                                0.00

Information: Elapsed time [               30 seconds ]
Information: Completed at [ Tue Jul  8 11:44:57 2025 ]

0
