 
****************************************
Report : area
Design : ibex_top
Version: O-2018.06-SP1
Date   : Tue Apr 29 16:15:40 2025
****************************************

Information: Updating design information... (UID-85)
Warning: Design 'ibex_top' contains 2 high-fanout nets. A fanout number of 1000 will be used for delay calculations involving these nets. (TIM-134)
Library(s) Used:

    saed14hvt_tt0p8v25c (File: /mnt/hgfs/0_GP/PDK/saed14_pdk/SAED14nm_EDK_CORE_HVT_v_062020/stdcell_hvt/db_ccs/saed14hvt_tt0p8v25c.db)

Number of ports:                         2791
Number of nets:                         18930
Number of cells:                        16114
Number of combinational cells:          14032
Number of sequential cells:              2061
Number of macros/black boxes:               0
Number of buf/inv:                       3381
Number of references:                     177

Combinational area:               5990.803158
Buf/Inv area:                     1722.364774
Noncombinational area:            2728.291269
Macro/Black Box area:                0.000000
Net Interconnect area:           14472.316327

Total cell area:                  8719.094427
Total area:                      23191.410753
1
