 
****************************************
Report : area
Design : ibex_top
Version: O-2018.06-SP1
Date   : Tue Apr 29 17:39:03 2025
****************************************

Information: Updating design information... (UID-85)
Warning: Design 'ibex_top' contains 2 high-fanout nets. A fanout number of 1000 will be used for delay calculations involving these nets. (TIM-134)
Library(s) Used:

    saed14hvt_tt0p8v25c (File: /mnt/hgfs/0_GP/PDK/saed14_pdk/SAED14nm_EDK_CORE_HVT_v_062020/stdcell_hvt/db_ccs/saed14hvt_tt0p8v25c.db)

Number of ports:                         2791
Number of nets:                         18799
Number of cells:                        15980
Number of combinational cells:          13900
Number of sequential cells:              2059
Number of macros/black boxes:               0
Number of buf/inv:                       3245
Number of references:                     159

Combinational area:               5905.732763
Buf/Inv area:                     1651.901981
Noncombinational area:            2692.815673
Macro/Black Box area:                0.000000
Net Interconnect area:           14574.624355

Total cell area:                  8598.548437
Total area:                      23173.172792
1
