Warning: There are infeasible paths detected in your design that were ignored during optimization. Please run 'report_timing -attributes' and/or 'create_qor_snapshot/query_qor_snapshot -infeasible_paths' to identify these paths.  (OPT-1721)
 
****************************************
Report : qor
Design : ibex_top
Version: O-2018.06-SP1
Date   : Tue Apr 29 17:42:08 2025
****************************************


  Timing Path Group 'clk_i'
  -----------------------------------
  Levels of Logic:               6.00
  Critical Path Length:          0.16
  Critical Path Slack:           2.76
  Critical Path Clk Period:      6.25
  Total Negative Slack:          0.00
  No. of Violating Paths:        0.00
  Worst Hold Violation:         -0.04
  Total Hold Violation:         -0.04
  No. of Hold Violations:        1.00
  -----------------------------------

  Timing Path Group 'cluster_clock_gating'
  -----------------------------------
  Levels of Logic:              62.00
  Critical Path Length:      40826.58
  Critical Path Slack:      -40820.52
  Critical Path Clk Period:      6.25
  Total Negative Slack:  -31466502.00
  No. of Violating Paths:     1107.00
  Worst Hold Violation:     -19841.14
  Total Hold Violation:   -9827314.00
  No. of Hold Violations:     2057.00
  -----------------------------------


  Cell Count
  -----------------------------------
  Hierarchical Cell Count:         21
  Hierarchical Port Count:       2127
  Leaf Cell Count:              15959
  Buf/Inv Cell Count:            3245
  Buf Cell Count:                 897
  Inv Cell Count:                2678
  CT Buf/Inv Cell Count:            2
  Combinational Cell Count:     13900
  Sequential Cell Count:         2059
  Macro Count:                      0
  -----------------------------------


  Area
  -----------------------------------
  Combinational Area:     5905.732763
  Noncombinational Area:  2692.815673
  Buf/Inv Area:           1651.901981
  Total Buffer Area:           664.53
  Total Inverter Area:        1492.37
  Macro/Black Box Area:      0.000000
  Net Area:              14574.624355
  -----------------------------------
  Cell Area:              8598.548437
  Design Area:           23173.172792


  Design Rules
  -----------------------------------
  Total Number of Nets:         16989
  Nets With Violations:             7
  Max Trans Violations:             0
  Max Cap Violations:               0
  Max Fanout Violations:            7
  -----------------------------------


  Hostname: IC_EDA

  Compile CPU Statistics
  -----------------------------------------
  Resource Sharing:                    1.38
  Logic Optimization:                  0.83
  Mapping Optimization:              125.47
  -----------------------------------------
  Overall Compile Time:              152.42
  Overall Compile Wall Clock Time:   162.19

  --------------------------------------------------------------------

  Design  WNS: 40820.52  TNS: 31466502.00  Number of Violating Paths: 1107


  Design (Hold)  WNS: 19841.14  TNS: 9827412.00  Number of Violating Paths: 2058

  --------------------------------------------------------------------


1
