Warning: Cell contains tie connections which are not connected to real PG. (ZRT-511)
Turn off antenna since no rule is specified
Cell Min-Routing-Layer = M1
Cell Max-Routing-Layer = M9
Warning: Ignore 11 top cell ports with no pins. (ZRT-027)
Info: number of net_type_blockage: 0 
Via on layer (VIA1) needs more than one tracks
Warning: Layer M1 pitch 0.074 may be too small: wire/via-down 0.074, wire/via-up 0.098. (ZRT-026)
Via on layer (VIA1) needs more than one tracks
Warning: Layer M2 pitch 0.060 may be too small: wire/via-down 0.098, wire/via-up 0.060. (ZRT-026)
Via on layer (VIA3) needs more than one tracks
Warning: Layer M3 pitch 0.074 may be too small: wire/via-down 0.060, wire/via-up 0.080. (ZRT-026)
Wire on layer (M4) needs more than one tracks
Via on layer (VIA3) needs more than one tracks
Via on layer (VIA4) needs more than one tracks
Warning: Layer M4 pitch 0.074 may be too small: wire/via-down 0.107, wire/via-up 0.105. (ZRT-026)
Via on layer (VIA4) needs more than one tracks
Warning: Layer M5 pitch 0.120 may be too small: wire/via-down 0.135, wire/via-up 0.107. (ZRT-026)
Via on layer (VIA8) needs more than one tracks
Warning: Layer M8 pitch 0.120 may be too small: wire/via-down 0.107, wire/via-up 0.135. (ZRT-026)
Wire on layer (M9) needs more than one tracks
Via on layer (VIA8) needs more than one tracks
Via on layer (VIARDL) needs more than one tracks
Warning: Layer M9 pitch 0.120 may be too small: wire/via-down 0.135, wire/via-up 1.570. (ZRT-026)
Via on layer (VIARDL) needs more than one tracks
Warning: Layer MRDL pitch 0.600 may be too small: wire/via-down 4.500, wire/via-up 0.600. (ZRT-026)
Transition layer name: M3(2)
Warning: Standard cell pin SAEDHVT14_FSDPQ_V2LP_2/Q has no valid via regions. (ZRT-044)
Warning: Standard cell pin SAEDHVT14_FSDPQB_V2_2/QN has no valid via regions. (ZRT-044)
Warning: Standard cell pin SAEDHVT14_NR3B_2/B2 has no valid via regions. (ZRT-044)
Warning: Standard cell pin SAEDHVT14_NR2_2/A1 has no valid via regions. (ZRT-044)
Warning: Standard cell pin SAEDHVT14_NR2_2/X has no valid via regions. (ZRT-044)
Printing options for 'route.common.*'
common.verbose_level                                    :	 0                   

Printing options for 'route.detail.*'
detail.antenna                                          :	 true                
detail.force_end_on_preferred_grid                      :	 true                

Printing options for 'route.auto_via_ladder.*'


Begin full DRC check ...

Information: Using 1 threads for routing. (ZRT-444)
Checked	1/81 Partitions, Violations =	0
Checked	3/81 Partitions, Violations =	0
Checked	6/81 Partitions, Violations =	0
Checked	9/81 Partitions, Violations =	0
Checked	12/81 Partitions, Violations =	0
Checked	15/81 Partitions, Violations =	0
Checked	18/81 Partitions, Violations =	0
Checked	21/81 Partitions, Violations =	0
Checked	24/81 Partitions, Violations =	0
Checked	28/81 Partitions, Violations =	0
Checked	30/81 Partitions, Violations =	0
Checked	33/81 Partitions, Violations =	0
Checked	36/81 Partitions, Violations =	0
Checked	39/81 Partitions, Violations =	0
Checked	42/81 Partitions, Violations =	8
Checked	45/81 Partitions, Violations =	8
Checked	48/81 Partitions, Violations =	8
Checked	51/81 Partitions, Violations =	15
Checked	54/81 Partitions, Violations =	15
Checked	57/81 Partitions, Violations =	15
Checked	60/81 Partitions, Violations =	25
Checked	63/81 Partitions, Violations =	25
Checked	66/81 Partitions, Violations =	25
Checked	69/81 Partitions, Violations =	25
Checked	72/81 Partitions, Violations =	25
Checked	75/81 Partitions, Violations =	25
Checked	78/81 Partitions, Violations =	25
Checked	81/81 Partitions, Violations =	25
[DRC CHECK] Elapsed real time: 0:00:07 
[DRC CHECK] Elapsed cpu  time: sys=0:00:00 usr=0:00:07 total=0:00:07
[DRC CHECK] Stage (MB): Used    0  Alloctr    0  Proc    0 
[DRC CHECK] Total (MB): Used  161  Alloctr  168  Proc 1617 
Loading parastics information to the router ...
Warning: Technology layer 'M4' setting 'pitch' is not valid (NEX-001)
Warning: Technology layer 'MRDL' setting 'pitch' is not valid (NEX-001)
Warning: Parasitic Tech Library layer 'M1' parameter 'SMIN' = 0.040 does not match 0.026 of technology file (NEX-007)
Warning: Parasitic Tech Library layer 'M2' parameter 'SMIN' = 0.040 does not match 0.026 of technology file (NEX-007)
Warning: Parasitic Tech Library layer 'M3' parameter 'SMIN' = 0.040 does not match 0.026 of technology file (NEX-007)
Warning: Parasitic Tech Library layer 'M1' parameter 'SMIN' = 0.040 does not match 0.026 of technology file (NEX-007)
Warning: Parasitic Tech Library layer 'M2' parameter 'SMIN' = 0.040 does not match 0.026 of technology file (NEX-007)
Warning: Parasitic Tech Library layer 'M3' parameter 'SMIN' = 0.040 does not match 0.026 of technology file (NEX-007)
Warning: Parasitic Tech Library layer 'M8' parameter 'WMIN' = 0.030 does not match 0.060 of technology file (NEX-007)
Warning: Parasitic Tech Library layer 'M8' parameter 'SMIN' = 0.060 does not match 0.040 of technology file (NEX-007)
parastics information loaded to the router.
Printing options for 'route.common.*'
common.verbose_level                                    :	 0                   

Printing options for 'route.detail.*'
detail.antenna                                          :	 true                
detail.force_end_on_preferred_grid                      :	 true                

Printing options for 'route.auto_via_ladder.*'

Information: RC layer preference is turned on for this design. (ZRT-613)
[Dr init] Elapsed real time: 0:00:12 
[Dr init] Elapsed cpu  time: sys=0:00:00 usr=0:00:12 total=0:00:12
[Dr init] Stage (MB): Used  151  Alloctr  157  Proc    0 
[Dr init] Total (MB): Used  152  Alloctr  159  Proc 1617 
Total number of nets = 26307, of which 0 are not extracted
Total number of open nets = 0, of which 0 are frozen
Information: Using 1 threads for routing. (ZRT-444)
Routing in incremental mode, starting from iteration 56

Start DR iteration 56: non-uniform partition
Routed	1/5 Partitions, Violations =	28
Routed	2/5 Partitions, Violations =	21
Routed	3/5 Partitions, Violations =	31
Routed	4/5 Partitions, Violations =	28
Routed	5/5 Partitions, Violations =	27

DRC-SUMMARY:
	@@@@@@@ TOTAL VIOLATIONS =	27
	Diff net spacing : 4
	Less than NDR width : 2
	Off-grid : 6
	Internal-only types : 15

[Iter 56] Elapsed real time: 0:00:12 
[Iter 56] Elapsed cpu  time: sys=0:00:00 usr=0:00:12 total=0:00:12
[Iter 56] Stage (MB): Used  160  Alloctr  166  Proc    0 
[Iter 56] Total (MB): Used  161  Alloctr  168  Proc 1617 

End DR iteration 56 with 5 parts

Start DR iteration 57: non-uniform partition
Routed	1/3 Partitions, Violations =	23
Routed	2/3 Partitions, Violations =	21
Routed	3/3 Partitions, Violations =	22

DRC-SUMMARY:
	@@@@@@@ TOTAL VIOLATIONS =	22
	Diff net var rule spacing : 2
	End of line enclosure : 1
	Less than minimum area : 2
	Off-grid : 13
	Same net via-cut spacing : 1
	Short : 3

[Iter 57] Elapsed real time: 0:00:13 
[Iter 57] Elapsed cpu  time: sys=0:00:00 usr=0:00:13 total=0:00:13
[Iter 57] Stage (MB): Used  160  Alloctr  166  Proc    0 
[Iter 57] Total (MB): Used  161  Alloctr  168  Proc 1617 

End DR iteration 57 with 3 parts

Start DR iteration 58: non-uniform partition
Routed	1/3 Partitions, Violations =	12
Routed	2/3 Partitions, Violations =	14
Routed	3/3 Partitions, Violations =	15

DRC-SUMMARY:
	@@@@@@@ TOTAL VIOLATIONS =	15
	Less than minimum area : 1
	Less than NDR width : 1
	Off-grid : 9
	Same net spacing : 1
	Short : 3

[Iter 58] Elapsed real time: 0:00:15 
[Iter 58] Elapsed cpu  time: sys=0:00:00 usr=0:00:15 total=0:00:15
[Iter 58] Stage (MB): Used  160  Alloctr  166  Proc    0 
[Iter 58] Total (MB): Used  161  Alloctr  168  Proc 1617 

End DR iteration 58 with 3 parts

Start DR iteration 59: non-uniform partition
Routed	1/3 Partitions, Violations =	16
Routed	2/3 Partitions, Violations =	20
Routed	3/3 Partitions, Violations =	23

DRC-SUMMARY:
	@@@@@@@ TOTAL VIOLATIONS =	23
	Diff net spacing : 1
	Diff net var rule spacing : 2
	Less than minimum area : 2
	Less than NDR width : 4
	Off-grid : 10
	Same net via-cut spacing : 1
	Short : 1
	Internal-only types : 2

[Iter 59] Elapsed real time: 0:00:16 
[Iter 59] Elapsed cpu  time: sys=0:00:00 usr=0:00:16 total=0:00:16
[Iter 59] Stage (MB): Used  160  Alloctr  166  Proc    0 
[Iter 59] Total (MB): Used  161  Alloctr  168  Proc 1617 

End DR iteration 59 with 3 parts

Start DR iteration 60: non-uniform partition
Routed	1/3 Partitions, Violations =	25
Routed	2/3 Partitions, Violations =	22
Routed	3/3 Partitions, Violations =	17

DRC-SUMMARY:
	@@@@@@@ TOTAL VIOLATIONS =	17
	Diff net spacing : 6
	Diff net var rule spacing : 2
	Less than NDR width : 3
	Off-grid : 4
	Same net spacing : 1
	Internal-only types : 1

[Iter 60] Elapsed real time: 0:00:18 
[Iter 60] Elapsed cpu  time: sys=0:00:00 usr=0:00:17 total=0:00:18
[Iter 60] Stage (MB): Used  160  Alloctr  166  Proc    0 
[Iter 60] Total (MB): Used  161  Alloctr  168  Proc 1617 

End DR iteration 60 with 3 parts

Start DR iteration 61: non-uniform partition
Routed	1/3 Partitions, Violations =	12
Routed	2/3 Partitions, Violations =	12
Routed	3/3 Partitions, Violations =	13

DRC-SUMMARY:
	@@@@@@@ TOTAL VIOLATIONS =	13
	Less than minimum area : 1
	Less than NDR width : 4
	Off-grid : 6
	Internal-only types : 2

[Iter 61] Elapsed real time: 0:00:19 
[Iter 61] Elapsed cpu  time: sys=0:00:00 usr=0:00:18 total=0:00:19
[Iter 61] Stage (MB): Used  160  Alloctr  166  Proc    0 
[Iter 61] Total (MB): Used  161  Alloctr  168  Proc 1617 

End DR iteration 61 with 3 parts

Start DR iteration 62: non-uniform partition
Routed	1/5 Partitions, Violations =	15
Routed	2/5 Partitions, Violations =	15
Routed	3/5 Partitions, Violations =	15
Routed	4/5 Partitions, Violations =	14
Routed	5/5 Partitions, Violations =	21

DRC-SUMMARY:
	@@@@@@@ TOTAL VIOLATIONS =	21
	Less than minimum area : 2
	Less than NDR width : 2
	Off-grid : 10
	Same net via-cut spacing : 1
	Internal-only types : 6

[Iter 62] Elapsed real time: 0:00:21 
[Iter 62] Elapsed cpu  time: sys=0:00:00 usr=0:00:20 total=0:00:21
[Iter 62] Stage (MB): Used  160  Alloctr  166  Proc    0 
[Iter 62] Total (MB): Used  161  Alloctr  168  Proc 1617 

End DR iteration 62 with 5 parts

Start DR iteration 63: non-uniform partition
Routed	1/4 Partitions, Violations =	21
Routed	2/4 Partitions, Violations =	14
Routed	3/4 Partitions, Violations =	12
Routed	4/4 Partitions, Violations =	14

DRC-SUMMARY:
	@@@@@@@ TOTAL VIOLATIONS =	14
	Diff net spacing : 4
	Less than minimum area : 2
	Less than NDR width : 3
	Off-grid : 3
	Short : 1
	Internal-only types : 1

[Iter 63] Elapsed real time: 0:00:22 
[Iter 63] Elapsed cpu  time: sys=0:00:00 usr=0:00:22 total=0:00:22
[Iter 63] Stage (MB): Used  160  Alloctr  166  Proc    0 
[Iter 63] Total (MB): Used  161  Alloctr  168  Proc 1617 

End DR iteration 63 with 4 parts

Start DR iteration 64: non-uniform partition
Routed	1/3 Partitions, Violations =	7
Routed	2/3 Partitions, Violations =	7
Routed	3/3 Partitions, Violations =	9

DRC-SUMMARY:
	@@@@@@@ TOTAL VIOLATIONS =	9
	Diff net spacing : 1
	Less than NDR width : 1
	Off-grid : 7

[Iter 64] Elapsed real time: 0:00:24 
[Iter 64] Elapsed cpu  time: sys=0:00:00 usr=0:00:23 total=0:00:24
[Iter 64] Stage (MB): Used  160  Alloctr  166  Proc    0 
[Iter 64] Total (MB): Used  161  Alloctr  168  Proc 1617 

End DR iteration 64 with 3 parts

Start DR iteration 65: non-uniform partition
Routed	1/3 Partitions, Violations =	14
Routed	2/3 Partitions, Violations =	16
Routed	3/3 Partitions, Violations =	15

DRC-SUMMARY:
	@@@@@@@ TOTAL VIOLATIONS =	15
	Diff net var rule spacing : 2
	Less than NDR width : 3
	Off-grid : 6
	Same net via-cut spacing : 1
	Internal-only types : 3

[Iter 65] Elapsed real time: 0:00:25 
[Iter 65] Elapsed cpu  time: sys=0:00:00 usr=0:00:25 total=0:00:25
[Iter 65] Stage (MB): Used  160  Alloctr  166  Proc    0 
[Iter 65] Total (MB): Used  161  Alloctr  168  Proc 1617 

End DR iteration 65 with 3 parts

Start DR iteration 66: non-uniform partition
Routed	1/5 Partitions, Violations =	15
Routed	2/5 Partitions, Violations =	19
Routed	3/5 Partitions, Violations =	19
Routed	4/5 Partitions, Violations =	30
Routed	5/5 Partitions, Violations =	56

DRC-SUMMARY:
	@@@@@@@ TOTAL VIOLATIONS =	56
	Diff net spacing : 4
	Diff net var rule spacing : 1
	Less than minimum area : 5
	Less than NDR width : 33
	Off-grid : 6
	Same net via-cut spacing : 1
	Short : 4
	Internal-only types : 2

[Iter 66] Elapsed real time: 0:00:27 
[Iter 66] Elapsed cpu  time: sys=0:00:00 usr=0:00:26 total=0:00:27
[Iter 66] Stage (MB): Used  160  Alloctr  166  Proc    0 
[Iter 66] Total (MB): Used  161  Alloctr  168  Proc 1617 

End DR iteration 66 with 5 parts

Start DR iteration 67: non-uniform partition
Routed	1/4 Partitions, Violations =	21
Routed	2/4 Partitions, Violations =	14
Routed	3/4 Partitions, Violations =	14
Routed	4/4 Partitions, Violations =	25

DRC-SUMMARY:
	@@@@@@@ TOTAL VIOLATIONS =	25
	Diff net spacing : 4
	Diff net var rule spacing : 2
	Less than minimum area : 4
	Less than NDR width : 2
	Off-grid : 7
	Same net via-cut spacing : 1
	Short : 5

[Iter 67] Elapsed real time: 0:00:28 
[Iter 67] Elapsed cpu  time: sys=0:00:00 usr=0:00:28 total=0:00:28
[Iter 67] Stage (MB): Used  160  Alloctr  166  Proc    0 
[Iter 67] Total (MB): Used  161  Alloctr  168  Proc 1617 

End DR iteration 67 with 4 parts

Start DR iteration 68: non-uniform partition
Routed	1/5 Partitions, Violations =	29
Routed	2/5 Partitions, Violations =	23
Routed	3/5 Partitions, Violations =	25
Routed	4/5 Partitions, Violations =	28
Routed	5/5 Partitions, Violations =	27

DRC-SUMMARY:
	@@@@@@@ TOTAL VIOLATIONS =	27
	Diff net spacing : 7
	Diff net var rule spacing : 2
	Less than minimum area : 1
	Less than NDR width : 2
	Off-grid : 8
	Same net via-cut spacing : 2
	Internal-only types : 5

[Iter 68] Elapsed real time: 0:00:30 
[Iter 68] Elapsed cpu  time: sys=0:00:00 usr=0:00:30 total=0:00:30
[Iter 68] Stage (MB): Used  160  Alloctr  166  Proc    0 
[Iter 68] Total (MB): Used  161  Alloctr  168  Proc 1617 

End DR iteration 68 with 5 parts

Start DR iteration 69: non-uniform partition
Routed	1/4 Partitions, Violations =	28
Routed	2/4 Partitions, Violations =	34
Routed	3/4 Partitions, Violations =	33
Routed	4/4 Partitions, Violations =	116

DRC-SUMMARY:
	@@@@@@@ TOTAL VIOLATIONS =	116
	Diff net spacing : 6
	Diff net via-cut spacing : 1
	Less than minimum area : 2
	Less than NDR width : 61
	Off-grid : 10
	Same net via-cut spacing : 1
	Short : 1
	Internal-only types : 34

[Iter 69] Elapsed real time: 0:00:33 
[Iter 69] Elapsed cpu  time: sys=0:00:00 usr=0:00:33 total=0:00:33
[Iter 69] Stage (MB): Used  160  Alloctr  166  Proc    0 
[Iter 69] Total (MB): Used  161  Alloctr  168  Proc 1617 

End DR iteration 69 with 4 parts

Stop DR since not converging

Information: Detail Routing terminated early because DRCs were not converging: true (ZRT-312)

Begin revisit internal-only type DRCs ...

Checked	1/1 Partitions, Violations =	83

DRC-SUMMARY:
	@@@@@@@ TOTAL VIOLATIONS =	83

[REVISIT DRC] Elapsed real time: 0:00:00 
[REVISIT DRC] Elapsed cpu  time: sys=0:00:00 usr=0:00:00 total=0:00:00
[REVISIT DRC] Stage (MB): Used    0  Alloctr    0  Proc    0 
[REVISIT DRC] Total (MB): Used  161  Alloctr  168  Proc 1617 
[DR] Elapsed real time: 0:00:33 
[DR] Elapsed cpu  time: sys=0:00:00 usr=0:00:33 total=0:00:33
[DR] Stage (MB): Used  142  Alloctr  148  Proc    0 
[DR] Total (MB): Used  143  Alloctr  150  Proc 1617 
[DR: Done] Elapsed real time: 0:00:33 
[DR: Done] Elapsed cpu  time: sys=0:00:00 usr=0:00:33 total=0:00:33
[DR: Done] Stage (MB): Used  142  Alloctr  148  Proc    0 
[DR: Done] Total (MB): Used  143  Alloctr  150  Proc 1617 

DR finished with 0 open nets, of which 0 are frozen
Information: Merged away 66 aligned/redundant DRCs. (ZRT-305)

DR finished with 17 violations

DRC-SUMMARY:
	@@@@@@@ TOTAL VIOLATIONS =	17
	Diff net spacing : 4
	Diff net via-cut spacing : 1
	Less than minimum area : 2
	Less than NDR width : 3
	Off-grid : 5
	Same net via-cut spacing : 1
	Short : 1



Total Wire Length =                    310163 micron
Total Number of Contacts =             173193
Total Number of Wires =                208617
Total Number of PtConns =              31220
Total Number of Routed Wires =       208617
Total Routed Wire Length =           288506 micron
Total Number of Routed Contacts =       173193
	Layer                 M1 :        666 micron
	Layer                 M2 :     105960 micron
	Layer                 M3 :     115047 micron
	Layer                 M4 :      31010 micron
	Layer                 M5 :      36045 micron
	Layer                 M6 :      12669 micron
	Layer                 M7 :       8678 micron
	Layer                 M8 :         80 micron
	Layer                 M9 :          8 micron
	Layer               MRDL :          0 micron
	Via              VIA89_C :          4
	Via       VIA78SQ_C(rot) :         15
	Via         VIA78SQ(rot) :          3
	Via            VIA67SQ_C :        610
	Via       VIA67SQ_C(rot) :         40
	Via              VIA67SQ :         21
	Via         VIA67SQ(rot) :          9
	Via            VIA56SQ_C :         23
	Via       VIA56SQ_C(rot) :         91
	Via              VIA56SQ :       1614
	Via              VIA45SQ :       6176
	Via         VIA45SQ(rot) :          2
	Via            VIA34SQ_C :         54
	Via       VIA34SQ_C(rot) :       8942
	Via          VIA34BAR2_C :         24
	Via              VIA34SQ :        283
	Via         VIA34SQ(rot) :        826
	Via          VIA3_34SQ_C :          9
	Via     VIA3_34SQ_C(rot) :         63
	Via            VIA3_34SQ :         37
	Via       VIA3_34SQ(rot) :          3
	Via            VIA23SQ_C :      87109
	Via       VIA23SQ_C(rot) :          1
	Via          VIA23BAR2_C :          1
	Via              VIA23SQ :         18
	Via         VIA23SQ(rot) :         10
	Via          VIA2_33SQ_C :        511
	Via          VIA23_3SQ_C :        433
	Via        VIA2_33_3SQ_C :        187
	Via            VIA12SQ_C :          5
	Via       VIA12SQ_C(rot) :      64685
	Via            VIA12LG_C :          1
	Via              VIA12SQ :          5
	Via         VIA12SQ(rot) :        318
	Via     VIA1_32SQ_C(rot) :        720
	Via     VIA12_3SQ_C(rot) :        133
	Via   VIA1_32_3SQ_C(rot) :        207

 
Redundant via conversion report:
--------------------------------

  Total optimized via conversion rate =  0.00% (0 / 173193 vias)
 
    Layer VIA1       =  0.00% (0      / 66074   vias)
        Un-optimized =  0.00% (0       vias)
        Un-mapped    = 100.00% (66074   vias)
    Layer VIA2       =  0.00% (0      / 88270   vias)
        Un-optimized =  0.00% (0       vias)
        Un-mapped    = 100.00% (88270   vias)
    Layer VIA3       =  0.00% (0      / 10241   vias)
        Un-optimized =  0.00% (0       vias)
        Un-mapped    = 100.00% (10241   vias)
    Layer VIA4       =  0.00% (0      / 6178    vias)
        Un-optimized =  0.00% (0       vias)
        Un-mapped    = 100.00% (6178    vias)
    Layer VIA5       =  0.00% (0      / 1728    vias)
        Un-optimized =  0.00% (0       vias)
        Un-mapped    = 100.00% (1728    vias)
    Layer VIA6       =  0.00% (0      / 680     vias)
        Un-optimized =  0.00% (0       vias)
        Un-mapped    = 100.00% (680     vias)
    Layer VIA7       =  0.00% (0      / 18      vias)
        Un-optimized =  0.00% (0       vias)
        Un-mapped    = 100.00% (18      vias)
    Layer VIA8       =  0.00% (0      / 4       vias)
        Un-optimized =  0.00% (0       vias)
        Un-mapped    = 100.00% (4       vias)
 
  Total double via conversion rate    =  0.00% (0 / 173193 vias)
 
    Layer VIA1       =  0.00% (0      / 66074   vias)
    Layer VIA2       =  0.00% (0      / 88270   vias)
    Layer VIA3       =  0.00% (0      / 10241   vias)
    Layer VIA4       =  0.00% (0      / 6178    vias)
    Layer VIA5       =  0.00% (0      / 1728    vias)
    Layer VIA6       =  0.00% (0      / 680     vias)
    Layer VIA7       =  0.00% (0      / 18      vias)
    Layer VIA8       =  0.00% (0      / 4       vias)
 
  The optimized via conversion rate based on total routed via count =  0.00% (0 / 173193 vias)
 
    Layer VIA1       =  0.00% (0      / 66074   vias)
        Un-optimized =  0.00% (0       vias)
        Un-mapped    = 100.00% (66074   vias)
    Layer VIA2       =  0.00% (0      / 88270   vias)
        Un-optimized =  0.00% (0       vias)
        Un-mapped    = 100.00% (88270   vias)
    Layer VIA3       =  0.00% (0      / 10241   vias)
        Un-optimized =  0.00% (0       vias)
        Un-mapped    = 100.00% (10241   vias)
    Layer VIA4       =  0.00% (0      / 6178    vias)
        Un-optimized =  0.00% (0       vias)
        Un-mapped    = 100.00% (6178    vias)
    Layer VIA5       =  0.00% (0      / 1728    vias)
        Un-optimized =  0.00% (0       vias)
        Un-mapped    = 100.00% (1728    vias)
    Layer VIA6       =  0.00% (0      / 680     vias)
        Un-optimized =  0.00% (0       vias)
        Un-mapped    = 100.00% (680     vias)
    Layer VIA7       =  0.00% (0      / 18      vias)
        Un-optimized =  0.00% (0       vias)
        Un-mapped    = 100.00% (18      vias)
    Layer VIA8       =  0.00% (0      / 4       vias)
        Un-optimized =  0.00% (0       vias)
        Un-mapped    = 100.00% (4       vias)
 

Total number of nets = 26307
0 open nets, of which 0 are frozen
Total number of excluded ports = 0 ports of 0 unplaced cells connected to 0 nets
                                 0 ports without pins of 0 cells connected to 0 nets
                                 0 ports of 0 cover cells connected to 0 non-pg nets
Total number of DRCs = 17
Total number of antenna violations = antenna checking not active
Information: Routes in non-preferred voltage areas = 0 (ZRT-559)

Topology ECO not run, no qualifying violations or in frozen nets.
Updating the database ...
