Warning: Cell contains tie connections which are not connected to real PG. (ZRT-511)
Turn off antenna since no rule is specified
Cell Min-Routing-Layer = M1
Cell Max-Routing-Layer = M9
Warning: Ignore 11 top cell ports with no pins. (ZRT-027)
Info: number of net_type_blockage: 0 
Via on layer (VIA1) needs more than one tracks
Warning: Layer M1 pitch 0.074 may be too small: wire/via-down 0.074, wire/via-up 0.098. (ZRT-026)
Via on layer (VIA1) needs more than one tracks
Warning: Layer M2 pitch 0.060 may be too small: wire/via-down 0.098, wire/via-up 0.060. (ZRT-026)
Via on layer (VIA3) needs more than one tracks
Warning: Layer M3 pitch 0.074 may be too small: wire/via-down 0.060, wire/via-up 0.080. (ZRT-026)
Wire on layer (M4) needs more than one tracks
Via on layer (VIA3) needs more than one tracks
Via on layer (VIA4) needs more than one tracks
Warning: Layer M4 pitch 0.074 may be too small: wire/via-down 0.107, wire/via-up 0.105. (ZRT-026)
Via on layer (VIA4) needs more than one tracks
Warning: Layer M5 pitch 0.120 may be too small: wire/via-down 0.135, wire/via-up 0.107. (ZRT-026)
Via on layer (VIA8) needs more than one tracks
Warning: Layer M8 pitch 0.120 may be too small: wire/via-down 0.107, wire/via-up 0.135. (ZRT-026)
Wire on layer (M9) needs more than one tracks
Via on layer (VIA8) needs more than one tracks
Via on layer (VIARDL) needs more than one tracks
Warning: Layer M9 pitch 0.120 may be too small: wire/via-down 0.135, wire/via-up 1.570. (ZRT-026)
Via on layer (VIARDL) needs more than one tracks
Warning: Layer MRDL pitch 0.600 may be too small: wire/via-down 4.500, wire/via-up 0.600. (ZRT-026)
Transition layer name: M3(2)
Warning: Standard cell pin SAEDHVT14_FSDPQ_V2LP_2/Q has no valid via regions. (ZRT-044)
Warning: Standard cell pin SAEDHVT14_FSDPQB_V2_2/QN has no valid via regions. (ZRT-044)
Warning: Standard cell pin SAEDHVT14_NR3B_2/B2 has no valid via regions. (ZRT-044)
Warning: Standard cell pin SAEDHVT14_NR2_2/A1 has no valid via regions. (ZRT-044)
Warning: Standard cell pin SAEDHVT14_NR2_2/X has no valid via regions. (ZRT-044)
Printing options for 'route.common.*'
common.verbose_level                                    :	 0                   

Printing options for 'route.detail.*'
detail.antenna                                          :	 true                
detail.force_end_on_preferred_grid                      :	 true                

Printing options for 'route.auto_via_ladder.*'


Begin full DRC check ...

Information: Using 1 threads for routing. (ZRT-444)
Checked	1/81 Partitions, Violations =	4
Checked	3/81 Partitions, Violations =	39
Checked	6/81 Partitions, Violations =	63
Checked	9/81 Partitions, Violations =	63
Checked	12/81 Partitions, Violations =	186
Checked	15/81 Partitions, Violations =	270
Checked	18/81 Partitions, Violations =	274
Checked	21/81 Partitions, Violations =	354
Checked	24/81 Partitions, Violations =	547
Checked	28/81 Partitions, Violations =	557
Checked	30/81 Partitions, Violations =	561
Checked	33/81 Partitions, Violations =	585
Checked	36/81 Partitions, Violations =	587
Checked	39/81 Partitions, Violations =	589
Checked	42/81 Partitions, Violations =	623
Checked	45/81 Partitions, Violations =	623
Checked	48/81 Partitions, Violations =	623
Checked	51/81 Partitions, Violations =	632
Checked	54/81 Partitions, Violations =	633
Checked	57/81 Partitions, Violations =	633
Checked	60/81 Partitions, Violations =	658
Checked	63/81 Partitions, Violations =	658
Checked	66/81 Partitions, Violations =	658
Checked	69/81 Partitions, Violations =	658
Checked	72/81 Partitions, Violations =	658
Checked	75/81 Partitions, Violations =	658
Checked	78/81 Partitions, Violations =	658
Checked	81/81 Partitions, Violations =	658
[DRC CHECK] Elapsed real time: 0:00:07 
[DRC CHECK] Elapsed cpu  time: sys=0:00:00 usr=0:00:07 total=0:00:07
[DRC CHECK] Stage (MB): Used    0  Alloctr    0  Proc    0 
[DRC CHECK] Total (MB): Used  161  Alloctr  168  Proc 1617 
Loading parastics information to the router ...
Warning: Technology layer 'M4' setting 'pitch' is not valid (NEX-001)
Warning: Technology layer 'MRDL' setting 'pitch' is not valid (NEX-001)
Warning: Parasitic Tech Library layer 'M1' parameter 'SMIN' = 0.040 does not match 0.026 of technology file (NEX-007)
Warning: Parasitic Tech Library layer 'M2' parameter 'SMIN' = 0.040 does not match 0.026 of technology file (NEX-007)
Warning: Parasitic Tech Library layer 'M3' parameter 'SMIN' = 0.040 does not match 0.026 of technology file (NEX-007)
Warning: Parasitic Tech Library layer 'M1' parameter 'SMIN' = 0.040 does not match 0.026 of technology file (NEX-007)
Warning: Parasitic Tech Library layer 'M2' parameter 'SMIN' = 0.040 does not match 0.026 of technology file (NEX-007)
Warning: Parasitic Tech Library layer 'M3' parameter 'SMIN' = 0.040 does not match 0.026 of technology file (NEX-007)
Warning: Parasitic Tech Library layer 'M8' parameter 'WMIN' = 0.030 does not match 0.060 of technology file (NEX-007)
Warning: Parasitic Tech Library layer 'M8' parameter 'SMIN' = 0.060 does not match 0.040 of technology file (NEX-007)
parastics information loaded to the router.
Printing options for 'route.common.*'
common.verbose_level                                    :	 0                   

Printing options for 'route.detail.*'
detail.antenna                                          :	 true                
detail.force_end_on_preferred_grid                      :	 true                

Printing options for 'route.auto_via_ladder.*'

Information: RC layer preference is turned on for this design. (ZRT-613)
[Dr init] Elapsed real time: 0:00:12 
[Dr init] Elapsed cpu  time: sys=0:00:00 usr=0:00:12 total=0:00:12
[Dr init] Stage (MB): Used  151  Alloctr  157  Proc    0 
[Dr init] Total (MB): Used  152  Alloctr  159  Proc 1617 
Total number of nets = 26307, of which 0 are not extracted
Total number of open nets = 0, of which 0 are frozen
Information: Using 1 threads for routing. (ZRT-444)
Routing in incremental mode, starting from iteration 33

Start DR iteration 33: non-uniform partition
Routed	1/121 Partitions, Violations =	643
Routed	2/121 Partitions, Violations =	628
Routed	3/121 Partitions, Violations =	616
Routed	4/121 Partitions, Violations =	605
Routed	5/121 Partitions, Violations =	592
Routed	6/121 Partitions, Violations =	585
Routed	7/121 Partitions, Violations =	577
Routed	8/121 Partitions, Violations =	570
Routed	9/121 Partitions, Violations =	561
Routed	10/121 Partitions, Violations =	552
Routed	11/121 Partitions, Violations =	546
Routed	12/121 Partitions, Violations =	540
Routed	13/121 Partitions, Violations =	534
Routed	14/121 Partitions, Violations =	528
Routed	15/121 Partitions, Violations =	492
Routed	16/121 Partitions, Violations =	481
Routed	17/121 Partitions, Violations =	467
Routed	18/121 Partitions, Violations =	456
Routed	19/121 Partitions, Violations =	449
Routed	20/121 Partitions, Violations =	438
Routed	21/121 Partitions, Violations =	428
Routed	22/121 Partitions, Violations =	420
Routed	23/121 Partitions, Violations =	412
Routed	24/121 Partitions, Violations =	406
Routed	25/121 Partitions, Violations =	397
Routed	26/121 Partitions, Violations =	389
Routed	27/121 Partitions, Violations =	380
Routed	28/121 Partitions, Violations =	359
Routed	29/121 Partitions, Violations =	355
Routed	30/121 Partitions, Violations =	351
Routed	31/121 Partitions, Violations =	347
Routed	32/121 Partitions, Violations =	343
Routed	33/121 Partitions, Violations =	339
Routed	34/121 Partitions, Violations =	332
Routed	35/121 Partitions, Violations =	327
Routed	36/121 Partitions, Violations =	323
Routed	37/121 Partitions, Violations =	319
Routed	38/121 Partitions, Violations =	315
Routed	39/121 Partitions, Violations =	309
Routed	40/121 Partitions, Violations =	301
Routed	41/121 Partitions, Violations =	295
Routed	42/121 Partitions, Violations =	291
Routed	43/121 Partitions, Violations =	286
Routed	44/121 Partitions, Violations =	283
Routed	45/121 Partitions, Violations =	275
Routed	46/121 Partitions, Violations =	261
Routed	47/121 Partitions, Violations =	254
Routed	48/121 Partitions, Violations =	251
Routed	49/121 Partitions, Violations =	248
Routed	50/121 Partitions, Violations =	243
Routed	51/121 Partitions, Violations =	242
Routed	52/121 Partitions, Violations =	239
Routed	53/121 Partitions, Violations =	236
Routed	54/121 Partitions, Violations =	233
Routed	55/121 Partitions, Violations =	230
Routed	56/121 Partitions, Violations =	227
Routed	57/121 Partitions, Violations =	221
Routed	58/121 Partitions, Violations =	218
Routed	59/121 Partitions, Violations =	215
Routed	60/121 Partitions, Violations =	212
Routed	61/121 Partitions, Violations =	206
Routed	62/121 Partitions, Violations =	202
Routed	63/121 Partitions, Violations =	199
Routed	64/121 Partitions, Violations =	196
Routed	65/121 Partitions, Violations =	193
Routed	66/121 Partitions, Violations =	190
Routed	67/121 Partitions, Violations =	189
Routed	68/121 Partitions, Violations =	187
Routed	69/121 Partitions, Violations =	185
Routed	70/121 Partitions, Violations =	183
Routed	71/121 Partitions, Violations =	181
Routed	72/121 Partitions, Violations =	179
Routed	73/121 Partitions, Violations =	174
Routed	74/121 Partitions, Violations =	172
Routed	75/121 Partitions, Violations =	170
Routed	76/121 Partitions, Violations =	168
Routed	77/121 Partitions, Violations =	166
Routed	78/121 Partitions, Violations =	164
Routed	79/121 Partitions, Violations =	161
Routed	80/121 Partitions, Violations =	159
Routed	81/121 Partitions, Violations =	157
Routed	82/121 Partitions, Violations =	155
Routed	83/121 Partitions, Violations =	154
Routed	84/121 Partitions, Violations =	152
Routed	85/121 Partitions, Violations =	290
Routed	86/121 Partitions, Violations =	289
Routed	87/121 Partitions, Violations =	287
Routed	88/121 Partitions, Violations =	285
Routed	89/121 Partitions, Violations =	283
Routed	90/121 Partitions, Violations =	281
Routed	91/121 Partitions, Violations =	291
Routed	92/121 Partitions, Violations =	288
Routed	93/121 Partitions, Violations =	286
Routed	94/121 Partitions, Violations =	284
Routed	95/121 Partitions, Violations =	280
Routed	96/121 Partitions, Violations =	278
Routed	97/121 Partitions, Violations =	276
Routed	98/121 Partitions, Violations =	273
Routed	99/121 Partitions, Violations =	271
Routed	100/121 Partitions, Violations =	268
Routed	101/121 Partitions, Violations =	267
Routed	102/121 Partitions, Violations =	266
Routed	103/121 Partitions, Violations =	265
Routed	104/121 Partitions, Violations =	256
Routed	105/121 Partitions, Violations =	255
Routed	106/121 Partitions, Violations =	254
Routed	107/121 Partitions, Violations =	253
Routed	108/121 Partitions, Violations =	252
Routed	109/121 Partitions, Violations =	245
Routed	110/121 Partitions, Violations =	242
Routed	111/121 Partitions, Violations =	239
Routed	112/121 Partitions, Violations =	235
Routed	113/121 Partitions, Violations =	236
Routed	114/121 Partitions, Violations =	234
Routed	115/121 Partitions, Violations =	82
Routed	116/121 Partitions, Violations =	80
Routed	117/121 Partitions, Violations =	78
Routed	118/121 Partitions, Violations =	77
Routed	119/121 Partitions, Violations =	76
Routed	120/121 Partitions, Violations =	75
Routed	121/121 Partitions, Violations =	74

DRC-SUMMARY:
	@@@@@@@ TOTAL VIOLATIONS =	74
	Diff net spacing : 20
	Less than minimum area : 15
	Less than NDR width : 7
	Off-grid : 9
	Same net via-cut spacing : 4
	Short : 13
	Internal-only types : 6

[Iter 33] Elapsed real time: 0:00:18 
[Iter 33] Elapsed cpu  time: sys=0:00:00 usr=0:00:18 total=0:00:18
[Iter 33] Stage (MB): Used  160  Alloctr  166  Proc    0 
[Iter 33] Total (MB): Used  161  Alloctr  168  Proc 1617 

End DR iteration 33 with 121 parts

Start DR iteration 34: non-uniform partition
Routed	1/18 Partitions, Violations =	61
Routed	2/18 Partitions, Violations =	384
Routed	3/18 Partitions, Violations =	382
Routed	4/18 Partitions, Violations =	375
Routed	5/18 Partitions, Violations =	370
Routed	6/18 Partitions, Violations =	366
Routed	7/18 Partitions, Violations =	373
Routed	8/18 Partitions, Violations =	52
Routed	9/18 Partitions, Violations =	50
Routed	10/18 Partitions, Violations =	48
Routed	11/18 Partitions, Violations =	47
Routed	12/18 Partitions, Violations =	46
Routed	13/18 Partitions, Violations =	45
Routed	14/18 Partitions, Violations =	44
Routed	15/18 Partitions, Violations =	43
Routed	16/18 Partitions, Violations =	51
Routed	17/18 Partitions, Violations =	50
Routed	18/18 Partitions, Violations =	49

DRC-SUMMARY:
	@@@@@@@ TOTAL VIOLATIONS =	49
	Diff net spacing : 8
	Less than minimum area : 6
	Less than NDR width : 2
	Off-grid : 15
	Same net via-cut spacing : 4
	Short : 12
	Internal-only types : 2

[Iter 34] Elapsed real time: 0:00:22 
[Iter 34] Elapsed cpu  time: sys=0:00:00 usr=0:00:21 total=0:00:22
[Iter 34] Stage (MB): Used  160  Alloctr  166  Proc    0 
[Iter 34] Total (MB): Used  161  Alloctr  168  Proc 1617 

End DR iteration 34 with 18 parts

Start DR iteration 35: non-uniform partition
Routed	1/9 Partitions, Violations =	46
Routed	2/9 Partitions, Violations =	44
Routed	3/9 Partitions, Violations =	44
Routed	4/9 Partitions, Violations =	36
Routed	5/9 Partitions, Violations =	31
Routed	6/9 Partitions, Violations =	30
Routed	7/9 Partitions, Violations =	27
Routed	8/9 Partitions, Violations =	26
Routed	9/9 Partitions, Violations =	25

DRC-SUMMARY:
	@@@@@@@ TOTAL VIOLATIONS =	25
	Diff net spacing : 3
	Diff net var rule spacing : 2
	Off-grid : 14
	Short : 2
	Internal-only types : 4

[Iter 35] Elapsed real time: 0:00:24 
[Iter 35] Elapsed cpu  time: sys=0:00:00 usr=0:00:23 total=0:00:24
[Iter 35] Stage (MB): Used  160  Alloctr  166  Proc    0 
[Iter 35] Total (MB): Used  161  Alloctr  168  Proc 1617 

End DR iteration 35 with 9 parts

Start DR iteration 36: non-uniform partition
Routed	1/4 Partitions, Violations =	22
Routed	2/4 Partitions, Violations =	19
Routed	3/4 Partitions, Violations =	151
Routed	4/4 Partitions, Violations =	147

DRC-SUMMARY:
	@@@@@@@ TOTAL VIOLATIONS =	147
	Diff net spacing : 1
	Diff net var rule spacing : 1
	Diff net via-cut spacing : 1
	Less than minimum area : 3
	Less than NDR width : 130
	Off-grid : 8
	Internal-only types : 3

[Iter 36] Elapsed real time: 0:00:25 
[Iter 36] Elapsed cpu  time: sys=0:00:00 usr=0:00:25 total=0:00:25
[Iter 36] Stage (MB): Used  160  Alloctr  166  Proc    0 
[Iter 36] Total (MB): Used  161  Alloctr  168  Proc 1617 

End DR iteration 36 with 4 parts

Start DR iteration 37: non-uniform partition
Routed	1/5 Partitions, Violations =	18
Routed	2/5 Partitions, Violations =	15
Routed	3/5 Partitions, Violations =	18
Routed	4/5 Partitions, Violations =	22
Routed	5/5 Partitions, Violations =	20

DRC-SUMMARY:
	@@@@@@@ TOTAL VIOLATIONS =	20
	Diff net spacing : 2
	Less than minimum area : 1
	Less than NDR width : 1
	Off-grid : 9
	Same net via-cut spacing : 1
	Short : 6

[Iter 37] Elapsed real time: 0:00:27 
[Iter 37] Elapsed cpu  time: sys=0:00:00 usr=0:00:27 total=0:00:27
[Iter 37] Stage (MB): Used  160  Alloctr  166  Proc    0 
[Iter 37] Total (MB): Used  161  Alloctr  168  Proc 1617 

End DR iteration 37 with 5 parts

Start DR iteration 38: non-uniform partition
Routed	1/3 Partitions, Violations =	37
Routed	2/3 Partitions, Violations =	155
Routed	3/3 Partitions, Violations =	151

DRC-SUMMARY:
	@@@@@@@ TOTAL VIOLATIONS =	151
	Diff net spacing : 10
	Diff net var rule spacing : 2
	Less than minimum area : 4
	Less than NDR width : 121
	Off-grid : 8
	Short : 3
	Internal-only types : 3

[Iter 38] Elapsed real time: 0:00:29 
[Iter 38] Elapsed cpu  time: sys=0:00:00 usr=0:00:28 total=0:00:29
[Iter 38] Stage (MB): Used  160  Alloctr  166  Proc    0 
[Iter 38] Total (MB): Used  161  Alloctr  168  Proc 1617 

End DR iteration 38 with 3 parts

Start DR iteration 39: non-uniform partition
Routed	1/6 Partitions, Violations =	32
Routed	2/6 Partitions, Violations =	17
Routed	3/6 Partitions, Violations =	18
Routed	4/6 Partitions, Violations =	16
Routed	5/6 Partitions, Violations =	16
Routed	6/6 Partitions, Violations =	19

DRC-SUMMARY:
	@@@@@@@ TOTAL VIOLATIONS =	19
	Diff net spacing : 2
	Diff net var rule spacing : 1
	Less than NDR width : 2
	Off-grid : 7
	Same net via-cut spacing : 1
	Short : 5
	Internal-only types : 1

[Iter 39] Elapsed real time: 0:00:30 
[Iter 39] Elapsed cpu  time: sys=0:00:00 usr=0:00:30 total=0:00:30
[Iter 39] Stage (MB): Used  160  Alloctr  166  Proc    0 
[Iter 39] Total (MB): Used  161  Alloctr  168  Proc 1617 

End DR iteration 39 with 6 parts

Start DR iteration 40: non-uniform partition
Routed	1/4 Partitions, Violations =	27
Routed	2/4 Partitions, Violations =	25
Routed	3/4 Partitions, Violations =	22
Routed	4/4 Partitions, Violations =	17

DRC-SUMMARY:
	@@@@@@@ TOTAL VIOLATIONS =	17
	Diff net var rule spacing : 3
	Less than minimum area : 3
	Less than NDR width : 1
	Off-grid : 7
	Same net via-cut spacing : 1
	Short : 1
	Internal-only types : 1

[Iter 40] Elapsed real time: 0:00:32 
[Iter 40] Elapsed cpu  time: sys=0:00:00 usr=0:00:32 total=0:00:32
[Iter 40] Stage (MB): Used  160  Alloctr  166  Proc    0 
[Iter 40] Total (MB): Used  161  Alloctr  168  Proc 1617 

End DR iteration 40 with 4 parts

Start DR iteration 41: non-uniform partition
Routed	1/3 Partitions, Violations =	19
Routed	2/3 Partitions, Violations =	22
Routed	3/3 Partitions, Violations =	32

DRC-SUMMARY:
	@@@@@@@ TOTAL VIOLATIONS =	32
	Diff net spacing : 8
	Diff net var rule spacing : 1
	Less than minimum area : 6
	Less than NDR width : 1
	Off-grid : 12
	Short : 4

[Iter 41] Elapsed real time: 0:00:35 
[Iter 41] Elapsed cpu  time: sys=0:00:00 usr=0:00:34 total=0:00:35
[Iter 41] Stage (MB): Used  160  Alloctr  166  Proc    0 
[Iter 41] Total (MB): Used  161  Alloctr  168  Proc 1617 

End DR iteration 41 with 3 parts

Start DR iteration 42: non-uniform partition
Routed	1/5 Partitions, Violations =	28
Routed	2/5 Partitions, Violations =	18
Routed	3/5 Partitions, Violations =	30
Routed	4/5 Partitions, Violations =	39
Routed	5/5 Partitions, Violations =	38

DRC-SUMMARY:
	@@@@@@@ TOTAL VIOLATIONS =	38
	Diff net spacing : 3
	Diff net var rule spacing : 3
	Less than minimum area : 1
	Less than NDR width : 1
	Off-grid : 6
	Same net via-cut spacing : 1
	Short : 12
	Internal-only types : 11

[Iter 42] Elapsed real time: 0:00:37 
[Iter 42] Elapsed cpu  time: sys=0:00:00 usr=0:00:36 total=0:00:37
[Iter 42] Stage (MB): Used  160  Alloctr  166  Proc    0 
[Iter 42] Total (MB): Used  161  Alloctr  168  Proc 1617 

End DR iteration 42 with 5 parts

Start DR iteration 43: non-uniform partition
Routed	1/3 Partitions, Violations =	19
Routed	2/3 Partitions, Violations =	135
Routed	3/3 Partitions, Violations =	140

DRC-SUMMARY:
	@@@@@@@ TOTAL VIOLATIONS =	140
	Diff net spacing : 3
	Less than NDR width : 127
	Off-grid : 6
	Same net spacing : 2
	Same net via-cut spacing : 1
	Internal-only types : 1

[Iter 43] Elapsed real time: 0:00:39 
[Iter 43] Elapsed cpu  time: sys=0:00:00 usr=0:00:38 total=0:00:38
[Iter 43] Stage (MB): Used  160  Alloctr  166  Proc    0 
[Iter 43] Total (MB): Used  161  Alloctr  168  Proc 1617 

End DR iteration 43 with 3 parts

Start DR iteration 44: non-uniform partition
Routed	1/4 Partitions, Violations =	13
Routed	2/4 Partitions, Violations =	106
Routed	3/4 Partitions, Violations =	101
Routed	4/4 Partitions, Violations =	101

DRC-SUMMARY:
	@@@@@@@ TOTAL VIOLATIONS =	101
	Less than NDR width : 93
	Off-grid : 7
	Same net via-cut spacing : 1

[Iter 44] Elapsed real time: 0:00:40 
[Iter 44] Elapsed cpu  time: sys=0:00:00 usr=0:00:39 total=0:00:40
[Iter 44] Stage (MB): Used  160  Alloctr  166  Proc    0 
[Iter 44] Total (MB): Used  161  Alloctr  168  Proc 1617 

End DR iteration 44 with 4 parts

Start DR iteration 45: non-uniform partition
Routed	1/4 Partitions, Violations =	9
Routed	2/4 Partitions, Violations =	10
Routed	3/4 Partitions, Violations =	14
Routed	4/4 Partitions, Violations =	14

DRC-SUMMARY:
	@@@@@@@ TOTAL VIOLATIONS =	14
	Diff net spacing : 2
	Less than minimum area : 1
	Off-grid : 10
	Same net via-cut spacing : 1

[Iter 45] Elapsed real time: 0:00:41 
[Iter 45] Elapsed cpu  time: sys=0:00:00 usr=0:00:40 total=0:00:41
[Iter 45] Stage (MB): Used  160  Alloctr  166  Proc    0 
[Iter 45] Total (MB): Used  161  Alloctr  168  Proc 1617 

End DR iteration 45 with 4 parts

Start DR iteration 46: non-uniform partition
Routed	1/4 Partitions, Violations =	10
Routed	2/4 Partitions, Violations =	13
Routed	3/4 Partitions, Violations =	12
Routed	4/4 Partitions, Violations =	24

DRC-SUMMARY:
	@@@@@@@ TOTAL VIOLATIONS =	24
	Diff net spacing : 8
	Diff net var rule spacing : 1
	Less than minimum area : 2
	Less than NDR width : 2
	Off-grid : 8
	Short : 1
	Internal-only types : 2

[Iter 46] Elapsed real time: 0:00:43 
[Iter 46] Elapsed cpu  time: sys=0:00:00 usr=0:00:43 total=0:00:43
[Iter 46] Stage (MB): Used  160  Alloctr  166  Proc    0 
[Iter 46] Total (MB): Used  161  Alloctr  168  Proc 1617 

End DR iteration 46 with 4 parts

Start DR iteration 47: non-uniform partition
Routed	1/4 Partitions, Violations =	20
Routed	2/4 Partitions, Violations =	15
Routed	3/4 Partitions, Violations =	17
Routed	4/4 Partitions, Violations =	25

DRC-SUMMARY:
	@@@@@@@ TOTAL VIOLATIONS =	25
	Diff net spacing : 3
	Less than minimum area : 1
	Off-grid : 15
	Same net via-cut spacing : 2
	Short : 1
	Internal-only types : 3

[Iter 47] Elapsed real time: 0:00:46 
[Iter 47] Elapsed cpu  time: sys=0:00:00 usr=0:00:46 total=0:00:46
[Iter 47] Stage (MB): Used  160  Alloctr  166  Proc    0 
[Iter 47] Total (MB): Used  161  Alloctr  168  Proc 1617 

End DR iteration 47 with 4 parts

Start DR iteration 48: non-uniform partition
Routed	1/6 Partitions, Violations =	22
Routed	2/6 Partitions, Violations =	16
Routed	3/6 Partitions, Violations =	13
Routed	4/6 Partitions, Violations =	14
Routed	5/6 Partitions, Violations =	19
Routed	6/6 Partitions, Violations =	18

DRC-SUMMARY:
	@@@@@@@ TOTAL VIOLATIONS =	18
	Diff net spacing : 1
	Less than minimum area : 2
	Less than NDR width : 2
	Off-grid : 10
	Same net spacing : 1
	Same net via-cut spacing : 2

[Iter 48] Elapsed real time: 0:00:48 
[Iter 48] Elapsed cpu  time: sys=0:00:00 usr=0:00:47 total=0:00:48
[Iter 48] Stage (MB): Used  160  Alloctr  166  Proc    0 
[Iter 48] Total (MB): Used  161  Alloctr  168  Proc 1617 

End DR iteration 48 with 6 parts

Start DR iteration 49: non-uniform partition
Routed	1/3 Partitions, Violations =	15
Routed	2/3 Partitions, Violations =	12
Routed	3/3 Partitions, Violations =	97

DRC-SUMMARY:
	@@@@@@@ TOTAL VIOLATIONS =	97
	Diff net spacing : 4
	Less than minimum area : 3
	Less than NDR width : 79
	Off-grid : 10
	Same net via-cut spacing : 1

[Iter 49] Elapsed real time: 0:00:50 
[Iter 49] Elapsed cpu  time: sys=0:00:00 usr=0:00:49 total=0:00:49
[Iter 49] Stage (MB): Used  160  Alloctr  166  Proc    0 
[Iter 49] Total (MB): Used  161  Alloctr  168  Proc 1617 

End DR iteration 49 with 3 parts

Start DR iteration 50: non-uniform partition
Routed	1/5 Partitions, Violations =	19
Routed	2/5 Partitions, Violations =	15
Routed	3/5 Partitions, Violations =	13
Routed	4/5 Partitions, Violations =	11
Routed	5/5 Partitions, Violations =	11

DRC-SUMMARY:
	@@@@@@@ TOTAL VIOLATIONS =	11
	Off-grid : 11

[Iter 50] Elapsed real time: 0:00:52 
[Iter 50] Elapsed cpu  time: sys=0:00:00 usr=0:00:51 total=0:00:52
[Iter 50] Stage (MB): Used  160  Alloctr  166  Proc    0 
[Iter 50] Total (MB): Used  161  Alloctr  168  Proc 1617 

End DR iteration 50 with 5 parts

Start DR iteration 51: non-uniform partition
Routed	1/3 Partitions, Violations =	10
Routed	2/3 Partitions, Violations =	15
Routed	3/3 Partitions, Violations =	16

DRC-SUMMARY:
	@@@@@@@ TOTAL VIOLATIONS =	16
	Diff net spacing : 1
	Off-grid : 10
	Same net spacing : 1
	Short : 4

[Iter 51] Elapsed real time: 0:00:54 
[Iter 51] Elapsed cpu  time: sys=0:00:00 usr=0:00:53 total=0:00:54
[Iter 51] Stage (MB): Used  160  Alloctr  166  Proc    0 
[Iter 51] Total (MB): Used  161  Alloctr  168  Proc 1617 

End DR iteration 51 with 3 parts

Start DR iteration 52: non-uniform partition
Routed	1/3 Partitions, Violations =	19
Routed	2/3 Partitions, Violations =	141
Routed	3/3 Partitions, Violations =	140

DRC-SUMMARY:
	@@@@@@@ TOTAL VIOLATIONS =	140
	Diff net spacing : 3
	Less than minimum area : 2
	Less than NDR width : 123
	Off-grid : 7
	Same net via-cut spacing : 1
	Internal-only types : 4

[Iter 52] Elapsed real time: 0:00:56 
[Iter 52] Elapsed cpu  time: sys=0:00:00 usr=0:00:55 total=0:00:56
[Iter 52] Stage (MB): Used  160  Alloctr  166  Proc    0 
[Iter 52] Total (MB): Used  161  Alloctr  168  Proc 1617 

End DR iteration 52 with 3 parts

Start DR iteration 53: non-uniform partition
Routed	1/4 Partitions, Violations =	23
Routed	2/4 Partitions, Violations =	18
Routed	3/4 Partitions, Violations =	21
Routed	4/4 Partitions, Violations =	24

DRC-SUMMARY:
	@@@@@@@ TOTAL VIOLATIONS =	24
	Diff net spacing : 4
	Less than minimum area : 2
	Less than NDR width : 4
	Off-grid : 12
	Same net via-cut spacing : 1
	Short : 1

[Iter 53] Elapsed real time: 0:00:58 
[Iter 53] Elapsed cpu  time: sys=0:00:00 usr=0:00:57 total=0:00:58
[Iter 53] Stage (MB): Used  160  Alloctr  166  Proc    0 
[Iter 53] Total (MB): Used  161  Alloctr  168  Proc 1617 

End DR iteration 53 with 4 parts

Start DR iteration 54: non-uniform partition
Routed	1/4 Partitions, Violations =	16
Routed	2/4 Partitions, Violations =	16
Routed	3/4 Partitions, Violations =	15
Routed	4/4 Partitions, Violations =	15

DRC-SUMMARY:
	@@@@@@@ TOTAL VIOLATIONS =	15
	Less than NDR width : 2
	Off-grid : 12
	Same net via-cut spacing : 1

[Iter 54] Elapsed real time: 0:01:00 
[Iter 54] Elapsed cpu  time: sys=0:00:00 usr=0:00:59 total=0:01:00
[Iter 54] Stage (MB): Used  160  Alloctr  166  Proc    0 
[Iter 54] Total (MB): Used  161  Alloctr  168  Proc 1617 

End DR iteration 54 with 4 parts

Start DR iteration 55: non-uniform partition
Routed	1/3 Partitions, Violations =	89
Routed	2/3 Partitions, Violations =	94
Routed	3/3 Partitions, Violations =	100

DRC-SUMMARY:
	@@@@@@@ TOTAL VIOLATIONS =	100
	Diff net spacing : 2
	Diff net var rule spacing : 6
	Less than minimum area : 3
	Less than NDR width : 75
	Off-grid : 10
	Same net spacing : 1
	Same net via-cut spacing : 1
	Short : 1
	Internal-only types : 1

[Iter 55] Elapsed real time: 0:01:02 
[Iter 55] Elapsed cpu  time: sys=0:00:00 usr=0:01:01 total=0:01:02
[Iter 55] Stage (MB): Used  160  Alloctr  166  Proc    0 
[Iter 55] Total (MB): Used  161  Alloctr  168  Proc 1617 

End DR iteration 55 with 3 parts

Stop DR since not converging

Information: Detail Routing terminated early because DRCs were not converging: true (ZRT-312)

Begin revisit internal-only type DRCs ...

Checked	1/1 Partitions, Violations =	99

DRC-SUMMARY:
	@@@@@@@ TOTAL VIOLATIONS =	99

[REVISIT DRC] Elapsed real time: 0:00:00 
[REVISIT DRC] Elapsed cpu  time: sys=0:00:00 usr=0:00:00 total=0:00:00
[REVISIT DRC] Stage (MB): Used    0  Alloctr    0  Proc    0 
[REVISIT DRC] Total (MB): Used  161  Alloctr  168  Proc 1617 
[DR] Elapsed real time: 0:01:02 
[DR] Elapsed cpu  time: sys=0:00:00 usr=0:01:01 total=0:01:02
[DR] Stage (MB): Used  142  Alloctr  148  Proc    0 
[DR] Total (MB): Used  143  Alloctr  150  Proc 1617 
[DR: Done] Elapsed real time: 0:01:02 
[DR: Done] Elapsed cpu  time: sys=0:00:00 usr=0:01:01 total=0:01:02
[DR: Done] Stage (MB): Used  142  Alloctr  148  Proc    0 
[DR: Done] Total (MB): Used  143  Alloctr  150  Proc 1617 

DR finished with 0 open nets, of which 0 are frozen
Information: Merged away 79 aligned/redundant DRCs. (ZRT-305)

DR finished with 20 violations

DRC-SUMMARY:
	@@@@@@@ TOTAL VIOLATIONS =	20
	Diff net spacing : 2
	Diff net var rule spacing : 2
	Less than minimum area : 3
	Less than NDR width : 3
	Off-grid : 7
	Same net spacing : 1
	Same net via-cut spacing : 1
	Short : 1



Total Wire Length =                    310173 micron
Total Number of Contacts =             173220
Total Number of Wires =                208646
Total Number of PtConns =              31220
Total Number of Routed Wires =       208646
Total Routed Wire Length =           288516 micron
Total Number of Routed Contacts =       173220
	Layer                 M1 :        666 micron
	Layer                 M2 :     105955 micron
	Layer                 M3 :     115053 micron
	Layer                 M4 :      31016 micron
	Layer                 M5 :      36061 micron
	Layer                 M6 :      12668 micron
	Layer                 M7 :       8665 micron
	Layer                 M8 :         81 micron
	Layer                 M9 :          9 micron
	Layer               MRDL :          0 micron
	Via              VIA89_C :          6
	Via            VIA78SQ_C :          3
	Via       VIA78SQ_C(rot) :         15
	Via         VIA78SQ(rot) :          4
	Via            VIA67SQ_C :        611
	Via       VIA67SQ_C(rot) :         44
	Via              VIA67SQ :         21
	Via         VIA67SQ(rot) :          6
	Via            VIA56SQ_C :         24
	Via       VIA56SQ_C(rot) :         92
	Via              VIA56SQ :       1612
	Via              VIA45SQ :       6181
	Via         VIA45SQ(rot) :          2
	Via            VIA34SQ_C :         55
	Via       VIA34SQ_C(rot) :       8947
	Via          VIA34BAR2_C :         24
	Via              VIA34SQ :        284
	Via         VIA34SQ(rot) :        825
	Via          VIA3_34SQ_C :          5
	Via     VIA3_34SQ_C(rot) :         61
	Via            VIA3_34SQ :         35
	Via       VIA3_34SQ(rot) :         10
	Via            VIA23SQ_C :      87153
	Via       VIA23SQ_C(rot) :          1
	Via          VIA23BAR2_C :          1
	Via              VIA23SQ :         18
	Via         VIA23SQ(rot) :         10
	Via          VIA2_33SQ_C :        495
	Via          VIA23_3SQ_C :        436
	Via        VIA2_33_3SQ_C :        158
	Via            VIA12SQ_C :          5
	Via       VIA12SQ_C(rot) :      64676
	Via            VIA12LG_C :          1
	Via              VIA12SQ :          5
	Via         VIA12SQ(rot) :        318
	Via     VIA1_32SQ_C(rot) :        712
	Via     VIA12_3SQ_C(rot) :        183
	Via   VIA1_32_3SQ_C(rot) :        181

 
Redundant via conversion report:
--------------------------------

  Total optimized via conversion rate =  0.00% (0 / 173220 vias)
 
    Layer VIA1       =  0.00% (0      / 66081   vias)
        Un-optimized =  0.00% (0       vias)
        Un-mapped    = 100.00% (66081   vias)
    Layer VIA2       =  0.00% (0      / 88272   vias)
        Un-optimized =  0.00% (0       vias)
        Un-mapped    = 100.00% (88272   vias)
    Layer VIA3       =  0.00% (0      / 10246   vias)
        Un-optimized =  0.00% (0       vias)
        Un-mapped    = 100.00% (10246   vias)
    Layer VIA4       =  0.00% (0      / 6183    vias)
        Un-optimized =  0.00% (0       vias)
        Un-mapped    = 100.00% (6183    vias)
    Layer VIA5       =  0.00% (0      / 1728    vias)
        Un-optimized =  0.00% (0       vias)
        Un-mapped    = 100.00% (1728    vias)
    Layer VIA6       =  0.00% (0      / 682     vias)
        Un-optimized =  0.00% (0       vias)
        Un-mapped    = 100.00% (682     vias)
    Layer VIA7       =  0.00% (0      / 22      vias)
        Un-optimized =  0.00% (0       vias)
        Un-mapped    = 100.00% (22      vias)
    Layer VIA8       =  0.00% (0      / 6       vias)
        Un-optimized =  0.00% (0       vias)
        Un-mapped    = 100.00% (6       vias)
 
  Total double via conversion rate    =  0.00% (0 / 173220 vias)
 
    Layer VIA1       =  0.00% (0      / 66081   vias)
    Layer VIA2       =  0.00% (0      / 88272   vias)
    Layer VIA3       =  0.00% (0      / 10246   vias)
    Layer VIA4       =  0.00% (0      / 6183    vias)
    Layer VIA5       =  0.00% (0      / 1728    vias)
    Layer VIA6       =  0.00% (0      / 682     vias)
    Layer VIA7       =  0.00% (0      / 22      vias)
    Layer VIA8       =  0.00% (0      / 6       vias)
 
  The optimized via conversion rate based on total routed via count =  0.00% (0 / 173220 vias)
 
    Layer VIA1       =  0.00% (0      / 66081   vias)
        Un-optimized =  0.00% (0       vias)
        Un-mapped    = 100.00% (66081   vias)
    Layer VIA2       =  0.00% (0      / 88272   vias)
        Un-optimized =  0.00% (0       vias)
        Un-mapped    = 100.00% (88272   vias)
    Layer VIA3       =  0.00% (0      / 10246   vias)
        Un-optimized =  0.00% (0       vias)
        Un-mapped    = 100.00% (10246   vias)
    Layer VIA4       =  0.00% (0      / 6183    vias)
        Un-optimized =  0.00% (0       vias)
        Un-mapped    = 100.00% (6183    vias)
    Layer VIA5       =  0.00% (0      / 1728    vias)
        Un-optimized =  0.00% (0       vias)
        Un-mapped    = 100.00% (1728    vias)
    Layer VIA6       =  0.00% (0      / 682     vias)
        Un-optimized =  0.00% (0       vias)
        Un-mapped    = 100.00% (682     vias)
    Layer VIA7       =  0.00% (0      / 22      vias)
        Un-optimized =  0.00% (0       vias)
        Un-mapped    = 100.00% (22      vias)
    Layer VIA8       =  0.00% (0      / 6       vias)
        Un-optimized =  0.00% (0       vias)
        Un-mapped    = 100.00% (6       vias)
 

Total number of nets = 26307
0 open nets, of which 0 are frozen
Total number of excluded ports = 0 ports of 0 unplaced cells connected to 0 nets
                                 0 ports without pins of 0 cells connected to 0 nets
                                 0 ports of 0 cover cells connected to 0 non-pg nets
Total number of DRCs = 20
Total number of antenna violations = antenna checking not active
Information: Routes in non-preferred voltage areas = 0 (ZRT-559)

Topology ECO not run, no qualifying violations or in frozen nets.
Updating the database ...
