Warning: Cell contains tie connections which are not connected to real PG. (ZRT-511)
Turn off antenna since no rule is specified
Cell Min-Routing-Layer = M1
Cell Max-Routing-Layer = M9
Warning: Ignore 11 top cell ports with no pins. (ZRT-027)
Info: number of net_type_blockage: 0 
Via on layer (VIA1) needs more than one tracks
Warning: Layer M1 pitch 0.074 may be too small: wire/via-down 0.074, wire/via-up 0.098. (ZRT-026)
Via on layer (VIA1) needs more than one tracks
Warning: Layer M2 pitch 0.060 may be too small: wire/via-down 0.098, wire/via-up 0.060. (ZRT-026)
Via on layer (VIA3) needs more than one tracks
Warning: Layer M3 pitch 0.074 may be too small: wire/via-down 0.060, wire/via-up 0.080. (ZRT-026)
Wire on layer (M4) needs more than one tracks
Via on layer (VIA3) needs more than one tracks
Via on layer (VIA4) needs more than one tracks
Warning: Layer M4 pitch 0.074 may be too small: wire/via-down 0.107, wire/via-up 0.105. (ZRT-026)
Via on layer (VIA4) needs more than one tracks
Warning: Layer M5 pitch 0.120 may be too small: wire/via-down 0.135, wire/via-up 0.107. (ZRT-026)
Via on layer (VIA8) needs more than one tracks
Warning: Layer M8 pitch 0.120 may be too small: wire/via-down 0.107, wire/via-up 0.135. (ZRT-026)
Wire on layer (M9) needs more than one tracks
Via on layer (VIA8) needs more than one tracks
Via on layer (VIARDL) needs more than one tracks
Warning: Layer M9 pitch 0.120 may be too small: wire/via-down 0.135, wire/via-up 1.570. (ZRT-026)
Via on layer (VIARDL) needs more than one tracks
Warning: Layer MRDL pitch 0.600 may be too small: wire/via-down 4.500, wire/via-up 0.600. (ZRT-026)
Transition layer name: M3(2)
Warning: Standard cell pin SAEDHVT14_FSDPQ_V2LP_2/Q has no valid via regions. (ZRT-044)
Warning: Standard cell pin SAEDHVT14_FSDPQB_V2_2/QN has no valid via regions. (ZRT-044)
Warning: Standard cell pin SAEDHVT14_NR3B_2/B2 has no valid via regions. (ZRT-044)
Warning: Standard cell pin SAEDHVT14_NR2_2/A1 has no valid via regions. (ZRT-044)
Warning: Standard cell pin SAEDHVT14_NR2_2/X has no valid via regions. (ZRT-044)
Loading parastics information to the router ...
Warning: Technology layer 'M4' setting 'pitch' is not valid (NEX-001)
Warning: Technology layer 'MRDL' setting 'pitch' is not valid (NEX-001)
Warning: Parasitic Tech Library layer 'M1' parameter 'SMIN' = 0.040 does not match 0.026 of technology file (NEX-007)
Warning: Parasitic Tech Library layer 'M2' parameter 'SMIN' = 0.040 does not match 0.026 of technology file (NEX-007)
Warning: Parasitic Tech Library layer 'M3' parameter 'SMIN' = 0.040 does not match 0.026 of technology file (NEX-007)
Warning: Parasitic Tech Library layer 'M1' parameter 'SMIN' = 0.040 does not match 0.026 of technology file (NEX-007)
Warning: Parasitic Tech Library layer 'M2' parameter 'SMIN' = 0.040 does not match 0.026 of technology file (NEX-007)
Warning: Parasitic Tech Library layer 'M3' parameter 'SMIN' = 0.040 does not match 0.026 of technology file (NEX-007)
Warning: Parasitic Tech Library layer 'M8' parameter 'WMIN' = 0.030 does not match 0.060 of technology file (NEX-007)
Warning: Parasitic Tech Library layer 'M8' parameter 'SMIN' = 0.060 does not match 0.040 of technology file (NEX-007)
parastics information loaded to the router.
Printing options for 'route.common.*'
common.verbose_level                                    :	 0                   

Printing options for 'route.detail.*'
detail.antenna                                          :	 true                
detail.force_end_on_preferred_grid                      :	 true                

Printing options for 'route.auto_via_ladder.*'

Information: RC layer preference is turned on for this design. (ZRT-613)
[Dr init] Elapsed real time: 0:00:04 
[Dr init] Elapsed cpu  time: sys=0:00:00 usr=0:00:04 total=0:00:04
[Dr init] Stage (MB): Used  151  Alloctr  157  Proc    0 
[Dr init] Total (MB): Used  152  Alloctr  158  Proc 1865 
Total number of nets = 26307, of which 0 are not extracted
Total number of open nets = 1, of which 0 are frozen
Information: Using 1 threads for routing. (ZRT-444)

Switch to reduced partition bloat for speedup (DRC report is not accurate)
Start DR iteration 0: uniform partition
Routed	1/1089 Partitions, Violations =	0
Routed	5/1089 Partitions, Violations =	0
Routed	10/1089 Partitions, Violations =	0
Routed	15/1089 Partitions, Violations =	0
Routed	20/1089 Partitions, Violations =	0
Routed	25/1089 Partitions, Violations =	0
Routed	30/1089 Partitions, Violations =	0
Routed	35/1089 Partitions, Violations =	0
Routed	40/1089 Partitions, Violations =	0
Routed	45/1089 Partitions, Violations =	0
Routed	50/1089 Partitions, Violations =	0
Routed	55/1089 Partitions, Violations =	0
Routed	60/1089 Partitions, Violations =	0
Routed	65/1089 Partitions, Violations =	0
Routed	70/1089 Partitions, Violations =	0
Routed	75/1089 Partitions, Violations =	0
Routed	80/1089 Partitions, Violations =	0
Routed	85/1089 Partitions, Violations =	0
Routed	90/1089 Partitions, Violations =	0
Routed	95/1089 Partitions, Violations =	0
Routed	100/1089 Partitions, Violations =	0
Routed	105/1089 Partitions, Violations =	0
Routed	110/1089 Partitions, Violations =	0
Routed	115/1089 Partitions, Violations =	0
Routed	120/1089 Partitions, Violations =	0
Routed	125/1089 Partitions, Violations =	0
Routed	130/1089 Partitions, Violations =	0
Routed	135/1089 Partitions, Violations =	0
Routed	140/1089 Partitions, Violations =	0
Routed	145/1089 Partitions, Violations =	0
Routed	150/1089 Partitions, Violations =	0
Routed	155/1089 Partitions, Violations =	0
Routed	160/1089 Partitions, Violations =	0
Routed	165/1089 Partitions, Violations =	0
Routed	170/1089 Partitions, Violations =	0
Routed	175/1089 Partitions, Violations =	0
Routed	180/1089 Partitions, Violations =	0
Routed	185/1089 Partitions, Violations =	0
Routed	190/1089 Partitions, Violations =	0
Routed	195/1089 Partitions, Violations =	0
Routed	200/1089 Partitions, Violations =	0
Routed	205/1089 Partitions, Violations =	0
Routed	210/1089 Partitions, Violations =	0
Routed	215/1089 Partitions, Violations =	0
Routed	220/1089 Partitions, Violations =	0
Routed	225/1089 Partitions, Violations =	0
Routed	230/1089 Partitions, Violations =	0
Routed	235/1089 Partitions, Violations =	0
Routed	240/1089 Partitions, Violations =	0
Routed	245/1089 Partitions, Violations =	0
Routed	250/1089 Partitions, Violations =	0
Routed	255/1089 Partitions, Violations =	0
Routed	260/1089 Partitions, Violations =	0
Routed	265/1089 Partitions, Violations =	0
Routed	270/1089 Partitions, Violations =	0
Routed	275/1089 Partitions, Violations =	0
Routed	280/1089 Partitions, Violations =	0
Routed	285/1089 Partitions, Violations =	0
Routed	290/1089 Partitions, Violations =	0
Routed	295/1089 Partitions, Violations =	0
Routed	300/1089 Partitions, Violations =	0
Routed	305/1089 Partitions, Violations =	0
Routed	310/1089 Partitions, Violations =	0
Routed	315/1089 Partitions, Violations =	0
Routed	320/1089 Partitions, Violations =	0
Routed	325/1089 Partitions, Violations =	0
Routed	330/1089 Partitions, Violations =	0
Routed	335/1089 Partitions, Violations =	0
Routed	340/1089 Partitions, Violations =	0
Routed	345/1089 Partitions, Violations =	0
Routed	350/1089 Partitions, Violations =	0
Routed	355/1089 Partitions, Violations =	0
Routed	360/1089 Partitions, Violations =	0
Routed	365/1089 Partitions, Violations =	0
Routed	370/1089 Partitions, Violations =	0
Routed	375/1089 Partitions, Violations =	0
Routed	380/1089 Partitions, Violations =	0
Routed	385/1089 Partitions, Violations =	0
Routed	390/1089 Partitions, Violations =	0
Routed	395/1089 Partitions, Violations =	0
Routed	400/1089 Partitions, Violations =	0
Routed	405/1089 Partitions, Violations =	0
Routed	410/1089 Partitions, Violations =	0
Routed	415/1089 Partitions, Violations =	0
Routed	420/1089 Partitions, Violations =	0
Routed	425/1089 Partitions, Violations =	0
Routed	430/1089 Partitions, Violations =	0
Routed	435/1089 Partitions, Violations =	0
Routed	440/1089 Partitions, Violations =	0
Routed	445/1089 Partitions, Violations =	0
Routed	450/1089 Partitions, Violations =	0
Routed	455/1089 Partitions, Violations =	0
Routed	460/1089 Partitions, Violations =	0
Routed	465/1089 Partitions, Violations =	0
Routed	470/1089 Partitions, Violations =	0
Routed	475/1089 Partitions, Violations =	0
Routed	480/1089 Partitions, Violations =	0
Routed	485/1089 Partitions, Violations =	0
Routed	490/1089 Partitions, Violations =	0
Routed	495/1089 Partitions, Violations =	0
Routed	500/1089 Partitions, Violations =	0
Routed	505/1089 Partitions, Violations =	0
Routed	510/1089 Partitions, Violations =	0
Routed	515/1089 Partitions, Violations =	0
Routed	520/1089 Partitions, Violations =	0
Routed	525/1089 Partitions, Violations =	0
Routed	530/1089 Partitions, Violations =	0
Routed	535/1089 Partitions, Violations =	0
Routed	540/1089 Partitions, Violations =	0
Routed	545/1089 Partitions, Violations =	0
Routed	550/1089 Partitions, Violations =	0
Routed	555/1089 Partitions, Violations =	0
Routed	560/1089 Partitions, Violations =	0
Routed	565/1089 Partitions, Violations =	0
Routed	570/1089 Partitions, Violations =	0
Routed	575/1089 Partitions, Violations =	0
Routed	580/1089 Partitions, Violations =	0
Routed	585/1089 Partitions, Violations =	0
Routed	590/1089 Partitions, Violations =	0
Routed	595/1089 Partitions, Violations =	0
Routed	600/1089 Partitions, Violations =	0
Routed	605/1089 Partitions, Violations =	1
Routed	610/1089 Partitions, Violations =	1
Routed	615/1089 Partitions, Violations =	1
Routed	620/1089 Partitions, Violations =	1
Routed	625/1089 Partitions, Violations =	1
Routed	630/1089 Partitions, Violations =	1
Routed	635/1089 Partitions, Violations =	0
Routed	640/1089 Partitions, Violations =	0
Routed	645/1089 Partitions, Violations =	1
Routed	650/1089 Partitions, Violations =	1
Routed	655/1089 Partitions, Violations =	1
Routed	660/1089 Partitions, Violations =	1
Routed	665/1089 Partitions, Violations =	1
Routed	670/1089 Partitions, Violations =	1
Routed	675/1089 Partitions, Violations =	0
Routed	680/1089 Partitions, Violations =	0
Routed	686/1089 Partitions, Violations =	0
Routed	690/1089 Partitions, Violations =	0
Routed	695/1089 Partitions, Violations =	0
Routed	700/1089 Partitions, Violations =	0
Routed	705/1089 Partitions, Violations =	0
Routed	710/1089 Partitions, Violations =	0
Routed	715/1089 Partitions, Violations =	0
Routed	720/1089 Partitions, Violations =	0
Routed	725/1089 Partitions, Violations =	0
Routed	730/1089 Partitions, Violations =	0
Routed	735/1089 Partitions, Violations =	0
Routed	741/1089 Partitions, Violations =	0
Routed	745/1089 Partitions, Violations =	0
Routed	750/1089 Partitions, Violations =	0
Routed	755/1089 Partitions, Violations =	0
Routed	760/1089 Partitions, Violations =	0
Routed	767/1089 Partitions, Violations =	0
Routed	770/1089 Partitions, Violations =	0
Routed	775/1089 Partitions, Violations =	0
Routed	780/1089 Partitions, Violations =	0
Routed	785/1089 Partitions, Violations =	0
Routed	792/1089 Partitions, Violations =	0
Routed	795/1089 Partitions, Violations =	0
Routed	800/1089 Partitions, Violations =	0
Routed	805/1089 Partitions, Violations =	0
Routed	810/1089 Partitions, Violations =	0
Routed	816/1089 Partitions, Violations =	0
Routed	820/1089 Partitions, Violations =	0
Routed	825/1089 Partitions, Violations =	0
Routed	830/1089 Partitions, Violations =	0
Routed	835/1089 Partitions, Violations =	0
Routed	840/1089 Partitions, Violations =	0
Routed	845/1089 Partitions, Violations =	0
Routed	850/1089 Partitions, Violations =	0
Routed	855/1089 Partitions, Violations =	0
Routed	860/1089 Partitions, Violations =	0
Routed	865/1089 Partitions, Violations =	0
Routed	870/1089 Partitions, Violations =	0
Routed	875/1089 Partitions, Violations =	0
Routed	880/1089 Partitions, Violations =	0
Routed	885/1089 Partitions, Violations =	0
Routed	890/1089 Partitions, Violations =	0
Routed	895/1089 Partitions, Violations =	0
Routed	900/1089 Partitions, Violations =	0
Routed	905/1089 Partitions, Violations =	0
Routed	910/1089 Partitions, Violations =	0
Routed	915/1089 Partitions, Violations =	0
Routed	920/1089 Partitions, Violations =	0
Routed	925/1089 Partitions, Violations =	0
Routed	930/1089 Partitions, Violations =	0
Routed	935/1089 Partitions, Violations =	0
Routed	940/1089 Partitions, Violations =	0
Routed	945/1089 Partitions, Violations =	0
Routed	950/1089 Partitions, Violations =	0
Routed	955/1089 Partitions, Violations =	0
Routed	960/1089 Partitions, Violations =	0
Routed	965/1089 Partitions, Violations =	0
Routed	970/1089 Partitions, Violations =	0
Routed	975/1089 Partitions, Violations =	0
Routed	980/1089 Partitions, Violations =	0
Routed	985/1089 Partitions, Violations =	0
Routed	990/1089 Partitions, Violations =	0
Routed	995/1089 Partitions, Violations =	0
Routed	1000/1089 Partitions, Violations =	0
Routed	1005/1089 Partitions, Violations =	0
Routed	1010/1089 Partitions, Violations =	0
Routed	1015/1089 Partitions, Violations =	0
Routed	1020/1089 Partitions, Violations =	0
Routed	1025/1089 Partitions, Violations =	0
Routed	1030/1089 Partitions, Violations =	0
Routed	1035/1089 Partitions, Violations =	0
Routed	1040/1089 Partitions, Violations =	0
Routed	1045/1089 Partitions, Violations =	0
Routed	1050/1089 Partitions, Violations =	0
Routed	1055/1089 Partitions, Violations =	0
Routed	1060/1089 Partitions, Violations =	0
Routed	1065/1089 Partitions, Violations =	0
Routed	1070/1089 Partitions, Violations =	0
Routed	1075/1089 Partitions, Violations =	0
Routed	1080/1089 Partitions, Violations =	0
Routed	1085/1089 Partitions, Violations =	0

DRC-SUMMARY:
	@@@@@@@ TOTAL VIOLATIONS =	0

[Iter 0] Elapsed real time: 0:00:17 
[Iter 0] Elapsed cpu  time: sys=0:00:00 usr=0:00:16 total=0:00:17
[Iter 0] Stage (MB): Used  160  Alloctr  166  Proc    0 
[Iter 0] Total (MB): Used  161  Alloctr  168  Proc 1865 

End DR iteration 0 with 1089 parts


Switch back to normal partition bloat and recalculate DRC:

Begin full DRC check ...

Information: Using 1 threads for routing. (ZRT-444)
Checked	1/81 Partitions, Violations =	0
Checked	3/81 Partitions, Violations =	0
Checked	6/81 Partitions, Violations =	0
Checked	9/81 Partitions, Violations =	0
Checked	12/81 Partitions, Violations =	0
Checked	15/81 Partitions, Violations =	0
Checked	18/81 Partitions, Violations =	0
Checked	21/81 Partitions, Violations =	0
Checked	24/81 Partitions, Violations =	0
Checked	28/81 Partitions, Violations =	0
Checked	30/81 Partitions, Violations =	0
Checked	33/81 Partitions, Violations =	0
Checked	36/81 Partitions, Violations =	0
Checked	39/81 Partitions, Violations =	0
Checked	42/81 Partitions, Violations =	0
Checked	45/81 Partitions, Violations =	0
Checked	48/81 Partitions, Violations =	0
Checked	51/81 Partitions, Violations =	0
Checked	54/81 Partitions, Violations =	0
Checked	57/81 Partitions, Violations =	0
Checked	60/81 Partitions, Violations =	0
Checked	63/81 Partitions, Violations =	0
Checked	66/81 Partitions, Violations =	0
Checked	69/81 Partitions, Violations =	0
Checked	72/81 Partitions, Violations =	0
Checked	75/81 Partitions, Violations =	0
Checked	78/81 Partitions, Violations =	0
Checked	81/81 Partitions, Violations =	0
[DRC CHECK] Elapsed real time: 0:00:21 
[DRC CHECK] Elapsed cpu  time: sys=0:00:00 usr=0:00:21 total=0:00:21
[DRC CHECK] Stage (MB): Used  160  Alloctr  166  Proc    0 
[DRC CHECK] Total (MB): Used  161  Alloctr  168  Proc 1865 
Finish DR since reached 0 DRC

Information: Detail Routing terminated early because DRCs were not converging: false (ZRT-312)
[DR] Elapsed real time: 0:00:21 
[DR] Elapsed cpu  time: sys=0:00:00 usr=0:00:21 total=0:00:21
[DR] Stage (MB): Used  142  Alloctr  148  Proc    0 
[DR] Total (MB): Used  144  Alloctr  150  Proc 1865 
[DR: Done] Elapsed real time: 0:00:21 
[DR: Done] Elapsed cpu  time: sys=0:00:00 usr=0:00:21 total=0:00:21
[DR: Done] Stage (MB): Used  142  Alloctr  148  Proc    0 
[DR: Done] Total (MB): Used  144  Alloctr  150  Proc 1865 

DR finished with 1 open nets, of which 0 are frozen

DR finished with 0 violations

DRC-SUMMARY:
	@@@@@@@ TOTAL VIOLATIONS =	0



Total Wire Length =                    310124 micron
Total Number of Contacts =             173177
Total Number of Wires =                208634
Total Number of PtConns =              31206
Total Number of Routed Wires =       208633
Total Routed Wire Length =           288480 micron
Total Number of Routed Contacts =       173177
	Layer                 M1 :        667 micron
	Layer                 M2 :     105947 micron
	Layer                 M3 :     115016 micron
	Layer                 M4 :      31005 micron
	Layer                 M5 :      36036 micron
	Layer                 M6 :      12674 micron
	Layer                 M7 :       8690 micron
	Layer                 M8 :         81 micron
	Layer                 M9 :          8 micron
	Layer               MRDL :          0 micron
	Via              VIA89_C :          4
	Via            VIA78SQ_C :          2
	Via       VIA78SQ_C(rot) :         17
	Via         VIA78SQ(rot) :          3
	Via            VIA67SQ_C :        612
	Via       VIA67SQ_C(rot) :         46
	Via              VIA67SQ :         22
	Via         VIA67SQ(rot) :          8
	Via            VIA56SQ_C :         24
	Via       VIA56SQ_C(rot) :         88
	Via              VIA56SQ :       1622
	Via              VIA45SQ :       6173
	Via         VIA45SQ(rot) :          2
	Via            VIA34SQ_C :         53
	Via       VIA34SQ_C(rot) :       8943
	Via          VIA34BAR2_C :         24
	Via              VIA34SQ :        284
	Via         VIA34SQ(rot) :        818
	Via          VIA3_34SQ_C :          2
	Via     VIA3_34SQ_C(rot) :         61
	Via            VIA3_34SQ :         43
	Via       VIA3_34SQ(rot) :          6
	Via            VIA23SQ_C :      87095
	Via       VIA23SQ_C(rot) :          1
	Via          VIA23BAR2_C :          1
	Via              VIA23SQ :         18
	Via         VIA23SQ(rot) :         10
	Via          VIA2_33SQ_C :        525
	Via          VIA23_3SQ_C :        424
	Via        VIA2_33_3SQ_C :        175
	Via            VIA12SQ_C :          5
	Via       VIA12SQ_C(rot) :      64662
	Via            VIA12LG_C :          1
	Via              VIA12SQ :          5
	Via         VIA12SQ(rot) :        320
	Via     VIA1_32SQ_C(rot) :        737
	Via            VIA1_32SQ :          1
	Via     VIA12_3SQ_C(rot) :        144
	Via   VIA1_32_3SQ_C(rot) :        196

 
Redundant via conversion report:
--------------------------------

  Total optimized via conversion rate =  0.00% (0 / 173177 vias)
 
    Layer VIA1       =  0.00% (0      / 66071   vias)
        Un-optimized =  0.00% (0       vias)
        Un-mapped    = 100.00% (66071   vias)
    Layer VIA2       =  0.00% (0      / 88249   vias)
        Un-optimized =  0.00% (0       vias)
        Un-mapped    = 100.00% (88249   vias)
    Layer VIA3       =  0.00% (0      / 10234   vias)
        Un-optimized =  0.00% (0       vias)
        Un-mapped    = 100.00% (10234   vias)
    Layer VIA4       =  0.00% (0      / 6175    vias)
        Un-optimized =  0.00% (0       vias)
        Un-mapped    = 100.00% (6175    vias)
    Layer VIA5       =  0.00% (0      / 1734    vias)
        Un-optimized =  0.00% (0       vias)
        Un-mapped    = 100.00% (1734    vias)
    Layer VIA6       =  0.00% (0      / 688     vias)
        Un-optimized =  0.00% (0       vias)
        Un-mapped    = 100.00% (688     vias)
    Layer VIA7       =  0.00% (0      / 22      vias)
        Un-optimized =  0.00% (0       vias)
        Un-mapped    = 100.00% (22      vias)
    Layer VIA8       =  0.00% (0      / 4       vias)
        Un-optimized =  0.00% (0       vias)
        Un-mapped    = 100.00% (4       vias)
 
  Total double via conversion rate    =  0.00% (0 / 173177 vias)
 
    Layer VIA1       =  0.00% (0      / 66071   vias)
    Layer VIA2       =  0.00% (0      / 88249   vias)
    Layer VIA3       =  0.00% (0      / 10234   vias)
    Layer VIA4       =  0.00% (0      / 6175    vias)
    Layer VIA5       =  0.00% (0      / 1734    vias)
    Layer VIA6       =  0.00% (0      / 688     vias)
    Layer VIA7       =  0.00% (0      / 22      vias)
    Layer VIA8       =  0.00% (0      / 4       vias)
 
  The optimized via conversion rate based on total routed via count =  0.00% (0 / 173177 vias)
 
    Layer VIA1       =  0.00% (0      / 66071   vias)
        Un-optimized =  0.00% (0       vias)
        Un-mapped    = 100.00% (66071   vias)
    Layer VIA2       =  0.00% (0      / 88249   vias)
        Un-optimized =  0.00% (0       vias)
        Un-mapped    = 100.00% (88249   vias)
    Layer VIA3       =  0.00% (0      / 10234   vias)
        Un-optimized =  0.00% (0       vias)
        Un-mapped    = 100.00% (10234   vias)
    Layer VIA4       =  0.00% (0      / 6175    vias)
        Un-optimized =  0.00% (0       vias)
        Un-mapped    = 100.00% (6175    vias)
    Layer VIA5       =  0.00% (0      / 1734    vias)
        Un-optimized =  0.00% (0       vias)
        Un-mapped    = 100.00% (1734    vias)
    Layer VIA6       =  0.00% (0      / 688     vias)
        Un-optimized =  0.00% (0       vias)
        Un-mapped    = 100.00% (688     vias)
    Layer VIA7       =  0.00% (0      / 22      vias)
        Un-optimized =  0.00% (0       vias)
        Un-mapped    = 100.00% (22      vias)
    Layer VIA8       =  0.00% (0      / 4       vias)
        Un-optimized =  0.00% (0       vias)
        Un-mapped    = 100.00% (4       vias)
 

Total number of nets = 26307
1 open nets, of which 0 are frozen
Total number of excluded ports = 0 ports of 0 unplaced cells connected to 0 nets
                                 0 ports without pins of 0 cells connected to 0 nets
                                 0 ports of 0 cover cells connected to 0 non-pg nets
Total number of DRCs = 0
Total number of antenna violations = antenna checking not active
Information: Routes in non-preferred voltage areas = 0 (ZRT-559)

Topology ECO not run, no qualifying violations or in frozen nets.
Updating the database ...
