Warning: Cell contains tie connections which are not connected to real PG. (ZRT-511)
Turn off antenna since no rule is specified
Cell Min-Routing-Layer = M1
Cell Max-Routing-Layer = M9
Warning: Ignore 11 top cell ports with no pins. (ZRT-027)
Info: number of net_type_blockage: 0 
Via on layer (VIA1) needs more than one tracks
Warning: Layer M1 pitch 0.074 may be too small: wire/via-down 0.074, wire/via-up 0.098. (ZRT-026)
Via on layer (VIA1) needs more than one tracks
Warning: Layer M2 pitch 0.060 may be too small: wire/via-down 0.098, wire/via-up 0.060. (ZRT-026)
Via on layer (VIA3) needs more than one tracks
Warning: Layer M3 pitch 0.074 may be too small: wire/via-down 0.060, wire/via-up 0.080. (ZRT-026)
Wire on layer (M4) needs more than one tracks
Via on layer (VIA3) needs more than one tracks
Via on layer (VIA4) needs more than one tracks
Warning: Layer M4 pitch 0.074 may be too small: wire/via-down 0.107, wire/via-up 0.105. (ZRT-026)
Via on layer (VIA4) needs more than one tracks
Warning: Layer M5 pitch 0.120 may be too small: wire/via-down 0.135, wire/via-up 0.107. (ZRT-026)
Via on layer (VIA8) needs more than one tracks
Warning: Layer M8 pitch 0.120 may be too small: wire/via-down 0.107, wire/via-up 0.135. (ZRT-026)
Wire on layer (M9) needs more than one tracks
Via on layer (VIA8) needs more than one tracks
Via on layer (VIARDL) needs more than one tracks
Warning: Layer M9 pitch 0.120 may be too small: wire/via-down 0.135, wire/via-up 1.570. (ZRT-026)
Via on layer (VIARDL) needs more than one tracks
Warning: Layer MRDL pitch 0.600 may be too small: wire/via-down 4.500, wire/via-up 0.600. (ZRT-026)
Transition layer name: M3(2)
Warning: Standard cell pin SAEDHVT14_FSDPQ_V2LP_2/Q has no valid via regions. (ZRT-044)
Warning: Standard cell pin SAEDHVT14_FSDPQB_V2_2/QN has no valid via regions. (ZRT-044)
Warning: Standard cell pin SAEDHVT14_NR3B_2/B2 has no valid via regions. (ZRT-044)
Warning: Standard cell pin SAEDHVT14_NR2_2/A1 has no valid via regions. (ZRT-044)
Warning: Standard cell pin SAEDHVT14_NR2_2/X has no valid via regions. (ZRT-044)
Printing options for 'route.common.*'
common.verbose_level                                    :	 0                   

Printing options for 'route.detail.*'
detail.antenna                                          :	 true                
detail.force_end_on_preferred_grid                      :	 true                

Printing options for 'route.auto_via_ladder.*'


Begin full DRC check ...

Information: Using 1 threads for routing. (ZRT-444)
Checked	1/81 Partitions, Violations =	0
Checked	3/81 Partitions, Violations =	0
Checked	6/81 Partitions, Violations =	0
Checked	9/81 Partitions, Violations =	0
Checked	12/81 Partitions, Violations =	0
Checked	15/81 Partitions, Violations =	0
Checked	18/81 Partitions, Violations =	0
Checked	21/81 Partitions, Violations =	0
Checked	24/81 Partitions, Violations =	0
Checked	28/81 Partitions, Violations =	0
Checked	30/81 Partitions, Violations =	0
Checked	33/81 Partitions, Violations =	0
Checked	36/81 Partitions, Violations =	0
Checked	39/81 Partitions, Violations =	0
Checked	42/81 Partitions, Violations =	2
Checked	45/81 Partitions, Violations =	2
Checked	48/81 Partitions, Violations =	2
Checked	51/81 Partitions, Violations =	11
Checked	54/81 Partitions, Violations =	11
Checked	57/81 Partitions, Violations =	11
Checked	60/81 Partitions, Violations =	11
Checked	63/81 Partitions, Violations =	11
Checked	66/81 Partitions, Violations =	11
Checked	69/81 Partitions, Violations =	11
Checked	72/81 Partitions, Violations =	11
Checked	75/81 Partitions, Violations =	11
Checked	78/81 Partitions, Violations =	11
Checked	81/81 Partitions, Violations =	11
[DRC CHECK] Elapsed real time: 0:00:07 
[DRC CHECK] Elapsed cpu  time: sys=0:00:00 usr=0:00:07 total=0:00:07
[DRC CHECK] Stage (MB): Used    0  Alloctr    0  Proc    0 
[DRC CHECK] Total (MB): Used  161  Alloctr  168  Proc 1897 
Loading parastics information to the router ...
Warning: Technology layer 'M4' setting 'pitch' is not valid (NEX-001)
Warning: Technology layer 'MRDL' setting 'pitch' is not valid (NEX-001)
Warning: Parasitic Tech Library layer 'M1' parameter 'SMIN' = 0.040 does not match 0.026 of technology file (NEX-007)
Warning: Parasitic Tech Library layer 'M2' parameter 'SMIN' = 0.040 does not match 0.026 of technology file (NEX-007)
Warning: Parasitic Tech Library layer 'M3' parameter 'SMIN' = 0.040 does not match 0.026 of technology file (NEX-007)
Warning: Parasitic Tech Library layer 'M1' parameter 'SMIN' = 0.040 does not match 0.026 of technology file (NEX-007)
Warning: Parasitic Tech Library layer 'M2' parameter 'SMIN' = 0.040 does not match 0.026 of technology file (NEX-007)
Warning: Parasitic Tech Library layer 'M3' parameter 'SMIN' = 0.040 does not match 0.026 of technology file (NEX-007)
Warning: Parasitic Tech Library layer 'M8' parameter 'WMIN' = 0.030 does not match 0.060 of technology file (NEX-007)
Warning: Parasitic Tech Library layer 'M8' parameter 'SMIN' = 0.060 does not match 0.040 of technology file (NEX-007)
parastics information loaded to the router.
Printing options for 'route.common.*'
common.verbose_level                                    :	 0                   

Printing options for 'route.detail.*'
detail.antenna                                          :	 true                
detail.force_end_on_preferred_grid                      :	 true                

Printing options for 'route.auto_via_ladder.*'

Information: RC layer preference is turned on for this design. (ZRT-613)
[Dr init] Elapsed real time: 0:00:12 
[Dr init] Elapsed cpu  time: sys=0:00:00 usr=0:00:12 total=0:00:12
[Dr init] Stage (MB): Used  151  Alloctr  157  Proc    0 
[Dr init] Total (MB): Used  152  Alloctr  159  Proc 1897 
Total number of nets = 26307, of which 0 are not extracted
Total number of open nets = 0, of which 0 are frozen
Information: Using 1 threads for routing. (ZRT-444)
Routing in incremental mode, starting from iteration 127

Start DR iteration 127: non-uniform partition
Routed	1/2 Partitions, Violations =	4
Routed	2/2 Partitions, Violations =	3

DRC-SUMMARY:
	@@@@@@@ TOTAL VIOLATIONS =	3
	Off-grid : 3

[Iter 127] Elapsed real time: 0:00:12 
[Iter 127] Elapsed cpu  time: sys=0:00:00 usr=0:00:12 total=0:00:12
[Iter 127] Stage (MB): Used  160  Alloctr  166  Proc    0 
[Iter 127] Total (MB): Used  161  Alloctr  168  Proc 1897 

End DR iteration 127 with 2 parts

Start DR iteration 128: non-uniform partition
Routed	1/2 Partitions, Violations =	2
Routed	2/2 Partitions, Violations =	4

DRC-SUMMARY:
	@@@@@@@ TOTAL VIOLATIONS =	4
	Less than NDR width : 1
	Off-grid : 2
	Short : 1

[Iter 128] Elapsed real time: 0:00:12 
[Iter 128] Elapsed cpu  time: sys=0:00:00 usr=0:00:12 total=0:00:12
[Iter 128] Stage (MB): Used  160  Alloctr  166  Proc    0 
[Iter 128] Total (MB): Used  161  Alloctr  168  Proc 1897 

End DR iteration 128 with 2 parts

Start DR iteration 129: non-uniform partition
Routed	1/2 Partitions, Violations =	4
Routed	2/2 Partitions, Violations =	9

DRC-SUMMARY:
	@@@@@@@ TOTAL VIOLATIONS =	9
	Off-grid : 8
	Same net via-cut spacing : 1

[Iter 129] Elapsed real time: 0:00:13 
[Iter 129] Elapsed cpu  time: sys=0:00:00 usr=0:00:13 total=0:00:13
[Iter 129] Stage (MB): Used  160  Alloctr  166  Proc    0 
[Iter 129] Total (MB): Used  161  Alloctr  168  Proc 1897 

End DR iteration 129 with 2 parts

Start DR iteration 130: non-uniform partition
Routed	1/2 Partitions, Violations =	4
Routed	2/2 Partitions, Violations =	2

DRC-SUMMARY:
	@@@@@@@ TOTAL VIOLATIONS =	2
	Off-grid : 2

[Iter 130] Elapsed real time: 0:00:14 
[Iter 130] Elapsed cpu  time: sys=0:00:00 usr=0:00:14 total=0:00:14
[Iter 130] Stage (MB): Used  160  Alloctr  166  Proc    0 
[Iter 130] Total (MB): Used  161  Alloctr  168  Proc 1897 

End DR iteration 130 with 2 parts

Start DR iteration 131: non-uniform partition
Routed	1/2 Partitions, Violations =	4
Routed	2/2 Partitions, Violations =	4

DRC-SUMMARY:
	@@@@@@@ TOTAL VIOLATIONS =	4
	Off-grid : 3
	Same net via-cut spacing : 1

[Iter 131] Elapsed real time: 0:00:15 
[Iter 131] Elapsed cpu  time: sys=0:00:00 usr=0:00:15 total=0:00:15
[Iter 131] Stage (MB): Used  160  Alloctr  166  Proc    0 
[Iter 131] Total (MB): Used  161  Alloctr  168  Proc 1897 

End DR iteration 131 with 2 parts

Start DR iteration 132: non-uniform partition
Routed	1/2 Partitions, Violations =	4
Routed	2/2 Partitions, Violations =	4

DRC-SUMMARY:
	@@@@@@@ TOTAL VIOLATIONS =	4
	Diff net spacing : 1
	Off-grid : 2
	Same net via-cut spacing : 1

[Iter 132] Elapsed real time: 0:00:15 
[Iter 132] Elapsed cpu  time: sys=0:00:00 usr=0:00:15 total=0:00:15
[Iter 132] Stage (MB): Used  160  Alloctr  166  Proc    0 
[Iter 132] Total (MB): Used  161  Alloctr  168  Proc 1897 

End DR iteration 132 with 2 parts

Stop DR since not converging

Information: Detail Routing terminated early because DRCs were not converging: true (ZRT-312)
[DR] Elapsed real time: 0:00:15 
[DR] Elapsed cpu  time: sys=0:00:00 usr=0:00:15 total=0:00:15
[DR] Stage (MB): Used  142  Alloctr  148  Proc    0 
[DR] Total (MB): Used  143  Alloctr  150  Proc 1897 
[DR: Done] Elapsed real time: 0:00:15 
[DR: Done] Elapsed cpu  time: sys=0:00:00 usr=0:00:15 total=0:00:15
[DR: Done] Stage (MB): Used  142  Alloctr  148  Proc    0 
[DR: Done] Total (MB): Used  143  Alloctr  150  Proc 1897 

DR finished with 0 open nets, of which 0 are frozen

DR finished with 4 violations

DRC-SUMMARY:
	@@@@@@@ TOTAL VIOLATIONS =	4
	Diff net spacing : 1
	Off-grid : 2
	Same net via-cut spacing : 1



Total Wire Length =                    310153 micron
Total Number of Contacts =             173186
Total Number of Wires =                208646
Total Number of PtConns =              31204
Total Number of Routed Wires =       208646
Total Routed Wire Length =           288509 micron
Total Number of Routed Contacts =       173186
	Layer                 M1 :        666 micron
	Layer                 M2 :     105948 micron
	Layer                 M3 :     115036 micron
	Layer                 M4 :      31009 micron
	Layer                 M5 :      36036 micron
	Layer                 M6 :      12679 micron
	Layer                 M7 :       8690 micron
	Layer                 M8 :         81 micron
	Layer                 M9 :          8 micron
	Layer               MRDL :          0 micron
	Via              VIA89_C :          4
	Via            VIA78SQ_C :          2
	Via       VIA78SQ_C(rot) :         17
	Via         VIA78SQ(rot) :          3
	Via            VIA67SQ_C :        612
	Via       VIA67SQ_C(rot) :         46
	Via              VIA67SQ :         22
	Via         VIA67SQ(rot) :          8
	Via            VIA56SQ_C :         24
	Via       VIA56SQ_C(rot) :         90
	Via              VIA56SQ :       1622
	Via              VIA45SQ :       6175
	Via         VIA45SQ(rot) :          2
	Via            VIA34SQ_C :         53
	Via       VIA34SQ_C(rot) :       8945
	Via          VIA34BAR2_C :         24
	Via              VIA34SQ :        284
	Via         VIA34SQ(rot) :        818
	Via          VIA3_34SQ_C :          2
	Via     VIA3_34SQ_C(rot) :         61
	Via            VIA3_34SQ :         43
	Via       VIA3_34SQ(rot) :          6
	Via            VIA23SQ_C :      87097
	Via       VIA23SQ_C(rot) :          1
	Via          VIA23BAR2_C :          1
	Via              VIA23SQ :         18
	Via         VIA23SQ(rot) :         10
	Via          VIA2_33SQ_C :        520
	Via          VIA23_3SQ_C :        424
	Via        VIA2_33_3SQ_C :        179
	Via            VIA12SQ_C :          5
	Via       VIA12SQ_C(rot) :      64666
	Via            VIA12LG_C :          1
	Via              VIA12SQ :          5
	Via         VIA12SQ(rot) :        320
	Via     VIA1_32SQ_C(rot) :        737
	Via     VIA12_3SQ_C(rot) :        144
	Via   VIA1_32_3SQ_C(rot) :        195

 
Redundant via conversion report:
--------------------------------

  Total optimized via conversion rate =  0.00% (0 / 173186 vias)
 
    Layer VIA1       =  0.00% (0      / 66073   vias)
        Un-optimized =  0.00% (0       vias)
        Un-mapped    = 100.00% (66073   vias)
    Layer VIA2       =  0.00% (0      / 88250   vias)
        Un-optimized =  0.00% (0       vias)
        Un-mapped    = 100.00% (88250   vias)
    Layer VIA3       =  0.00% (0      / 10236   vias)
        Un-optimized =  0.00% (0       vias)
        Un-mapped    = 100.00% (10236   vias)
    Layer VIA4       =  0.00% (0      / 6177    vias)
        Un-optimized =  0.00% (0       vias)
        Un-mapped    = 100.00% (6177    vias)
    Layer VIA5       =  0.00% (0      / 1736    vias)
        Un-optimized =  0.00% (0       vias)
        Un-mapped    = 100.00% (1736    vias)
    Layer VIA6       =  0.00% (0      / 688     vias)
        Un-optimized =  0.00% (0       vias)
        Un-mapped    = 100.00% (688     vias)
    Layer VIA7       =  0.00% (0      / 22      vias)
        Un-optimized =  0.00% (0       vias)
        Un-mapped    = 100.00% (22      vias)
    Layer VIA8       =  0.00% (0      / 4       vias)
        Un-optimized =  0.00% (0       vias)
        Un-mapped    = 100.00% (4       vias)
 
  Total double via conversion rate    =  0.00% (0 / 173186 vias)
 
    Layer VIA1       =  0.00% (0      / 66073   vias)
    Layer VIA2       =  0.00% (0      / 88250   vias)
    Layer VIA3       =  0.00% (0      / 10236   vias)
    Layer VIA4       =  0.00% (0      / 6177    vias)
    Layer VIA5       =  0.00% (0      / 1736    vias)
    Layer VIA6       =  0.00% (0      / 688     vias)
    Layer VIA7       =  0.00% (0      / 22      vias)
    Layer VIA8       =  0.00% (0      / 4       vias)
 
  The optimized via conversion rate based on total routed via count =  0.00% (0 / 173186 vias)
 
    Layer VIA1       =  0.00% (0      / 66073   vias)
        Un-optimized =  0.00% (0       vias)
        Un-mapped    = 100.00% (66073   vias)
    Layer VIA2       =  0.00% (0      / 88250   vias)
        Un-optimized =  0.00% (0       vias)
        Un-mapped    = 100.00% (88250   vias)
    Layer VIA3       =  0.00% (0      / 10236   vias)
        Un-optimized =  0.00% (0       vias)
        Un-mapped    = 100.00% (10236   vias)
    Layer VIA4       =  0.00% (0      / 6177    vias)
        Un-optimized =  0.00% (0       vias)
        Un-mapped    = 100.00% (6177    vias)
    Layer VIA5       =  0.00% (0      / 1736    vias)
        Un-optimized =  0.00% (0       vias)
        Un-mapped    = 100.00% (1736    vias)
    Layer VIA6       =  0.00% (0      / 688     vias)
        Un-optimized =  0.00% (0       vias)
        Un-mapped    = 100.00% (688     vias)
    Layer VIA7       =  0.00% (0      / 22      vias)
        Un-optimized =  0.00% (0       vias)
        Un-mapped    = 100.00% (22      vias)
    Layer VIA8       =  0.00% (0      / 4       vias)
        Un-optimized =  0.00% (0       vias)
        Un-mapped    = 100.00% (4       vias)
 

Total number of nets = 26307
0 open nets, of which 0 are frozen
Total number of excluded ports = 0 ports of 0 unplaced cells connected to 0 nets
                                 0 ports without pins of 0 cells connected to 0 nets
                                 0 ports of 0 cover cells connected to 0 non-pg nets
Total number of DRCs = 4
Total number of antenna violations = antenna checking not active
Information: Routes in non-preferred voltage areas = 0 (ZRT-559)

Topology ECO not run, no qualifying violations or in frozen nets.
Updating the database ...
