****************************************
Report : timing
	-path_type full
	-delay_type min
	-slack_lesser_than 0.00
	-max_paths 10
	-sort_by slack
Design : multi-scenario design
Version: O-2018.06-SP1
Date   : Tue Jul  8 01:55:35 2025
****************************************


Start of Master/Slave Task Processing
-------------------------------------
Started    : Command execution in scenario 'Func_Slow'
Started    : Command execution in scenario 'Func_Fast'
Succeeded  : Command execution in scenario 'Func_Slow'
Succeeded  : Command execution in scenario 'Func_Fast'
-----------------------------------
End of Master/Slave Task Processing


  Startpoint: ibex_top_inst/u_ibex_core/if_stage_i/pc_id_o_reg[16]
               (rising edge-triggered flip-flop clocked by cluster_clock_gating)
  Endpoint: ibex_top_inst/u_ibex_core/if_stage_i/pc_id_o_reg[17]
               (rising edge-triggered flip-flop clocked by cluster_clock_gating)
  Last common pin: ibex_top_inst/core_clock_gate_i/U2/X
  Path Group: cluster_clock_gating
  Path Type: min
  Scenario: Func_Fast

  Point                                                   Incr       Path
  ------------------------------------------------------------------------------
  clock cluster_clock_gating (rise edge)                  0.00       0.00
  clock network delay (propagated)                        0.08       0.08
  ibex_top_inst/u_ibex_core/if_stage_i/pc_id_o_reg[16]/CK (SAEDHVT14_FSDPQ_V2LP_2)
                                                          0.00       0.08 r
  ibex_top_inst/u_ibex_core/if_stage_i/pc_id_o_reg[16]/Q (SAEDHVT14_FSDPQ_V2LP_2)
                                                          0.03 +     0.11 r
  CTS_copt_h_inst_11721/X (SAEDHVT14_DEL_R2V3_2)          0.03 H     0.14 r
  ibex_top_inst/u_ibex_core/if_stage_i/pc_id_o_reg[17]/SI (SAEDHVT14_FSDPQ_V2LP_2)
                                                          0.01       0.15 r
  data arrival time                                                  0.15

  clock cluster_clock_gating (rise edge)                  0.00       0.00
  clock network delay (propagated)                        0.69       0.69
  clock reconvergence pessimism                          -0.61       0.09
  clock uncertainty                                       0.10       0.19
  ibex_top_inst/u_ibex_core/if_stage_i/pc_id_o_reg[17]/CK (SAEDHVT14_FSDPQ_V2LP_2)
                                                                     0.19 r
  library hold time                                       0.00       0.19
  data required time                                                 0.19
  ------------------------------------------------------------------------------
  data required time                                                 0.19
  data arrival time                                                 -0.15
  ------------------------------------------------------------------------------
  slack (VIOLATED)                                                  -0.04


  Startpoint: ibex_top_inst/u_ibex_core/if_stage_i/pc_id_o_reg[16]
               (rising edge-triggered flip-flop clocked by cluster_clock_gating)
  Endpoint: ibex_top_inst/u_ibex_core/wb_stage_i/g_writeback_stage.wb_pc_q_reg[16]
               (rising edge-triggered flip-flop clocked by cluster_clock_gating)
  Last common pin: CTS_cts_buf_27043088/X
  Path Group: cluster_clock_gating
  Path Type: min
  Scenario: Func_Fast

  Point                                                   Incr       Path
  ------------------------------------------------------------------------------
  clock cluster_clock_gating (rise edge)                  0.00       0.00
  clock network delay (propagated)                        0.08       0.08
  ibex_top_inst/u_ibex_core/if_stage_i/pc_id_o_reg[16]/CK (SAEDHVT14_FSDPQ_V2LP_2)
                                                          0.00       0.08 r
  ibex_top_inst/u_ibex_core/if_stage_i/pc_id_o_reg[16]/Q (SAEDHVT14_FSDPQ_V2LP_2)
                                                          0.03 +     0.11 f
  CTS_copt_h_inst_11721/X (SAEDHVT14_DEL_R2V3_2)          0.03 H     0.14 f
  U12253/X (SAEDHVT14_MUX2_2)                             0.03 H     0.17 f
  U_PTECO_HOLD_BUF25/X (SAEDHVT14_BUF_20)                 0.01 H     0.17 f
  ibex_top_inst/u_ibex_core/wb_stage_i/g_writeback_stage.wb_pc_q_reg[16]/D (SAEDHVT14_FSDP_V2_2)
                                                          0.01 +     0.18 f
  data arrival time                                                  0.18

  clock cluster_clock_gating (rise edge)                  0.00       0.00
  clock network delay (propagated)                        0.71       0.71
  clock reconvergence pessimism                          -0.61       0.10
  clock uncertainty                                       0.10       0.20
  ibex_top_inst/u_ibex_core/wb_stage_i/g_writeback_stage.wb_pc_q_reg[16]/CK (SAEDHVT14_FSDP_V2_2)
                                                                     0.20 r
  library hold time                                       0.00       0.20
  data required time                                                 0.20
  ------------------------------------------------------------------------------
  data required time                                                 0.20
  data arrival time                                                 -0.18
  ------------------------------------------------------------------------------
  slack (VIOLATED)                                                  -0.02


  Startpoint: ibex_top_inst/u_ibex_core/if_stage_i/pc_id_o_reg[16]
               (rising edge-triggered flip-flop clocked by cluster_clock_gating)
  Endpoint: ibex_top_inst/u_ibex_core/if_stage_i/pc_id_o_reg[16]
               (rising edge-triggered flip-flop clocked by cluster_clock_gating)
  Last common pin: ibex_top_inst/core_clock_gate_i/U2/X
  Path Group: cluster_clock_gating
  Path Type: min
  Scenario: Func_Fast

  Point                                                   Incr       Path
  ------------------------------------------------------------------------------
  clock cluster_clock_gating (rise edge)                  0.00       0.00
  clock network delay (propagated)                        0.08       0.08
  ibex_top_inst/u_ibex_core/if_stage_i/pc_id_o_reg[16]/CK (SAEDHVT14_FSDPQ_V2LP_2)
                                                          0.00       0.08 r
  ibex_top_inst/u_ibex_core/if_stage_i/pc_id_o_reg[16]/Q (SAEDHVT14_FSDPQ_V2LP_2)
                                                          0.03 +     0.11 r
  CTS_copt_h_inst_11721/X (SAEDHVT14_DEL_R2V3_2)          0.03 H     0.14 r
  U11562/X (SAEDHVT14_MUX2_2)                             0.03 H     0.17 r
  U_PTECO_HOLD_BUF41/X (SAEDHVT14_BUF_20)                 0.01 H     0.17 r
  ibex_top_inst/u_ibex_core/if_stage_i/pc_id_o_reg[16]/D (SAEDHVT14_FSDPQ_V2LP_2)
                                                          0.01 +     0.18 r
  data arrival time                                                  0.18

  clock cluster_clock_gating (rise edge)                  0.00       0.00
  clock network delay (propagated)                        0.69       0.69
  clock reconvergence pessimism                          -0.61       0.09
  clock uncertainty                                       0.10       0.19
  ibex_top_inst/u_ibex_core/if_stage_i/pc_id_o_reg[16]/CK (SAEDHVT14_FSDPQ_V2LP_2)
                                                                     0.19 r
  library hold time                                       0.00       0.19
  data required time                                                 0.19
  ------------------------------------------------------------------------------
  data required time                                                 0.19
  data arrival time                                                 -0.18
  ------------------------------------------------------------------------------
  slack (VIOLATED)                                                  -0.01


1
