****************************************
Report : timing
	-path_type full
	-delay_type min
	-slack_lesser_than 0.00
	-max_paths 10
	-sort_by slack
Design : multi-scenario design
Version: O-2018.06-SP1
Date   : Tue Jul  8 01:19:59 2025
****************************************


Start of Master/Slave Task Processing
-------------------------------------
Started    : Command execution in scenario 'Func_Slow'
Started    : Command execution in scenario 'Func_Fast'
Succeeded  : Command execution in scenario 'Func_Slow'
Succeeded  : Command execution in scenario 'Func_Fast'
-----------------------------------
End of Master/Slave Task Processing


  Startpoint: ibex_top_inst/core_clock_gate_i/gen_generic.u_impl_generic/en_latch_reg
               (negative level-sensitive latch clocked by clk_i)
  Endpoint: ibex_top_inst/core_clock_gate_i/U2
               (rising clock gating-check end-point clocked by clk_i)
  Last common pin: clk_i
  Path Group: **clock_gating_default**
  Path Type: min
  Scenario: Func_Fast

  Point                                                   Incr       Path
  ------------------------------------------------------------------------------
  clock clk_i (fall edge)                                 2.50       2.50
  clock network delay (propagated)                        0.00       2.50
  ibex_top_inst/core_clock_gate_i/gen_generic.u_impl_generic/en_latch_reg/G (SAEDHVT14_LDNQOR2_4)
                                                          0.00       2.50 f
  ibex_top_inst/core_clock_gate_i/gen_generic.u_impl_generic/en_latch_reg/Q (SAEDHVT14_LDNQOR2_4)
                                                          0.03 &     2.53 r
  ibex_top_inst/core_clock_gate_i/U2/A1 (SAEDHVT14_AN2_2)
                                                          0.00 &     2.53 r
  data arrival time                                                  2.53

  clock clk_i (fall edge)                                 2.50       2.50
  clock network delay (propagated)                        0.03       2.53
  clock reconvergence pessimism                           0.00       2.53
  clock uncertainty                                       0.10       2.63
  ibex_top_inst/core_clock_gate_i/U2/A2 (SAEDHVT14_AN2_2)            2.63 f
  clock gating hold time                                  0.00       2.63
  data required time                                                 2.63
  ------------------------------------------------------------------------------
  data required time                                                 2.63
  data arrival time                                                 -2.53
  ------------------------------------------------------------------------------
  slack (VIOLATED)                                                  -0.10


  Startpoint: ibex_top_inst/u_ibex_core/if_stage_i/gen_prefetch_buffer.prefetch_buffer_i/fifo_i/instr_addr_q_reg[31]
               (rising edge-triggered flip-flop clocked by cluster_clock_gating)
  Endpoint: ibex_top_inst/u_ibex_core/if_stage_i/gen_prefetch_buffer.prefetch_buffer_i/fifo_i/rdata_q_reg[0][0]
               (rising edge-triggered flip-flop clocked by cluster_clock_gating)
  Last common pin: ibex_top_inst/core_clock_gate_i/U2/X
  Path Group: cluster_clock_gating
  Path Type: min
  Scenario: Func_Fast

  Point                                                   Incr       Path
  ------------------------------------------------------------------------------
  clock cluster_clock_gating (rise edge)                  0.00       0.00
  clock network delay (propagated)                        0.08       0.08
  ibex_top_inst/u_ibex_core/if_stage_i/gen_prefetch_buffer.prefetch_buffer_i/fifo_i/instr_addr_q_reg[31]/CK (SAEDHVT14_FSDPQ_V2LP_2)
                                                          0.00       0.08 r
  ibex_top_inst/u_ibex_core/if_stage_i/gen_prefetch_buffer.prefetch_buffer_i/fifo_i/instr_addr_q_reg[31]/Q (SAEDHVT14_FSDPQ_V2LP_2)
                                                          0.02 &     0.10 r
  CTS_copt_h_inst_11778/X (SAEDHVT14_DEL_R2V3_2)          0.02 H     0.12 r
  CTS_copt_h_inst_11777/X (SAEDHVT14_DEL_R2V3_2)          0.02 H     0.14 r
  ibex_top_inst/u_ibex_core/if_stage_i/gen_prefetch_buffer.prefetch_buffer_i/fifo_i/rdata_q_reg[0][0]/SI (SAEDHVT14_FSDPQ_V2_2)
                                                          0.01       0.15 r
  data arrival time                                                  0.15

  clock cluster_clock_gating (rise edge)                  0.00       0.00
  clock network delay (propagated)                        0.25       0.25
  clock reconvergence pessimism                          -0.14       0.10
  clock uncertainty                                       0.10       0.20
  ibex_top_inst/u_ibex_core/if_stage_i/gen_prefetch_buffer.prefetch_buffer_i/fifo_i/rdata_q_reg[0][0]/CK (SAEDHVT14_FSDPQ_V2_2)
                                                                     0.20 r
  library hold time                                      -0.01       0.20
  data required time                                                 0.20
  ------------------------------------------------------------------------------
  data required time                                                 0.20
  data arrival time                                                 -0.15
  ------------------------------------------------------------------------------
  slack (VIOLATED)                                                  -0.05


  Startpoint: ibex_top_inst/u_ibex_core/if_stage_i/pc_id_o_reg[16]
               (rising edge-triggered flip-flop clocked by cluster_clock_gating)
  Endpoint: ibex_top_inst/u_ibex_core/if_stage_i/pc_id_o_reg[17]
               (rising edge-triggered flip-flop clocked by cluster_clock_gating)
  Last common pin: ibex_top_inst/core_clock_gate_i/U2/X
  Path Group: cluster_clock_gating
  Path Type: min
  Scenario: Func_Fast

  Point                                                   Incr       Path
  ------------------------------------------------------------------------------
  clock cluster_clock_gating (rise edge)                  0.00       0.00
  clock network delay (propagated)                        0.08       0.08
  ibex_top_inst/u_ibex_core/if_stage_i/pc_id_o_reg[16]/CK (SAEDHVT14_FSDPQ_V2LP_2)
                                                          0.00       0.08 r
  ibex_top_inst/u_ibex_core/if_stage_i/pc_id_o_reg[16]/Q (SAEDHVT14_FSDPQ_V2LP_2)
                                                          0.03 +     0.11 r
  CTS_copt_h_inst_11721/X (SAEDHVT14_DEL_R2V3_2)          0.03 H     0.14 r
  ibex_top_inst/u_ibex_core/if_stage_i/pc_id_o_reg[17]/SI (SAEDHVT14_FSDPQ_V2LP_2)
                                                          0.01       0.15 r
  data arrival time                                                  0.15

  clock cluster_clock_gating (rise edge)                  0.00       0.00
  clock network delay (propagated)                        0.22       0.22
  clock reconvergence pessimism                          -0.14       0.08
  clock uncertainty                                       0.10       0.18
  ibex_top_inst/u_ibex_core/if_stage_i/pc_id_o_reg[17]/CK (SAEDHVT14_FSDPQ_V2LP_2)
                                                                     0.18 r
  library hold time                                      -0.00       0.18
  data required time                                                 0.18
  ------------------------------------------------------------------------------
  data required time                                                 0.18
  data arrival time                                                 -0.15
  ------------------------------------------------------------------------------
  slack (VIOLATED)                                                  -0.03


  Startpoint: ibex_top_inst/u_ibex_core/if_stage_i/pc_id_o_reg[16]
               (rising edge-triggered flip-flop clocked by cluster_clock_gating)
  Endpoint: ibex_top_inst/u_ibex_core/wb_stage_i/g_writeback_stage.wb_pc_q_reg[16]
               (rising edge-triggered flip-flop clocked by cluster_clock_gating)
  Last common pin: ibex_top_inst/core_clock_gate_i/U2/X
  Path Group: cluster_clock_gating
  Path Type: min
  Scenario: Func_Fast

  Point                                                   Incr       Path
  ------------------------------------------------------------------------------
  clock cluster_clock_gating (rise edge)                  0.00       0.00
  clock network delay (propagated)                        0.08       0.08
  ibex_top_inst/u_ibex_core/if_stage_i/pc_id_o_reg[16]/CK (SAEDHVT14_FSDPQ_V2LP_2)
                                                          0.00       0.08 r
  ibex_top_inst/u_ibex_core/if_stage_i/pc_id_o_reg[16]/Q (SAEDHVT14_FSDPQ_V2LP_2)
                                                          0.03 +     0.11 f
  CTS_copt_h_inst_11721/X (SAEDHVT14_DEL_R2V3_2)          0.03 H     0.14 f
  U12253/X (SAEDHVT14_MUX2_2)                             0.03 H     0.16 f
  U_PTECO_HOLD_BUF25/X (SAEDHVT14_BUF_20)                 0.01 H     0.17 f
  ibex_top_inst/u_ibex_core/wb_stage_i/g_writeback_stage.wb_pc_q_reg[16]/D (SAEDHVT14_FSDP_V2_2)
                                                          0.01 +     0.18 f
  data arrival time                                                  0.18

  clock cluster_clock_gating (rise edge)                  0.00       0.00
  clock network delay (propagated)                        0.25       0.25
  clock reconvergence pessimism                          -0.14       0.10
  clock uncertainty                                       0.10       0.20
  ibex_top_inst/u_ibex_core/wb_stage_i/g_writeback_stage.wb_pc_q_reg[16]/CK (SAEDHVT14_FSDP_V2_2)
                                                                     0.20 r
  library hold time                                       0.00       0.20
  data required time                                                 0.20
  ------------------------------------------------------------------------------
  data required time                                                 0.20
  data arrival time                                                 -0.18
  ------------------------------------------------------------------------------
  slack (VIOLATED)                                                  -0.02


  Startpoint: ibex_top_inst/u_ibex_core/if_stage_i/pc_id_o_reg[5]
               (rising edge-triggered flip-flop clocked by cluster_clock_gating)
  Endpoint: ibex_top_inst/u_ibex_core/if_stage_i/pc_id_o_reg[6]
               (rising edge-triggered flip-flop clocked by cluster_clock_gating)
  Last common pin: ibex_top_inst/core_clock_gate_i/U2/X
  Path Group: cluster_clock_gating
  Path Type: min
  Scenario: Func_Fast

  Point                                                   Incr       Path
  ------------------------------------------------------------------------------
  clock cluster_clock_gating (rise edge)                  0.00       0.00
  clock network delay (propagated)                        0.08       0.08
  ibex_top_inst/u_ibex_core/if_stage_i/pc_id_o_reg[5]/CK (SAEDHVT14_FSDPQ_V2LP_2)
                                                          0.00       0.08 r
  ibex_top_inst/u_ibex_core/if_stage_i/pc_id_o_reg[5]/Q (SAEDHVT14_FSDPQ_V2LP_2)
                                                          0.02 +     0.10 r
  U_PTECO_HOLD_BUF102/X (SAEDHVT14_BUF_2)                 0.03 +     0.13 r
  CTS_copt_h_inst_11753/X (SAEDHVT14_DEL_R2V3_2)          0.03 H     0.15 r
  ibex_top_inst/u_ibex_core/if_stage_i/pc_id_o_reg[6]/SI (SAEDHVT14_FSDPQ_V2LP_2)
                                                          0.01       0.16 r
  data arrival time                                                  0.16

  clock cluster_clock_gating (rise edge)                  0.00       0.00
  clock network delay (propagated)                        0.22       0.22
  clock reconvergence pessimism                          -0.14       0.08
  clock uncertainty                                       0.10       0.18
  ibex_top_inst/u_ibex_core/if_stage_i/pc_id_o_reg[6]/CK (SAEDHVT14_FSDPQ_V2LP_2)
                                                                     0.18 r
  library hold time                                      -0.00       0.18
  data required time                                                 0.18
  ------------------------------------------------------------------------------
  data required time                                                 0.18
  data arrival time                                                 -0.16
  ------------------------------------------------------------------------------
  slack (VIOLATED)                                                  -0.01


  Startpoint: ibex_top_inst/u_ibex_core/if_stage_i/gen_prefetch_buffer.prefetch_buffer_i/fifo_i/instr_addr_q_reg[31]
               (rising edge-triggered flip-flop clocked by cluster_clock_gating)
  Endpoint: ibex_top_inst/u_ibex_core/if_stage_i/gen_prefetch_buffer.prefetch_buffer_i/fifo_i/instr_addr_q_reg[31]
               (rising edge-triggered flip-flop clocked by cluster_clock_gating)
  Last common pin: ibex_top_inst/core_clock_gate_i/U2/X
  Path Group: cluster_clock_gating
  Path Type: min
  Scenario: Func_Fast

  Point                                                   Incr       Path
  ------------------------------------------------------------------------------
  clock cluster_clock_gating (rise edge)                  0.00       0.00
  clock network delay (propagated)                        0.08       0.08
  ibex_top_inst/u_ibex_core/if_stage_i/gen_prefetch_buffer.prefetch_buffer_i/fifo_i/instr_addr_q_reg[31]/CK (SAEDHVT14_FSDPQ_V2LP_2)
                                                          0.00       0.08 r
  ibex_top_inst/u_ibex_core/if_stage_i/gen_prefetch_buffer.prefetch_buffer_i/fifo_i/instr_addr_q_reg[31]/Q (SAEDHVT14_FSDPQ_V2LP_2)
                                                          0.02 &     0.10 r
  CTS_copt_h_inst_11778/X (SAEDHVT14_DEL_R2V3_2)          0.02 H     0.12 r
  CTS_copt_h_inst_11777/X (SAEDHVT14_DEL_R2V3_2)          0.02 H     0.14 r
  U5351/X (SAEDHVT14_AN2_2)                               0.02 H     0.16 r
  U11167/X (SAEDHVT14_OR3_2)                              0.01 &     0.17 r
  ibex_top_inst/u_ibex_core/if_stage_i/gen_prefetch_buffer.prefetch_buffer_i/fifo_i/instr_addr_q_reg[31]/D (SAEDHVT14_FSDPQ_V2LP_2)
                                                          0.00 &     0.17 r
  data arrival time                                                  0.17

  clock cluster_clock_gating (rise edge)                  0.00       0.00
  clock network delay (propagated)                        0.22       0.22
  clock reconvergence pessimism                          -0.14       0.08
  clock uncertainty                                       0.10       0.18
  ibex_top_inst/u_ibex_core/if_stage_i/gen_prefetch_buffer.prefetch_buffer_i/fifo_i/instr_addr_q_reg[31]/CK (SAEDHVT14_FSDPQ_V2LP_2)
                                                                     0.18 r
  library hold time                                      -0.01       0.18
  data required time                                                 0.18
  ------------------------------------------------------------------------------
  data required time                                                 0.18
  data arrival time                                                 -0.17
  ------------------------------------------------------------------------------
  slack (VIOLATED: increase significant digits)                      0.00


  Startpoint: ibex_top_inst/u_ibex_core/if_stage_i/pc_id_o_reg[16]
               (rising edge-triggered flip-flop clocked by cluster_clock_gating)
  Endpoint: ibex_top_inst/u_ibex_core/if_stage_i/pc_id_o_reg[16]
               (rising edge-triggered flip-flop clocked by cluster_clock_gating)
  Last common pin: ibex_top_inst/core_clock_gate_i/U2/X
  Path Group: cluster_clock_gating
  Path Type: min
  Scenario: Func_Fast

  Point                                                   Incr       Path
  ------------------------------------------------------------------------------
  clock cluster_clock_gating (rise edge)                  0.00       0.00
  clock network delay (propagated)                        0.08       0.08
  ibex_top_inst/u_ibex_core/if_stage_i/pc_id_o_reg[16]/CK (SAEDHVT14_FSDPQ_V2LP_2)
                                                          0.00       0.08 r
  ibex_top_inst/u_ibex_core/if_stage_i/pc_id_o_reg[16]/Q (SAEDHVT14_FSDPQ_V2LP_2)
                                                          0.03 +     0.11 r
  CTS_copt_h_inst_11721/X (SAEDHVT14_DEL_R2V3_2)          0.03 H     0.14 r
  U11562/X (SAEDHVT14_MUX2_2)                             0.03 H     0.17 r
  U_PTECO_HOLD_BUF41/X (SAEDHVT14_BUF_20)                 0.01 H     0.17 r
  ibex_top_inst/u_ibex_core/if_stage_i/pc_id_o_reg[16]/D (SAEDHVT14_FSDPQ_V2LP_2)
                                                          0.01 +     0.18 r
  data arrival time                                                  0.18

  clock cluster_clock_gating (rise edge)                  0.00       0.00
  clock network delay (propagated)                        0.22       0.22
  clock reconvergence pessimism                          -0.14       0.08
  clock uncertainty                                       0.10       0.18
  ibex_top_inst/u_ibex_core/if_stage_i/pc_id_o_reg[16]/CK (SAEDHVT14_FSDPQ_V2LP_2)
                                                                     0.18 r
  library hold time                                       0.00       0.18
  data required time                                                 0.18
  ------------------------------------------------------------------------------
  data required time                                                 0.18
  data arrival time                                                 -0.18
  ------------------------------------------------------------------------------
  slack (VIOLATED: increase significant digits)                      0.00


1
