
Start of Master/Slave Task Processing
-------------------------------------
Started    : Command execution in scenario 'Func_Slow'
Started    : Command execution in scenario 'Func_Fast'
Succeeded  : Command execution in scenario 'Func_Fast'
Succeeded  : Command execution in scenario 'Func_Slow'
-----------------------------------
End of Master/Slave Task Processing

****************************************
Report : constraint
	-all_violators
	-verbose
	-max_transition
Design : multi_scenario design
Version: O-2018.06-SP1
Date   : Tue Jul  8 02:06:49 2025
****************************************

Scenarios: Func_Slow Func_Fast 


    Pin: U12046/A1
    Scenario: Func_Slow

    max_transition         2.00
  - Transition Time        6.25
  ------------------------------
    Slack                 -4.25  (VIOLATED)


    Pin: U8108/A3
    Scenario: Func_Slow

    max_transition         2.00
  - Transition Time        6.25
  ------------------------------
    Slack                 -4.25  (VIOLATED)


    Pin: U7992/S
    Scenario: Func_Slow

    max_transition         2.00
  - Transition Time        6.25
  ------------------------------
    Slack                 -4.25  (VIOLATED)


    Pin: U12340/A1
    Scenario: Func_Slow

    max_transition         2.00
  - Transition Time        6.25
  ------------------------------
    Slack                 -4.25  (VIOLATED)


    Pin: U12570/A2
    Scenario: Func_Slow

    max_transition         2.00
  - Transition Time        6.25
  ------------------------------
    Slack                 -4.25  (VIOLATED)


    Pin: U12561/A2
    Scenario: Func_Slow

    max_transition         2.00
  - Transition Time        6.25
  ------------------------------
    Slack                 -4.25  (VIOLATED)


    Pin: U10576/A1
    Scenario: Func_Slow

    max_transition         2.00
  - Transition Time        6.25
  ------------------------------
    Slack                 -4.25  (VIOLATED)


    Pin: U12852/D0
    Scenario: Func_Slow

    max_transition         2.00
  - Transition Time        6.25
  ------------------------------
    Slack                 -4.25  (VIOLATED)


    Pin: data_addr_o[16]
    Scenario: Func_Slow

    max_transition         2.00
  - Transition Time        6.25
  ------------------------------
    Slack                 -4.25  (VIOLATED)


    Pin: data_addr_o[23]
    Scenario: Func_Slow

    max_transition         2.00
  - Transition Time        6.19
  ------------------------------
    Slack                 -4.19  (VIOLATED)


    Pin: U12368/A1
    Scenario: Func_Slow

    max_transition         2.00
  - Transition Time        6.18
  ------------------------------
    Slack                 -4.18  (VIOLATED)


    Pin: U8109/A1
    Scenario: Func_Slow

    max_transition         2.00
  - Transition Time        6.18
  ------------------------------
    Slack                 -4.18  (VIOLATED)


    Pin: U12617/A2
    Scenario: Func_Slow

    max_transition         2.00
  - Transition Time        6.18
  ------------------------------
    Slack                 -4.18  (VIOLATED)


    Pin: U12620/A2
    Scenario: Func_Slow

    max_transition         2.00
  - Transition Time        6.18
  ------------------------------
    Slack                 -4.18  (VIOLATED)


    Pin: U12845/D0
    Scenario: Func_Slow

    max_transition         2.00
  - Transition Time        6.18
  ------------------------------
    Slack                 -4.18  (VIOLATED)


    Pin: U10599/A1
    Scenario: Func_Slow

    max_transition         2.00
  - Transition Time        6.18
  ------------------------------
    Slack                 -4.18  (VIOLATED)


    Pin: U12147/A1
    Scenario: Func_Slow

    max_transition         2.00
  - Transition Time        6.18
  ------------------------------
    Slack                 -4.18  (VIOLATED)


    Pin: U7985/S
    Scenario: Func_Slow

    max_transition         2.00
  - Transition Time        6.18
  ------------------------------
    Slack                 -4.18  (VIOLATED)


    Pin: U12841/D0
    Scenario: Func_Slow

    max_transition         2.00
  - Transition Time        6.09
  ------------------------------
    Slack                 -4.09  (VIOLATED)


    Pin: U12193/A1
    Scenario: Func_Slow

    max_transition         2.00
  - Transition Time        6.09
  ------------------------------
    Slack                 -4.09  (VIOLATED)


    Pin: U12878/A1
    Scenario: Func_Slow

    max_transition         2.00
  - Transition Time        6.09
  ------------------------------
    Slack                 -4.09  (VIOLATED)


    Pin: U12649/A2
    Scenario: Func_Slow

    max_transition         2.00
  - Transition Time        6.09
  ------------------------------
    Slack                 -4.09  (VIOLATED)


    Pin: U8107/A4
    Scenario: Func_Slow

    max_transition         2.00
  - Transition Time        6.09
  ------------------------------
    Slack                 -4.09  (VIOLATED)


    Pin: U4615/A2
    Scenario: Func_Slow

    max_transition         2.00
  - Transition Time        6.09
  ------------------------------
    Slack                 -4.09  (VIOLATED)


    Pin: U12384/A1
    Scenario: Func_Slow

    max_transition         2.00
  - Transition Time        6.09
  ------------------------------
    Slack                 -4.09  (VIOLATED)


    Pin: U7981/S
    Scenario: Func_Slow

    max_transition         2.00
  - Transition Time        6.09
  ------------------------------
    Slack                 -4.09  (VIOLATED)


    Pin: data_addr_o[27]
    Scenario: Func_Slow

    max_transition         2.00
  - Transition Time        6.09
  ------------------------------
    Slack                 -4.09  (VIOLATED)


    Pin: U7993/S
    Scenario: Func_Slow

    max_transition         2.00
  - Transition Time        5.85
  ------------------------------
    Slack                 -3.85  (VIOLATED)


    Pin: U12031/A1
    Scenario: Func_Slow

    max_transition         2.00
  - Transition Time        5.85
  ------------------------------
    Slack                 -3.85  (VIOLATED)


    Pin: U8104/A1
    Scenario: Func_Slow

    max_transition         2.00
  - Transition Time        5.85
  ------------------------------
    Slack                 -3.85  (VIOLATED)


    Pin: U12559/A2
    Scenario: Func_Slow

    max_transition         2.00
  - Transition Time        5.85
  ------------------------------
    Slack                 -3.85  (VIOLATED)


    Pin: U12336/A1
    Scenario: Func_Slow

    max_transition         2.00
  - Transition Time        5.85
  ------------------------------
    Slack                 -3.85  (VIOLATED)


    Pin: U12562/A2
    Scenario: Func_Slow

    max_transition         2.00
  - Transition Time        5.85
  ------------------------------
    Slack                 -3.85  (VIOLATED)


    Pin: data_addr_o[15]
    Scenario: Func_Slow

    max_transition         2.00
  - Transition Time        5.85
  ------------------------------
    Slack                 -3.85  (VIOLATED)


    Pin: U10573/A1
    Scenario: Func_Slow

    max_transition         2.00
  - Transition Time        5.85
  ------------------------------
    Slack                 -3.85  (VIOLATED)


    Pin: U12853/D0
    Scenario: Func_Slow

    max_transition         2.00
  - Transition Time        5.85
  ------------------------------
    Slack                 -3.85  (VIOLATED)


    Pin: U7995/S
    Scenario: Func_Slow

    max_transition         2.00
  - Transition Time        5.71
  ------------------------------
    Slack                 -3.71  (VIOLATED)


    Pin: U11997/A1
    Scenario: Func_Slow

    max_transition         2.00
  - Transition Time        5.71
  ------------------------------
    Slack                 -3.71  (VIOLATED)


    Pin: U12549/A2
    Scenario: Func_Slow

    max_transition         2.00
  - Transition Time        5.71
  ------------------------------
    Slack                 -3.71  (VIOLATED)


    Pin: U12546/A2
    Scenario: Func_Slow

    max_transition         2.00
  - Transition Time        5.71
  ------------------------------
    Slack                 -3.71  (VIOLATED)


    Pin: U10567/A1
    Scenario: Func_Slow

    max_transition         2.00
  - Transition Time        5.71
  ------------------------------
    Slack                 -3.71  (VIOLATED)


    Pin: U12855/D0
    Scenario: Func_Slow

    max_transition         2.00
  - Transition Time        5.71
  ------------------------------
    Slack                 -3.71  (VIOLATED)


    Pin: U8104/A3
    Scenario: Func_Slow

    max_transition         2.00
  - Transition Time        5.71
  ------------------------------
    Slack                 -3.71  (VIOLATED)


    Pin: U12328/A1
    Scenario: Func_Slow

    max_transition         2.00
  - Transition Time        5.71
  ------------------------------
    Slack                 -3.71  (VIOLATED)


    Pin: data_addr_o[13]
    Scenario: Func_Slow

    max_transition         2.00
  - Transition Time        5.71
  ------------------------------
    Slack                 -3.71  (VIOLATED)


    Pin: U8001/S
    Scenario: Func_Slow

    max_transition         2.00
  - Transition Time        5.62
  ------------------------------
    Slack                 -3.62  (VIOLATED)


    Pin: U11885/A1
    Scenario: Func_Slow

    max_transition         2.00
  - Transition Time        5.62
  ------------------------------
    Slack                 -3.62  (VIOLATED)


    Pin: U12499/A2
    Scenario: Func_Slow

    max_transition         2.00
  - Transition Time        5.62
  ------------------------------
    Slack                 -3.62  (VIOLATED)


    Pin: U12502/A2
    Scenario: Func_Slow

    max_transition         2.00
  - Transition Time        5.62
  ------------------------------
    Slack                 -3.62  (VIOLATED)


    Pin: U10548/A1
    Scenario: Func_Slow

    max_transition         2.00
  - Transition Time        5.62
  ------------------------------
    Slack                 -3.62  (VIOLATED)


    Pin: U12861/D0
    Scenario: Func_Slow

    max_transition         2.00
  - Transition Time        5.62
  ------------------------------
    Slack                 -3.62  (VIOLATED)


    Pin: U12303/A1
    Scenario: Func_Slow

    max_transition         2.00
  - Transition Time        5.62
  ------------------------------
    Slack                 -3.62  (VIOLATED)


    Pin: U8103/A2
    Scenario: Func_Slow

    max_transition         2.00
  - Transition Time        5.62
  ------------------------------
    Slack                 -3.62  (VIOLATED)


    Pin: data_addr_o[7]
    Scenario: Func_Slow

    max_transition         2.00
  - Transition Time        5.62
  ------------------------------
    Slack                 -3.62  (VIOLATED)


    Pin: data_addr_o[24]
    Scenario: Func_Slow

    max_transition         2.00
  - Transition Time        4.41
  ------------------------------
    Slack                 -2.41  (VIOLATED)


    Pin: U12372/A1
    Scenario: Func_Slow

    max_transition         2.00
  - Transition Time        4.41
  ------------------------------
    Slack                 -2.41  (VIOLATED)


    Pin: U8107/A3
    Scenario: Func_Slow

    max_transition         2.00
  - Transition Time        4.41
  ------------------------------
    Slack                 -2.41  (VIOLATED)


    Pin: U10602/A1
    Scenario: Func_Slow

    max_transition         2.00
  - Transition Time        4.41
  ------------------------------
    Slack                 -2.41  (VIOLATED)


    Pin: U12627/A2
    Scenario: Func_Slow

    max_transition         2.00
  - Transition Time        4.41
  ------------------------------
    Slack                 -2.41  (VIOLATED)


    Pin: U12624/A2
    Scenario: Func_Slow

    max_transition         2.00
  - Transition Time        4.41
  ------------------------------
    Slack                 -2.41  (VIOLATED)


    Pin: U12844/D0
    Scenario: Func_Slow

    max_transition         2.00
  - Transition Time        4.41
  ------------------------------
    Slack                 -2.41  (VIOLATED)


    Pin: U12153/A1
    Scenario: Func_Slow

    max_transition         2.00
  - Transition Time        4.41
  ------------------------------
    Slack                 -2.41  (VIOLATED)


    Pin: U7984/S
    Scenario: Func_Slow

    max_transition         2.00
  - Transition Time        4.41
  ------------------------------
    Slack                 -2.41  (VIOLATED)


    Pin: U10582/A1
    Scenario: Func_Slow

    max_transition         2.00
  - Transition Time        3.08
  ------------------------------
    Slack                 -1.08  (VIOLATED)


    Pin: U12850/D0
    Scenario: Func_Slow

    max_transition         2.00
  - Transition Time        3.08
  ------------------------------
    Slack                 -1.08  (VIOLATED)


    Pin: U12576/A2
    Scenario: Func_Slow

    max_transition         2.00
  - Transition Time        3.08
  ------------------------------
    Slack                 -1.08  (VIOLATED)


    Pin: U12585/A2
    Scenario: Func_Slow

    max_transition         2.00
  - Transition Time        3.08
  ------------------------------
    Slack                 -1.08  (VIOLATED)


    Pin: U12073/A1
    Scenario: Func_Slow

    max_transition         2.00
  - Transition Time        3.08
  ------------------------------
    Slack                 -1.08  (VIOLATED)


    Pin: U7990/S
    Scenario: Func_Slow

    max_transition         2.00
  - Transition Time        3.08
  ------------------------------
    Slack                 -1.08  (VIOLATED)


    Pin: U8108/A1
    Scenario: Func_Slow

    max_transition         2.00
  - Transition Time        3.08
  ------------------------------
    Slack                 -1.08  (VIOLATED)


    Pin: U12348/A1
    Scenario: Func_Slow

    max_transition         2.00
  - Transition Time        3.08
  ------------------------------
    Slack                 -1.08  (VIOLATED)


    Pin: data_addr_o[18]
    Scenario: Func_Slow

    max_transition         2.00
  - Transition Time        3.08
  ------------------------------
    Slack                 -1.08  (VIOLATED)


    Pin: U8004/S
    Scenario: Func_Slow

    max_transition         2.00
  - Transition Time        3.07
  ------------------------------
    Slack                 -1.07  (VIOLATED)


    Pin: U11823/A1
    Scenario: Func_Slow

    max_transition         2.00
  - Transition Time        3.07
  ------------------------------
    Slack                 -1.07  (VIOLATED)


    Pin: U12483/A2
    Scenario: Func_Slow

    max_transition         2.00
  - Transition Time        3.07
  ------------------------------
    Slack                 -1.07  (VIOLATED)


    Pin: U12473/A2
    Scenario: Func_Slow

    max_transition         2.00
  - Transition Time        3.07
  ------------------------------
    Slack                 -1.07  (VIOLATED)


    Pin: U10538/A1
    Scenario: Func_Slow

    max_transition         2.00
  - Transition Time        3.07
  ------------------------------
    Slack                 -1.07  (VIOLATED)


    Pin: U12864/D0
    Scenario: Func_Slow

    max_transition         2.00
  - Transition Time        3.07
  ------------------------------
    Slack                 -1.07  (VIOLATED)


    Pin: U12290/A1
    Scenario: Func_Slow

    max_transition         2.00
  - Transition Time        3.07
  ------------------------------
    Slack                 -1.07  (VIOLATED)


    Pin: U8102/A1
    Scenario: Func_Slow

    max_transition         2.00
  - Transition Time        3.07
  ------------------------------
    Slack                 -1.07  (VIOLATED)


    Pin: data_addr_o[4]
    Scenario: Func_Slow

    max_transition         2.00
  - Transition Time        3.07
  ------------------------------
    Slack                 -1.07  (VIOLATED)


    Pin: PLACE_HFSBUF_564_214/X
    Scenario: Func_Fast

    max_transition         2.00
  - Transition Time        3.04
  ------------------------------
    Slack                 -1.04  (VIOLATED)


    Pin: U9499/A2
    Scenario: Func_Fast

    max_transition         2.00
  - Transition Time        3.04
  ------------------------------
    Slack                 -1.04  (VIOLATED)


    Pin: U8815/A1
    Scenario: Func_Fast

    max_transition         2.00
  - Transition Time        3.04
  ------------------------------
    Slack                 -1.04  (VIOLATED)


    Pin: U7014/B
    Scenario: Func_Fast

    max_transition         2.00
  - Transition Time        3.04
  ------------------------------
    Slack                 -1.04  (VIOLATED)


    Pin: U9611/A2
    Scenario: Func_Fast

    max_transition         2.00
  - Transition Time        3.04
  ------------------------------
    Slack                 -1.04  (VIOLATED)


    Pin: U10101/A2
    Scenario: Func_Fast

    max_transition         2.00
  - Transition Time        3.04
  ------------------------------
    Slack                 -1.04  (VIOLATED)


    Pin: U9274/A2
    Scenario: Func_Fast

    max_transition         2.00
  - Transition Time        3.04
  ------------------------------
    Slack                 -1.04  (VIOLATED)


    Pin: U9414/A2
    Scenario: Func_Fast

    max_transition         2.00
  - Transition Time        3.04
  ------------------------------
    Slack                 -1.04  (VIOLATED)


    Pin: U9320/A2
    Scenario: Func_Fast

    max_transition         2.00
  - Transition Time        3.04
  ------------------------------
    Slack                 -1.04  (VIOLATED)


    Pin: U9016/A2
    Scenario: Func_Fast

    max_transition         2.00
  - Transition Time        3.04
  ------------------------------
    Slack                 -1.04  (VIOLATED)


    Pin: U8995/A2
    Scenario: Func_Fast

    max_transition         2.00
  - Transition Time        3.04
  ------------------------------
    Slack                 -1.04  (VIOLATED)


    Pin: U10052/A2
    Scenario: Func_Fast

    max_transition         2.00
  - Transition Time        3.04
  ------------------------------
    Slack                 -1.04  (VIOLATED)


    Pin: U9106/A2
    Scenario: Func_Fast

    max_transition         2.00
  - Transition Time        3.04
  ------------------------------
    Slack                 -1.04  (VIOLATED)


    Pin: U9171/A2
    Scenario: Func_Fast

    max_transition         2.00
  - Transition Time        3.04
  ------------------------------
    Slack                 -1.04  (VIOLATED)


    Pin: U9985/A2
    Scenario: Func_Fast

    max_transition         2.00
  - Transition Time        3.04
  ------------------------------
    Slack                 -1.04  (VIOLATED)


    Pin: U9917/A2
    Scenario: Func_Fast

    max_transition         2.00
  - Transition Time        3.04
  ------------------------------
    Slack                 -1.04  (VIOLATED)


    Pin: U8848/A2
    Scenario: Func_Fast

    max_transition         2.00
  - Transition Time        3.04
  ------------------------------
    Slack                 -1.04  (VIOLATED)


    Pin: U9950/A2
    Scenario: Func_Fast

    max_transition         2.00
  - Transition Time        3.04
  ------------------------------
    Slack                 -1.04  (VIOLATED)


    Pin: U9368/A2
    Scenario: Func_Fast

    max_transition         2.00
  - Transition Time        3.04
  ------------------------------
    Slack                 -1.04  (VIOLATED)


    Pin: U9574/A2
    Scenario: Func_Fast

    max_transition         2.00
  - Transition Time        3.04
  ------------------------------
    Slack                 -1.04  (VIOLATED)


    Pin: U9915/A2
    Scenario: Func_Fast

    max_transition         2.00
  - Transition Time        3.04
  ------------------------------
    Slack                 -1.04  (VIOLATED)


    Pin: U9440/A2
    Scenario: Func_Fast

    max_transition         2.00
  - Transition Time        3.04
  ------------------------------
    Slack                 -1.04  (VIOLATED)


    Pin: U9608/A2
    Scenario: Func_Fast

    max_transition         2.00
  - Transition Time        3.04
  ------------------------------
    Slack                 -1.04  (VIOLATED)


    Pin: U9223/A2
    Scenario: Func_Fast

    max_transition         2.00
  - Transition Time        3.04
  ------------------------------
    Slack                 -1.04  (VIOLATED)


    Pin: U9947/A2
    Scenario: Func_Fast

    max_transition         2.00
  - Transition Time        3.04
  ------------------------------
    Slack                 -1.04  (VIOLATED)


    Pin: U9733/A2
    Scenario: Func_Fast

    max_transition         2.00
  - Transition Time        3.04
  ------------------------------
    Slack                 -1.04  (VIOLATED)


    Pin: U8817/A2
    Scenario: Func_Fast

    max_transition         2.00
  - Transition Time        3.04
  ------------------------------
    Slack                 -1.04  (VIOLATED)


    Pin: U6701/A2
    Scenario: Func_Fast

    max_transition         2.00
  - Transition Time        3.04
  ------------------------------
    Slack                 -1.04  (VIOLATED)


    Pin: U8833/A2
    Scenario: Func_Fast

    max_transition         2.00
  - Transition Time        3.04
  ------------------------------
    Slack                 -1.04  (VIOLATED)


    Pin: U9041/A2
    Scenario: Func_Fast

    max_transition         2.00
  - Transition Time        3.04
  ------------------------------
    Slack                 -1.04  (VIOLATED)


    Pin: U6625/B
    Scenario: Func_Fast

    max_transition         2.00
  - Transition Time        3.04
  ------------------------------
    Slack                 -1.04  (VIOLATED)


    Pin: U8816/A2
    Scenario: Func_Fast

    max_transition         2.00
  - Transition Time        3.04
  ------------------------------
    Slack                 -1.04  (VIOLATED)


    Pin: U9576/A2
    Scenario: Func_Fast

    max_transition         2.00
  - Transition Time        3.04
  ------------------------------
    Slack                 -1.04  (VIOLATED)


    Pin: U7914/A2
    Scenario: Func_Fast

    max_transition         2.00
  - Transition Time        3.04
  ------------------------------
    Slack                 -1.04  (VIOLATED)


    Pin: U8929/A2
    Scenario: Func_Fast

    max_transition         2.00
  - Transition Time        3.04
  ------------------------------
    Slack                 -1.04  (VIOLATED)


    Pin: U9173/A2
    Scenario: Func_Fast

    max_transition         2.00
  - Transition Time        3.04
  ------------------------------
    Slack                 -1.04  (VIOLATED)


    Pin: U9438/A2
    Scenario: Func_Fast

    max_transition         2.00
  - Transition Time        3.04
  ------------------------------
    Slack                 -1.04  (VIOLATED)


    Pin: U4535/A2
    Scenario: Func_Fast

    max_transition         2.00
  - Transition Time        3.04
  ------------------------------
    Slack                 -1.04  (VIOLATED)


    Pin: U9493/A2
    Scenario: Func_Fast

    max_transition         2.00
  - Transition Time        3.04
  ------------------------------
    Slack                 -1.04  (VIOLATED)


    Pin: U7997/S
    Scenario: Func_Slow

    max_transition         2.00
  - Transition Time        3.04
  ------------------------------
    Slack                 -1.04  (VIOLATED)


    Pin: U11964/A1
    Scenario: Func_Slow

    max_transition         2.00
  - Transition Time        3.04
  ------------------------------
    Slack                 -1.04  (VIOLATED)


    Pin: U12536/A2
    Scenario: Func_Slow

    max_transition         2.00
  - Transition Time        3.04
  ------------------------------
    Slack                 -1.04  (VIOLATED)


    Pin: U12527/A2
    Scenario: Func_Slow

    max_transition         2.00
  - Transition Time        3.04
  ------------------------------
    Slack                 -1.04  (VIOLATED)


    Pin: U10560/A1
    Scenario: Func_Slow

    max_transition         2.00
  - Transition Time        3.04
  ------------------------------
    Slack                 -1.04  (VIOLATED)


    Pin: U12857/D0
    Scenario: Func_Slow

    max_transition         2.00
  - Transition Time        3.04
  ------------------------------
    Slack                 -1.04  (VIOLATED)


    Pin: U8105/A4
    Scenario: Func_Slow

    max_transition         2.00
  - Transition Time        3.04
  ------------------------------
    Slack                 -1.04  (VIOLATED)


    Pin: U12320/A1
    Scenario: Func_Slow

    max_transition         2.00
  - Transition Time        3.04
  ------------------------------
    Slack                 -1.04  (VIOLATED)


    Pin: data_addr_o[11]
    Scenario: Func_Slow

    max_transition         2.00
  - Transition Time        3.04
  ------------------------------
    Slack                 -1.04  (VIOLATED)


    Pin: U12228/A2
    Scenario: Func_Slow

    max_transition         2.00
  - Transition Time        3.02
  ------------------------------
    Slack                 -1.02  (VIOLATED)


    Pin: U12227/X
    Scenario: Func_Slow

    max_transition         2.00
  - Transition Time        3.02
  ------------------------------
    Slack                 -1.02  (VIOLATED)


    Pin: U7991/S
    Scenario: Func_Slow

    max_transition         2.00
  - Transition Time        2.89
  ------------------------------
    Slack                 -0.89  (VIOLATED)


    Pin: U12061/A1
    Scenario: Func_Slow

    max_transition         2.00
  - Transition Time        2.89
  ------------------------------
    Slack                 -0.89  (VIOLATED)


    Pin: U12568/A2
    Scenario: Func_Slow

    max_transition         2.00
  - Transition Time        2.89
  ------------------------------
    Slack                 -0.89  (VIOLATED)


    Pin: U12578/A2
    Scenario: Func_Slow

    max_transition         2.00
  - Transition Time        2.89
  ------------------------------
    Slack                 -0.89  (VIOLATED)


    Pin: U10579/A1
    Scenario: Func_Slow

    max_transition         2.00
  - Transition Time        2.89
  ------------------------------
    Slack                 -0.89  (VIOLATED)


    Pin: U12851/D0
    Scenario: Func_Slow

    max_transition         2.00
  - Transition Time        2.89
  ------------------------------
    Slack                 -0.89  (VIOLATED)


    Pin: U8108/A2
    Scenario: Func_Slow

    max_transition         2.00
  - Transition Time        2.89
  ------------------------------
    Slack                 -0.89  (VIOLATED)


    Pin: U12344/A1
    Scenario: Func_Slow

    max_transition         2.00
  - Transition Time        2.89
  ------------------------------
    Slack                 -0.89  (VIOLATED)


    Pin: data_addr_o[17]
    Scenario: Func_Slow

    max_transition         2.00
  - Transition Time        2.89
  ------------------------------
    Slack                 -0.89  (VIOLATED)


    Pin: U7994/S
    Scenario: Func_Slow

    max_transition         2.00
  - Transition Time        2.80
  ------------------------------
    Slack                 -0.80  (VIOLATED)


    Pin: U12015/A1
    Scenario: Func_Slow

    max_transition         2.00
  - Transition Time        2.80
  ------------------------------
    Slack                 -0.80  (VIOLATED)


    Pin: U12555/A2
    Scenario: Func_Slow

    max_transition         2.00
  - Transition Time        2.80
  ------------------------------
    Slack                 -0.80  (VIOLATED)


    Pin: U12553/A2
    Scenario: Func_Slow

    max_transition         2.00
  - Transition Time        2.80
  ------------------------------
    Slack                 -0.80  (VIOLATED)


    Pin: U10570/A1
    Scenario: Func_Slow

    max_transition         2.00
  - Transition Time        2.80
  ------------------------------
    Slack                 -0.80  (VIOLATED)


    Pin: U12854/D0
    Scenario: Func_Slow

    max_transition         2.00
  - Transition Time        2.80
  ------------------------------
    Slack                 -0.80  (VIOLATED)


    Pin: U8104/A2
    Scenario: Func_Slow

    max_transition         2.00
  - Transition Time        2.80
  ------------------------------
    Slack                 -0.80  (VIOLATED)


    Pin: U12332/A1
    Scenario: Func_Slow

    max_transition         2.00
  - Transition Time        2.80
  ------------------------------
    Slack                 -0.80  (VIOLATED)


    Pin: data_addr_o[14]
    Scenario: Func_Slow

    max_transition         2.00
  - Transition Time        2.80
  ------------------------------
    Slack                 -0.80  (VIOLATED)


    Pin: U7987/S
    Scenario: Func_Slow

    max_transition         2.00
  - Transition Time        2.80
  ------------------------------
    Slack                 -0.80  (VIOLATED)


    Pin: U12116/A1
    Scenario: Func_Slow

    max_transition         2.00
  - Transition Time        2.80
  ------------------------------
    Slack                 -0.80  (VIOLATED)


    Pin: U10591/A1
    Scenario: Func_Slow

    max_transition         2.00
  - Transition Time        2.80
  ------------------------------
    Slack                 -0.80  (VIOLATED)


    Pin: U12847/D0
    Scenario: Func_Slow

    max_transition         2.00
  - Transition Time        2.80
  ------------------------------
    Slack                 -0.80  (VIOLATED)


    Pin: U12605/A2
    Scenario: Func_Slow

    max_transition         2.00
  - Transition Time        2.80
  ------------------------------
    Slack                 -0.80  (VIOLATED)


    Pin: data_addr_o[21]
    Scenario: Func_Slow

    max_transition         2.00
  - Transition Time        2.80
  ------------------------------
    Slack                 -0.80  (VIOLATED)


    Pin: U12607/A2
    Scenario: Func_Slow

    max_transition         2.00
  - Transition Time        2.80
  ------------------------------
    Slack                 -0.80  (VIOLATED)


    Pin: U8106/A2
    Scenario: Func_Slow

    max_transition         2.00
  - Transition Time        2.80
  ------------------------------
    Slack                 -0.80  (VIOLATED)


    Pin: U12360/A1
    Scenario: Func_Slow

    max_transition         2.00
  - Transition Time        2.80
  ------------------------------
    Slack                 -0.80  (VIOLATED)


    Pin: data_addr_o[9]
    Scenario: Func_Slow

    max_transition         2.00
  - Transition Time        2.58
  ------------------------------
    Slack                 -0.58  (VIOLATED)


    Pin: U7999/S
    Scenario: Func_Slow

    max_transition         2.00
  - Transition Time        2.58
  ------------------------------
    Slack                 -0.58  (VIOLATED)


    Pin: U11928/A1
    Scenario: Func_Slow

    max_transition         2.00
  - Transition Time        2.58
  ------------------------------
    Slack                 -0.58  (VIOLATED)


    Pin: U12521/A2
    Scenario: Func_Slow

    max_transition         2.00
  - Transition Time        2.58
  ------------------------------
    Slack                 -0.58  (VIOLATED)


    Pin: U12508/A2
    Scenario: Func_Slow

    max_transition         2.00
  - Transition Time        2.58
  ------------------------------
    Slack                 -0.58  (VIOLATED)


    Pin: U8105/A1
    Scenario: Func_Slow

    max_transition         2.00
  - Transition Time        2.58
  ------------------------------
    Slack                 -0.58  (VIOLATED)


    Pin: U10554/A1
    Scenario: Func_Slow

    max_transition         2.00
  - Transition Time        2.58
  ------------------------------
    Slack                 -0.58  (VIOLATED)


    Pin: U12859/D0
    Scenario: Func_Slow

    max_transition         2.00
  - Transition Time        2.58
  ------------------------------
    Slack                 -0.58  (VIOLATED)


    Pin: U12312/A1
    Scenario: Func_Slow

    max_transition         2.00
  - Transition Time        2.58
  ------------------------------
    Slack                 -0.58  (VIOLATED)


    Pin: U7988/S
    Scenario: Func_Slow

    max_transition         2.00
  - Transition Time        2.43
  ------------------------------
    Slack                 -0.43  (VIOLATED)


    Pin: U12101/A1
    Scenario: Func_Slow

    max_transition         2.00
  - Transition Time        2.43
  ------------------------------
    Slack                 -0.43  (VIOLATED)


    Pin: U12848/D0
    Scenario: Func_Slow

    max_transition         2.00
  - Transition Time        2.43
  ------------------------------
    Slack                 -0.43  (VIOLATED)


    Pin: U10588/A1
    Scenario: Func_Slow

    max_transition         2.00
  - Transition Time        2.43
  ------------------------------
    Slack                 -0.43  (VIOLATED)


    Pin: data_addr_o[20]
    Scenario: Func_Slow

    max_transition         2.00
  - Transition Time        2.43
  ------------------------------
    Slack                 -0.43  (VIOLATED)


    Pin: U12591/A2
    Scenario: Func_Slow

    max_transition         2.00
  - Transition Time        2.43
  ------------------------------
    Slack                 -0.43  (VIOLATED)


    Pin: U12601/A2
    Scenario: Func_Slow

    max_transition         2.00
  - Transition Time        2.43
  ------------------------------
    Slack                 -0.43  (VIOLATED)


    Pin: U8106/A3
    Scenario: Func_Slow

    max_transition         2.00
  - Transition Time        2.43
  ------------------------------
    Slack                 -0.43  (VIOLATED)


    Pin: U12356/A1
    Scenario: Func_Slow

    max_transition         2.00
  - Transition Time        2.43
  ------------------------------
    Slack                 -0.43  (VIOLATED)


    Pin: data_addr_o[6]
    Scenario: Func_Slow

    max_transition         2.00
  - Transition Time        2.38
  ------------------------------
    Slack                 -0.38  (VIOLATED)


    Pin: U8002/S
    Scenario: Func_Slow

    max_transition         2.00
  - Transition Time        2.38
  ------------------------------
    Slack                 -0.38  (VIOLATED)


    Pin: U11879/A1
    Scenario: Func_Slow

    max_transition         2.00
  - Transition Time        2.38
  ------------------------------
    Slack                 -0.38  (VIOLATED)


    Pin: U12495/A2
    Scenario: Func_Slow

    max_transition         2.00
  - Transition Time        2.38
  ------------------------------
    Slack                 -0.38  (VIOLATED)


    Pin: U12493/A2
    Scenario: Func_Slow

    max_transition         2.00
  - Transition Time        2.38
  ------------------------------
    Slack                 -0.38  (VIOLATED)


    Pin: U10544/A1
    Scenario: Func_Slow

    max_transition         2.00
  - Transition Time        2.38
  ------------------------------
    Slack                 -0.38  (VIOLATED)


    Pin: U12862/D0
    Scenario: Func_Slow

    max_transition         2.00
  - Transition Time        2.38
  ------------------------------
    Slack                 -0.38  (VIOLATED)


    Pin: U8102/A3
    Scenario: Func_Slow

    max_transition         2.00
  - Transition Time        2.38
  ------------------------------
    Slack                 -0.38  (VIOLATED)


    Pin: U12299/A1
    Scenario: Func_Slow

    max_transition         2.00
  - Transition Time        2.38
  ------------------------------
    Slack                 -0.38  (VIOLATED)


    Pin: U7599/X
    Scenario: Func_Slow

    max_transition         2.00
  - Transition Time        2.31
  ------------------------------
    Slack                 -0.31  (VIOLATED)


    Pin: U5802/A1
    Scenario: Func_Slow

    max_transition         2.00
  - Transition Time        2.31
  ------------------------------
    Slack                 -0.31  (VIOLATED)


    Pin: U4993/A1
    Scenario: Func_Slow

    max_transition         2.00
  - Transition Time        2.31
  ------------------------------
    Slack                 -0.31  (VIOLATED)


    Pin: U7691/A1
    Scenario: Func_Slow

    max_transition         2.00
  - Transition Time        2.31
  ------------------------------
    Slack                 -0.31  (VIOLATED)


    Pin: U7686/A1
    Scenario: Func_Slow

    max_transition         2.00
  - Transition Time        2.31
  ------------------------------
    Slack                 -0.31  (VIOLATED)


    Pin: U5814/A1
    Scenario: Func_Slow

    max_transition         2.00
  - Transition Time        2.31
  ------------------------------
    Slack                 -0.31  (VIOLATED)


    Pin: U5823/A1
    Scenario: Func_Slow

    max_transition         2.00
  - Transition Time        2.31
  ------------------------------
    Slack                 -0.31  (VIOLATED)


    Pin: U5808/A1
    Scenario: Func_Slow

    max_transition         2.00
  - Transition Time        2.31
  ------------------------------
    Slack                 -0.31  (VIOLATED)


    Pin: U5863/A1
    Scenario: Func_Slow

    max_transition         2.00
  - Transition Time        2.31
  ------------------------------
    Slack                 -0.31  (VIOLATED)


    Pin: U5870/A1
    Scenario: Func_Slow

    max_transition         2.00
  - Transition Time        2.31
  ------------------------------
    Slack                 -0.31  (VIOLATED)


    Pin: U5890/A1
    Scenario: Func_Slow

    max_transition         2.00
  - Transition Time        2.31
  ------------------------------
    Slack                 -0.31  (VIOLATED)


    Pin: U5859/A1
    Scenario: Func_Slow

    max_transition         2.00
  - Transition Time        2.31
  ------------------------------
    Slack                 -0.31  (VIOLATED)


    Pin: U5800/A1
    Scenario: Func_Slow

    max_transition         2.00
  - Transition Time        2.31
  ------------------------------
    Slack                 -0.31  (VIOLATED)


    Pin: U5005/A1
    Scenario: Func_Slow

    max_transition         2.00
  - Transition Time        2.31
  ------------------------------
    Slack                 -0.31  (VIOLATED)


    Pin: U7626/A1
    Scenario: Func_Slow

    max_transition         2.00
  - Transition Time        2.31
  ------------------------------
    Slack                 -0.31  (VIOLATED)


    Pin: U7622/A1
    Scenario: Func_Slow

    max_transition         2.00
  - Transition Time        2.31
  ------------------------------
    Slack                 -0.31  (VIOLATED)


    Pin: U5840/A1
    Scenario: Func_Slow

    max_transition         2.00
  - Transition Time        2.31
  ------------------------------
    Slack                 -0.31  (VIOLATED)


    Pin: U5885/A1
    Scenario: Func_Slow

    max_transition         2.00
  - Transition Time        2.31
  ------------------------------
    Slack                 -0.31  (VIOLATED)


    Pin: U7657/A1
    Scenario: Func_Slow

    max_transition         2.00
  - Transition Time        2.31
  ------------------------------
    Slack                 -0.31  (VIOLATED)


    Pin: U7661/A1
    Scenario: Func_Slow

    max_transition         2.00
  - Transition Time        2.31
  ------------------------------
    Slack                 -0.31  (VIOLATED)


    Pin: U7619/A1
    Scenario: Func_Slow

    max_transition         2.00
  - Transition Time        2.31
  ------------------------------
    Slack                 -0.31  (VIOLATED)


    Pin: U7614/A1
    Scenario: Func_Slow

    max_transition         2.00
  - Transition Time        2.31
  ------------------------------
    Slack                 -0.31  (VIOLATED)


    Pin: U7209/A1
    Scenario: Func_Slow

    max_transition         2.00
  - Transition Time        2.31
  ------------------------------
    Slack                 -0.31  (VIOLATED)


    Pin: U5851/A1
    Scenario: Func_Slow

    max_transition         2.00
  - Transition Time        2.31
  ------------------------------
    Slack                 -0.31  (VIOLATED)


    Pin: U7670/A1
    Scenario: Func_Slow

    max_transition         2.00
  - Transition Time        2.31
  ------------------------------
    Slack                 -0.31  (VIOLATED)


    Pin: U5880/A1
    Scenario: Func_Slow

    max_transition         2.00
  - Transition Time        2.31
  ------------------------------
    Slack                 -0.31  (VIOLATED)


    Pin: U5846/A1
    Scenario: Func_Slow

    max_transition         2.00
  - Transition Time        2.31
  ------------------------------
    Slack                 -0.31  (VIOLATED)


    Pin: U5874/A1
    Scenario: Func_Slow

    max_transition         2.00
  - Transition Time        2.31
  ------------------------------
    Slack                 -0.31  (VIOLATED)


    Pin: U7207/A1
    Scenario: Func_Slow

    max_transition         2.00
  - Transition Time        2.31
  ------------------------------
    Slack                 -0.31  (VIOLATED)


    Pin: U7665/A1
    Scenario: Func_Slow

    max_transition         2.00
  - Transition Time        2.31
  ------------------------------
    Slack                 -0.31  (VIOLATED)


    Pin: U7681/A1
    Scenario: Func_Slow

    max_transition         2.00
  - Transition Time        2.31
  ------------------------------
    Slack                 -0.31  (VIOLATED)


    Pin: U7674/A1
    Scenario: Func_Slow

    max_transition         2.00
  - Transition Time        2.31
  ------------------------------
    Slack                 -0.31  (VIOLATED)


    Pin: U8003/S
    Scenario: Func_Slow

    max_transition         2.00
  - Transition Time        2.23
  ------------------------------
    Slack                 -0.23  (VIOLATED)


    Pin: U11858/A1
    Scenario: Func_Slow

    max_transition         2.00
  - Transition Time        2.23
  ------------------------------
    Slack                 -0.23  (VIOLATED)


    Pin: U12489/A2
    Scenario: Func_Slow

    max_transition         2.00
  - Transition Time        2.23
  ------------------------------
    Slack                 -0.23  (VIOLATED)


    Pin: U12487/A2
    Scenario: Func_Slow

    max_transition         2.00
  - Transition Time        2.23
  ------------------------------
    Slack                 -0.23  (VIOLATED)


    Pin: U10541/A1
    Scenario: Func_Slow

    max_transition         2.00
  - Transition Time        2.23
  ------------------------------
    Slack                 -0.23  (VIOLATED)


    Pin: U12863/D0
    Scenario: Func_Slow

    max_transition         2.00
  - Transition Time        2.23
  ------------------------------
    Slack                 -0.23  (VIOLATED)


    Pin: U8102/A2
    Scenario: Func_Slow

    max_transition         2.00
  - Transition Time        2.23
  ------------------------------
    Slack                 -0.23  (VIOLATED)


    Pin: U12295/A1
    Scenario: Func_Slow

    max_transition         2.00
  - Transition Time        2.23
  ------------------------------
    Slack                 -0.23  (VIOLATED)


    Pin: data_addr_o[5]
    Scenario: Func_Slow

    max_transition         2.00
  - Transition Time        2.23
  ------------------------------
    Slack                 -0.23  (VIOLATED)


    Pin: CTS_copt_h_inst_11721/A
    Scenario: Func_Fast

    max_transition         2.00
  - Transition Time        2.21
  ------------------------------
    Slack                 -0.21  (VIOLATED)


    Pin: U5863/A2
    Scenario: Func_Fast

    max_transition         2.00
  - Transition Time        2.21
  ------------------------------
    Slack                 -0.21  (VIOLATED)


    Pin: U10398/D0
    Scenario: Func_Fast

    max_transition         2.00
  - Transition Time        2.21
  ------------------------------
    Slack                 -0.21  (VIOLATED)


    Pin: current_pc[16]
    Scenario: Func_Fast

    max_transition         2.00
  - Transition Time        2.21
  ------------------------------
    Slack                 -0.21  (VIOLATED)


    Pin: U405/X
    Scenario: Func_Fast

    max_transition         2.00
  - Transition Time        2.21
  ------------------------------
    Slack                 -0.21  (VIOLATED)


    Pin: U7998/S
    Scenario: Func_Slow

    max_transition         2.00
  - Transition Time        2.17
  ------------------------------
    Slack                 -0.17  (VIOLATED)


    Pin: U11946/A1
    Scenario: Func_Slow

    max_transition         2.00
  - Transition Time        2.17
  ------------------------------
    Slack                 -0.17  (VIOLATED)


    Pin: U12528/A2
    Scenario: Func_Slow

    max_transition         2.00
  - Transition Time        2.17
  ------------------------------
    Slack                 -0.17  (VIOLATED)


    Pin: U12518/A2
    Scenario: Func_Slow

    max_transition         2.00
  - Transition Time        2.17
  ------------------------------
    Slack                 -0.17  (VIOLATED)


    Pin: data_addr_o[10]
    Scenario: Func_Slow

    max_transition         2.00
  - Transition Time        2.17
  ------------------------------
    Slack                 -0.17  (VIOLATED)


    Pin: U10557/A1
    Scenario: Func_Slow

    max_transition         2.00
  - Transition Time        2.17
  ------------------------------
    Slack                 -0.17  (VIOLATED)


    Pin: U12858/D0
    Scenario: Func_Slow

    max_transition         2.00
  - Transition Time        2.17
  ------------------------------
    Slack                 -0.17  (VIOLATED)


    Pin: U8105/A2
    Scenario: Func_Slow

    max_transition         2.00
  - Transition Time        2.17
  ------------------------------
    Slack                 -0.17  (VIOLATED)


    Pin: U12316/A1
    Scenario: Func_Slow

    max_transition         2.00
  - Transition Time        2.17
  ------------------------------
    Slack                 -0.17  (VIOLATED)


    Pin: data_addr_o[2]
    Scenario: Func_Slow

    max_transition         2.00
  - Transition Time        2.06
  ------------------------------
    Slack                 -0.06  (VIOLATED)


    Pin: U8006/S
    Scenario: Func_Slow

    max_transition         2.00
  - Transition Time        2.06
  ------------------------------
    Slack                 -0.06  (VIOLATED)


    Pin: U12467/A2
    Scenario: Func_Slow

    max_transition         2.00
  - Transition Time        2.06
  ------------------------------
    Slack                 -0.06  (VIOLATED)


    Pin: U11776/A1
    Scenario: Func_Slow

    max_transition         2.00
  - Transition Time        2.06
  ------------------------------
    Slack                 -0.06  (VIOLATED)


    Pin: U12465/A2
    Scenario: Func_Slow

    max_transition         2.00
  - Transition Time        2.06
  ------------------------------
    Slack                 -0.06  (VIOLATED)


    Pin: U12866/D0
    Scenario: Func_Slow

    max_transition         2.00
  - Transition Time        2.06
  ------------------------------
    Slack                 -0.06  (VIOLATED)


    Pin: U10531/A1
    Scenario: Func_Slow

    max_transition         2.00
  - Transition Time        2.06
  ------------------------------
    Slack                 -0.06  (VIOLATED)


    Pin: U8105/A3
    Scenario: Func_Slow

    max_transition         2.00
  - Transition Time        2.06
  ------------------------------
    Slack                 -0.06  (VIOLATED)


    Pin: U12282/A1
    Scenario: Func_Slow

    max_transition         2.00
  - Transition Time        2.06
  ------------------------------
    Slack                 -0.06  (VIOLATED)


    Pin: U6769/A2
    Scenario: Func_Slow

    max_transition         2.00
  - Transition Time        2.05
  ------------------------------
    Slack                 -0.05  (VIOLATED)


    Pin: U12694/X
    Scenario: Func_Slow

    max_transition         2.00
  - Transition Time        2.05
  ------------------------------
    Slack                 -0.05  (VIOLATED)


1
