****************************************
Report : qor
Design : multi-scenario design
Version: O-2018.06-SP1
Date   : Tue Jul  8 01:15:31 2025
****************************************


Start of Master/Slave Task Processing
-------------------------------------
Started    : Command execution in scenario 'Func_Slow'
Started    : Command execution in scenario 'Func_Fast'
Succeeded  : Command execution in scenario 'Func_Slow'
Succeeded  : Command execution in scenario 'Func_Fast'
-----------------------------------
End of Master/Slave Task Processing

  Timing Path Group '**clock_gating_default**' (max_delay/setup)
  ---------------------------------------------
  Levels of Logic:                            1 (Func_Slow)
  Critical Path Length:                    0.08 (Func_Slow)
  Critical Path Slack:                     2.28 (Func_Slow)
  Total Negative Slack:                    0.00
  No. of Violating Paths:                     0
  ---------------------------------------------

  Timing Path Group 'clk_i' (max_delay/setup)
  ---------------------------------------------
  Levels of Logic:                           55 (Func_Slow)
  Critical Path Length:                    3.96 (Func_Slow)
  Critical Path Slack:                    -0.49 (Func_Slow)
  Total Negative Slack:                  -12.09
  No. of Violating Paths:                    31
  ---------------------------------------------

  Timing Path Group 'cluster_clock_gating' (max_delay/setup)
  ---------------------------------------------
  Levels of Logic:                           80 (Func_Slow)
  Critical Path Length:                    4.35 (Func_Slow)
  Critical Path Slack:                     0.96 (Func_Slow)
  Total Negative Slack:                    0.00
  No. of Violating Paths:                     0
  ---------------------------------------------

  Timing Path Group '**clock_gating_default**' (min_delay/hold)
  ---------------------------------------------
  Levels of Logic:                            1 (Func_Fast)
  Critical Path Length:                    0.03 (Func_Fast)
  Critical Path Slack:                    -0.10 (Func_Fast)
  Total Negative Slack:                   -0.10
  No. of Violating Paths:                     1
  ---------------------------------------------

  Timing Path Group 'clk_i' (min_delay/hold)
  ---------------------------------------------
  Levels of Logic:                            5 (Func_Fast)
  Critical Path Length:                    0.17 (Func_Fast)
  Critical Path Slack:                     0.02 (Func_Fast)
  Total Negative Slack:                    0.00
  No. of Violating Paths:                     0
  ---------------------------------------------

  Timing Path Group 'cluster_clock_gating' (min_delay/hold)
  ---------------------------------------------
  Levels of Logic:                            3 (Func_Fast)
  Critical Path Length:                    0.16 (Func_Fast)
  Critical Path Slack:                    -0.04 (Func_Fast)
  Total Negative Slack:                   -1.77
  No. of Violating Paths:                   213
  ---------------------------------------------

  Cell Count
  ---------------------------------------------
  Hierarchical Cell Count:                    2 (Func_Fast, Func_Slow)
  Hierarchical Port Count:                  683 (Func_Fast, Func_Slow)
  Leaf Cell Count:                        11650 (Func_Fast, Func_Slow)
  ---------------------------------------------


  Area
  ---------------------------------------------
  Net Interconnect Area:                6247.02 (Func_Fast, Func_Slow)
  Total Cell Area:                      6001.67 (Func_Fast, Func_Slow)
  Design Area:                         12248.69 (Func_Fast, Func_Slow)
  ---------------------------------------------


  Design Rule Violations
  ---------------------------------------------
  Total No. of Pins in Design:            36870
  max_capacitance Count:                      3
  min_capacitance Count:                    407
  max_transition Count:                     223
  clock_gating_hold Count:                    1
  max_capacitance Cost:                    5.20
  min_capacitance Cost:                   61.05
  max_transition Cost:                   350.66
  clock_gating_hold Cost:                  0.10
  Total DRC Cost:                        417.01
  ---------------------------------------------
1
