****************************************
Report : qor
Design : multi-scenario design
Version: O-2018.06-SP1
Date   : Tue Jul  8 02:09:59 2025
****************************************


Start of Master/Slave Task Processing
-------------------------------------
Started    : Command execution in scenario 'Func_Fast'
Started    : Command execution in scenario 'Func_Slow'
Succeeded  : Command execution in scenario 'Func_Fast'
Succeeded  : Command execution in scenario 'Func_Slow'
-----------------------------------
End of Master/Slave Task Processing

  Timing Path Group '**clock_gating_default**' (max_delay/setup)
  ---------------------------------------------
  Levels of Logic:                            4 (Func_Fast)
  Critical Path Length:                    0.49 (Func_Fast)
  Critical Path Slack:                     1.84 (Func_Fast)
  Total Negative Slack:                    0.00
  No. of Violating Paths:                     0
  ---------------------------------------------

  Timing Path Group 'clk_i' (max_delay/setup)
  ---------------------------------------------
  Levels of Logic:                           65 (Func_Slow)
  Critical Path Length:                    3.20 (Func_Slow)
  Critical Path Slack:                     0.28 (Func_Slow)
  Total Negative Slack:                    0.00
  No. of Violating Paths:                     0
  ---------------------------------------------

  Timing Path Group 'cluster_clock_gating' (max_delay/setup)
  ---------------------------------------------
  Levels of Logic:                           32 (Func_Slow)
  Critical Path Length:                    3.77 (Func_Slow)
  Critical Path Slack:                     1.66 (Func_Slow)
  Total Negative Slack:                    0.00
  No. of Violating Paths:                     0
  ---------------------------------------------

  Timing Path Group '**clock_gating_default**' (min_delay/hold)
  ---------------------------------------------
  Levels of Logic:                            4 (Func_Fast)
  Critical Path Length:                    0.16 (Func_Fast)
  Critical Path Slack:                     0.02 (Func_Fast)
  Total Negative Slack:                    0.00
  No. of Violating Paths:                     0
  ---------------------------------------------

  Timing Path Group 'clk_i' (min_delay/hold)
  ---------------------------------------------
  Levels of Logic:                            5 (Func_Fast)
  Critical Path Length:                    0.17 (Func_Fast)
  Critical Path Slack:                     0.02 (Func_Fast)
  Total Negative Slack:                    0.00
  No. of Violating Paths:                     0
  ---------------------------------------------

  Timing Path Group 'cluster_clock_gating' (min_delay/hold)
  ---------------------------------------------
  Levels of Logic:                            4 (Func_Fast)
  Critical Path Length:                    0.19 (Func_Fast)
  Critical Path Slack:                     0.00 (Func_Fast)
  Total Negative Slack:                    0.00
  No. of Violating Paths:                     0
  ---------------------------------------------

  Cell Count
  ---------------------------------------------
  Hierarchical Cell Count:                    2 (Func_Fast, Func_Slow)
  Hierarchical Port Count:                  683 (Func_Fast, Func_Slow)
  Leaf Cell Count:                        12055 (Func_Fast, Func_Slow)
  ---------------------------------------------


  Area
  ---------------------------------------------
  Net Interconnect Area:                6303.40 (Func_Fast, Func_Slow)
  Total Cell Area:                      6355.68 (Func_Fast, Func_Slow)
  Design Area:                         12659.08 (Func_Fast, Func_Slow)
  ---------------------------------------------


  Design Rule Violations
  ---------------------------------------------
  Total No. of Pins in Design:            37680
  min_capacitance Count:                    408
  min_capacitance Cost:                   61.06
  Total DRC Cost:                         61.06
  ---------------------------------------------
1
