****************************************
Report : qor
Design : multi-scenario design
Version: O-2018.06-SP1
Date   : Tue Jul  8 01:42:59 2025
****************************************


Start of Master/Slave Task Processing
-------------------------------------
Started    : Command execution in scenario 'Func_Slow'
Started    : Command execution in scenario 'Func_Fast'
Succeeded  : Command execution in scenario 'Func_Slow'
Succeeded  : Command execution in scenario 'Func_Fast'
-----------------------------------
End of Master/Slave Task Processing

  Timing Path Group '**clock_gating_default**' (max_delay/setup)
  ---------------------------------------------
  Levels of Logic:                            4 (Func_Fast)
  Critical Path Length:                    0.49 (Func_Fast)
  Critical Path Slack:                     1.84 (Func_Fast)
  Total Negative Slack:                    0.00
  No. of Violating Paths:                     0
  ---------------------------------------------

  Timing Path Group 'clk_i' (max_delay/setup)
  ---------------------------------------------
  Levels of Logic:                           55 (Func_Slow)
  Critical Path Length:                    3.62 (Func_Slow)
  Critical Path Slack:                    -0.14 (Func_Slow)
  Total Negative Slack:                   -2.79
  No. of Violating Paths:                    25
  ---------------------------------------------

  Timing Path Group 'cluster_clock_gating' (max_delay/setup)
  ---------------------------------------------
  Levels of Logic:                           84 (Func_Slow)
  Critical Path Length:                    4.00 (Func_Slow)
  Critical Path Slack:                     1.44 (Func_Slow)
  Total Negative Slack:                    0.00
  No. of Violating Paths:                     0
  ---------------------------------------------

  Timing Path Group '**clock_gating_default**' (min_delay/hold)
  ---------------------------------------------
  Levels of Logic:                            4 (Func_Fast)
  Critical Path Length:                    0.16 (Func_Fast)
  Critical Path Slack:                     0.02 (Func_Fast)
  Total Negative Slack:                    0.00
  No. of Violating Paths:                     0
  ---------------------------------------------

  Timing Path Group 'clk_i' (min_delay/hold)
  ---------------------------------------------
  Levels of Logic:                            5 (Func_Fast)
  Critical Path Length:                    0.17 (Func_Fast)
  Critical Path Slack:                     0.02 (Func_Fast)
  Total Negative Slack:                    0.00
  No. of Violating Paths:                     0
  ---------------------------------------------

  Timing Path Group 'cluster_clock_gating' (min_delay/hold)
  ---------------------------------------------
  Levels of Logic:                            3 (Func_Fast)
  Critical Path Length:                    0.15 (Func_Fast)
  Critical Path Slack:                    -0.05 (Func_Fast)
  Total Negative Slack:                   -0.69
  No. of Violating Paths:                   206
  ---------------------------------------------

  Cell Count
  ---------------------------------------------
  Hierarchical Cell Count:                    2 (Func_Slow, Func_Fast)
  Hierarchical Port Count:                  683 (Func_Slow, Func_Fast)
  Leaf Cell Count:                        11864 (Func_Slow, Func_Fast)
  ---------------------------------------------


  Area
  ---------------------------------------------
  Net Interconnect Area:                6276.81 (Func_Slow, Func_Fast)
  Total Cell Area:                      6252.38 (Func_Slow, Func_Fast)
  Design Area:                         12529.19 (Func_Slow, Func_Fast)
  ---------------------------------------------


  Design Rule Violations
  ---------------------------------------------
  Total No. of Pins in Design:            37298
  max_capacitance Count:                      3
  min_capacitance Count:                    408
  max_transition Count:                     214
  max_capacitance Cost:                    5.94
  min_capacitance Cost:                   61.06
  max_transition Cost:                   345.48
  Total DRC Cost:                        412.48
  ---------------------------------------------
1
