****************************************
Report : qor
Design : multi-scenario design
Version: O-2018.06-SP1
Date   : Tue Jul  8 01:18:48 2025
****************************************


Start of Master/Slave Task Processing
-------------------------------------
Started    : Command execution in scenario 'Func_Slow'
Started    : Command execution in scenario 'Func_Fast'
Succeeded  : Command execution in scenario 'Func_Slow'
Succeeded  : Command execution in scenario 'Func_Fast'
-----------------------------------
End of Master/Slave Task Processing

  Timing Path Group '**clock_gating_default**' (max_delay/setup)
  ---------------------------------------------
  Levels of Logic:                            1 (Func_Slow)
  Critical Path Length:                    0.08 (Func_Slow)
  Critical Path Slack:                     2.28 (Func_Slow)
  Total Negative Slack:                    0.00
  No. of Violating Paths:                     0
  ---------------------------------------------

  Timing Path Group 'clk_i' (max_delay/setup)
  ---------------------------------------------
  Levels of Logic:                           55 (Func_Slow)
  Critical Path Length:                    3.48 (Func_Slow)
  Critical Path Slack:                     0.00 (Func_Slow)
  Total Negative Slack:                    0.00
  No. of Violating Paths:                     0
  ---------------------------------------------

  Timing Path Group 'cluster_clock_gating' (max_delay/setup)
  ---------------------------------------------
  Levels of Logic:                           84 (Func_Slow)
  Critical Path Length:                    3.87 (Func_Slow)
  Critical Path Slack:                     1.44 (Func_Slow)
  Total Negative Slack:                    0.00
  No. of Violating Paths:                     0
  ---------------------------------------------

  Timing Path Group '**clock_gating_default**' (min_delay/hold)
  ---------------------------------------------
  Levels of Logic:                            1 (Func_Fast)
  Critical Path Length:                    0.03 (Func_Fast)
  Critical Path Slack:                    -0.10 (Func_Fast)
  Total Negative Slack:                   -0.10
  No. of Violating Paths:                     1
  ---------------------------------------------

  Timing Path Group 'clk_i' (min_delay/hold)
  ---------------------------------------------
  Levels of Logic:                            5 (Func_Fast)
  Critical Path Length:                    0.17 (Func_Fast)
  Critical Path Slack:                     0.02 (Func_Fast)
  Total Negative Slack:                    0.00
  No. of Violating Paths:                     0
  ---------------------------------------------

  Timing Path Group 'cluster_clock_gating' (min_delay/hold)
  ---------------------------------------------
  Levels of Logic:                            3 (Func_Fast)
  Critical Path Length:                    0.15 (Func_Fast)
  Critical Path Slack:                    -0.05 (Func_Fast)
  Total Negative Slack:                   -0.12
  No. of Violating Paths:                     6
  ---------------------------------------------

  Cell Count
  ---------------------------------------------
  Hierarchical Cell Count:                    2 (Func_Slow, Func_Fast)
  Hierarchical Port Count:                  683 (Func_Slow, Func_Fast)
  Leaf Cell Count:                        11861 (Func_Slow, Func_Fast)
  ---------------------------------------------


  Area
  ---------------------------------------------
  Net Interconnect Area:                6276.39 (Func_Slow, Func_Fast)
  Total Cell Area:                      6250.92 (Func_Slow, Func_Fast)
  Design Area:                         12527.31 (Func_Slow, Func_Fast)
  ---------------------------------------------


  Design Rule Violations
  ---------------------------------------------
  Total No. of Pins in Design:            37292
  max_capacitance Count:                      3
  min_capacitance Count:                    408
  max_transition Count:                     214
  clock_gating_hold Count:                    1
  max_capacitance Cost:                    5.94
  min_capacitance Cost:                   61.06
  max_transition Cost:                   345.48
  clock_gating_hold Cost:                  0.10
  Total DRC Cost:                        412.58
  ---------------------------------------------
1
