****************************************
Report : timing
	-path_type full
	-delay_type max
	-max_paths 1
	-sort_by slack
Design : multi-scenario design
Version: O-2018.06-SP1
Date   : Tue Jul  8 01:31:22 2025
****************************************


Start of Master/Slave Task Processing
-------------------------------------
Started    : Command execution in scenario 'Func_Slow'
Started    : Command execution in scenario 'Func_Fast'
Succeeded  : Command execution in scenario 'Func_Fast'
Succeeded  : Command execution in scenario 'Func_Slow'
-----------------------------------
End of Master/Slave Task Processing


  Startpoint: ibex_top_inst/core_clock_gate_i/gen_generic.u_impl_generic/en_latch_reg
               (negative level-sensitive latch clocked by clk_i)
  Endpoint: ibex_top_inst/core_clock_gate_i/U2
               (rising clock gating-check end-point clocked by clk_i)
  Last common pin: clk_i
  Path Group: **clock_gating_default**
  Path Type: max
  Scenario: Func_Slow

  Point                                                   Incr       Path
  ------------------------------------------------------------------------------
  clock clk_i (fall edge)                                 2.50       2.50
  clock network delay (propagated)                        0.01       2.51
  ibex_top_inst/core_clock_gate_i/gen_generic.u_impl_generic/en_latch_reg/G (SAEDHVT14_LDNQOR2_4)
                                                          0.00       2.51 f
  ibex_top_inst/core_clock_gate_i/gen_generic.u_impl_generic/en_latch_reg/Q (SAEDHVT14_LDNQOR2_4) <-
                                                          0.07 &     2.58 f
  ibex_top_inst/core_clock_gate_i/U2/A1 (SAEDHVT14_AN2_2)
                                                          0.00 &     2.58 f
  data arrival time                                                  2.58

  clock clk_i (rise edge)                                 5.00       5.00
  clock network delay (propagated)                        0.06       5.06
  clock reconvergence pessimism                           0.00       5.06
  clock uncertainty                                      -0.20       4.86
  ibex_top_inst/core_clock_gate_i/U2/A2 (SAEDHVT14_AN2_2)            4.86 r
  clock gating setup time                                 0.00       4.86
  data required time                                                 4.86
  ------------------------------------------------------------------------------
  data required time                                                 4.86
  data arrival time                                                 -2.58
  ------------------------------------------------------------------------------
  slack (MET)                                                        2.28


1
