****************************************
Report : timing
	-path_type full
	-delay_type max
	-max_paths 1
	-sort_by slack
Design : multi-scenario design
Version: O-2018.06-SP1
Date   : Tue Jul  8 02:01:49 2025
****************************************


Start of Master/Slave Task Processing
-------------------------------------
Started    : Command execution in scenario 'Func_Slow'
Started    : Command execution in scenario 'Func_Fast'
Succeeded  : Command execution in scenario 'Func_Fast'
Succeeded  : Command execution in scenario 'Func_Slow'
-----------------------------------
End of Master/Slave Task Processing


  Startpoint: ibex_top_inst/u_ibex_core/if_stage_i/pc_id_o_reg[16]
               (rising edge-triggered flip-flop clocked by cluster_clock_gating)
  Endpoint: ibex_top_inst/u_ibex_core/wb_stage_i/g_writeback_stage.wb_pc_q_reg[16]
               (rising edge-triggered flip-flop clocked by cluster_clock_gating)
  Last common pin: CTS_cts_buf_27043088/X
  Path Group: cluster_clock_gating
  Path Type: max
  Scenario: Func_Slow

  Point                                                   Incr       Path
  ------------------------------------------------------------------------------
  clock cluster_clock_gating (rise edge)                  0.00       0.00
  clock network delay (propagated)                        0.67       0.67
  ibex_top_inst/u_ibex_core/if_stage_i/pc_id_o_reg[16]/CK (SAEDHVT14_FSDPQ_V2LP_2)
                                                          0.00       0.67 r
  ibex_top_inst/u_ibex_core/if_stage_i/pc_id_o_reg[16]/Q (SAEDHVT14_FSDPQ_V2LP_2) <-
                                                          0.09 +     0.75 r
  CTS_copt_h_inst_11721/X (SAEDHVT14_DEL_R2V3_2)          0.08 H     0.84 r
  U12253/X (SAEDHVT14_MUX2_2)                             0.04 H     0.88 r
  U_PTECO_HOLD_BUF25/X (SAEDHVT14_BUF_20)                 0.01 H     0.89 r
  ibex_top_inst/u_ibex_core/wb_stage_i/g_writeback_stage.wb_pc_q_reg[16]/D (SAEDHVT14_FSDP_V2_2)
                                                          0.01 +     0.90 r
  data arrival time                                                  0.90

  clock cluster_clock_gating (rise edge)                  5.00       5.00
  clock network delay (propagated)                        0.15       5.15
  clock reconvergence pessimism                           0.52       5.67
  clock uncertainty                                      -0.20       5.47
  ibex_top_inst/u_ibex_core/wb_stage_i/g_writeback_stage.wb_pc_q_reg[16]/CK (SAEDHVT14_FSDP_V2_2)
                                                                     5.47 r
  library setup time                                     -0.03       5.45
  data required time                                                 5.45
  ------------------------------------------------------------------------------
  data required time                                                 5.45
  data arrival time                                                 -0.90
  ------------------------------------------------------------------------------
  slack (MET)                                                        4.55


1
