****************************************
Report : timing
	-path_type full
	-delay_type min
	-max_paths 1
	-sort_by slack
Design : multi-scenario design
Version: O-2018.06-SP1
Date   : Tue Jul  8 01:52:22 2025
****************************************


Start of Master/Slave Task Processing
-------------------------------------
Started    : Command execution in scenario 'Func_Slow'
Started    : Command execution in scenario 'Func_Fast'
Succeeded  : Command execution in scenario 'Func_Slow'
Succeeded  : Command execution in scenario 'Func_Fast'
-----------------------------------
End of Master/Slave Task Processing


  Startpoint: ibex_top_inst/u_ibex_core/if_stage_i/gen_prefetch_buffer.prefetch_buffer_i/fifo_i/instr_addr_q_reg[31]
               (rising edge-triggered flip-flop clocked by cluster_clock_gating)
  Endpoint: ibex_top_inst/u_ibex_core/if_stage_i/gen_prefetch_buffer.prefetch_buffer_i/fifo_i/rdata_q_reg[0][0]
               (rising edge-triggered flip-flop clocked by cluster_clock_gating)
  Last common pin: ibex_top_inst/core_clock_gate_i/U2/X
  Path Group: cluster_clock_gating
  Path Type: min
  Scenario: Func_Fast

  Point                                                   Incr       Path
  ------------------------------------------------------------------------------
  clock cluster_clock_gating (rise edge)                  0.00       0.00
  clock network delay (propagated)                        0.08       0.08
  ibex_top_inst/u_ibex_core/if_stage_i/gen_prefetch_buffer.prefetch_buffer_i/fifo_i/instr_addr_q_reg[31]/CK (SAEDHVT14_FSDPQ_V2LP_2)
                                                          0.00       0.08 r
  ibex_top_inst/u_ibex_core/if_stage_i/gen_prefetch_buffer.prefetch_buffer_i/fifo_i/instr_addr_q_reg[31]/Q (SAEDHVT14_FSDPQ_V2LP_2) <-
                                                          0.02       0.10 r
  U404/X (SAEDHVT14_DEL_R2V2_2)                           0.03       0.13 r
  U403/X (SAEDHVT14_DEL_R2V2_2)                           0.04 H     0.17 r
  CTS_copt_h_inst_11778/X (SAEDHVT14_DEL_R2V3_2)          0.02 H     0.19 r
  CTS_copt_h_inst_11777/X (SAEDHVT14_DEL_R2V3_2)          0.02 H     0.21 r
  ibex_top_inst/u_ibex_core/if_stage_i/gen_prefetch_buffer.prefetch_buffer_i/fifo_i/rdata_q_reg[0][0]/SI (SAEDHVT14_FSDPQ_V2_2)
                                                          0.01       0.22 r
  data arrival time                                                  0.22

  clock cluster_clock_gating (rise edge)                  0.00       0.00
  clock network delay (propagated)                        0.71       0.71
  clock reconvergence pessimism                          -0.61       0.11
  clock uncertainty                                       0.10       0.21
  ibex_top_inst/u_ibex_core/if_stage_i/gen_prefetch_buffer.prefetch_buffer_i/fifo_i/rdata_q_reg[0][0]/CK (SAEDHVT14_FSDPQ_V2_2)
                                                                     0.21 r
  library hold time                                      -0.01       0.20
  data required time                                                 0.20
  ------------------------------------------------------------------------------
  data required time                                                 0.20
  data arrival time                                                 -0.22
  ------------------------------------------------------------------------------
  slack (MET)                                                        0.02


1
