source -echo /mnt/hgfs/0_GP/Final_2/3_PrimeTime/0_PT/pt_func_slow.tcl
source "/mnt/hgfs/0_GP/Final_2/set_libs.tcl"
set LIB "saed14hvt_ss0p72vm40c.db"
set_app_var search_path $LIB_PATH
set_app_var target_library $LIB
set_app_var link_library $target_library
set NETLIST "/mnt/hgfs/0_GP/Final_2/2_PnR/6_Routing/output/ibex_wrapper_rt.v"
set CONSTRAINTS "/mnt/hgfs/0_GP/Final_2/2_PnR/6_Routing/output/ibex_wrapper_slow.sdc"
set PARASITICS "/mnt/hgfs/0_GP/Final_2/2_PnR/6_Routing/output/ibex_wrapper.tlup_max_-40.spef"  
set DONT_USE "/mnt/hgfs/0_GP/Final_2/0_Synthesis/constraints/dont_use_const_hendawi.tcl"
read_db -library $LIB
Loading db file '/mnt/hgfs/0_GP/PDK/saed14_pdk/SAED14nm_EDK_CORE_HVT_v_062020/stdcell_hvt/db_ccs/saed14hvt_ss0p72vm40c.db'
read_verilog $NETLIST
link_design -keep_sub_designs "ibex_cs_registers_0_00000001_0_0_0_0_00000000_00000028_0_00000000_00000004_0_0_3_0"
Loading verilog file '/mnt/hgfs/0_GP/Final_2/2_PnR/6_Routing/output/ibex_wrapper_rt.v'
Warning: -keep_sub_design option of link_design will be made obsolete and removed from future releases of PrimeTime starting with the 2017.12 release. (PT-007)
Linking design ibex_cs_registers_0_00000001_0_0_0_0_00000000_00000028_0_00000000_00000004_0_0_3_0...
Information: 894 (96.96%) library cells are unused in library saed14hvt_ss0p72vm40c..... (LNK-045)
Information: total 894 library cells are unused (LNK-046)
Design 'ibex_cs_registers_0_00000001_0_0_0_0_00000000_00000028_0_00000000_00000004_0_0_3_0' was successfully linked.
Information: There are 5529 leaf cells, ports, hiers and 5476 nets in the design (LNK-047)
link_design -keep_sub_designs "ibex_register_file_ff_0_00000020_0_0_0_00000000"
Warning: -keep_sub_design option of link_design will be made obsolete and removed from future releases of PrimeTime starting with the 2017.12 release. (PT-007)
Unlinking design ibex_cs_registers_0_00000001_0_0_0_0_00000000_00000028_0_00000000_00000004_0_0_3_0...
Warning: All timing information (backannotation, exceptions, etc.) is being removed from design 'ibex_cs_registers_0_00000001_0_0_0_0_00000000_00000028_0_00000000_00000004_0_0_3_0'. User-created annotations must be restored after relinking this design. (LNK-024)
Linking design ibex_register_file_ff_0_00000020_0_0_0_00000000...
Information: 901 (97.72%) library cells are unused in library saed14hvt_ss0p72vm40c..... (LNK-045)
Information: total 901 library cells are unused (LNK-046)
Design 'ibex_register_file_ff_0_00000020_0_0_0_00000000' was successfully linked.
Information: There are 8635 leaf cells, ports, hiers and 8569 nets in the design (LNK-047)
link_design -keep_sub_designs "ibex_wrapper"
Warning: -keep_sub_design option of link_design will be made obsolete and removed from future releases of PrimeTime starting with the 2017.12 release. (PT-007)
Unlinking design ibex_register_file_ff_0_00000020_0_0_0_00000000...
Warning: All timing information (backannotation, exceptions, etc.) is being removed from design 'ibex_register_file_ff_0_00000020_0_0_0_00000000'. User-created annotations must be restored after relinking this design. (LNK-024)
Linking design ibex_wrapper...
Warning: Unable to resolve reference to 'ibex_register_file_ff_0_00000020_0_0_0_00000000' in 'ibex_wrapper'. (LNK-005)
Warning: Unable to resolve reference to 'ibex_cs_registers_0_00000001_0_0_0_0_00000000_00000028_0_00000000_00000004_0_0_3_0' in 'ibex_wrapper'. (LNK-005)
Information: Creating black box for ibex_top_inst/u_ibex_core/cs_registers_i/ibex_cs_registers_0_00000001_0_0_0_0_00000000_00000028_0_00000000_00000004_0_0_3_0... (LNK-043)
Information: Creating black box for ibex_top_inst/gen_regfile_ff.register_file_i/ibex_register_file_ff_0_00000020_0_0_0_00000000... (LNK-043)
Removed 2145 unconnected cells and blackboxes.
Information: 856 (92.84%) library cells are unused in library saed14hvt_ss0p72vm40c..... (LNK-045)
Information: total 856 library cells are unused (LNK-046)
Design 'ibex_wrapper' was successfully linked.
Information: There are 12317 leaf cells, ports, hiers and 12824 nets in the design (LNK-047)
#current_design "ibex_wrapper"
read_sdc $CONSTRAINTS

Reading SDC version 2.1...
Warning: Converting a propagated clock 'clk_i' to an ideal clock. (UITE-305)
Warning: Converting a propagated clock 'cluster_clock_gating' to an ideal clock. (UITE-305)
read_parasitics $PARASITICS
Information: Log for 'read_parasitics command' will be generated in 'parasitics_command.log'. (PARA-107)
source $DONT_USE
Information: Defining new variable 'FFLIB'. (CMD-041)
Information: Defining new variable 'DONT_USE'. (CMD-041)
Information: Defining new variable 'CONSTRAINTS'. (CMD-041)
Information: Defining new variable 'LIB_PATH'. (CMD-041)
Information: Defining new variable 'SSLIB'. (CMD-041)
Information: Defining new variable 'NETLIST'. (CMD-041)
Information: Defining new variable 'LIB'. (CMD-041)
Information: Defining new variable 'TTLIB'. (CMD-041)
Information: Defining new variable 'PARASITICS'. (CMD-041)
1
check_timing
Information: Using automatic max wire load selection group 'predcaps'. (ENV-003)
Information: Using automatic min wire load selection group 'predcaps'. (ENV-003)
Warning: Some timing arcs have been disabled for breaking timing loops or because of constant propagation. Use the 'report_disable_timing' command to get the list of these disabled timing arcs. (PTE-003)
Information: Inferring 1 clock-gating checks. (PTE-017)
Warning: An extrapolation exceeding 10% of the library characterization range has been detected. The delay calculation accuracy may be affected. for the cell timing arc, (saed14hvt_ss0p72vm40c/SAEDHVT14_AN2_2) ibex_top_inst/core_clock_gate_i/U2/A1-->X (max positive_unate) [rise slew = 0.189817, lib_range = [0.003 0.133](nS)] (RC-011)
Warning: An extrapolation exceeding 10% of the library characterization range has been detected. The delay calculation accuracy may be affected. for the cell timing arc, (saed14hvt_ss0p72vm40c/SAEDHVT14_AN2_2) ibex_top_inst/core_clock_gate_i/U2/A1-->X (max positive_unate) [rise slew = 0.189817, lib_range = [0.003 0.133](nS)] (RC-011)
Warning: An extrapolation exceeding 10% of the library characterization range has been detected. The delay calculation accuracy may be affected. for the cell timing arc, (saed14hvt_ss0p72vm40c/SAEDHVT14_AN2_2) ibex_top_inst/core_clock_gate_i/U2/A1-->X (max positive_unate) [rise slew = 0.189817, lib_range = [0.003 0.133](nS)] (RC-011)
Warning: An extrapolation exceeding 10% of the library characterization range has been detected. The delay calculation accuracy may be affected. for the cell timing arc, (saed14hvt_ss0p72vm40c/SAEDHVT14_DEL_R2V3_2) CTS_copt_h_inst_8851/A-->X (max positive_unate) [rise slew = 0.216358, lib_range = [0.003 0.133](nS)] (RC-011)
Warning: An extrapolation exceeding 10% of the library characterization range has been detected. The delay calculation accuracy may be affected. for the cell timing arc, (saed14hvt_ss0p72vm40c/SAEDHVT14_INV_2) U4672/A-->X (max negative_unate) [fall slew = 0.161486, lib_range = [0.003 0.133](nS)] (RC-011)
Warning: An extrapolation exceeding 10% of the library characterization range has been detected. The delay calculation accuracy may be affected. for the cell timing arc, (saed14hvt_ss0p72vm40c/SAEDHVT14_OR2_2) U4670/A2-->X (max positive_unate) [rise slew = 0.239919, lib_range = [0.003 0.133](nS)] (RC-011)
Warning: An extrapolation exceeding 10% of the library characterization range has been detected. The delay calculation accuracy may be affected. for the cell timing arc, (saed14hvt_ss0p72vm40c/SAEDHVT14_DEL_R2V3_2) CTS_copt_h_inst_11295/A-->X (max positive_unate) [rise slew = 0.180013, lib_range = [0.003 0.133](nS)] (RC-011)
Warning: An extrapolation exceeding 10% of the library characterization range has been detected. The delay calculation accuracy may be affected. for the cell timing arc, (saed14hvt_ss0p72vm40c/SAEDHVT14_INV_2) U12887/A-->X (max negative_unate) [fall slew = 0.158528, lib_range = [0.003 0.133](nS)] (RC-011)
Warning: An extrapolation exceeding 10% of the library characterization range has been detected. The delay calculation accuracy may be affected. for the cell timing arc, (saed14hvt_ss0p72vm40c/SAEDHVT14_INV_2) U7082/A-->X (max negative_unate) [r/f slew = 0.19533/0.209534, lib_range = [0.003 0.133]/[0.003 0.133] (nS)] (RC-011)
Warning: An extrapolation exceeding 10% of the library characterization range has been detected. The delay calculation accuracy may be affected. for the cell timing arc, (saed14hvt_ss0p72vm40c/SAEDHVT14_INV_2) U11123/A-->X (max negative_unate) [r/f slew = 0.210844/0.218604, lib_range = [0.003 0.133]/[0.003 0.133] (nS)] (RC-011)
Warning: An extrapolation exceeding 10% of the library characterization range has been detected. The delay calculation accuracy may be affected. for the cell timing arc, (saed14hvt_ss0p72vm40c/SAEDHVT14_INV_2) U11001/A-->X (max negative_unate) [r/f slew = 0.147229/0.148148, lib_range = [0.003 0.133]/[0.003 0.133] (nS)] (RC-011)
Warning: An extrapolation exceeding 10% of the library characterization range has been detected. The delay calculation accuracy may be affected. for the cell timing arc, (saed14hvt_ss0p72vm40c/SAEDHVT14_DEL_R2V1_2) CTS_copt_h_inst_10562/A-->X (max positive_unate) [fall slew = 0.160856, lib_range = [0.003 0.133](nS)] (RC-011)
Warning: An extrapolation exceeding 10% of the library characterization range has been detected. The delay calculation accuracy may be affected. for the cell timing arc, (saed14hvt_ss0p72vm40c/SAEDHVT14_DEL_R2V3_2) CTS_copt_h_inst_11665/A-->X (max positive_unate) [fall slew = 0.200256, lib_range = [0.003 0.133](nS)] (RC-011)
Warning: An extrapolation exceeding 10% of the library characterization range has been detected. The delay calculation accuracy may be affected. for the cell timing arc, (saed14hvt_ss0p72vm40c/SAEDHVT14_DEL_R2V3_2) CTS_copt_h_inst_10347/A-->X (max positive_unate) [rise slew = 0.242917, lib_range = [0.003 0.133](nS)] (RC-011)
Warning: An extrapolation exceeding 10% of the library characterization range has been detected. The delay calculation accuracy may be affected. for the cell timing arc, (saed14hvt_ss0p72vm40c/SAEDHVT14_DEL_R2V3_2) CTS_copt_h_inst_10208/A-->X (max positive_unate) [rise slew = 0.199598, lib_range = [0.003 0.133](nS)] (RC-011)
Warning: An extrapolation exceeding 10% of the library characterization range has been detected. The delay calculation accuracy may be affected. for the cell timing arc, (saed14hvt_ss0p72vm40c/SAEDHVT14_DEL_R2V1_2) CTS_copt_h_inst_9230/A-->X (max positive_unate) [rise slew = 0.148983, lib_range = [0.003 0.133](nS)] (RC-011)
Warning: An extrapolation exceeding 10% of the library characterization range has been detected. The delay calculation accuracy may be affected. for the cell timing arc, (saed14hvt_ss0p72vm40c/SAEDHVT14_DEL_R2V1_2) CTS_copt_h_inst_8808/A-->X (max positive_unate) [rise slew = 0.158528, lib_range = [0.003 0.133](nS)] (RC-011)
Warning: An extrapolation exceeding 10% of the library characterization range has been detected. The delay calculation accuracy may be affected. for the cell timing arc, (saed14hvt_ss0p72vm40c/SAEDHVT14_DEL_R2V3_2) CTS_copt_h_inst_10685/A-->X (max positive_unate) [r/f slew = 0.19684/0.187015, lib_range = [0.003 0.133]/[0.003 0.133] (nS)] (RC-011)
Warning: An extrapolation exceeding 10% of the library characterization range has been detected. The delay calculation accuracy may be affected. for the cell timing arc, (saed14hvt_ss0p72vm40c/SAEDHVT14_DEL_R2V3_2) CTS_copt_h_inst_11205/A-->X (max positive_unate) [r/f slew = 0.230315/0.282929, lib_range = [0.003 0.133]/[0.003 0.133] (nS)] (RC-011)
Warning: An extrapolation exceeding 10% of the library characterization range has been detected. The delay calculation accuracy may be affected. for the cell timing arc, (saed14hvt_ss0p72vm40c/SAEDHVT14_DEL_R2V3_2) CTS_copt_h_inst_11568/A-->X (max positive_unate) [rise slew = 0.187159, lib_range = [0.003 0.133](nS)] (RC-011)
Warning: An extrapolation exceeding 10% of the library characterization range has been detected. The delay calculation accuracy may be affected. for the cell timing arc, (saed14hvt_ss0p72vm40c/SAEDHVT14_DEL_R2V3_2) CTS_copt_h_inst_11652/A-->X (max positive_unate) [fall slew = 0.514525, lib_range = [0.003 0.133](nS)] (RC-011)
Warning: An extrapolation exceeding 10% of the library characterization range has been detected. The delay calculation accuracy may be affected. for the cell timing arc, (saed14hvt_ss0p72vm40c/SAEDHVT14_DEL_R2V3_2) CTS_copt_h_inst_11343/A-->X (max positive_unate) [fall slew = 0.473851, lib_range = [0.003 0.133](nS)] (RC-011)
Warning: An extrapolation exceeding 10% of the library characterization range has been detected. The delay calculation accuracy may be affected. for the cell timing arc, (saed14hvt_ss0p72vm40c/SAEDHVT14_DEL_R2V3_2) CTS_copt_h_inst_11479/A-->X (max positive_unate) [fall slew = 0.241149, lib_range = [0.003 0.133](nS)] (RC-011)
Warning: An extrapolation exceeding 10% of the library characterization range has been detected. The delay calculation accuracy may be affected. for the cell timing arc, (saed14hvt_ss0p72vm40c/SAEDHVT14_DEL_R2V3_2) CTS_copt_h_inst_11511/A-->X (max positive_unate) [fall slew = 0.332669, lib_range = [0.003 0.133](nS)] (RC-011)
Warning: An extrapolation exceeding 10% of the library characterization range has been detected. The delay calculation accuracy may be affected. for the cell timing arc, (saed14hvt_ss0p72vm40c/SAEDHVT14_DEL_R2V3_2) CTS_copt_h_inst_11359/A-->X (max positive_unate) [fall slew = 0.323961, lib_range = [0.003 0.133](nS)] (RC-011)
Warning: An extrapolation exceeding 10% of the library characterization range has been detected. The delay calculation accuracy may be affected. for the cell timing arc, (saed14hvt_ss0p72vm40c/SAEDHVT14_DEL_R2V3_2) CTS_copt_h_inst_11662/A-->X (max positive_unate) [fall slew = 0.331673, lib_range = [0.003 0.133](nS)] (RC-011)
Warning: An extrapolation exceeding 10% of the library characterization range has been detected. The delay calculation accuracy may be affected. for the cell timing arc, (saed14hvt_ss0p72vm40c/SAEDHVT14_DEL_R2V3_2) CTS_copt_h_inst_12375/A-->X (max positive_unate) [fall slew = 0.272538, lib_range = [0.003 0.133](nS)] (RC-011)
Warning: An extrapolation exceeding 10% of the library characterization range has been detected. The delay calculation accuracy may be affected. for the cell timing arc, (saed14hvt_ss0p72vm40c/SAEDHVT14_DEL_R2V3_2) CTS_copt_h_inst_11504/A-->X (max positive_unate) [fall slew = 0.306211, lib_range = [0.003 0.133](nS)] (RC-011)
Warning: An extrapolation exceeding 10% of the library characterization range has been detected. The delay calculation accuracy may be affected. for the cell timing arc, (saed14hvt_ss0p72vm40c/SAEDHVT14_DEL_R2V3_2) CTS_copt_h_inst_11742/A-->X (max positive_unate) [r/f slew = 0.209519/0.195299, lib_range = [0.003 0.133]/[0.003 0.133] (nS)] (RC-011)
Warning: An extrapolation exceeding 10% of the library characterization range has been detected. The delay calculation accuracy may be affected. for the cell timing arc, (saed14hvt_ss0p72vm40c/SAEDHVT14_DEL_R2V3_2) CTS_copt_h_inst_11682/A-->X (max positive_unate) [r/f slew = 0.148146/0.147214, lib_range = [0.003 0.133]/[0.003 0.133] (nS)] (RC-011)
Warning: An extrapolation exceeding 10% of the library characterization range has been detected. The delay calculation accuracy may be affected. for the cell timing arc, (saed14hvt_ss0p72vm40c/SAEDHVT14_DEL_R2V3_2) CTS_copt_h_inst_11439/A-->X (max positive_unate) [fall slew = 0.172513, lib_range = [0.003 0.133](nS)] (RC-011)
Warning: An extrapolation exceeding 10% of the library characterization range has been detected. The delay calculation accuracy may be affected. for the cell timing arc, (saed14hvt_ss0p72vm40c/SAEDHVT14_DEL_R2V3_2) CTS_copt_h_inst_11754/A-->X (max positive_unate) [fall slew = 0.201501, lib_range = [0.003 0.133](nS)] (RC-011)
Warning: An extrapolation exceeding 10% of the library characterization range has been detected. The delay calculation accuracy may be affected. for the cell timing arc, (saed14hvt_ss0p72vm40c/SAEDHVT14_DEL_R2V3_2) CTS_copt_h_inst_11758/A-->X (max positive_unate) [r/f slew = 0.218596/0.210841, lib_range = [0.003 0.133]/[0.003 0.133] (nS)] (RC-011)
Warning: An extrapolation exceeding 10% of the library characterization range has been detected. The delay calculation accuracy may be affected. for the cell timing arc, (saed14hvt_ss0p72vm40c/SAEDHVT14_DEL_R2V3_2) CTS_copt_h_inst_10412/A-->X (max positive_unate) [rise slew = 0.257798, lib_range = [0.003 0.133](nS)] (RC-011)
Warning: An extrapolation exceeding 10% of the library characterization range has been detected. The delay calculation accuracy may be affected. for the cell timing arc, (saed14hvt_ss0p72vm40c/SAEDHVT14_DEL_R2V3_2) CTS_copt_h_inst_3543/A-->X (max positive_unate) [rise slew = 0.181286, lib_range = [0.003 0.133](nS)] (RC-011)
Warning: An extrapolation exceeding 10% of the library characterization range has been detected. The delay calculation accuracy may be affected. for the cell timing arc, (saed14hvt_ss0p72vm40c/SAEDHVT14_DEL_R2V3_2) CTS_copt_h_inst_12206/A-->X (max positive_unate) [r/f slew = 0.233851/0.177595, lib_range = [0.003 0.133]/[0.003 0.133] (nS)] (RC-011)
Warning: An extrapolation exceeding 10% of the library characterization range has been detected. The delay calculation accuracy may be affected. for the cell timing arc, (saed14hvt_ss0p72vm40c/SAEDHVT14_BUF_S_2) CTS_copt_h_inst_9074/A-->X (max positive_unate) [rise slew = 0.253304, lib_range = [0.003 0.133](nS)] (RC-011)
Warning: An extrapolation exceeding 10% of the library characterization range has been detected. The delay calculation accuracy may be affected. for the cell timing arc, (saed14hvt_ss0p72vm40c/SAEDHVT14_DEL_R2V3_2) CTS_copt_h_inst_7659/A-->X (max positive_unate) [rise slew = 0.177455, lib_range = [0.003 0.133](nS)] (RC-011)
Warning: An extrapolation exceeding 10% of the library characterization range has been detected. The delay calculation accuracy may be affected. for the cell timing arc, (saed14hvt_ss0p72vm40c/SAEDHVT14_DEL_R2V3_2) CTS_copt_h_inst_7661/A-->X (max positive_unate) [rise slew = 0.177455, lib_range = [0.003 0.133](nS)] (RC-011)
Warning: An extrapolation exceeding 10% of the library characterization range has been detected. The delay calculation accuracy may be affected. for the cell timing arc, (saed14hvt_ss0p72vm40c/SAEDHVT14_DEL_R2V3_2) CTS_copt_h_inst_8475/A-->X (max positive_unate) [fall slew = 0.173214, lib_range = [0.003 0.133](nS)] (RC-011)
Warning: An extrapolation exceeding 10% of the library characterization range has been detected. The delay calculation accuracy may be affected. for the cell timing arc, (saed14hvt_ss0p72vm40c/SAEDHVT14_DEL_R2V3_2) CTS_copt_h_inst_8476/A-->X (max positive_unate) [fall slew = 0.173214, lib_range = [0.003 0.133](nS)] (RC-011)
Warning: An extrapolation exceeding 10% of the library characterization range has been detected. The delay calculation accuracy may be affected. for the cell timing arc, (saed14hvt_ss0p72vm40c/SAEDHVT14_DEL_R2V3_2) CTS_copt_h_inst_8592/A-->X (max positive_unate) [rise slew = 0.239919, lib_range = [0.003 0.133](nS)] (RC-011)
Warning: An extrapolation exceeding 10% of the library characterization range has been detected. The delay calculation accuracy may be affected. for the cell timing arc, (saed14hvt_ss0p72vm40c/SAEDHVT14_DEL_R2V3_2) CTS_copt_h_inst_8753/A-->X (max positive_unate) [rise slew = 0.190255, lib_range = [0.003 0.133](nS)] (RC-011)
Warning: An extrapolation exceeding 10% of the library characterization range has been detected. The delay calculation accuracy may be affected. for the cell timing arc, (saed14hvt_ss0p72vm40c/SAEDHVT14_DEL_R2V3_2) CTS_copt_h_inst_8755/A-->X (max positive_unate) [rise slew = 0.190255, lib_range = [0.003 0.133](nS)] (RC-011)
Warning: An extrapolation exceeding 10% of the library characterization range has been detected. The delay calculation accuracy may be affected. for the cell timing arc, (saed14hvt_ss0p72vm40c/SAEDHVT14_DEL_R2V3_2) CTS_copt_h_inst_8806/A-->X (max positive_unate) [rise slew = 0.158528, lib_range = [0.003 0.133](nS)] (RC-011)
Warning: An extrapolation exceeding 10% of the library characterization range has been detected. The delay calculation accuracy may be affected. for the cell timing arc, (saed14hvt_ss0p72vm40c/SAEDHVT14_DEL_R2V3_2) CTS_copt_h_inst_8765/A-->X (max positive_unate) [rise slew = 0.161486, lib_range = [0.003 0.133](nS)] (RC-011)
Warning: An extrapolation exceeding 10% of the library characterization range has been detected. The delay calculation accuracy may be affected. for the cell timing arc, (saed14hvt_ss0p72vm40c/SAEDHVT14_DEL_R2V3_2) CTS_copt_h_inst_8770/A-->X (max positive_unate) [rise slew = 0.161486, lib_range = [0.003 0.133](nS)] (RC-011)
Warning: An extrapolation exceeding 10% of the library characterization range has been detected. The delay calculation accuracy may be affected. for the cell timing arc, (saed14hvt_ss0p72vm40c/SAEDHVT14_DEL_R2V3_2) CTS_copt_h_inst_8854/A-->X (max positive_unate) [rise slew = 0.212571, lib_range = [0.003 0.133](nS)] (RC-011)
Warning: An extrapolation exceeding 10% of the library characterization range has been detected. The delay calculation accuracy may be affected. for the cell timing arc, (saed14hvt_ss0p72vm40c/SAEDHVT14_DEL_R2V3_2) CTS_copt_h_inst_8856/A-->X (max positive_unate) [rise slew = 0.212571, lib_range = [0.003 0.133](nS)] (RC-011)
Warning: An extrapolation exceeding 10% of the library characterization range has been detected. The delay calculation accuracy may be affected. for the cell timing arc, (saed14hvt_ss0p72vm40c/SAEDHVT14_DEL_R2V3_2) CTS_copt_h_inst_8850/A-->X (max positive_unate) [rise slew = 0.216358, lib_range = [0.003 0.133](nS)] (RC-011)
Warning: An extrapolation exceeding 10% of the library characterization range has been detected. The delay calculation accuracy may be affected. for the cell timing arc, (saed14hvt_ss0p72vm40c/SAEDHVT14_DEL_R2V3_2) CTS_copt_h_inst_9073/A-->X (max positive_unate) [rise slew = 0.253304, lib_range = [0.003 0.133](nS)] (RC-011)
Warning: An extrapolation exceeding 10% of the library characterization range has been detected. The delay calculation accuracy may be affected. for the cell timing arc, (saed14hvt_ss0p72vm40c/SAEDHVT14_DEL_R2V3_2) CTS_copt_h_inst_9120/A-->X (max positive_unate) [rise slew = 0.190135, lib_range = [0.003 0.133](nS)] (RC-011)
Warning: An extrapolation exceeding 10% of the library characterization range has been detected. The delay calculation accuracy may be affected. for the cell timing arc, (saed14hvt_ss0p72vm40c/SAEDHVT14_DEL_R2V3_2) CTS_copt_h_inst_9121/A-->X (max positive_unate) [rise slew = 0.190135, lib_range = [0.003 0.133](nS)] (RC-011)
Warning: An extrapolation exceeding 10% of the library characterization range has been detected. The delay calculation accuracy may be affected. for the cell timing arc, (saed14hvt_ss0p72vm40c/SAEDHVT14_DEL_R2V3_2) CTS_copt_h_inst_9164/A-->X (max positive_unate) [rise slew = 0.147541, lib_range = [0.003 0.133](nS)] (RC-011)
Warning: An extrapolation exceeding 10% of the library characterization range has been detected. The delay calculation accuracy may be affected. for the cell timing arc, (saed14hvt_ss0p72vm40c/SAEDHVT14_DEL_R2V1_2) CTS_ropt_h_inst_12680/A-->X (max positive_unate) [rise slew = 0.199719, lib_range = [0.003 0.133](nS)] (RC-011)
Warning: An extrapolation exceeding 10% of the library characterization range has been detected. The delay calculation accuracy may be affected. for the cell timing arc, (saed14hvt_ss0p72vm40c/SAEDHVT14_DEL_R2V3_2) CTS_copt_h_inst_9229/A-->X (max positive_unate) [rise slew = 0.148723, lib_range = [0.003 0.133](nS)] (RC-011)
Warning: An extrapolation exceeding 10% of the library characterization range has been detected. The delay calculation accuracy may be affected. for the cell timing arc, (saed14hvt_ss0p72vm40c/SAEDHVT14_DEL_R2V3_2) CTS_copt_h_inst_9173/A-->X (max positive_unate) [rise slew = 0.274166, lib_range = [0.003 0.133](nS)] (RC-011)
Warning: An extrapolation exceeding 10% of the library characterization range has been detected. The delay calculation accuracy may be affected. for the cell timing arc, (saed14hvt_ss0p72vm40c/SAEDHVT14_DEL_R2V3_2) CTS_copt_h_inst_9300/A-->X (max positive_unate) [fall slew = 0.243886, lib_range = [0.003 0.133](nS)] (RC-011)
Warning: An extrapolation exceeding 10% of the library characterization range has been detected. The delay calculation accuracy may be affected. for the cell timing arc, (saed14hvt_ss0p72vm40c/SAEDHVT14_DEL_R2V3_2) CTS_copt_h_inst_9299/A-->X (max positive_unate) [fall slew = 0.243886, lib_range = [0.003 0.133](nS)] (RC-011)
Warning: An extrapolation exceeding 10% of the library characterization range has been detected. The delay calculation accuracy may be affected. for the cell timing arc, (saed14hvt_ss0p72vm40c/SAEDHVT14_DEL_R2V3_2) CTS_copt_h_inst_9174/A-->X (max positive_unate) [rise slew = 0.274166, lib_range = [0.003 0.133](nS)] (RC-011)
Warning: An extrapolation exceeding 10% of the library characterization range has been detected. The delay calculation accuracy may be affected. for the cell timing arc, (saed14hvt_ss0p72vm40c/SAEDHVT14_DEL_R2V3_2) CTS_copt_h_inst_9641/A-->X (max positive_unate) [rise slew = 0.179945, lib_range = [0.003 0.133](nS)] (RC-011)
Warning: An extrapolation exceeding 10% of the library characterization range has been detected. The delay calculation accuracy may be affected. for the cell timing arc, (saed14hvt_ss0p72vm40c/SAEDHVT14_DEL_R2V3_2) CTS_copt_h_inst_9861/A-->X (max positive_unate) [rise slew = 0.173639, lib_range = [0.003 0.133](nS)] (RC-011)
Warning: An extrapolation exceeding 10% of the library characterization range has been detected. The delay calculation accuracy may be affected. for the cell timing arc, (saed14hvt_ss0p72vm40c/SAEDHVT14_BUF_S_2) CTS_ropt_h_inst_12691/A-->X (max positive_unate) [rise slew = 0.209079, lib_range = [0.003 0.133](nS)] (RC-011)
Warning: An extrapolation exceeding 10% of the library characterization range has been detected. The delay calculation accuracy may be affected. for the cell timing arc, (saed14hvt_ss0p72vm40c/SAEDHVT14_DEL_R2V3_2) CTS_copt_h_inst_10128/A-->X (max positive_unate) [rise slew = 0.194482, lib_range = [0.003 0.133](nS)] (RC-011)
Warning: An extrapolation exceeding 10% of the library characterization range has been detected. The delay calculation accuracy may be affected. for the cell timing arc, (saed14hvt_ss0p72vm40c/SAEDHVT14_DEL_R2V1_2) CTS_ropt_h_inst_12677/A-->X (max positive_unate) [rise slew = 0.151787, lib_range = [0.003 0.133](nS)] (RC-011)
Warning: An extrapolation exceeding 10% of the library characterization range has been detected. The delay calculation accuracy may be affected. for the cell timing arc, (saed14hvt_ss0p72vm40c/SAEDHVT14_DEL_R2V3_2) CTS_copt_h_inst_9859/A-->X (max positive_unate) [rise slew = 0.173639, lib_range = [0.003 0.133](nS)] (RC-011)
Warning: An extrapolation exceeding 10% of the library characterization range has been detected. The delay calculation accuracy may be affected. for the cell timing arc, (saed14hvt_ss0p72vm40c/SAEDHVT14_DEL_R2V3_2) CTS_copt_h_inst_10188/A-->X (max positive_unate) [rise slew = 0.166454, lib_range = [0.003 0.133](nS)] (RC-011)
Warning: An extrapolation exceeding 10% of the library characterization range has been detected. The delay calculation accuracy may be affected. for the cell timing arc, (saed14hvt_ss0p72vm40c/SAEDHVT14_DEL_R2V3_2) CTS_copt_h_inst_10221/A-->X (max positive_unate) [rise slew = 0.151864, lib_range = [0.003 0.133](nS)] (RC-011)
Warning: An extrapolation exceeding 10% of the library characterization range has been detected. The delay calculation accuracy may be affected. for the cell timing arc, (saed14hvt_ss0p72vm40c/SAEDHVT14_DEL_R2V3_2) CTS_copt_h_inst_10186/A-->X (max positive_unate) [rise slew = 0.166454, lib_range = [0.003 0.133](nS)] (RC-011)
Warning: An extrapolation exceeding 10% of the library characterization range has been detected. The delay calculation accuracy may be affected. for the cell timing arc, (saed14hvt_ss0p72vm40c/SAEDHVT14_DEL_R2V1_2) CTS_copt_h_inst_10206/A-->X (max positive_unate) [rise slew = 0.199598, lib_range = [0.003 0.133](nS)] (RC-011)
Warning: An extrapolation exceeding 10% of the library characterization range has been detected. The delay calculation accuracy may be affected. for the cell timing arc, (saed14hvt_ss0p72vm40c/SAEDHVT14_DEL_R2V3_2) CTS_copt_h_inst_10348/A-->X (max positive_unate) [rise slew = 0.242917, lib_range = [0.003 0.133](nS)] (RC-011)
Warning: An extrapolation exceeding 10% of the library characterization range has been detected. The delay calculation accuracy may be affected. for the cell timing arc, (saed14hvt_ss0p72vm40c/SAEDHVT14_DEL_R2V3_2) CTS_copt_h_inst_10410/A-->X (max positive_unate) [rise slew = 0.257798, lib_range = [0.003 0.133](nS)] (RC-011)
Warning: An extrapolation exceeding 10% of the library characterization range has been detected. The delay calculation accuracy may be affected. for the cell timing arc, (saed14hvt_ss0p72vm40c/SAEDHVT14_DEL_R2V3_2) CTS_copt_h_inst_10408/A-->X (max positive_unate) [fall slew = 0.196243, lib_range = [0.003 0.133](nS)] (RC-011)
Warning: An extrapolation exceeding 10% of the library characterization range has been detected. The delay calculation accuracy may be affected. for the cell timing arc, (saed14hvt_ss0p72vm40c/SAEDHVT14_DEL_R2V3_2) CTS_copt_h_inst_10462/A-->X (max positive_unate) [rise slew = 0.229914, lib_range = [0.003 0.133](nS)] (RC-011)
Warning: An extrapolation exceeding 10% of the library characterization range has been detected. The delay calculation accuracy may be affected. for the cell timing arc, (saed14hvt_ss0p72vm40c/SAEDHVT14_DEL_R2V3_2) CTS_copt_h_inst_10560/A-->X (max positive_unate) [fall slew = 0.160856, lib_range = [0.003 0.133](nS)] (RC-011)
Warning: An extrapolation exceeding 10% of the library characterization range has been detected. The delay calculation accuracy may be affected. for the cell timing arc, (saed14hvt_ss0p72vm40c/SAEDHVT14_DEL_R2V3_2) CTS_copt_h_inst_10565/A-->X (max positive_unate) [rise slew = 0.165214, lib_range = [0.003 0.133](nS)] (RC-011)
Warning: An extrapolation exceeding 10% of the library characterization range has been detected. The delay calculation accuracy may be affected. for the cell timing arc, (saed14hvt_ss0p72vm40c/SAEDHVT14_DEL_R2V3_2) CTS_copt_h_inst_10604/A-->X (max positive_unate) [r/f slew = 0.226222/0.147354, lib_range = [0.003 0.133]/[0.003 0.133] (nS)] (RC-011)
Warning: An extrapolation exceeding 10% of the library characterization range has been detected. The delay calculation accuracy may be affected. for the cell timing arc, (saed14hvt_ss0p72vm40c/SAEDHVT14_DEL_R2V3_2) CTS_copt_h_inst_10605/A-->X (max positive_unate) [r/f slew = 0.226222/0.147354, lib_range = [0.003 0.133]/[0.003 0.133] (nS)] (RC-011)
Warning: An extrapolation exceeding 10% of the library characterization range has been detected. The delay calculation accuracy may be affected. for the cell timing arc, (saed14hvt_ss0p72vm40c/SAEDHVT14_DEL_R2V3_2) CTS_copt_h_inst_10686/A-->X (max positive_unate) [r/f slew = 0.19684/0.187015, lib_range = [0.003 0.133]/[0.003 0.133] (nS)] (RC-011)
Warning: An extrapolation exceeding 10% of the library characterization range has been detected. The delay calculation accuracy may be affected. for the cell timing arc, (saed14hvt_ss0p72vm40c/SAEDHVT14_DEL_R2V3_2) CTS_copt_h_inst_10847/A-->X (max positive_unate) [r/f slew = 0.179021/0.169721, lib_range = [0.003 0.133]/[0.003 0.133] (nS)] (RC-011)
Warning: An extrapolation exceeding 10% of the library characterization range has been detected. The delay calculation accuracy may be affected. for the cell timing arc, (saed14hvt_ss0p72vm40c/SAEDHVT14_DEL_R2V3_2) CTS_copt_h_inst_10846/A-->X (max positive_unate) [r/f slew = 0.179021/0.169721, lib_range = [0.003 0.133]/[0.003 0.133] (nS)] (RC-011)
Warning: An extrapolation exceeding 10% of the library characterization range has been detected. The delay calculation accuracy may be affected. for the cell timing arc, (saed14hvt_ss0p72vm40c/SAEDHVT14_DEL_R2V3_2) CTS_copt_h_inst_11204/A-->X (max positive_unate) [r/f slew = 0.230315/0.282929, lib_range = [0.003 0.133]/[0.003 0.133] (nS)] (RC-011)
Warning: An extrapolation exceeding 10% of the library characterization range has been detected. The delay calculation accuracy may be affected. for the cell timing arc, (saed14hvt_ss0p72vm40c/SAEDHVT14_DEL_R2V3_2) CTS_copt_h_inst_11290/A-->X (max positive_unate) [fall slew = 0.272538, lib_range = [0.003 0.133](nS)] (RC-011)
Warning: An extrapolation exceeding 10% of the library characterization range has been detected. The delay calculation accuracy may be affected. for the cell timing arc, (saed14hvt_ss0p72vm40c/SAEDHVT14_DEL_R2V3_2) CTS_copt_h_inst_11291/A-->X (max positive_unate) [fall slew = 0.272538, lib_range = [0.003 0.133](nS)] (RC-011)
Warning: An extrapolation exceeding 10% of the library characterization range has been detected. The delay calculation accuracy may be affected. for the cell timing arc, (saed14hvt_ss0p72vm40c/SAEDHVT14_DEL_R2V3_2) CTS_copt_h_inst_11293/A-->X (max positive_unate) [rise slew = 0.180013, lib_range = [0.003 0.133](nS)] (RC-011)
Warning: An extrapolation exceeding 10% of the library characterization range has been detected. The delay calculation accuracy may be affected. for the cell timing arc, (saed14hvt_ss0p72vm40c/SAEDHVT14_DEL_R2V3_2) CTS_copt_h_inst_11341/A-->X (max positive_unate) [fall slew = 0.473694, lib_range = [0.003 0.133](nS)] (RC-011)
Warning: An extrapolation exceeding 10% of the library characterization range has been detected. The delay calculation accuracy may be affected. for the cell timing arc, (saed14hvt_ss0p72vm40c/SAEDHVT14_DEL_R2V3_2) CTS_copt_h_inst_11342/A-->X (max positive_unate) [fall slew = 0.474413, lib_range = [0.003 0.133](nS)] (RC-011)
Warning: An extrapolation exceeding 10% of the library characterization range has been detected. The delay calculation accuracy may be affected. for the cell timing arc, (saed14hvt_ss0p72vm40c/SAEDHVT14_DEL_R2V3_2) CTS_copt_h_inst_10223/A-->X (max positive_unate) [rise slew = 0.151864, lib_range = [0.003 0.133](nS)] (RC-011)
Warning: An extrapolation exceeding 10% of the library characterization range has been detected. The delay calculation accuracy may be affected. for the cell timing arc, (saed14hvt_ss0p72vm40c/SAEDHVT14_DEL_R2V3_2) CTS_copt_h_inst_11358/A-->X (max positive_unate) [fall slew = 0.323961, lib_range = [0.003 0.133](nS)] (RC-011)
Warning: An extrapolation exceeding 10% of the library characterization range has been detected. The delay calculation accuracy may be affected. for the cell timing arc, (saed14hvt_ss0p72vm40c/SAEDHVT14_DEL_R2V3_2) CTS_copt_h_inst_11377/A-->X (max positive_unate) [fall slew = 0.22027, lib_range = [0.003 0.133](nS)] (RC-011)
Warning: An extrapolation exceeding 10% of the library characterization range has been detected. The delay calculation accuracy may be affected. for the cell timing arc, (saed14hvt_ss0p72vm40c/SAEDHVT14_DEL_R2V3_2) CTS_copt_h_inst_11357/A-->X (max positive_unate) [fall slew = 0.323961, lib_range = [0.003 0.133](nS)] (RC-011)
Warning: An extrapolation exceeding 10% of the library characterization range has been detected. The delay calculation accuracy may be affected. for the cell timing arc, (saed14hvt_ss0p72vm40c/SAEDHVT14_DEL_R2V3_2) CTS_copt_h_inst_11478/A-->X (max positive_unate) [fall slew = 0.241243, lib_range = [0.003 0.133](nS)] (RC-011)
Warning: An extrapolation exceeding 10% of the library characterization range has been detected. The delay calculation accuracy may be affected. for the cell timing arc, (saed14hvt_ss0p72vm40c/SAEDHVT14_DEL_R2V3_2) CTS_copt_h_inst_11378/A-->X (max positive_unate) [fall slew = 0.220356, lib_range = [0.003 0.133](nS)] (RC-011)
Warning: An extrapolation exceeding 10% of the library characterization range has been detected. The delay calculation accuracy may be affected. for the cell timing arc, (saed14hvt_ss0p72vm40c/SAEDHVT14_DEL_R2V3_2) CTS_copt_h_inst_11503/A-->X (max positive_unate) [fall slew = 0.306286, lib_range = [0.003 0.133](nS)] (RC-011)
Warning: An extrapolation exceeding 10% of the library characterization range has been detected. The delay calculation accuracy may be affected. for the cell timing arc, (saed14hvt_ss0p72vm40c/SAEDHVT14_DEL_R2V3_2) CTS_copt_h_inst_11567/A-->X (max positive_unate) [rise slew = 0.187159, lib_range = [0.003 0.133](nS)] (RC-011)
Warning: An extrapolation exceeding 10% of the library characterization range has been detected. The delay calculation accuracy may be affected. for the cell timing arc, (saed14hvt_ss0p72vm40c/SAEDHVT14_DEL_R2V3_2) CTS_copt_h_inst_11502/A-->X (max positive_unate) [fall slew = 0.306206, lib_range = [0.003 0.133](nS)] (RC-011)
Warning: An extrapolation exceeding 10% of the library characterization range has been detected. The delay calculation accuracy may be affected. for the cell timing arc, (saed14hvt_ss0p72vm40c/SAEDHVT14_DEL_R2V3_2) CTS_copt_h_inst_11509/A-->X (max positive_unate) [fall slew = 0.332669, lib_range = [0.003 0.133](nS)] (RC-011)
Warning: An extrapolation exceeding 10% of the library characterization range has been detected. The delay calculation accuracy may be affected. for the cell timing arc, (saed14hvt_ss0p72vm40c/SAEDHVT14_DEL_R2V3_2) CTS_copt_h_inst_11639/A-->X (max positive_unate) [r/f slew = 0.155955/0.515834, lib_range = [0.003 0.133]/[0.003 0.133] (nS)] (RC-011)
Warning: An extrapolation exceeding 10% of the library characterization range has been detected. The delay calculation accuracy may be affected. for the cell timing arc, (saed14hvt_ss0p72vm40c/SAEDHVT14_DEL_R2V3_2) CTS_copt_h_inst_11638/A-->X (max positive_unate) [r/f slew = 0.156116/0.516243, lib_range = [0.003 0.133]/[0.003 0.133] (nS)] (RC-011)
Warning: An extrapolation exceeding 10% of the library characterization range has been detected. The delay calculation accuracy may be affected. for the cell timing arc, (saed14hvt_ss0p72vm40c/SAEDHVT14_DEL_R2V3_2) CTS_copt_h_inst_11657/A-->X (max positive_unate) [fall slew = 0.774466, lib_range = [0.003 0.133](nS)] (RC-011)
Note - message 'RC-011' limit (100) exceeded.  Remainder will be suppressed.
Note - message 'RC-011' limit (100) exceeded.  Remainder will be suppressed.
Information: Checking 'no_input_delay'.
Information: Checking 'no_driving_cell'.
Warning: There are 3 ports with parasitics but with no driving cell.

Information: Checking 'unconstrained_endpoints'.
Warning: There are 940 endpoints which are not constrained for maximum delay.

Information: Checking 'unexpandable_clocks'.
Information: Checking 'latch_fanout'.
Information: Checking 'no_clock'.
Information: Checking 'partial_input_delay'.
Information: Checking 'generic'.
Information: Checking 'loops'.
Information: Checking 'generated_clocks'.
Information: Checking 'pulse_clock_non_pulse_clock_merge'.
Information: Checking 'pll_configuration'.
0
update_timing
1
save_session /mnt/hgfs/0_GP/Final_2/3_PrimeTime/0_PT/session_0/[get_current_task_label]
Saving environmental constraints.....
Information: Saved session uses shared data located in /mnt/hgfs/0_GP/Final_2/3_PrimeTime/0_PT/session_0/common_data/a (SR-036)
Saving netlist information.....
Saving miscellaneous application information.....
Saving timing information.....
Saving variable information.....
Information: Executed with 4 workers
1
report_qor
1
Information: Setting timing_save_pin_arrival_and_required to TRUE and updating timing. (PTE-076)
Information: It is recommended that the variable timing_save_pin_arrival_and_required be set before the initial timing update for optimal performance of this command. (PTE-077)
Information: Starting fix_eco_timing    at [ Tue Jul  8 01:16:36 2025 ] (memory usage:   1341.3 MB)
Information: 31 violating endpoints have been found...
Information: 31 violating endpoints found...
Information: Loading library 'saed14hvt_ss0p72vm40c' data due to accessing lib cells not linked in the current design. (LNK-041)
Information: Loading library 'saed14hvt_ss0p72vm40c' data due to accessing lib cells not linked in the current design. (LNK-041)
Information: Loading library 'saed14hvt_ss0p72vm40c' data due to accessing lib cells not linked in the current design. (LNK-041)
Information: Loading library 'saed14hvt_ss0p72vm40c' data due to accessing lib cells not linked in the current design. (LNK-041)
Information: Loading library 'saed14hvt_ss0p72vm40c' data due to accessing lib cells not linked in the current design. (LNK-041)
Information: Loading library 'saed14hvt_ss0p72vm40c' data due to accessing lib cells not linked in the current design. (LNK-041)
Information: Loading library 'saed14hvt_ss0p72vm40c' data due to accessing lib cells not linked in the current design. (LNK-041)
Information: Loading library 'saed14hvt_ss0p72vm40c' data due to accessing lib cells not linked in the current design. (LNK-041)
Information: Loading library 'saed14hvt_ss0p72vm40c' data due to accessing lib cells not linked in the current design. (LNK-041)
Information: Loading library 'saed14hvt_ss0p72vm40c' data due to accessing lib cells not linked in the current design. (LNK-041)
Information: Loading library 'saed14hvt_ss0p72vm40c' data due to accessing lib cells not linked in the current design. (LNK-041)
Information: Loading library 'saed14hvt_ss0p72vm40c' data due to accessing lib cells not linked in the current design. (LNK-041)
Information: Loading library 'saed14hvt_ss0p72vm40c' data due to accessing lib cells not linked in the current design. (LNK-041)
Information: Loading library 'saed14hvt_ss0p72vm40c' data due to accessing lib cells not linked in the current design. (LNK-041)
Information: Loading library 'saed14hvt_ss0p72vm40c' data due to accessing lib cells not linked in the current design. (LNK-041)
Information: Loading library 'saed14hvt_ss0p72vm40c' data due to accessing lib cells not linked in the current design. (LNK-041)
Information: Loading library 'saed14hvt_ss0p72vm40c' data due to accessing lib cells not linked in the current design. (LNK-041)
Information: Loading library 'saed14hvt_ss0p72vm40c' data due to accessing lib cells not linked in the current design. (LNK-041)
Information: Loading library 'saed14hvt_ss0p72vm40c' data due to accessing lib cells not linked in the current design. (LNK-041)
Information: Loading library 'saed14hvt_ss0p72vm40c' data due to accessing lib cells not linked in the current design. (LNK-041)
Information: Loading library 'saed14hvt_ss0p72vm40c' data due to accessing lib cells not linked in the current design. (LNK-041)
Information: Loading library 'saed14hvt_ss0p72vm40c' data due to accessing lib cells not linked in the current design. (LNK-041)
Information: Loading library 'saed14hvt_ss0p72vm40c' data due to accessing lib cells not linked in the current design. (LNK-041)
Information: Loading library 'saed14hvt_ss0p72vm40c' data due to accessing lib cells not linked in the current design. (LNK-041)
Information: Loading library 'saed14hvt_ss0p72vm40c' data due to accessing lib cells not linked in the current design. (LNK-041)
Information: Loading library 'saed14hvt_ss0p72vm40c' data due to accessing lib cells not linked in the current design. (LNK-041)
Information: Loading library 'saed14hvt_ss0p72vm40c' data due to accessing lib cells not linked in the current design. (LNK-041)
Information: Loading library 'saed14hvt_ss0p72vm40c' data due to accessing lib cells not linked in the current design. (LNK-041)
Information: Loading library 'saed14hvt_ss0p72vm40c' data due to accessing lib cells not linked in the current design. (LNK-041)
Information: Loading library 'saed14hvt_ss0p72vm40c' data due to accessing lib cells not linked in the current design. (LNK-041)
Information: Loading library 'saed14hvt_ss0p72vm40c' data due to accessing lib cells not linked in the current design. (LNK-041)
ECO Summary:
--------------------------------------------------------
Number of size_cell commands                          62
Total number of commands                              62
Area increased by cell sizing                       0.00
Total area increased                                0.00
Information: Starting ECO timing update at [ Tue Jul  8 01:16:40 2025 ] (memory usage:   1341.3 MB)
Note - message 'RC-011' default limit (100) exceeded.  Remainder will be suppressed.
Information: Finished ECO timing update at [ Tue Jul  8 01:16:41 2025 ] (memory usage:   1341.3 MB)
Information: 19 violating endpoints have been found...
Information: 19 violating endpoints found...
ECO Summary:
--------------------------------------------------------
Number of size_cell commands                           8
Total number of commands                               8
Area increased by cell sizing                       0.00
Total area increased                                0.00
Information: Starting ECO timing update at [ Tue Jul  8 01:16:44 2025 ] (memory usage:   1341.3 MB)
Note - message 'RC-011' default limit (100) exceeded.  Remainder will be suppressed.
Information: Finished ECO timing update at [ Tue Jul  8 01:16:44 2025 ] (memory usage:   1341.3 MB)
Information: 0 violating endpoints have been found...
Information: 0 violating endpoints found...
ECO Summary:
--------------------------------------------------------
Total number of commands                               0
Total area increased                                0.00
Information: Starting fix_eco_timing    at [ Tue Jul  8 01:17:39 2025 ] (memory usage:   1369.4 MB)

Available buffers:

Information: 1 violating endpoints have been found...
Information: 1 violating endpoints found...
ECO Summary:
--------------------------------------------------------
Total number of commands                               0
Total area increased                                0.00
Information: Starting ECO timing update at [ Tue Jul  8 01:17:44 2025 ] (memory usage:   1369.4 MB)
Note - message 'RC-011' default limit (100) exceeded.  Remainder will be suppressed.
Information: Finished ECO timing update at [ Tue Jul  8 01:17:44 2025 ] (memory usage:   1369.4 MB)
Information: Starting ECO timing update at [ Tue Jul  8 01:17:45 2025 ] (memory usage:   1369.4 MB)
Note - message 'RC-011' default limit (100) exceeded.  Remainder will be suppressed.
Information: Finished ECO timing update at [ Tue Jul  8 01:17:45 2025 ] (memory usage:   1369.4 MB)
Information: 1 violating endpoints have been found...
Information: 1 violating endpoints found...
ECO Summary:
--------------------------------------------------------
Total number of commands                               0
Total area increased                                0.00
Information: Starting ECO timing update at [ Tue Jul  8 01:17:48 2025 ] (memory usage:   1369.4 MB)
Note - message 'RC-011' default limit (100) exceeded.  Remainder will be suppressed.
Information: Finished ECO timing update at [ Tue Jul  8 01:17:48 2025 ] (memory usage:   1369.4 MB)
Information: Starting ECO timing update at [ Tue Jul  8 01:17:49 2025 ] (memory usage:   1369.4 MB)
Note - message 'RC-011' default limit (100) exceeded.  Remainder will be suppressed.
Information: Finished ECO timing update at [ Tue Jul  8 01:17:49 2025 ] (memory usage:   1369.4 MB)
Information: 1 violating endpoints have been found...
Information: 1 violating endpoints found...
ECO Summary:
--------------------------------------------------------
Total number of commands                               0
Total area increased                                0.00
Information: Starting ECO timing update at [ Tue Jul  8 01:17:51 2025 ] (memory usage:   1369.4 MB)
Note - message 'RC-011' default limit (100) exceeded.  Remainder will be suppressed.
Information: Finished ECO timing update at [ Tue Jul  8 01:17:51 2025 ] (memory usage:   1369.4 MB)
Information: Starting ECO timing update at [ Tue Jul  8 01:17:52 2025 ] (memory usage:   1369.4 MB)
Note - message 'RC-011' default limit (100) exceeded.  Remainder will be suppressed.
Information: Finished ECO timing update at [ Tue Jul  8 01:17:52 2025 ] (memory usage:   1369.4 MB)
Information: 1 violating endpoints have been found...
Information: 1 violating endpoints found...
ECO Summary:
--------------------------------------------------------
Total number of commands                               0
Total area increased                                0.00
Information: Starting ECO timing update at [ Tue Jul  8 01:17:54 2025 ] (memory usage:   1369.4 MB)
Note - message 'RC-011' default limit (100) exceeded.  Remainder will be suppressed.
Information: Finished ECO timing update at [ Tue Jul  8 01:17:54 2025 ] (memory usage:   1369.4 MB)
Information: Starting ECO timing update at [ Tue Jul  8 01:17:55 2025 ] (memory usage:   1369.4 MB)
Information: Finished ECO timing update at [ Tue Jul  8 01:17:55 2025 ] (memory usage:   1369.4 MB)
Information: 1 violating endpoints have been found...
Information: 1 violating endpoints found...
ECO Summary:
--------------------------------------------------------
Total number of commands                               0
Total area increased                                0.00
Information: Starting ECO timing update at [ Tue Jul  8 01:17:57 2025 ] (memory usage:   1369.4 MB)
Information: Finished ECO timing update at [ Tue Jul  8 01:17:57 2025 ] (memory usage:   1369.4 MB)
Information: Starting ECO timing update at [ Tue Jul  8 01:17:58 2025 ] (memory usage:   1369.4 MB)
Information: Finished ECO timing update at [ Tue Jul  8 01:17:58 2025 ] (memory usage:   1369.4 MB)
Information: 1 violating endpoints have been found...
Information: 1 violating endpoints found...
ECO Summary:
--------------------------------------------------------
Total number of commands                               0
Total area increased                                0.00
Information: Starting ECO timing update at [ Tue Jul  8 01:18:00 2025 ] (memory usage:   1369.4 MB)
Information: Finished ECO timing update at [ Tue Jul  8 01:18:00 2025 ] (memory usage:   1369.4 MB)
Information: Starting ECO timing update at [ Tue Jul  8 01:18:00 2025 ] (memory usage:   1369.4 MB)
Information: Finished ECO timing update at [ Tue Jul  8 01:18:00 2025 ] (memory usage:   1369.4 MB)
Information: 1 violating endpoints have been found...
Information: 1 violating endpoints found...
ECO Summary:
--------------------------------------------------------
Total number of commands                               0
Total area increased                                0.00
Information: Starting ECO timing update at [ Tue Jul  8 01:18:03 2025 ] (memory usage:   1369.4 MB)
Information: Finished ECO timing update at [ Tue Jul  8 01:18:03 2025 ] (memory usage:   1369.4 MB)
Information: Starting ECO timing update at [ Tue Jul  8 01:18:03 2025 ] (memory usage:   1369.4 MB)
Information: Finished ECO timing update at [ Tue Jul  8 01:18:03 2025 ] (memory usage:   1369.4 MB)
Information: 1 violating endpoints have been found...
Information: 1 violating endpoints found...
ECO Summary:
--------------------------------------------------------
Total number of commands                               0
Total area increased                                0.00
Information: Starting ECO timing update at [ Tue Jul  8 01:18:05 2025 ] (memory usage:   1369.4 MB)
Information: Finished ECO timing update at [ Tue Jul  8 01:18:05 2025 ] (memory usage:   1369.4 MB)
Information: Starting ECO timing update at [ Tue Jul  8 01:18:06 2025 ] (memory usage:   1369.4 MB)
Information: Finished ECO timing update at [ Tue Jul  8 01:18:06 2025 ] (memory usage:   1369.4 MB)
Information: 1 violating endpoints have been found...
Information: 1 violating endpoints found...
ECO Summary:
--------------------------------------------------------
Total number of commands                               0
Total area increased                                0.00
Information: Starting ECO timing update at [ Tue Jul  8 01:18:08 2025 ] (memory usage:   1369.4 MB)
Information: Finished ECO timing update at [ Tue Jul  8 01:18:08 2025 ] (memory usage:   1369.4 MB)
Information: Starting ECO timing update at [ Tue Jul  8 01:18:09 2025 ] (memory usage:   1369.4 MB)
Information: Finished ECO timing update at [ Tue Jul  8 01:18:09 2025 ] (memory usage:   1369.4 MB)
Information: 1 violating endpoints have been found...
report_qor
1
report_timing -delay_type min -max_paths 10
1
report_timing -delay_type max -from {ibex_top_inst/core_clock_gate_i/gen_generic.u_impl_generic/en_latch_reg} -to {ibex_top_inst/core_clock_gate_i/U2}
Warning: There is 1 invalid start point. (UITE-416)
Warning: There are 2 invalid end points for constrained paths. (UITE-416)
1
insert_buffer  {ibex_top_inst/core_clock_gate_i/gen_generic.u_impl_generic/en_latch_reg/Q}  {SAEDHVT14_DEL_R2V2_2}

insert_buffer  {ibex_top_inst/core_clock_gate_i/gen_generic.u_impl_generic/en_latch_reg/Q}  {SAEDHVT14_DEL_R2V2_2}
Information: Invalidating logical update. (PTE-139)
Information: Invalidating logical update. (PTE-139)
Information: Inserted 'U229' at 'ibex_top_inst/core_clock_gate_i/gen_generic.u_impl_generic/en_latch_reg/Q' with 'saed14hvt_ss0p72vm40c/SAEDHVT14_DEL_R2V2_2'. (NED-046)
{"U229"}
insert_buffer  {ibex_top_inst/core_clock_gate_i/gen_generic.u_impl_generic/en_latch_reg/Q}  {SAEDHVT14_DEL_R2V2_2}

insert_buffer  {ibex_top_inst/core_clock_gate_i/gen_generic.u_impl_generic/en_latch_reg/Q}  {SAEDHVT14_DEL_R2V2_2}
Information: Inserted 'U230' at 'ibex_top_inst/core_clock_gate_i/gen_generic.u_impl_generic/en_latch_reg/Q' with 'saed14hvt_ss0p72vm40c/SAEDHVT14_DEL_R2V2_2'. (NED-046)
{"U230"}
report_timing -delay_type max -from {ibex_top_inst/core_clock_gate_i/gen_generic.u_impl_generic/en_latch_reg} -to {ibex_top_inst/core_clock_gate_i/U2}
Information: Inferring 1 clock-gating checks. (PTE-017)
Warning: There is 1 invalid start point. (UITE-416)
Warning: There are 2 invalid end points for constrained paths. (UITE-416)
1
report_timing -delay_type min -max_paths 10
1
report_timing -delay_type max -from {ibex_top_inst/core_clock_gate_i/gen_generic.u_impl_generic/en_latch_reg} -to {ibex_top_inst/core_clock_gate_i/U2}
Warning: There is 1 invalid start point. (UITE-416)
Warning: There are 2 invalid end points for constrained paths. (UITE-416)
1
report_timing -delay_type min -from {ibex_top_inst/core_clock_gate_i/gen_generic.u_impl_generic/en_latch_reg} -to {ibex_top_inst/core_clock_gate_i/U2}
Warning: There is 1 invalid start point. (UITE-416)
Warning: There are 2 invalid end points for constrained paths. (UITE-416)
1
report_qor
1
insert_buffer  {ibex_top_inst/core_clock_gate_i/gen_generic.u_impl_generic/en_latch_reg/Q}  {SAEDHVT14_DEL_R2V2_2}

insert_buffer  {ibex_top_inst/core_clock_gate_i/gen_generic.u_impl_generic/en_latch_reg/Q}  {SAEDHVT14_DEL_R2V2_2}
Information: Invalidating logical update. (PTE-139)
Information: Inserted 'U231' at 'ibex_top_inst/core_clock_gate_i/gen_generic.u_impl_generic/en_latch_reg/Q' with 'saed14hvt_ss0p72vm40c/SAEDHVT14_DEL_R2V2_2'. (NED-046)
{"U231"}
report_timing -delay_type min -max_paths 10
Information: Inferring 1 clock-gating checks. (PTE-017)
1
report_timing -delay_type max -from {ibex_top_inst/core_clock_gate_i/gen_generic.u_impl_generic/en_latch_reg} -to {ibex_top_inst/core_clock_gate_i/U2}
Warning: There is 1 invalid start point. (UITE-416)
Warning: There are 2 invalid end points for constrained paths. (UITE-416)
1
report_timing -delay_type min -from {ibex_top_inst/core_clock_gate_i/gen_generic.u_impl_generic/en_latch_reg} -to {ibex_top_inst/core_clock_gate_i/U2}
Warning: There is 1 invalid start point. (UITE-416)
Warning: There are 2 invalid end points for constrained paths. (UITE-416)
1
report_timing -delay_type max -from {ibex_top_inst/core_clock_gate_i/gen_generic.u_impl_generic/en_latch_reg} -to {ibex_top_inst/core_clock_gate_i/U2}
Warning: There is 1 invalid start point. (UITE-416)
Warning: There are 2 invalid end points for constrained paths. (UITE-416)
1
report_timing -delay_type min -max_paths 10
1
report_timing -delay_type min -from {ibex_top_inst/core_clock_gate_i/gen_generic.u_impl_generic/en_latch_reg} -to {ibex_top_inst/core_clock_gate_i/U2}
Warning: There is 1 invalid start point. (UITE-416)
Warning: There are 2 invalid end points for constrained paths. (UITE-416)
1
report_qor
1
Information: Starting fix_eco_timing    at [ Tue Jul  8 01:43:39 2025 ] (memory usage:   1369.9 MB)
Information: 25 violating endpoints have been found...
Information: 25 violating endpoints found...
Information: Loading library 'saed14hvt_ss0p72vm40c' data due to accessing lib cells not linked in the current design. (LNK-041)
Information: Loading library 'saed14hvt_ss0p72vm40c' data due to accessing lib cells not linked in the current design. (LNK-041)
Information: Loading library 'saed14hvt_ss0p72vm40c' data due to accessing lib cells not linked in the current design. (LNK-041)
Information: Loading library 'saed14hvt_ss0p72vm40c' data due to accessing lib cells not linked in the current design. (LNK-041)
Information: Loading library 'saed14hvt_ss0p72vm40c' data due to accessing lib cells not linked in the current design. (LNK-041)
Information: Loading library 'saed14hvt_ss0p72vm40c' data due to accessing lib cells not linked in the current design. (LNK-041)
Information: Loading library 'saed14hvt_ss0p72vm40c' data due to accessing lib cells not linked in the current design. (LNK-041)
ECO Summary:
--------------------------------------------------------
Number of size_cell commands                          36
Total number of commands                              36
Area increased by cell sizing                       0.00
Total area increased                                0.00
Information: Starting ECO timing update at [ Tue Jul  8 01:43:41 2025 ] (memory usage:   1369.9 MB)
Note - message 'RC-011' default limit (100) exceeded.  Remainder will be suppressed.
Information: Finished ECO timing update at [ Tue Jul  8 01:43:42 2025 ] (memory usage:   1369.9 MB)
Information: 19 violating endpoints have been found...
Information: 19 violating endpoints found...
ECO Summary:
--------------------------------------------------------
Number of size_cell commands                           5
Total number of commands                               5
Area increased by cell sizing                       0.00
Total area increased                                0.00
Information: Starting ECO timing update at [ Tue Jul  8 01:43:44 2025 ] (memory usage:   1369.9 MB)
Information: Finished ECO timing update at [ Tue Jul  8 01:43:44 2025 ] (memory usage:   1369.9 MB)
Information: 0 violating endpoints have been found...
Information: 0 violating endpoints found...
ECO Summary:
--------------------------------------------------------
Total number of commands                               0
Total area increased                                0.00
Information: Starting fix_eco_timing    at [ Tue Jul  8 01:44:57 2025 ] (memory usage:   1381.1 MB)

Available buffers:

Information: 0 violating endpoints have been found...
Information: 0 violating endpoints found...
ECO Summary:
--------------------------------------------------------
Total number of commands                               0
Total area increased                                0.00
Information: Starting ECO timing update at [ Tue Jul  8 01:45:01 2025 ] (memory usage:   1381.1 MB)
Note - message 'RC-011' default limit (100) exceeded.  Remainder will be suppressed.
Information: Finished ECO timing update at [ Tue Jul  8 01:45:02 2025 ] (memory usage:   1381.1 MB)
Information: Starting ECO timing update at [ Tue Jul  8 01:45:02 2025 ] (memory usage:   1381.1 MB)
Information: Finished ECO timing update at [ Tue Jul  8 01:45:03 2025 ] (memory usage:   1381.1 MB)
Information: 0 violating endpoints have been found...
Information: 0 violating endpoints found...
ECO Summary:
--------------------------------------------------------
Total number of commands                               0
Total area increased                                0.00
Information: Starting ECO timing update at [ Tue Jul  8 01:45:06 2025 ] (memory usage:   1381.1 MB)
Information: Finished ECO timing update at [ Tue Jul  8 01:45:06 2025 ] (memory usage:   1381.1 MB)
Information: Starting ECO timing update at [ Tue Jul  8 01:45:06 2025 ] (memory usage:   1381.1 MB)
Information: Finished ECO timing update at [ Tue Jul  8 01:45:07 2025 ] (memory usage:   1381.1 MB)
Information: 0 violating endpoints have been found...
Information: 0 violating endpoints found...
ECO Summary:
--------------------------------------------------------
Total number of commands                               0
Total area increased                                0.00
Information: Starting ECO timing update at [ Tue Jul  8 01:45:09 2025 ] (memory usage:   1381.1 MB)
Information: Finished ECO timing update at [ Tue Jul  8 01:45:09 2025 ] (memory usage:   1381.1 MB)
Information: Starting ECO timing update at [ Tue Jul  8 01:45:09 2025 ] (memory usage:   1381.1 MB)
Information: Finished ECO timing update at [ Tue Jul  8 01:45:09 2025 ] (memory usage:   1381.1 MB)
Information: 0 violating endpoints have been found...
Information: 0 violating endpoints found...
ECO Summary:
--------------------------------------------------------
Total number of commands                               0
Total area increased                                0.00
Information: Starting ECO timing update at [ Tue Jul  8 01:45:12 2025 ] (memory usage:   1381.1 MB)
Information: Finished ECO timing update at [ Tue Jul  8 01:45:12 2025 ] (memory usage:   1381.1 MB)
Information: Starting ECO timing update at [ Tue Jul  8 01:45:12 2025 ] (memory usage:   1381.1 MB)
Information: Finished ECO timing update at [ Tue Jul  8 01:45:12 2025 ] (memory usage:   1381.1 MB)
Information: 0 violating endpoints have been found...
Information: 0 violating endpoints found...
ECO Summary:
--------------------------------------------------------
Total number of commands                               0
Total area increased                                0.00
Information: Starting ECO timing update at [ Tue Jul  8 01:45:14 2025 ] (memory usage:   1381.1 MB)
Information: Finished ECO timing update at [ Tue Jul  8 01:45:14 2025 ] (memory usage:   1381.1 MB)
Information: Starting ECO timing update at [ Tue Jul  8 01:45:15 2025 ] (memory usage:   1381.1 MB)
Information: Finished ECO timing update at [ Tue Jul  8 01:45:15 2025 ] (memory usage:   1381.1 MB)
Information: 0 violating endpoints have been found...
Information: 0 violating endpoints found...
ECO Summary:
--------------------------------------------------------
Total number of commands                               0
Total area increased                                0.00
Information: Starting ECO timing update at [ Tue Jul  8 01:45:17 2025 ] (memory usage:   1381.1 MB)
Information: Finished ECO timing update at [ Tue Jul  8 01:45:17 2025 ] (memory usage:   1381.1 MB)
Information: Starting ECO timing update at [ Tue Jul  8 01:45:18 2025 ] (memory usage:   1381.1 MB)
Information: Finished ECO timing update at [ Tue Jul  8 01:45:18 2025 ] (memory usage:   1381.1 MB)
Information: 0 violating endpoints have been found...
report_qor
1
report_timing -delay_type min -max_paths 10
1
report_timing -delay_type max -from {ibex_top_inst/u_ibex_core/if_stage_i/gen_prefetch_buffer.prefetch_buffer_i/fifo_i/instr_addr_q_reg[31]} -to {ibex_top_inst/u_ibex_core/if_stage_i/gen_prefetch_buffer.prefetch_buffer_i/fifo_i/rdata_q_reg[0][0]2}
Warning: Nothing implicitly matched 'ibex_top_inst/u_ibex_core/if_stage_i/gen_prefetch_buffer.prefetch_buffer_i/fifo_i/rdata_q_reg[0][0]2' (SEL-003)
Error: Nothing matched for to_list (SEL-005)
0
report_timing -delay_type max -from {ibex_top_inst/u_ibex_core/if_stage_i/gen_prefetch_buffer.prefetch_buffer_i/fifo_i/instr_addr_q_reg[31]} -to {ibex_top_inst/u_ibex_core/if_stage_i/gen_prefetch_buffer.prefetch_buffer_i/fifo_i/rdata_q_reg[0][0]}
Warning: There are 4 invalid start points. (UITE-416)
Warning: There are 2 invalid end points for constrained paths. (UITE-416)
1
insert_buffer  {ibex_top_inst/u_ibex_core/if_stage_i/gen_prefetch_buffer.prefetch_buffer_i/fifo_i/instr_addr_q_reg[31]/Q}  {SAEDHVT14_DEL_R2V2_2}

insert_buffer  {ibex_top_inst/u_ibex_core/if_stage_i/gen_prefetch_buffer.prefetch_buffer_i/fifo_i/instr_addr_q_reg[31]/Q}  {SAEDHVT14_DEL_R2V2_2}
Information: Invalidating logical update. (PTE-139)
Information: Invalidating logical update. (PTE-139)
Information: Inserted 'U403' at 'ibex_top_inst/u_ibex_core/if_stage_i/gen_prefetch_buffer.prefetch_buffer_i/fifo_i/instr_addr_q_reg[31]/Q' with 'saed14hvt_ss0p72vm40c/SAEDHVT14_DEL_R2V2_2'. (NED-046)
{"U403"}
insert_buffer  {ibex_top_inst/u_ibex_core/if_stage_i/gen_prefetch_buffer.prefetch_buffer_i/fifo_i/instr_addr_q_reg[31]/Q}  {SAEDHVT14_DEL_R2V2_2}

insert_buffer  {ibex_top_inst/u_ibex_core/if_stage_i/gen_prefetch_buffer.prefetch_buffer_i/fifo_i/instr_addr_q_reg[31]/Q}  {SAEDHVT14_DEL_R2V2_2}
Information: Inserted 'U404' at 'ibex_top_inst/u_ibex_core/if_stage_i/gen_prefetch_buffer.prefetch_buffer_i/fifo_i/instr_addr_q_reg[31]/Q' with 'saed14hvt_ss0p72vm40c/SAEDHVT14_DEL_R2V2_2'. (NED-046)
{"U404"}
report_timing -delay_type min -from {ibex_top_inst/core_clock_gate_i/gen_generic.u_impl_generic/en_latch_reg} -to {ibex_top_inst/core_clock_gate_i/U2}
Warning: There is 1 invalid start point. (UITE-416)
Warning: There are 2 invalid end points for constrained paths. (UITE-416)
1
report_timing -delay_type min -from {ibex_top_inst/u_ibex_core/if_stage_i/gen_prefetch_buffer.prefetch_buffer_i/fifo_i/instr_addr_q_reg[31]} -to {ibex_top_inst/u_ibex_core/if_stage_i/gen_prefetch_buffer.prefetch_buffer_i/fifo_i/rdata_q_reg[0][0]}
Warning: There are 4 invalid start points. (UITE-416)
Warning: There are 2 invalid end points for constrained paths. (UITE-416)
1
report_timing -delay_type max -from {ibex_top_inst/u_ibex_core/if_stage_i/gen_prefetch_buffer.prefetch_buffer_i/fifo_i/instr_addr_q_reg[31]} -to {ibex_top_inst/u_ibex_core/if_stage_i/gen_prefetch_buffer.prefetch_buffer_i/fifo_i/rdata_q_reg[0][0]}
Warning: There are 4 invalid start points. (UITE-416)
Warning: There are 2 invalid end points for constrained paths. (UITE-416)
1
report_qor
1
Information: Starting fix_eco_timing    at [ Tue Jul  8 01:54:58 2025 ] (memory usage:   1381.1 MB)

Available buffers:

Information: 0 violating endpoints have been found...
Information: 0 violating endpoints found...
ECO Summary:
--------------------------------------------------------
Total number of commands                               0
Total area increased                                0.00
Information: Starting ECO timing update at [ Tue Jul  8 01:55:00 2025 ] (memory usage:   1381.1 MB)
Information: Finished ECO timing update at [ Tue Jul  8 01:55:00 2025 ] (memory usage:   1381.1 MB)
Information: Starting ECO timing update at [ Tue Jul  8 01:55:01 2025 ] (memory usage:   1381.1 MB)
Information: Finished ECO timing update at [ Tue Jul  8 01:55:01 2025 ] (memory usage:   1381.1 MB)
Information: 0 violating endpoints have been found...
Information: 0 violating endpoints found...
ECO Summary:
--------------------------------------------------------
Total number of commands                               0
Total area increased                                0.00
Information: Starting ECO timing update at [ Tue Jul  8 01:55:03 2025 ] (memory usage:   1381.1 MB)
Information: Finished ECO timing update at [ Tue Jul  8 01:55:03 2025 ] (memory usage:   1381.1 MB)
Information: Starting ECO timing update at [ Tue Jul  8 01:55:04 2025 ] (memory usage:   1381.1 MB)
Information: Finished ECO timing update at [ Tue Jul  8 01:55:04 2025 ] (memory usage:   1381.1 MB)
Information: 0 violating endpoints have been found...
Information: 0 violating endpoints found...
ECO Summary:
--------------------------------------------------------
Total number of commands                               0
Total area increased                                0.00
Information: Starting ECO timing update at [ Tue Jul  8 01:55:06 2025 ] (memory usage:   1381.1 MB)
Information: Finished ECO timing update at [ Tue Jul  8 01:55:06 2025 ] (memory usage:   1381.1 MB)
Information: Starting ECO timing update at [ Tue Jul  8 01:55:06 2025 ] (memory usage:   1381.1 MB)
Information: Finished ECO timing update at [ Tue Jul  8 01:55:06 2025 ] (memory usage:   1381.1 MB)
Information: 0 violating endpoints have been found...
report_timing -delay_type min -max_paths 10
1
report_timing -delay_type max -from {ibex_top_inst/u_ibex_core/if_stage_i/pc_id_o_reg[16]} -to {ibex_top_inst/u_ibex_core/if_stage_i/pc_id_o_reg[17]}
Warning: There are 4 invalid start points. (UITE-416)
Warning: There are 2 invalid end points for constrained paths. (UITE-416)
1
report_timing -delay_type max -from {ibex_top_inst/u_ibex_core/if_stage_i/pc_id_o_reg[16]} -to {ibex_top_inst/u_ibex_core/wb_stage_i/g_writeback_stage.wb_pc_q_reg[16]}
Warning: There are 4 invalid start points. (UITE-416)
Warning: There are 3 invalid end points for constrained paths. (UITE-416)
1
report_timing -delay_type max -from {ibex_top_inst/u_ibex_core/if_stage_i/pc_id_o_reg[16]} -to {ibex_top_inst/u_ibex_core/if_stage_i/pc_id_o_reg[16]}
Warning: There are 4 invalid start points. (UITE-416)
Warning: There are 2 invalid end points for constrained paths. (UITE-416)
1
insert_buffer  {ibex_top_inst/u_ibex_core/if_stage_i/pc_id_o_reg[16]/Q}  {SAEDHVT14_DEL_R2V2_2}

insert_buffer  {ibex_top_inst/u_ibex_core/if_stage_i/pc_id_o_reg[16]/Q}  {SAEDHVT14_DEL_R2V2_2}
Warning: disconnecting port-connected net from output pin/port 'current_pc[16]'. (NED-049)
Information: Invalidating logical update. (PTE-139)
Information: Invalidating logical update. (PTE-139)
Information: Inserted 'U405' at 'ibex_top_inst/u_ibex_core/if_stage_i/pc_id_o_reg[16]/Q' with 'saed14hvt_ss0p72vm40c/SAEDHVT14_DEL_R2V2_2'. (NED-046)
{"U405"}
insert_buffer  {ibex_top_inst/u_ibex_core/if_stage_i/pc_id_o_reg[16]/Q}  {SAEDHVT14_DEL_R2V2_2}

insert_buffer  {ibex_top_inst/u_ibex_core/if_stage_i/pc_id_o_reg[16]/Q}  {SAEDHVT14_DEL_R2V2_2}
Information: Inserted 'U406' at 'ibex_top_inst/u_ibex_core/if_stage_i/pc_id_o_reg[16]/Q' with 'saed14hvt_ss0p72vm40c/SAEDHVT14_DEL_R2V2_2'. (NED-046)
{"U406"}
report_qor
Warning: An extrapolation exceeding 10% of the library characterization range has been detected. The delay calculation accuracy may be affected. for the cell timing arc, (saed14hvt_ss0p72vm40c/SAEDHVT14_MUX2_2) U10398/S-->X (max positive_unate) [fall slew = 0.340675, lib_range = [0.003 0.133](nS)] (RC-011)
Warning: An extrapolation exceeding 10% of the library characterization range has been detected. The delay calculation accuracy may be affected. for the cell timing arc, (saed14hvt_ss0p72vm40c/SAEDHVT14_MUX2_2) U10398/S-->X (max negative_unate) [rise slew = 0.340675, lib_range = [0.003 0.133](nS)] (RC-011)
Warning: An extrapolation exceeding 10% of the library characterization range has been detected. The delay calculation accuracy may be affected. for the cell timing arc, (saed14hvt_ss0p72vm40c/SAEDHVT14_AN2_2) U5863/A1-->X (max positive_unate) [r/f slew = 2.31056/0.439113, lib_range = [0.003 0.133]/[0.003 0.133] (nS)] (RC-011)
1
report_qor
1
save_session /mnt/hgfs/0_GP/Final_2/3_PrimeTime/0_PT/session_1/[get_current_task_label]
Saving environmental constraints.....
Information: Saved session uses shared data located in /mnt/hgfs/0_GP/Final_2/3_PrimeTime/0_PT/session_1/common_data/a (SR-036)
Saving netlist information.....
Saving miscellaneous application information.....
Saving timing information.....
Saving variable information.....
Information: Executed with 4 workers
1
report_constraint -all_violators -max_transition -verbose
1
Information: Starting fix_eco_drc       at [ Tue Jul  8 02:06:50 2025 ] (memory usage:   1381.1 MB)

Available buffers:

Information: Starting ECO timing update at [ Tue Jul  8 02:07:23 2025 ] (memory usage:   1381.1 MB)
Note - message 'RC-011' default limit (100) exceeded.  Remainder will be suppressed.
Information: Finished ECO timing update at [ Tue Jul  8 02:07:23 2025 ] (memory usage:   1381.1 MB)
report_qor
1
report_constraint -all_violators -max_transition -verbose
1
Information: Starting fix_eco_drc       at [ Tue Jul  8 02:08:32 2025 ] (memory usage:   1381.1 MB)

Available buffers:

Information: Starting ECO timing update at [ Tue Jul  8 02:09:04 2025 ] (memory usage:   1381.1 MB)
Information: Finished ECO timing update at [ Tue Jul  8 02:09:04 2025 ] (memory usage:   1381.1 MB)
report_qor
1
report_qor
1
save_session /mnt/hgfs/0_GP/Final_2/3_PrimeTime/0_PT/session_2/[get_current_task_label]
Saving environmental constraints.....
Information: Saved session uses shared data located in /mnt/hgfs/0_GP/Final_2/3_PrimeTime/0_PT/session_2/common_data/a (SR-036)
Saving netlist information.....
Saving miscellaneous application information.....
Saving timing information.....
Saving variable information.....
Information: Executed with 4 workers
1
write_changes -format icc2tcl -output "changes_0_all_clean.tcl"
Information: Writing change list file '/mnt/hgfs/0_GP/Final_2/3_PrimeTime/0_PT/work/Func_Slow/changes_0_all_clean.tcl'.
1
