Information: Derived library resistance unit is 999.999939 Kohm (Time unit is 1 ns, and Capacitance unit is 0.001000 pF). (DES-028)
Error: Cannot find port/pin 'ibex_top_inst/gen_regfile_ff.register_file_i/g_rf_flops[4].rf_reg_q_reg[22]/RD' in design 'ibex_wrapper' (PARA-124)
Error: Cannot find port/pin 'ibex_top_inst/gen_regfile_ff.register_file_i/g_rf_flops[31].rf_reg_q_reg[26]/RD' in design 'ibex_wrapper' (PARA-124)
Error: Cannot find port/pin 'ibex_top_inst/gen_regfile_ff.register_file_i/g_rf_flops[31].rf_reg_q_reg[24]/RD' in design 'ibex_wrapper' (PARA-124)
Error: Cannot find port/pin 'ibex_top_inst/gen_regfile_ff.register_file_i/g_rf_flops[4].rf_reg_q_reg[23]/RD' in design 'ibex_wrapper' (PARA-124)
Error: Cannot find port/pin 'ibex_top_inst/gen_regfile_ff.register_file_i/g_rf_flops[31].rf_reg_q_reg[27]/RD' in design 'ibex_wrapper' (PARA-124)
Error: Cannot find port/pin 'ibex_top_inst/gen_regfile_ff.register_file_i/g_rf_flops[7].rf_reg_q_reg[23]/RD' in design 'ibex_wrapper' (PARA-124)
Error: Cannot find port/pin 'ibex_top_inst/gen_regfile_ff.register_file_i/g_rf_flops[1].rf_reg_q_reg[22]/RD' in design 'ibex_wrapper' (PARA-124)
Error: Cannot find port/pin 'ibex_top_inst/gen_regfile_ff.register_file_i/g_rf_flops[7].rf_reg_q_reg[26]/RD' in design 'ibex_wrapper' (PARA-124)
Error: Cannot find port/pin 'ibex_top_inst/gen_regfile_ff.register_file_i/g_rf_flops[7].rf_reg_q_reg[24]/RD' in design 'ibex_wrapper' (PARA-124)
Error: Cannot find port/pin 'ibex_top_inst/gen_regfile_ff.register_file_i/g_rf_flops[1].rf_reg_q_reg[23]/RD' in design 'ibex_wrapper' (PARA-124)
Error: Cannot find port/pin 'ibex_top_inst/gen_regfile_ff.register_file_i/g_rf_flops[31].rf_reg_q_reg[29]/RD' in design 'ibex_wrapper' (PARA-124)
Error: Cannot find port/pin 'ibex_top_inst/gen_regfile_ff.register_file_i/g_rf_flops[20].rf_reg_q_reg[23]/RD' in design 'ibex_wrapper' (PARA-124)
Error: Cannot find port/pin 'ibex_top_inst/gen_regfile_ff.register_file_i/g_rf_flops[20].rf_reg_q_reg[25]/RD' in design 'ibex_wrapper' (PARA-124)
Error: Cannot find port/pin 'ibex_top_inst/gen_regfile_ff.register_file_i/g_rf_flops[1].rf_reg_q_reg[24]/RD' in design 'ibex_wrapper' (PARA-124)
Error: Cannot find port/pin 'ibex_top_inst/gen_regfile_ff.register_file_i/g_rf_flops[18].rf_reg_q_reg[23]/RD' in design 'ibex_wrapper' (PARA-124)
Error: Cannot find port/pin 'ibex_top_inst/gen_regfile_ff.register_file_i/g_rf_flops[18].rf_reg_q_reg[24]/RD' in design 'ibex_wrapper' (PARA-124)
Error: Cannot find port/pin 'ibex_top_inst/gen_regfile_ff.register_file_i/g_rf_flops[20].rf_reg_q_reg[24]/RD' in design 'ibex_wrapper' (PARA-124)
Error: Cannot find port/pin 'ibex_top_inst/gen_regfile_ff.register_file_i/g_rf_flops[5].rf_reg_q_reg[22]/RD' in design 'ibex_wrapper' (PARA-124)
Error: Cannot find port/pin 'ibex_top_inst/gen_regfile_ff.register_file_i/g_rf_flops[20].rf_reg_q_reg[22]/RD' in design 'ibex_wrapper' (PARA-124)
Error: Cannot find port/pin 'ibex_top_inst/gen_regfile_ff.register_file_i/g_rf_flops[19].rf_reg_q_reg[24]/RD' in design 'ibex_wrapper' (PARA-124)
Error: Cannot find port/pin 'ibex_top_inst/gen_regfile_ff.register_file_i/g_rf_flops[14].rf_reg_q_reg[23]/RD' in design 'ibex_wrapper' (PARA-124)
Error: Cannot find port/pin 'ibex_top_inst/gen_regfile_ff.register_file_i/g_rf_flops[15].rf_reg_q_reg[25]/RD' in design 'ibex_wrapper' (PARA-124)
Error: Cannot find port/pin 'ibex_top_inst/gen_regfile_ff.register_file_i/g_rf_flops[14].rf_reg_q_reg[25]/RD' in design 'ibex_wrapper' (PARA-124)
Error: Cannot find port/pin 'ibex_top_inst/gen_regfile_ff.register_file_i/g_rf_flops[14].rf_reg_q_reg[24]/RD' in design 'ibex_wrapper' (PARA-124)
Error: Cannot find port/pin 'ibex_top_inst/gen_regfile_ff.register_file_i/g_rf_flops[31].rf_reg_q_reg[22]/RD' in design 'ibex_wrapper' (PARA-124)
Error: Cannot find port/pin 'ibex_top_inst/gen_regfile_ff.register_file_i/g_rf_flops[7].rf_reg_q_reg[22]/RD' in design 'ibex_wrapper' (PARA-124)
Error: Cannot find port/pin 'ibex_top_inst/gen_regfile_ff.register_file_i/g_rf_flops[31].rf_reg_q_reg[23]/RD' in design 'ibex_wrapper' (PARA-124)
Error: Cannot find port/pin 'ibex_top_inst/gen_regfile_ff.register_file_i/g_rf_flops[31].rf_reg_q_reg[28]/RD' in design 'ibex_wrapper' (PARA-124)
Error: Cannot find port/pin 'ibex_top_inst/gen_regfile_ff.register_file_i/g_rf_flops[31].rf_reg_q_reg[25]/RD' in design 'ibex_wrapper' (PARA-124)
Error: Cannot find port/pin 'ibex_top_inst/gen_regfile_ff.register_file_i/g_rf_flops[31].rf_reg_q_reg[27]/RD' in design 'ibex_wrapper' (PARA-124)
Error: Cannot find port/pin 'ibex_top_inst/gen_regfile_ff.register_file_i/g_rf_flops[18].rf_reg_q_reg[23]/RD' in design 'ibex_wrapper' (PARA-124)
Error: Cannot find port/pin 'ibex_top_inst/gen_regfile_ff.register_file_i/g_rf_flops[15].rf_reg_q_reg[25]/RD' in design 'ibex_wrapper' (PARA-124)
Error: Cannot find port/pin 'ibex_top_inst/gen_regfile_ff.register_file_i/g_rf_flops[14].rf_reg_q_reg[23]/RD' in design 'ibex_wrapper' (PARA-124)
Error: Cannot find port/pin 'ibex_top_inst/gen_regfile_ff.register_file_i/g_rf_flops[7].rf_reg_q_reg[23]/RD' in design 'ibex_wrapper' (PARA-124)
Error: Cannot find port/pin 'ibex_top_inst/gen_regfile_ff.register_file_i/g_rf_flops[7].rf_reg_q_reg[26]/RD' in design 'ibex_wrapper' (PARA-124)
Error: Cannot find port/pin 'ibex_top_inst/gen_regfile_ff.register_file_i/g_rf_flops[5].rf_reg_q_reg[22]/RD' in design 'ibex_wrapper' (PARA-124)
Error: Cannot find port/pin 'ibex_top_inst/gen_regfile_ff.register_file_i/g_rf_flops[4].rf_reg_q_reg[22]/RD' in design 'ibex_wrapper' (PARA-124)
Error: Cannot find port/pin 'ibex_top_inst/gen_regfile_ff.register_file_i/g_rf_flops[1].rf_reg_q_reg[22]/RD' in design 'ibex_wrapper' (PARA-124)
Error: Cannot find port/pin 'ibex_top_inst/gen_regfile_ff.register_file_i/g_rf_flops[1].rf_reg_q_reg[24]/RD' in design 'ibex_wrapper' (PARA-124)
Error: Cannot find port/pin 'ibex_top_inst/gen_regfile_ff.register_file_i/g_rf_flops[31].rf_reg_q_reg[22]/RD' in design 'ibex_wrapper' (PARA-124)
Error: Cannot find port/pin 'ibex_top_inst/gen_regfile_ff.register_file_i/g_rf_flops[31].rf_reg_q_reg[23]/RD' in design 'ibex_wrapper' (PARA-124)
Error: Cannot find port/pin 'ibex_top_inst/gen_regfile_ff.register_file_i/g_rf_flops[31].rf_reg_q_reg[24]/RD' in design 'ibex_wrapper' (PARA-124)
Error: Cannot find port/pin 'ibex_top_inst/gen_regfile_ff.register_file_i/g_rf_flops[31].rf_reg_q_reg[26]/RD' in design 'ibex_wrapper' (PARA-124)
Error: Cannot find port/pin 'ibex_top_inst/gen_regfile_ff.register_file_i/g_rf_flops[31].rf_reg_q_reg[27]/RD' in design 'ibex_wrapper' (PARA-124)
Error: Cannot find port/pin 'ibex_top_inst/gen_regfile_ff.register_file_i/g_rf_flops[31].rf_reg_q_reg[28]/RD' in design 'ibex_wrapper' (PARA-124)
Error: Cannot find port/pin 'ibex_top_inst/gen_regfile_ff.register_file_i/g_rf_flops[20].rf_reg_q_reg[22]/RD' in design 'ibex_wrapper' (PARA-124)
Error: Cannot find port/pin 'ibex_top_inst/gen_regfile_ff.register_file_i/g_rf_flops[20].rf_reg_q_reg[23]/RD' in design 'ibex_wrapper' (PARA-124)
Error: Cannot find port/pin 'ibex_top_inst/gen_regfile_ff.register_file_i/g_rf_flops[20].rf_reg_q_reg[24]/RD' in design 'ibex_wrapper' (PARA-124)
Error: Cannot find port/pin 'ibex_top_inst/gen_regfile_ff.register_file_i/g_rf_flops[19].rf_reg_q_reg[24]/RD' in design 'ibex_wrapper' (PARA-124)
Error: Cannot find port/pin 'ibex_top_inst/gen_regfile_ff.register_file_i/g_rf_flops[18].rf_reg_q_reg[23]/RD' in design 'ibex_wrapper' (PARA-124)
Error: Cannot find port/pin 'ibex_top_inst/gen_regfile_ff.register_file_i/g_rf_flops[18].rf_reg_q_reg[24]/RD' in design 'ibex_wrapper' (PARA-124)
Error: Cannot find port/pin 'ibex_top_inst/gen_regfile_ff.register_file_i/g_rf_flops[15].rf_reg_q_reg[25]/RD' in design 'ibex_wrapper' (PARA-124)
Error: Cannot find port/pin 'ibex_top_inst/gen_regfile_ff.register_file_i/g_rf_flops[14].rf_reg_q_reg[23]/RD' in design 'ibex_wrapper' (PARA-124)
Error: Cannot find port/pin 'ibex_top_inst/gen_regfile_ff.register_file_i/g_rf_flops[14].rf_reg_q_reg[24]/RD' in design 'ibex_wrapper' (PARA-124)
Error: Cannot find port/pin 'ibex_top_inst/gen_regfile_ff.register_file_i/g_rf_flops[14].rf_reg_q_reg[25]/RD' in design 'ibex_wrapper' (PARA-124)
Error: Cannot find port/pin 'ibex_top_inst/gen_regfile_ff.register_file_i/g_rf_flops[7].rf_reg_q_reg[23]/RD' in design 'ibex_wrapper' (PARA-124)
Error: Cannot find port/pin 'ibex_top_inst/gen_regfile_ff.register_file_i/g_rf_flops[7].rf_reg_q_reg[24]/RD' in design 'ibex_wrapper' (PARA-124)
Error: Cannot find port/pin 'ibex_top_inst/gen_regfile_ff.register_file_i/g_rf_flops[4].rf_reg_q_reg[22]/RD' in design 'ibex_wrapper' (PARA-124)
Error: Cannot find port/pin 'ibex_top_inst/gen_regfile_ff.register_file_i/g_rf_flops[1].rf_reg_q_reg[22]/RD' in design 'ibex_wrapper' (PARA-124)
Error: Cannot find port/pin 'ibex_top_inst/gen_regfile_ff.register_file_i/g_rf_flops[1].rf_reg_q_reg[23]/RD' in design 'ibex_wrapper' (PARA-124)
Error: Cannot find port/pin 'ibex_top_inst/gen_regfile_ff.register_file_i/g_rf_flops[1].rf_reg_q_reg[24]/RD' in design 'ibex_wrapper' (PARA-124)
Error: Cannot find port/pin 'ibex_top_inst/gen_regfile_ff.register_file_i/g_rf_flops[31].rf_reg_q_reg[25]/RD' in design 'ibex_wrapper' (PARA-124)
Error: Cannot find port/pin 'ibex_top_inst/gen_regfile_ff.register_file_i/g_rf_flops[7].rf_reg_q_reg[22]/RD' in design 'ibex_wrapper' (PARA-124)
Error: Cannot find port/pin 'ibex_top_inst/gen_regfile_ff.register_file_i/g_rf_flops[7].rf_reg_q_reg[26]/RD' in design 'ibex_wrapper' (PARA-124)
Error: Cannot find port/pin 'ibex_top_inst/gen_regfile_ff.register_file_i/g_rf_flops[4].rf_reg_q_reg[23]/RD' in design 'ibex_wrapper' (PARA-124)
Error: Cannot find port/pin 'ibex_top_inst/gen_regfile_ff.register_file_i/g_rf_flops[20].rf_reg_q_reg[25]/RD' in design 'ibex_wrapper' (PARA-124)
Error: Cannot find port/pin 'ibex_top_inst/gen_regfile_ff.register_file_i/g_rf_flops[31].rf_reg_q_reg[29]/RD' in design 'ibex_wrapper' (PARA-124)
Error: Cannot find port/pin 'ibex_top_inst/gen_regfile_ff.register_file_i/g_rf_flops[5].rf_reg_q_reg[22]/RD' in design 'ibex_wrapper' (PARA-124)
Error: Invalid capacitor (ibex_top_inst/gen_regfile_ff.register_file_i/g_rf_flops[4].rf_reg_q_reg[22]:RD 0.000236978) on net rst_ni: node not found (PARA-044)
Error: Invalid capacitor (ibex_top_inst/gen_regfile_ff.register_file_i/g_rf_flops[31].rf_reg_q_reg[26]:RD 2.3286e-05) on net rst_ni: node not found (PARA-044)
Error: Invalid capacitor (ibex_top_inst/gen_regfile_ff.register_file_i/g_rf_flops[31].rf_reg_q_reg[24]:RD 1e-06) on net rst_ni: node not found (PARA-044)
Error: Invalid capacitor (ibex_top_inst/gen_regfile_ff.register_file_i/g_rf_flops[4].rf_reg_q_reg[23]:RD 4.21024e-06) on net rst_ni: node not found (PARA-044)
Error: Invalid capacitor (ibex_top_inst/gen_regfile_ff.register_file_i/g_rf_flops[31].rf_reg_q_reg[27]:RD 2.52479e-06) on net rst_ni: node not found (PARA-044)
Error: Invalid capacitor (ibex_top_inst/gen_regfile_ff.register_file_i/g_rf_flops[7].rf_reg_q_reg[23]:RD 1.35743e-05) on net rst_ni: node not found (PARA-044)
Error: Invalid capacitor (ibex_top_inst/gen_regfile_ff.register_file_i/g_rf_flops[1].rf_reg_q_reg[22]:RD 5.70521e-05) on net rst_ni: node not found (PARA-044)
Error: Invalid capacitor (ibex_top_inst/gen_regfile_ff.register_file_i/g_rf_flops[7].rf_reg_q_reg[26]:RD 9.78911e-06) on net rst_ni: node not found (PARA-044)
Error: Invalid capacitor (ibex_top_inst/gen_regfile_ff.register_file_i/g_rf_flops[7].rf_reg_q_reg[24]:RD 1e-06) on net rst_ni: node not found (PARA-044)
Error: Invalid capacitor (ibex_top_inst/gen_regfile_ff.register_file_i/g_rf_flops[1].rf_reg_q_reg[23]:RD 1e-06) on net rst_ni: node not found (PARA-044)
Error: Invalid capacitor (ibex_top_inst/gen_regfile_ff.register_file_i/g_rf_flops[31].rf_reg_q_reg[29]:RD 9.47311e-06) on net rst_ni: node not found (PARA-044)
Error: Invalid capacitor (ibex_top_inst/gen_regfile_ff.register_file_i/g_rf_flops[20].rf_reg_q_reg[23]:RD 1e-06) on net rst_ni: node not found (PARA-044)
Error: Invalid capacitor (ibex_top_inst/gen_regfile_ff.register_file_i/g_rf_flops[20].rf_reg_q_reg[25]:RD 1.24551e-05) on net rst_ni: node not found (PARA-044)
Error: Invalid capacitor (ibex_top_inst/gen_regfile_ff.register_file_i/g_rf_flops[1].rf_reg_q_reg[24]:RD 3.19985e-06) on net rst_ni: node not found (PARA-044)
Error: Invalid capacitor (ibex_top_inst/gen_regfile_ff.register_file_i/g_rf_flops[18].rf_reg_q_reg[23]:RD 3.30948e-05) on net rst_ni: node not found (PARA-044)
Error: Invalid capacitor (ibex_top_inst/gen_regfile_ff.register_file_i/g_rf_flops[18].rf_reg_q_reg[24]:RD 1e-06) on net rst_ni: node not found (PARA-044)
Error: Invalid capacitor (ibex_top_inst/gen_regfile_ff.register_file_i/g_rf_flops[20].rf_reg_q_reg[24]:RD 1e-06) on net rst_ni: node not found (PARA-044)
Error: Invalid capacitor (ibex_top_inst/gen_regfile_ff.register_file_i/g_rf_flops[5].rf_reg_q_reg[22]:RD 5.38641e-05) on net rst_ni: node not found (PARA-044)
Error: Invalid capacitor (ibex_top_inst/gen_regfile_ff.register_file_i/g_rf_flops[20].rf_reg_q_reg[22]:RD 1e-06) on net rst_ni: node not found (PARA-044)
Error: Invalid capacitor (ibex_top_inst/gen_regfile_ff.register_file_i/g_rf_flops[19].rf_reg_q_reg[24]:RD 2.76077e-05) on net rst_ni: node not found (PARA-044)
Error: Invalid capacitor (ibex_top_inst/gen_regfile_ff.register_file_i/g_rf_flops[14].rf_reg_q_reg[23]:RD 2.07115e-05) on net rst_ni: node not found (PARA-044)
Error: Invalid capacitor (ibex_top_inst/gen_regfile_ff.register_file_i/g_rf_flops[15].rf_reg_q_reg[25]:RD 5.31264e-05) on net rst_ni: node not found (PARA-044)
Error: Invalid capacitor (ibex_top_inst/gen_regfile_ff.register_file_i/g_rf_flops[14].rf_reg_q_reg[25]:RD 1e-06) on net rst_ni: node not found (PARA-044)
Error: Invalid capacitor (ibex_top_inst/gen_regfile_ff.register_file_i/g_rf_flops[14].rf_reg_q_reg[24]:RD 1e-06) on net rst_ni: node not found (PARA-044)
Error: Invalid capacitor (ibex_top_inst/gen_regfile_ff.register_file_i/g_rf_flops[31].rf_reg_q_reg[22]:RD 7.9909e-06) on net rst_ni: node not found (PARA-044)
Error: Invalid capacitor (ibex_top_inst/gen_regfile_ff.register_file_i/g_rf_flops[7].rf_reg_q_reg[22]:RD 1e-06) on net rst_ni: node not found (PARA-044)
Error: Invalid capacitor (ibex_top_inst/gen_regfile_ff.register_file_i/g_rf_flops[31].rf_reg_q_reg[23]:RD 3.41486e-05) on net rst_ni: node not found (PARA-044)
Error: Invalid capacitor (ibex_top_inst/gen_regfile_ff.register_file_i/g_rf_flops[31].rf_reg_q_reg[28]:RD 1e-06) on net rst_ni: node not found (PARA-044)
Error: Invalid capacitor (ibex_top_inst/gen_regfile_ff.register_file_i/g_rf_flops[31].rf_reg_q_reg[25]:RD 5.45053e-05) on net rst_ni: node not found (PARA-044)
Error: Cannot find port/pin 'ibex_top_inst/u_ibex_core/cs_registers_i/CTS_ropt_h_inst_12590/A' in design 'ibex_wrapper' (PARA-124)
Error: Cannot find port/pin 'ibex_top_inst/u_ibex_core/cs_registers_i/CTS_ropt_h_inst_12590/A' in design 'ibex_wrapper' (PARA-124)
Error: Invalid capacitor (ibex_top_inst/u_ibex_core/cs_registers_i/CTS_ropt_h_inst_12590:A 1e-06) on net hart_id_i[31]: node not found (PARA-044)
Error: Cannot find port/pin 'ibex_top_inst/u_ibex_core/cs_registers_i/CTS_ropt_h_inst_12630/A' in design 'ibex_wrapper' (PARA-124)
Error: Cannot find port/pin 'ibex_top_inst/u_ibex_core/cs_registers_i/CTS_ropt_h_inst_12630/A' in design 'ibex_wrapper' (PARA-124)
Error: Invalid capacitor (ibex_top_inst/u_ibex_core/cs_registers_i/CTS_ropt_h_inst_12630:A 1e-06) on net hart_id_i[30]: node not found (PARA-044)
Error: Cannot find port/pin 'ibex_top_inst/u_ibex_core/cs_registers_i/CTS_ropt_h_inst_12634/A' in design 'ibex_wrapper' (PARA-124)
Error: Cannot find port/pin 'ibex_top_inst/u_ibex_core/cs_registers_i/CTS_ropt_h_inst_12634/A' in design 'ibex_wrapper' (PARA-124)
Error: Invalid capacitor (ibex_top_inst/u_ibex_core/cs_registers_i/CTS_ropt_h_inst_12634:A 8.1435e-06) on net hart_id_i[29]: node not found (PARA-044)
Error: Cannot find port/pin 'ibex_top_inst/u_ibex_core/cs_registers_i/CTS_ropt_h_inst_12703/A' in design 'ibex_wrapper' (PARA-124)
Error: Cannot find port/pin 'ibex_top_inst/u_ibex_core/cs_registers_i/CTS_ropt_h_inst_12703/A' in design 'ibex_wrapper' (PARA-124)
Error: Invalid capacitor (ibex_top_inst/u_ibex_core/cs_registers_i/CTS_ropt_h_inst_12703:A 1.43485e-05) on net hart_id_i[28]: node not found (PARA-044)
Error: Cannot find port/pin 'ibex_top_inst/u_ibex_core/cs_registers_i/CTS_ropt_h_inst_12646/A' in design 'ibex_wrapper' (PARA-124)
Error: Cannot find port/pin 'ibex_top_inst/u_ibex_core/cs_registers_i/CTS_ropt_h_inst_12646/A' in design 'ibex_wrapper' (PARA-124)
Error: Invalid capacitor (ibex_top_inst/u_ibex_core/cs_registers_i/CTS_ropt_h_inst_12646:A 9.96356e-06) on net hart_id_i[27]: node not found (PARA-044)
Error: Cannot find port/pin 'ibex_top_inst/u_ibex_core/cs_registers_i/CTS_ropt_h_inst_12652/A' in design 'ibex_wrapper' (PARA-124)
Error: Cannot find port/pin 'ibex_top_inst/u_ibex_core/cs_registers_i/CTS_ropt_h_inst_12652/A' in design 'ibex_wrapper' (PARA-124)
Error: Invalid capacitor (ibex_top_inst/u_ibex_core/cs_registers_i/CTS_ropt_h_inst_12652:A 3.28364e-05) on net hart_id_i[26]: node not found (PARA-044)
Error: Cannot find port/pin 'ibex_top_inst/u_ibex_core/cs_registers_i/CTS_ropt_h_inst_12644/A' in design 'ibex_wrapper' (PARA-124)
Error: Cannot find port/pin 'ibex_top_inst/u_ibex_core/cs_registers_i/CTS_ropt_h_inst_12644/A' in design 'ibex_wrapper' (PARA-124)
Error: Invalid capacitor (ibex_top_inst/u_ibex_core/cs_registers_i/CTS_ropt_h_inst_12644:A 6.61094e-06) on net hart_id_i[25]: node not found (PARA-044)
Error: Cannot find port/pin 'ibex_top_inst/u_ibex_core/cs_registers_i/CTS_ropt_h_inst_12708/A' in design 'ibex_wrapper' (PARA-124)
Error: Cannot find port/pin 'ibex_top_inst/u_ibex_core/cs_registers_i/CTS_ropt_h_inst_12708/A' in design 'ibex_wrapper' (PARA-124)
Error: Invalid capacitor (ibex_top_inst/u_ibex_core/cs_registers_i/CTS_ropt_h_inst_12708:A 1e-06) on net hart_id_i[24]: node not found (PARA-044)
Error: Cannot find port/pin 'ibex_top_inst/u_ibex_core/cs_registers_i/CTS_ropt_h_inst_12679/A' in design 'ibex_wrapper' (PARA-124)
Error: Cannot find port/pin 'ibex_top_inst/u_ibex_core/cs_registers_i/CTS_ropt_h_inst_12679/A' in design 'ibex_wrapper' (PARA-124)
Error: Invalid capacitor (ibex_top_inst/u_ibex_core/cs_registers_i/CTS_ropt_h_inst_12679:A 1e-06) on net hart_id_i[23]: node not found (PARA-044)
Error: Cannot find port/pin 'ibex_top_inst/u_ibex_core/cs_registers_i/CTS_ropt_h_inst_12653/A' in design 'ibex_wrapper' (PARA-124)
Error: Cannot find port/pin 'ibex_top_inst/u_ibex_core/cs_registers_i/CTS_ropt_h_inst_12653/A' in design 'ibex_wrapper' (PARA-124)
Error: Invalid capacitor (ibex_top_inst/u_ibex_core/cs_registers_i/CTS_ropt_h_inst_12653:A 1e-06) on net hart_id_i[22]: node not found (PARA-044)
Error: Cannot find port/pin 'ibex_top_inst/u_ibex_core/cs_registers_i/CTS_ropt_h_inst_12668/A' in design 'ibex_wrapper' (PARA-124)
Error: Cannot find port/pin 'ibex_top_inst/u_ibex_core/cs_registers_i/CTS_ropt_h_inst_12668/A' in design 'ibex_wrapper' (PARA-124)
Error: Invalid capacitor (ibex_top_inst/u_ibex_core/cs_registers_i/CTS_ropt_h_inst_12668:A 1e-06) on net hart_id_i[21]: node not found (PARA-044)
Error: Cannot find port/pin 'ibex_top_inst/u_ibex_core/cs_registers_i/CTS_ropt_h_inst_12655/A' in design 'ibex_wrapper' (PARA-124)
Error: Cannot find port/pin 'ibex_top_inst/u_ibex_core/cs_registers_i/CTS_ropt_h_inst_12655/A' in design 'ibex_wrapper' (PARA-124)
Error: Invalid capacitor (ibex_top_inst/u_ibex_core/cs_registers_i/CTS_ropt_h_inst_12655:A 1e-06) on net hart_id_i[20]: node not found (PARA-044)
Error: Cannot find port/pin 'ibex_top_inst/u_ibex_core/cs_registers_i/U499/A2' in design 'ibex_wrapper' (PARA-124)
Error: Cannot find port/pin 'ibex_top_inst/u_ibex_core/cs_registers_i/U499/A2' in design 'ibex_wrapper' (PARA-124)
Error: Invalid capacitor (ibex_top_inst/u_ibex_core/cs_registers_i/U499:A2 7.20213e-06) on net hart_id_i[19]: node not found (PARA-044)
Error: Cannot find port/pin 'ibex_top_inst/u_ibex_core/cs_registers_i/CTS_ropt_h_inst_12663/A' in design 'ibex_wrapper' (PARA-124)
Error: Cannot find port/pin 'ibex_top_inst/u_ibex_core/cs_registers_i/CTS_ropt_h_inst_12663/A' in design 'ibex_wrapper' (PARA-124)
Error: Invalid capacitor (ibex_top_inst/u_ibex_core/cs_registers_i/CTS_ropt_h_inst_12663:A 1e-06) on net hart_id_i[18]: node not found (PARA-044)
Error: Cannot find port/pin 'ibex_top_inst/u_ibex_core/cs_registers_i/CTS_ropt_h_inst_12628/A' in design 'ibex_wrapper' (PARA-124)
Error: Cannot find port/pin 'ibex_top_inst/u_ibex_core/cs_registers_i/CTS_ropt_h_inst_12628/A' in design 'ibex_wrapper' (PARA-124)
Error: Invalid capacitor (ibex_top_inst/u_ibex_core/cs_registers_i/CTS_ropt_h_inst_12628:A 1e-06) on net hart_id_i[17]: node not found (PARA-044)
Error: Cannot find port/pin 'ibex_top_inst/u_ibex_core/cs_registers_i/CTS_ropt_h_inst_12709/A' in design 'ibex_wrapper' (PARA-124)
Error: Cannot find port/pin 'ibex_top_inst/u_ibex_core/cs_registers_i/CTS_ropt_h_inst_12709/A' in design 'ibex_wrapper' (PARA-124)
Error: Invalid capacitor (ibex_top_inst/u_ibex_core/cs_registers_i/CTS_ropt_h_inst_12709:A 1e-06) on net hart_id_i[16]: node not found (PARA-044)
Note - message 'PARA-124' default limit (100) exceeded.  Remainder will be suppressed.
Error: Invalid capacitor (ibex_top_inst/u_ibex_core/cs_registers_i/CTS_ropt_h_inst_12648:A 9.3399e-06) on net hart_id_i[15]: node not found (PARA-044)
Error: Invalid capacitor (ibex_top_inst/u_ibex_core/cs_registers_i/CTS_ropt_h_inst_12714:A 1e-06) on net hart_id_i[14]: node not found (PARA-044)
Error: Invalid capacitor (ibex_top_inst/u_ibex_core/cs_registers_i/CTS_ropt_h_inst_12629:A 1e-06) on net hart_id_i[13]: node not found (PARA-044)
Error: Invalid capacitor (ibex_top_inst/u_ibex_core/cs_registers_i/CTS_ropt_h_inst_12706:A 1e-06) on net hart_id_i[12]: node not found (PARA-044)
Error: Invalid capacitor (ibex_top_inst/u_ibex_core/cs_registers_i/CTS_ropt_h_inst_12715:A 1e-06) on net hart_id_i[11]: node not found (PARA-044)
Error: Invalid capacitor (ibex_top_inst/u_ibex_core/cs_registers_i/U1704:A2 8.50704e-06) on net hart_id_i[10]: node not found (PARA-044)
Error: Invalid capacitor (ibex_top_inst/u_ibex_core/cs_registers_i/U1548:A2 8.17679e-06) on net hart_id_i[9]: node not found (PARA-044)
Error: Invalid capacitor (ibex_top_inst/u_ibex_core/cs_registers_i/CTS_ropt_h_inst_12627:A 1e-06) on net hart_id_i[8]: node not found (PARA-044)
Error: Invalid capacitor (ibex_top_inst/u_ibex_core/cs_registers_i/CTS_ropt_h_inst_12623:A 1e-06) on net hart_id_i[7]: node not found (PARA-044)
Error: Invalid capacitor (ibex_top_inst/u_ibex_core/cs_registers_i/CTS_ropt_h_inst_12632:A 9.32369e-06) on net hart_id_i[6]: node not found (PARA-044)
Error: Invalid capacitor (ibex_top_inst/u_ibex_core/cs_registers_i/CTS_ropt_h_inst_12631:A 1e-06) on net hart_id_i[5]: node not found (PARA-044)
Error: Invalid capacitor (ibex_top_inst/u_ibex_core/cs_registers_i/CTS_ropt_h_inst_12712:A 1e-06) on net hart_id_i[4]: node not found (PARA-044)
Error: Invalid capacitor (ibex_top_inst/u_ibex_core/cs_registers_i/CTS_ropt_h_inst_12641:A 8.24036e-06) on net hart_id_i[3]: node not found (PARA-044)
Error: Invalid capacitor (ibex_top_inst/u_ibex_core/cs_registers_i/CTS_ropt_h_inst_12636:A 8.12225e-06) on net hart_id_i[2]: node not found (PARA-044)
Error: Invalid capacitor (ibex_top_inst/u_ibex_core/cs_registers_i/CTS_ropt_h_inst_12618:A 1e-06) on net hart_id_i[1]: node not found (PARA-044)
Error: Invalid capacitor (ibex_top_inst/u_ibex_core/cs_registers_i/CTS_ropt_h_inst_12613:A 1e-06) on net hart_id_i[0]: node not found (PARA-044)
Error: Invalid capacitor (ibex_top_inst/u_ibex_core/cs_registers_i/U1037:A2 1e-06) on net n4330: node not found (PARA-044)
Error: Invalid capacitor (ibex_top_inst/u_ibex_core/cs_registers_i/U1047:A1 0.000625804) on net n4330: node not found (PARA-044)
Error: Invalid capacitor (ibex_top_inst/u_ibex_core/cs_registers_i/U297:A1 1e-06) on net n4330: node not found (PARA-044)
Error: Invalid capacitor (ibex_top_inst/u_ibex_core/cs_registers_i/U291:A2 6.70117e-06) on net n4330: node not found (PARA-044)
Error: Invalid capacitor (ibex_top_inst/u_ibex_core/cs_registers_i/U972:A 1e-06) on net n4330: node not found (PARA-044)
Error: Invalid capacitor (ibex_top_inst/u_ibex_core/cs_registers_i/U92:A1 1e-06) on net n4330: node not found (PARA-044)
Error: Invalid capacitor (ibex_top_inst/u_ibex_core/cs_registers_i/U302:A2 1e-06) on net irq_software_i: node not found (PARA-044)
Error: Invalid capacitor (ibex_top_inst/u_ibex_core/cs_registers_i/U345:A2 6.2295e-06) on net irq_software_i: node not found (PARA-044)
Error: Invalid capacitor (ibex_top_inst/u_ibex_core/cs_registers_i/U555:A1 1e-06) on net irq_timer_i: node not found (PARA-044)
Error: Invalid capacitor (ibex_top_inst/u_ibex_core/cs_registers_i/U390:A2 1e-06) on net irq_timer_i: node not found (PARA-044)
Error: Invalid capacitor (ibex_top_inst/u_ibex_core/cs_registers_i/U333:A2 1e-06) on net irq_external_i: node not found (PARA-044)
Error: Invalid capacitor (ibex_top_inst/u_ibex_core/cs_registers_i/U304:A2 7.55484e-06) on net irq_external_i: node not found (PARA-044)
Error: Invalid capacitor (ibex_top_inst/gen_regfile_ff.register_file_i/U53:A2 4.25894e-05) on net n4340: node not found (PARA-044)
Error: Invalid capacitor (ibex_top_inst/gen_regfile_ff.register_file_i/U54:A2 1e-06) on net n4340: node not found (PARA-044)
Error: Invalid capacitor (ibex_top_inst/gen_regfile_ff.register_file_i/U32:A3 1e-06) on net n4340: node not found (PARA-044)
Error: Invalid capacitor (ibex_top_inst/gen_regfile_ff.register_file_i/U35:A1 1e-06) on net n4340: node not found (PARA-044)
Error: Invalid capacitor (ibex_top_inst/gen_regfile_ff.register_file_i/U37:A1 2.42719e-05) on net n4340: node not found (PARA-044)
Error: Invalid capacitor (ibex_top_inst/gen_regfile_ff.register_file_i/U33:A1 1.45482e-05) on net n4340: node not found (PARA-044)
Error: Invalid capacitor (ibex_top_inst/gen_regfile_ff.register_file_i/U582:A 1e-06) on net n4340: node not found (PARA-044)
Error: Invalid capacitor (ibex_top_inst/gen_regfile_ff.register_file_i/U44:A2 1e-06) on net n4340: node not found (PARA-044)
Error: Invalid capacitor (ibex_top_inst/u_ibex_core/cs_registers_i/U323:A2 7.69417e-06) on net irq_fast_i[14]: node not found (PARA-044)
Error: Invalid capacitor (ibex_top_inst/u_ibex_core/cs_registers_i/U303:A2 1e-06) on net irq_fast_i[14]: node not found (PARA-044)
Error: Invalid capacitor (ibex_top_inst/u_ibex_core/cs_registers_i/U530:A2 1e-06) on net irq_fast_i[13]: node not found (PARA-044)
Error: Invalid capacitor (ibex_top_inst/u_ibex_core/cs_registers_i/U299:A2 1e-06) on net irq_fast_i[13]: node not found (PARA-044)
Error: Invalid capacitor (ibex_top_inst/u_ibex_core/cs_registers_i/U300:A2 1.07696e-05) on net irq_fast_i[12]: node not found (PARA-044)
Error: Invalid capacitor (ibex_top_inst/u_ibex_core/cs_registers_i/U267:A2 1e-06) on net irq_fast_i[12]: node not found (PARA-044)
Error: Invalid capacitor (ibex_top_inst/u_ibex_core/cs_registers_i/U477:A2 8.15411e-06) on net irq_fast_i[11]: node not found (PARA-044)
Error: Invalid capacitor (ibex_top_inst/u_ibex_core/cs_registers_i/U941:A1 7.0044e-06) on net irq_fast_i[11]: node not found (PARA-044)
Error: Invalid capacitor (ibex_top_inst/u_ibex_core/cs_registers_i/U301:A1 1e-06) on net irq_fast_i[10]: node not found (PARA-044)
Error: Invalid capacitor (ibex_top_inst/u_ibex_core/cs_registers_i/U417:A2 1e-06) on net irq_fast_i[10]: node not found (PARA-044)
Error: Invalid capacitor (ibex_top_inst/u_ibex_core/cs_registers_i/U270:A2 1e-06) on net irq_fast_i[9]: node not found (PARA-044)
Error: Invalid capacitor (ibex_top_inst/u_ibex_core/cs_registers_i/U552:A2 1e-06) on net irq_fast_i[9]: node not found (PARA-044)
Error: Invalid capacitor (ibex_top_inst/u_ibex_core/cs_registers_i/U266:A2 7.05015e-06) on net irq_fast_i[8]: node not found (PARA-044)
Error: Invalid capacitor (ibex_top_inst/u_ibex_core/cs_registers_i/U553:A2 8.60192e-06) on net irq_fast_i[8]: node not found (PARA-044)
Error: Invalid capacitor (ibex_top_inst/u_ibex_core/cs_registers_i/U513:A2 1e-06) on net irq_fast_i[7]: node not found (PARA-044)
Error: Invalid capacitor (ibex_top_inst/u_ibex_core/cs_registers_i/U554:A2 1e-06) on net irq_fast_i[7]: node not found (PARA-044)
Error: Invalid capacitor (ibex_top_inst/u_ibex_core/cs_registers_i/U437:A2 1e-06) on net irq_fast_i[6]: node not found (PARA-044)
Error: Invalid capacitor (ibex_top_inst/u_ibex_core/cs_registers_i/U551:A1 1e-06) on net irq_fast_i[6]: node not found (PARA-044)
Error: Invalid capacitor (ibex_top_inst/u_ibex_core/cs_registers_i/U939:A2 1e-06) on net irq_fast_i[5]: node not found (PARA-044)
Note - message 'PARA-044' default limit (100) exceeded.  Remainder will be suppressed.

****************************************
Report : read_parasitics /mnt/hgfs/0_GP/Final_2/2_PnR/6_Routing/output/ibex_wrapper.tlup_max_-40.spef
Design : ibex_wrapper
Version: O-2018.06-SP1
Date   : Tue Jul  8 01:15:18 2025
****************************************

        98676 error(s)
        Format is SPEF
        Annotated nets                   :        11895
        Annotated capacitances           :       184672
        Annotated resistances            :       172777
        Reduced coupling capacitances    :            0
        Annotated PI models              :            0
        Annotated Elmore delays          :            0

