****************************************
Report : timing
        -path_type full
        -delay_type max
        -max_paths 1
        -report_by design
Design : ibex_wrapper
Version: O-2018.06-SP1
Date   : Mon Jul  7 20:43:31 2025
****************************************

  Startpoint: ibex_top_inst/u_ibex_core/if_stage_i/instr_rdata_id_o_reg[20] (rising edge-triggered flip-flop clocked by cluster_clock_gating)
  Endpoint: instr_addr_o[15] (output port clocked by clk_i)
  Mode: Func
  Corner: Slow
  Scenario: Func_Slow
  Path Group: clk_i
  Path Type: max

  Point                                            Incr      Path  
  ------------------------------------------------------------------------
  clock cluster_clock_gating (rise edge)           0.00      0.00
  clock network delay (propagated)                 0.16      0.16

  ibex_top_inst/u_ibex_core/if_stage_i/instr_rdata_id_o_reg[20]/CK (SAEDHVT14_FSDPQ_V2LP_2)
                                                   0.00      0.16 r
  ibex_top_inst/u_ibex_core/if_stage_i/instr_rdata_id_o_reg[20]/Q (SAEDHVT14_FSDPQ_V2LP_2)
                                                   0.05      0.21 r
  CTS_copt_h_inst_11593/X (SAEDHVT14_DEL_R2V3_2)   0.13      0.34 r
  U6641/X (SAEDHVT14_INV_2)                        0.06      0.40 f
  U6644/X (SAEDHVT14_INV_S_2)                      0.04      0.44 r
  ibex_top_inst/gen_regfile_ff.register_file_i/U1161/X (SAEDHVT14_INV_2)
                                                   0.02      0.46 f
  ibex_top_inst/gen_regfile_ff.register_file_i/U126/X (SAEDHVT14_AN2_2)
                                                   0.03      0.50 f
  ibex_top_inst/gen_regfile_ff.register_file_i/U1248/X (SAEDHVT14_AN2_2)
                                                   0.11      0.61 f
  ibex_top_inst/gen_regfile_ff.register_file_i/U1301/X (SAEDHVT14_ND2_CDC_2)
                                                   0.07      0.68 r
  ibex_top_inst/gen_regfile_ff.register_file_i/U2986/X (SAEDHVT14_AN4_2)
                                                   0.06      0.73 r
  ibex_top_inst/gen_regfile_ff.register_file_i/U2987/X (SAEDHVT14_AN4_2)
                                                   0.04      0.78 r
  ibex_top_inst/gen_regfile_ff.register_file_i/U2/X (SAEDHVT14_ND4_2)
                                                   0.07      0.84 f
  U7329/X (SAEDHVT14_MUX2_2)                       0.04      0.89 f
  CTS_ropt_mt_inst_12242/X (SAEDHVT14_BUF_3)       0.07      0.96 f
  U4779/X (SAEDHVT14_ND2_CDC_2)                    0.05      1.01 r
  U4690/X (SAEDHVT14_AN2_2)                        0.04      1.05 r
  U7807/X (SAEDHVT14_INV_2)                        0.05      1.09 f
  U7808/X (SAEDHVT14_MUX2_2)                       0.05      1.15 r
  U4980/X (SAEDHVT14_ND2_CDC_2)                    0.01      1.16 f
  U7909/CO (SAEDHVT14_ADDF_V2_2)                   0.05      1.21 f
  U7908/CO (SAEDHVT14_ADDF_V2_2)                   0.03      1.24 f
  U7835/CO (SAEDHVT14_ADDF_V2_2)                   0.03      1.26 f
  U7834/CO (SAEDHVT14_ADDF_V2_2)                   0.03      1.29 f
  U7833/CO (SAEDHVT14_ADDF_V2_2)                   0.03      1.31 f
  U7832/CO (SAEDHVT14_ADDF_V2_2)                   0.03      1.34 f
  U7831/CO (SAEDHVT14_ADDF_V2_2)                   0.02      1.36 f
  U7830/CO (SAEDHVT14_ADDF_V2_2)                   0.02      1.39 f
  U7829/CO (SAEDHVT14_ADDF_V2_2)                   0.03      1.42 f
  U7828/CO (SAEDHVT14_ADDF_V2_2)                   0.03      1.45 f
  U7827/CO (SAEDHVT14_ADDF_V2_2)                   0.03      1.47 f
  U7826/CO (SAEDHVT14_ADDF_V2_2)                   0.03      1.50 f
  U7825/CO (SAEDHVT14_ADDF_V2_2)                   0.03      1.53 f
  U7824/CO (SAEDHVT14_ADDF_V2_2)                   0.03      1.55 f
  U7823/CO (SAEDHVT14_ADDF_V2_2)                   0.03      1.58 f
  U7822/CO (SAEDHVT14_ADDF_V2_2)                   0.03      1.60 f
  U7821/CO (SAEDHVT14_ADDF_V2_2)                   0.03      1.63 f
  U7820/CO (SAEDHVT14_ADDF_V2_2)                   0.03      1.66 f
  U7819/CO (SAEDHVT14_ADDF_V2_2)                   0.02      1.68 f
  U7818/CO (SAEDHVT14_ADDF_V2_2)                   0.02      1.71 f
  U7817/CO (SAEDHVT14_ADDF_V2_2)                   0.03      1.73 f
  U7816/CO (SAEDHVT14_ADDF_V2_2)                   0.03      1.76 f
  U7815/CO (SAEDHVT14_ADDF_V2_2)                   0.03      1.79 f
  U7814/CO (SAEDHVT14_ADDF_V2_2)                   0.03      1.81 f
  U7813/CO (SAEDHVT14_ADDF_V2_2)                   0.03      1.84 f
  U7812/CO (SAEDHVT14_ADDF_V2_2)                   0.03      1.86 f
  U7811/CO (SAEDHVT14_ADDF_V2_2)                   0.03      1.89 f
  U7810/CO (SAEDHVT14_ADDF_V2_2)                   0.03      1.92 f
  U7809/CO (SAEDHVT14_ADDF_V2_2)                   0.03      1.94 f
  U7888/CO (SAEDHVT14_ADDF_V2_2)                   0.02      1.97 f
  U7890/CO (SAEDHVT14_ADDF_V2_2)                   0.02      1.99 f
  U6343/X (SAEDHVT14_EN3_2)                        0.05      2.04 f
  PLACE_HFSINV_261_211/X (SAEDHVT14_INV_2)         0.07      2.11 r
  U7916/X (SAEDHVT14_OR4_2)                        0.09      2.20 r
  U7918/X (SAEDHVT14_OR4_2)                        0.03      2.23 r
  U7919/X (SAEDHVT14_NR4_2)                        0.11      2.35 f
  U5834/X (SAEDHVT14_ND2_CDC_2)                    0.06      2.40 r
  U7920/X (SAEDHVT14_OR3_2)                        0.03      2.44 r
  U6037/X (SAEDHVT14_ND2_CDC_2)                    0.01      2.45 f
  U6741/X (SAEDHVT14_OR2_2)                        0.02      2.47 f
  U6742/X (SAEDHVT14_ND2_CDC_2)                    0.01      2.48 r
  U4978/X (SAEDHVT14_ND2_CDC_2)                    0.02      2.50 f
  U6753/X (SAEDHVT14_ND2_CDC_2)                    0.02      2.52 r
  U6752/X (SAEDHVT14_AN4_2)                        0.10      2.62 r
  PLACE_HFSINV_532_204/X (SAEDHVT14_INV_2)         0.11      2.73 f
  U6768/X (SAEDHVT14_AN3_2)                        0.11      2.85 f
  PLACE_HFSBUF_391_202/X (SAEDHVT14_BUF_S_2)       0.08      2.93 f
  U6670/X (SAEDHVT14_ND2_CDC_2)                    0.04      2.97 r
  U11778/X (SAEDHVT14_AN4_2)                       0.03      3.01 r
  U6687/X (SAEDHVT14_ND2_CDC_2)                    0.06      3.07 f
  U10641/X (SAEDHVT14_ND2B_2)                      0.09      3.16 f
  U12630/X (SAEDHVT14_MUX2_2)                      0.07      3.23 f
  instr_addr_o[15] (out)                           0.00      3.23 f
  data arrival time                                          3.23

  clock clk_i (rise edge)                          6.25      6.25
  clock network delay (ideal)                      0.17      6.42
  clock uncertainty                               -0.20      6.22
  output external delay                           -1.88      4.35
  data required time                                         4.35
  ------------------------------------------------------------------------
  data required time                                         4.35
  data arrival time                                         -3.23
  ------------------------------------------------------------------------
  slack (MET)                                                1.12


1
