****************************************
Report : qor
Design : ibex_wrapper
Version: O-2018.06-SP1
Date   : Mon Jul  7 20:43:31 2025
****************************************


Scenario           'Func_Fast'
Timing Path Group  'clk_i'
----------------------------------------
Levels of Logic:                      8
Critical Path Length:              2.03
Critical Path Slack:               2.10
Critical Path Clk Period:          6.25
Total Negative Slack:              0.00
No. of Violating Paths:               0
Worst Hold Violation:             -0.10
Total Hold Violation:             -0.10
No. of Hold Violations:               1
----------------------------------------

Scenario           'Func_Fast'
Timing Path Group  'cluster_clock_gating'
----------------------------------------
Levels of Logic:                     62
Critical Path Length:              2.59
Critical Path Slack:               3.48
Critical Path Clk Period:          6.25
Total Negative Slack:              0.00
No. of Violating Paths:               0
Worst Hold Violation:             -0.00
Total Hold Violation:             -0.08
No. of Hold Violations:             140
----------------------------------------

Scenario           'Func_Slow'
Timing Path Group  'clk_i'
----------------------------------------
Levels of Logic:                     69
Critical Path Length:              3.07
Critical Path Slack:               1.12
Critical Path Clk Period:          6.25
Total Negative Slack:              0.00
No. of Violating Paths:               0
Worst Hold Violation:             -0.10
Total Hold Violation:             -0.10
No. of Hold Violations:               1
----------------------------------------

Scenario           'Func_Slow'
Timing Path Group  'cluster_clock_gating'
----------------------------------------
Levels of Logic:                     62
Critical Path Length:              3.59
Critical Path Slack:               2.45
Critical Path Clk Period:          6.25
Total Negative Slack:              0.00
No. of Violating Paths:               0
Worst Hold Violation:              0.00
Total Hold Violation:              0.00
No. of Hold Violations:               0
----------------------------------------


Cell Count
----------------------------------------
Hierarchical Cell Count:              2
Hierarchical Port Count:            917
Leaf Cell Count:                  24494
Buf/Inv Cell Count:                8443
Buf Cell Count:                    7656
Inv Cell Count:                     787
CT Buf/Inv Cell Count:                0
Combinational Cell Count:         22474
Sequential Cell Count:             2020
Macro Count:                          0
----------------------------------------


Area
----------------------------------------
Combinational Area:            10187.89
Noncombinational Area:          2628.21
Buf/Inv Area:                   3788.56
Total Buffer Area:              3589.70
Total Inverter Area:             198.87
Macro/Black Box Area:              0.00
Net Area:                             0
Net XLength:                       0.00
Net YLength:                       0.00
----------------------------------------
Cell Area (netlist):                          12816.10
Cell Area (netlist and physical only):        13958.43
Net Length:                        0.00


Design Rules
----------------------------------------
Total Number of Nets:             25504
Nets with Violations:                 0
Max Trans Violations:                 0
Max Cap Violations:                   0
----------------------------------------

1
