Warning: Cell contains tie connections which are not connected to real PG. (ZRT-511)
Turn off antenna since no rule is specified
Cell Min-Routing-Layer = M1
Cell Max-Routing-Layer = M9
Warning: There is no constraint to limit maximum number of secondary power and ground (PG) pins in a cluster. (ZRT-536)
Warning: There is no constraint to limit maximum number of secondary power and ground (PG) pins in a cluster. (ZRT-536)
Warning: Ignore 2 top cell ports with no pins. (ZRT-027)
Info: number of net_type_blockage: 0 
Via on layer (VIA1) needs more than one tracks
Warning: Layer M1 pitch 0.074 may be too small: wire/via-down 0.074, wire/via-up 0.098. (ZRT-026)
Via on layer (VIA1) needs more than one tracks
Warning: Layer M2 pitch 0.060 may be too small: wire/via-down 0.098, wire/via-up 0.060. (ZRT-026)
Via on layer (VIA3) needs more than one tracks
Warning: Layer M3 pitch 0.074 may be too small: wire/via-down 0.060, wire/via-up 0.080. (ZRT-026)
Wire on layer (M4) needs more than one tracks
Via on layer (VIA3) needs more than one tracks
Via on layer (VIA4) needs more than one tracks
Warning: Layer M4 pitch 0.074 may be too small: wire/via-down 0.107, wire/via-up 0.105. (ZRT-026)
Via on layer (VIA4) needs more than one tracks
Warning: Layer M5 pitch 0.120 may be too small: wire/via-down 0.135, wire/via-up 0.107. (ZRT-026)
Via on layer (VIA8) needs more than one tracks
Warning: Layer M8 pitch 0.120 may be too small: wire/via-down 0.107, wire/via-up 0.135. (ZRT-026)
Wire on layer (M9) needs more than one tracks
Via on layer (VIA8) needs more than one tracks
Via on layer (VIARDL) needs more than one tracks
Warning: Layer M9 pitch 0.120 may be too small: wire/via-down 0.135, wire/via-up 1.570. (ZRT-026)
Via on layer (VIARDL) needs more than one tracks
Warning: Layer MRDL pitch 0.600 may be too small: wire/via-down 4.500, wire/via-up 0.600. (ZRT-026)
Transition layer name: M3(2)
Warning: Standard cell pin SAEDHVT14_INV_PS_2/VDD has no valid via regions. (ZRT-044)
Warning: Standard cell pin SAEDHVT14_NR3B_2/B2 has no valid via regions. (ZRT-044)
Warning: Standard cell pin SAEDHVT14_NR2_2/A1 has no valid via regions. (ZRT-044)
Warning: Standard cell pin SAEDHVT14_NR2_2/X has no valid via regions. (ZRT-044)


Start checking for open nets ... 

Total number of nets = 25682, of which 0 are not extracted
Total number of open nets = 0, of which 0 are frozen

Check 25682 nets, 0 have Errors

[CHECK OPEN NETS] Elapsed real time: 0:00:00 
[CHECK OPEN NETS] Elapsed cpu  time: sys=0:00:00 usr=0:00:00 total=0:00:00
[CHECK OPEN NETS] Stage (MB): Used    0  Alloctr    0  Proc    0 
[CHECK OPEN NETS] Total (MB): Used  118  Alloctr  124  Proc 2127 
Printing options for 'route.common.*'
common.verbose_level                                    :	 0                   

Printing options for 'route.detail.*'
detail.antenna                                          :	 true                
detail.force_end_on_preferred_grid                      :	 true                

Printing options for 'route.auto_via_ladder.*'


Begin full DRC check ...

Information: Using 1 threads for routing. (ZRT-444)
Checked	1/64 Partitions, Violations =	0
Checked	2/64 Partitions, Violations =	0
Checked	4/64 Partitions, Violations =	0
Checked	6/64 Partitions, Violations =	0
Checked	8/64 Partitions, Violations =	0
Checked	10/64 Partitions, Violations =	0
Checked	12/64 Partitions, Violations =	0
Checked	14/64 Partitions, Violations =	0
Checked	16/64 Partitions, Violations =	0
Checked	18/64 Partitions, Violations =	0
Checked	20/64 Partitions, Violations =	7
Checked	22/64 Partitions, Violations =	7
Checked	25/64 Partitions, Violations =	7
Checked	26/64 Partitions, Violations =	7
Checked	28/64 Partitions, Violations =	43
Checked	30/64 Partitions, Violations =	43
Checked	32/64 Partitions, Violations =	43
Checked	34/64 Partitions, Violations =	43
Checked	36/64 Partitions, Violations =	43
Checked	38/64 Partitions, Violations =	43
Checked	40/64 Partitions, Violations =	43
Checked	42/64 Partitions, Violations =	43
Checked	44/64 Partitions, Violations =	43
Checked	46/64 Partitions, Violations =	43
Checked	48/64 Partitions, Violations =	43
Checked	50/64 Partitions, Violations =	43
Checked	52/64 Partitions, Violations =	43
Checked	54/64 Partitions, Violations =	43
Checked	56/64 Partitions, Violations =	43
Checked	58/64 Partitions, Violations =	43
Checked	60/64 Partitions, Violations =	43
Checked	62/64 Partitions, Violations =	43
Checked	64/64 Partitions, Violations =	43
[DRC CHECK] Elapsed real time: 0:00:11 
[DRC CHECK] Elapsed cpu  time: sys=0:00:00 usr=0:00:11 total=0:00:11
[DRC CHECK] Stage (MB): Used    0  Alloctr    0  Proc   25 
[DRC CHECK] Total (MB): Used  139  Alloctr  145  Proc 2153 
Warning: No antenna rules defined, Skip antenna analysis. (ZRT-309)
Information: Merged away 13 aligned/redundant DRCs. (ZRT-305)

DRC-SUMMARY:
	@@@@@@@ TOTAL VIOLATIONS =	30
	Diff net spacing : 10
	Diff net via-cut spacing : 1
	Less than minimum area : 9
	Same net spacing : 1
	Same net via-cut spacing : 1
	Short : 8


Total Wire Length =                    276159 micron
Total Number of Contacts =             163008
Total Number of Wires =                200108
Total Number of PtConns =              31597
Total Number of Routed Wires =       200108
Total Routed Wire Length =           254249 micron
Total Number of Routed Contacts =       163008
	Layer               M1 :        767 micron
	Layer               M2 :      82644 micron
	Layer               M3 :      95962 micron
	Layer               M4 :      37078 micron
	Layer               M5 :      39925 micron
	Layer               M6 :      12559 micron
	Layer               M7 :       6920 micron
	Layer               M8 :        286 micron
	Layer               M9 :         18 micron
	Layer             MRDL :          0 micron
	Via            VIA89_C :          4
	Via     VIA78SQ_C(rot) :         36
	Via          VIA67SQ_C :        865
	Via            VIA67SQ :          6
	Via       VIA67SQ(rot) :         16
	Via     VIA56SQ_C(rot) :          7
	Via            VIA56SQ :       2572
	Via            VIA45SQ :       7993
	Via       VIA45SQ(rot) :          5
	Via          VIA34SQ_C :          1
	Via     VIA34SQ_C(rot) :       9650
	Via        VIA34BAR2_C :         20
	Via            VIA34SQ :        220
	Via       VIA34SQ(rot) :        875
	Via          VIA23SQ_C :      80305
	Via     VIA23SQ_C(rot) :          6
	Via        VIA23BAR2_C :         10
	Via            VIA23SQ :          8
	Via       VIA23SQ(rot) :          2
	Via          VIA23BAR1 :          2
	Via        VIA2_33SQ_C :        269
	Via        VIA23_3SQ_C :         85
	Via          VIA12SQ_C :          1
	Via     VIA12SQ_C(rot) :      58706
	Via   VIA12BAR2_C(rot) :         56
	Via            VIA12SQ :          1
	Via       VIA12SQ(rot) :        540
	Via   VIA1_32SQ_C(rot) :        747

 
Redundant via conversion report:
--------------------------------

  Total optimized via conversion rate =  0.00% (0 / 163008 vias)
 
    Layer VIA1       =  0.00% (0      / 60051   vias)
        Un-optimized =  0.00% (0       vias)
        Un-mapped    = 100.00% (60051   vias)
    Layer VIA2       =  0.00% (0      / 80687   vias)
        Un-optimized =  0.00% (0       vias)
        Un-mapped    = 100.00% (80687   vias)
    Layer VIA3       =  0.00% (0      / 10766   vias)
        Un-optimized =  0.00% (0       vias)
        Un-mapped    = 100.00% (10766   vias)
    Layer VIA4       =  0.00% (0      / 7998    vias)
        Un-optimized =  0.00% (0       vias)
        Un-mapped    = 100.00% (7998    vias)
    Layer VIA5       =  0.00% (0      / 2579    vias)
        Un-optimized =  0.00% (0       vias)
        Un-mapped    = 100.00% (2579    vias)
    Layer VIA6       =  0.00% (0      / 887     vias)
        Un-optimized =  0.00% (0       vias)
        Un-mapped    = 100.00% (887     vias)
    Layer VIA7       =  0.00% (0      / 36      vias)
        Un-optimized =  0.00% (0       vias)
        Un-mapped    = 100.00% (36      vias)
    Layer VIA8       =  0.00% (0      / 4       vias)
        Un-optimized =  0.00% (0       vias)
        Un-mapped    = 100.00% (4       vias)
 
  Total double via conversion rate    =  0.00% (0 / 163008 vias)
 
    Layer VIA1       =  0.00% (0      / 60051   vias)
    Layer VIA2       =  0.00% (0      / 80687   vias)
    Layer VIA3       =  0.00% (0      / 10766   vias)
    Layer VIA4       =  0.00% (0      / 7998    vias)
    Layer VIA5       =  0.00% (0      / 2579    vias)
    Layer VIA6       =  0.00% (0      / 887     vias)
    Layer VIA7       =  0.00% (0      / 36      vias)
    Layer VIA8       =  0.00% (0      / 4       vias)
 
  The optimized via conversion rate based on total routed via count =  0.00% (0 / 163008 vias)
 
    Layer VIA1       =  0.00% (0      / 60051   vias)
        Un-optimized =  0.00% (0       vias)
        Un-mapped    = 100.00% (60051   vias)
    Layer VIA2       =  0.00% (0      / 80687   vias)
        Un-optimized =  0.00% (0       vias)
        Un-mapped    = 100.00% (80687   vias)
    Layer VIA3       =  0.00% (0      / 10766   vias)
        Un-optimized =  0.00% (0       vias)
        Un-mapped    = 100.00% (10766   vias)
    Layer VIA4       =  0.00% (0      / 7998    vias)
        Un-optimized =  0.00% (0       vias)
        Un-mapped    = 100.00% (7998    vias)
    Layer VIA5       =  0.00% (0      / 2579    vias)
        Un-optimized =  0.00% (0       vias)
        Un-mapped    = 100.00% (2579    vias)
    Layer VIA6       =  0.00% (0      / 887     vias)
        Un-optimized =  0.00% (0       vias)
        Un-mapped    = 100.00% (887     vias)
    Layer VIA7       =  0.00% (0      / 36      vias)
        Un-optimized =  0.00% (0       vias)
        Un-mapped    = 100.00% (36      vias)
    Layer VIA8       =  0.00% (0      / 4       vias)
        Un-optimized =  0.00% (0       vias)
        Un-mapped    = 100.00% (4       vias)
 


Verify Summary:

Total number of nets = 25682, of which 0 are not extracted
Total number of open nets = 0, of which 0 are frozen
Total number of excluded ports = 0 ports of 0 unplaced cells connected to 0 nets
                                 0 ports without pins of 0 cells connected to 0 nets
                                 0 ports of 0 cover cells connected to 0 non-pg nets
Total number of DRCs = 30
Total number of antenna violations = no antenna rules defined
Total number of tie to rail violations = not checked
Total number of tie to rail directly violations = not checked


