****************************************
Report : timing
        -path_type full
        -delay_type max
        -max_paths 1
        -report_by design
Design : ibex_wrapper
Version: O-2018.06-SP1
Date   : Mon Jun 16 17:37:21 2025
****************************************

  Startpoint: ibex_top_inst/u_ibex_core/if_stage_i/instr_rdata_id_o_reg[20] (rising edge-triggered flip-flop clocked by cluster_clock_gating)
  Endpoint: instr_addr_o[19] (output port clocked by cluster_clock_gating)
  Mode: Func
  Corner: Slow
  Scenario: Func_Slow
  Path Group: cluster_clock_gating
  Path Type: max

  Point                                            Incr      Path  
  ------------------------------------------------------------------------
  clock cluster_clock_gating (rise edge)           0.00      0.00
  clock network delay (ideal)                      0.00      0.00

  ibex_top_inst/u_ibex_core/if_stage_i/instr_rdata_id_o_reg[20]/CK (SAEDHVT14_FDPQ_V3_2)
                                                   0.00      0.00 r
  ibex_top_inst/u_ibex_core/if_stage_i/instr_rdata_id_o_reg[20]/Q (SAEDHVT14_FDPQ_V3_2)
                                                   0.05      0.05 r
  CTS_ropt_h_inst_7090/X (SAEDHVT14_DEL_R2V2_1)    0.14      0.19 r
  U6166/X (SAEDHVT14_INV_2)                        0.11      0.30 f
  U6167/X (SAEDHVT14_INV_2)                        0.08      0.38 r
  ibex_top_inst/gen_regfile_ff.register_file_i/U594/X (SAEDHVT14_INV_2)
                                                   0.04      0.41 f
  ibex_top_inst/gen_regfile_ff.register_file_i/U403/X (SAEDHVT14_AN2_MM_2)
                                                   0.04      0.45 f
  ibex_top_inst/gen_regfile_ff.register_file_i/U370/X (SAEDHVT14_AN2_2)
                                                   0.13      0.59 f
  ibex_top_inst/gen_regfile_ff.register_file_i/U2471/X (SAEDHVT14_ND2_CDC_2)
                                                   0.08      0.66 r
  ibex_top_inst/gen_regfile_ff.register_file_i/U2474/X (SAEDHVT14_AN4_2)
                                                   0.06      0.72 r
  ibex_top_inst/gen_regfile_ff.register_file_i/U2485/X (SAEDHVT14_AN4_2)
                                                   0.04      0.75 r
  ibex_top_inst/gen_regfile_ff.register_file_i/U2486/X (SAEDHVT14_ND4_2)
                                                   0.06      0.82 f
  U5561/X (SAEDHVT14_MUX2_2)                       0.11      0.92 f
  U7118/X (SAEDHVT14_ND2_CDC_2)                    0.08      1.00 r
  U5039/X (SAEDHVT14_ND3_2)                        0.07      1.07 f
  U4586/X (SAEDHVT14_MUXI2_2)                      0.05      1.12 r
  U7120/X (SAEDHVT14_ND2_CDC_2)                    0.01      1.13 f
  U7277/CO (SAEDHVT14_ADDF_V2_2)                   0.03      1.16 f
  U7276/CO (SAEDHVT14_ADDF_V2_2)                   0.03      1.18 f
  U7147/CO (SAEDHVT14_ADDF_V2_2)                   0.03      1.21 f
  U7146/CO (SAEDHVT14_ADDF_V2_2)                   0.02      1.23 f
  U7145/CO (SAEDHVT14_ADDF_V2_2)                   0.03      1.26 f
  U7144/CO (SAEDHVT14_ADDF_V2_2)                   0.03      1.29 f
  U7143/CO (SAEDHVT14_ADDF_V2_2)                   0.03      1.31 f
  U7142/CO (SAEDHVT14_ADDF_V2_2)                   0.03      1.34 f
  U7141/CO (SAEDHVT14_ADDF_V2_2)                   0.03      1.36 f
  U7140/CO (SAEDHVT14_ADDF_V2_2)                   0.03      1.39 f
  U7139/CO (SAEDHVT14_ADDF_V2_2)                   0.03      1.41 f
  U7138/CO (SAEDHVT14_ADDF_V2_2)                   0.02      1.44 f
  U7137/CO (SAEDHVT14_ADDF_V2_2)                   0.02      1.46 f
  U7136/CO (SAEDHVT14_ADDF_V2_2)                   0.02      1.49 f
  U7135/CO (SAEDHVT14_ADDF_V2_2)                   0.02      1.51 f
  U7134/CO (SAEDHVT14_ADDF_V2_2)                   0.03      1.54 f
  U7133/CO (SAEDHVT14_ADDF_V2_2)                   0.03      1.56 f
  U7132/CO (SAEDHVT14_ADDF_V2_2)                   0.03      1.59 f
  U7131/CO (SAEDHVT14_ADDF_V2_2)                   0.02      1.61 f
  U7130/CO (SAEDHVT14_ADDF_V2_2)                   0.03      1.64 f
  U7129/CO (SAEDHVT14_ADDF_V2_2)                   0.03      1.67 f
  U7128/CO (SAEDHVT14_ADDF_V2_2)                   0.03      1.69 f
  U7127/CO (SAEDHVT14_ADDF_V2_2)                   0.03      1.72 f
  U7126/CO (SAEDHVT14_ADDF_V2_2)                   0.03      1.75 f
  U7125/CO (SAEDHVT14_ADDF_V2_2)                   0.03      1.77 f
  U7124/CO (SAEDHVT14_ADDF_V2_2)                   0.03      1.80 f
  U7123/CO (SAEDHVT14_ADDF_V2_2)                   0.03      1.82 f
  U7122/CO (SAEDHVT14_ADDF_V2_2)                   0.03      1.85 f
  U7121/CO (SAEDHVT14_ADDF_V2_2)                   0.03      1.88 f
  U7156/CO (SAEDHVT14_ADDF_V2_2)                   0.03      1.91 f
  U7157/CO (SAEDHVT14_ADDF_V2_2)                   0.03      1.93 f
  U5726/X (SAEDHVT14_EO3_4)                        0.10      2.03 f
  U7316/X (SAEDHVT14_OR4_2)                        0.07      2.10 f
  U7318/X (SAEDHVT14_OR4_2)                        0.04      2.13 f
  U7319/X (SAEDHVT14_OR4_2)                        0.04      2.18 f
  U6435/X (SAEDHVT14_INV_2)                        0.04      2.22 r
  U5326/X (SAEDHVT14_ND2_CDC_2)                    0.04      2.26 f
  U7324/X (SAEDHVT14_OR3_2)                        0.03      2.29 f
  U5761/X (SAEDHVT14_ND2_CDC_2)                    0.01      2.30 r
  U7329/X (SAEDHVT14_OR2_MM_2)                     0.03      2.33 r
  U7330/X (SAEDHVT14_ND2_CDC_2)                    0.02      2.34 f
  U5566/X (SAEDHVT14_ND2_CDC_2)                    0.02      2.36 r
  U7332/X (SAEDHVT14_ND2_CDC_2)                    0.02      2.38 f
  U6034/X (SAEDHVT14_AN3_2)                        0.03      2.40 f
  U6035/X (SAEDHVT14_ND4_2)                        0.08      2.48 r
  U5007/X (SAEDHVT14_AN4_2)                        0.07      2.55 r
  U5180/X (SAEDHVT14_ND2_CDC_2)                    0.05      2.60 f
  PLACE_HFSINV_321_188/X (SAEDHVT14_INV_S_2)       0.08      2.68 r
  U5368/X (SAEDHVT14_ND2_CDC_2)                    0.05      2.73 f
  U5366/X (SAEDHVT14_ND2_CDC_2)                    0.03      2.76 r
  U5435/X (SAEDHVT14_OR2_MM_2)                     0.03      2.79 r
  CTS_ropt_h_inst_8743/X (SAEDHVT14_DEL_R2V2_1)    0.07      2.86 r
  U5748/X (SAEDHVT14_MUX2_2)                       0.08      2.94 r
  instr_addr_o[19] (out)                           0.00      2.94 r
  data arrival time                                          2.94

  clock cluster_clock_gating (rise edge)           6.25      6.25
  clock network delay (ideal)                      0.00      6.25
  clock uncertainty                               -0.20      6.05
  output external delay                           -0.70      5.35
  data required time                                         5.35
  ------------------------------------------------------------------------
  data required time                                         5.35
  data arrival time                                         -2.94
  ------------------------------------------------------------------------
  slack (MET)                                                2.41


1
