Information: Starting DRC fix iteration 1 at [ Tue Jul  8 09:34:30 2025 ]...
Information: Analyzing scenarios...
Information: Checked out license 'PrimeTime-SI' (PT-019)
Information: Checked out license 'PrimeTime-SI' (PT-019)

Available buffers:
Lib_cell               Area
--------------------------------------------------------
SAEDHVT14_BUF_20       1.29
SAEDHVT14_BUF_16       1.07
SAEDHVT14_BUF_12       0.84
SAEDHVT14_BUF_10       0.71
SAEDHVT14_BUF_8        0.62
SAEDHVT14_BUF_6        0.49
SAEDHVT14_BUF_4        0.40
SAEDHVT14_BUF_2        0.31

Information: 1 max capacitance violations located in the Func_Slow scenario... (PTECO-023)
Information: 1 max capacitance violations located in all scenarios... (PTECO-024)
Information: Creating data base for fixing...
Information: Fixing violations...
Information: Finalizing ECO change list...
Information: Starting updating timing at [ Tue Jul  8 09:35:03 2025 ]...
Information: Finished updating timing at [ Tue Jul  8 09:35:03 2025 ]...
Information: 1 cells have been resized.

Information: Starting DRC fix iteration 2 at [ Tue Jul  8 09:35:03 2025 ]...
Information: Analyzing scenarios...
Information: 0 max capacitance violations located in all scenarios... (PTECO-024)
Information: No more fixes are available.
Information: The DRC violation fixing process is complete.


Remaining Violations:
Scenario                               Total  Unfixable
--------------------------------------------------------
Func_Slow                                  0          0
Func_Fast                                  0          0
--------------------------------------------------------
Total                                      0          0

Inserted buffers:
   Count Lib_cell               Area          Total_area
--------------------------------------------------------
         No buffer           
--------------------------------------------------------
       0 TOTAL                                      0.00

Final ECO Summary:
--------------------------------------------------------
Number of size_cell commands                           1
Total number of commands                               1
Area increased by cell sizing                       0.04
Total area increased                                0.04

Information: Elapsed time [               34 seconds ]
Information: Completed at [ Tue Jul  8 09:35:04 2025 ]

1
