Loading db file '/home/synopsys/syn/O-2018.06-SP1/libraries/syn/dw_foundation.sldb'
Information: Failed to find dw_foundation.sldb in the user defined search_path, load it from 'Synopsys Root'. (UISN-70)
Warning: DesignWare synthetic library dw_foundation.sldb is added to the synthetic_library in the current command. (UISN-40)
Information: Starting from 2013.12 release, constant propagation is enabled even when boundary optimization is disabled. (OPT-1318)
Information: Performing power optimization. (PWR-850)
Analyzing: "/mnt/hgfs/0_GP/PDK/saed14_pdk/SAED14nm_EDK_CORE_RVT_v_062020/stdcell_rvt/db_ccs/saed14rvt_ss0p72vm40c.db"
Analyzing: "/mnt/hgfs/0_GP/PDK/saed14_pdk/SAED14nm_EDK_CORE_RVT_v_062020/stdcell_rvt/db_ccs/saed14rvt_ff0p88v125c.db"
Library analysis succeeded.
Information: Choosing a test methodology will restrict the optimization of sequential cells. (UIO-12)
Information: Evaluating DesignWare library utilization. (UISN-27)

============================================================================
| DesignWare Building Block Library  |         Version         | Available |
============================================================================
| Basic DW Building Blocks           | O-2018.06-DWBB_201806.1 |     *     |
| Licensed DW Building Blocks        | O-2018.06-DWBB_201806.1 |     *     |
============================================================================


Information: There are 1939 potential problems in your design. Please run 'check_design' for more information. (LINT-99)


Loaded alib file './alib-52/saed14rvt_ss0p72vm40c.db.alib'
Loaded alib file './alib-52/saed14rvt_ff0p88v125c.db.alib'
Warning: Operating condition ss0p72vm40c set on design ibex_top has different process,
voltage and temperatures parameters than the parameters at which target library 
saed14rvt_ff0p88v125c is characterized. Delays may be inaccurate as a result. (OPT-998)
Information: State dependent leakage is now switched from on to off.

  Beginning Pass 1 Mapping  (Incremental)
  ------------------------
  Processing 'ibex_multdiv_fast_RV32M3'
  Processing 'ibex_csr_8_0_0'
  Processing 'ibex_counter_CounterWidth64_ProvideValUpd1'
  Processing 'ibex_counter_CounterWidth64'
  Processing 'ibex_csr_7_0_0_0'
  Processing 'ibex_csr_32_0_0_0'
  Processing 'ibex_csr_3_0_4'
  Processing 'ibex_csr_32_0_40000003'
  Processing 'ibex_csr_32_0_00000001'
  Processing 'ibex_csr_18_0_0'
  Processing 'ibex_csr_6_0_10'
  Processing 'ibex_cs_registers_0_00000001_0_0_0_0_00000000_00000028_0_00000000_00000004_0_0_3_0'
Information: Added key list 'DesignWare' to design 'ibex_cs_registers_0_00000001_0_0_0_0_00000000_00000028_0_00000000_00000004_0_0_3_0'. (DDB-72)
Information: The register 'mcountinhibit_q_reg[1]' is a constant and will be removed. (OPT-1206)
  Processing 'ibex_register_file_ff_0_00000020_0_0_0_00000000'
  Processing 'prim_generic_clock_gating_0_1'

  Updating timing information
Information: Updating design information... (UID-85)
Information: The library cell 'SAEDRVT14_TIE1_PV1ECO_1' in the library 'saed14rvt_ss0p72vm40c' is not characterized for internal power. (PWR-536)
Information: The library cell 'SAEDRVT14_TIE0_PV1ECO_1' in the library 'saed14rvt_ss0p72vm40c' is not characterized for internal power. (PWR-536)
Information: The library cell 'SAEDRVT14_TIE1_V1ECO_1' in the library 'saed14rvt_ss0p72vm40c' is not characterized for internal power. (PWR-536)
Information: The library cell 'SAEDRVT14_TIE1_V1_2' in the library 'saed14rvt_ss0p72vm40c' is not characterized for internal power. (PWR-536)
Information: The library cell 'SAEDRVT14_TIE1_4' in the library 'saed14rvt_ss0p72vm40c' is not characterized for internal power. (PWR-536)
Information: The library cell 'SAEDRVT14_TIE0_V1_2' in the library 'saed14rvt_ss0p72vm40c' is not characterized for internal power. (PWR-536)
Information: The library cell 'SAEDRVT14_TIE0_4' in the library 'saed14rvt_ss0p72vm40c' is not characterized for internal power. (PWR-536)
Information: The target library(s) contains cell(s), other than black boxes, that are not characterized for internal power. (PWR-24)
  Mapping 'ibex_multdiv_fast_RV32M3_DP_OP_75_122_1549_0'
  Mapping 'ibex_multdiv_fast_RV32M3_DW01_dec_0'
  Mapping 'DW_leftsh'
Information: Added key list 'DesignWare' to design 'ibex_multdiv_fast_RV32M3'. (DDB-72)
  Mapping 'ibex_counter_CounterWidth64_ProvideValUpd1_DW01_inc_0'
  Mapping 'ibex_counter_CounterWidth64_DW01_inc_0'
Information: Automatic shift-register identification is enabled for scan. Not all registers will be scan-replaced. (OPT-467)
Warning: No scan equivalent exists for cell core_clock_gate_i/gen_generic.u_impl_generic/en_latch_reg (SAEDRVT14_LDNR2PQ_1). (TEST-120)

                                  TOTAL                                                
   ELAPSED            WORST NEG   SETUP    DESIGN                              LEAKAGE 
    TIME      AREA      SLACK     COST    RULE COST         ENDPOINT            POWER  
  --------- --------- --------- --------- --------- ------------------------- ---------
    0:00:40    6987.1      0.00       0.0    8848.7                           135686.2812
    0:00:40    6987.1      0.00       0.0    8848.7                           135686.2812
Warning: No scan equivalent exists for cell core_clock_gate_i/gen_generic.u_impl_generic/en_latch_reg (SAEDRVT14_LDNR2PQ_1). (TEST-120)
Information: Complementing port 'imd_val_we_o[1]' in design 'ibex_multdiv_fast_RV32M3'.
	 The new name of the port is 'imd_val_we_o[1]_BAR'. (OPT-319)
Information: Complementing port 'wr_en_i' in design 'ibex_csr_3_0_4'.
	 The new name of the port is 'wr_en_i_BAR'. (OPT-319)
Information: Complementing port 'wr_en_i' in design 'ibex_csr_32_0_0_1'.
	 The new name of the port is 'wr_en_i_BAR'. (OPT-319)
Information: Complementing port 'wr_en_i' in design 'ibex_csr_7_0_0_1'.
	 The new name of the port is 'wr_en_i_BAR'. (OPT-319)

  Beginning Mapping Optimizations  (Ultra High effort)  (Incremental)
  -------------------------------

  Beginning Incremental Implementation Selection
  ----------------------------------------------
  Mapping 'ibex_multdiv_fast_RV32M3_DP_OP_75_122_1549_1'
  Selecting implementations
  Mapping 'ibex_counter_CounterWidth64_DW01_inc_1'
  Mapping 'ibex_counter_CounterWidth64_DW01_inc_2'
  Selecting implementations
  Mapping 'ibex_counter_CounterWidth64_ProvideValUpd1_DW01_inc_1'
  Mapping 'ibex_counter_CounterWidth64_ProvideValUpd1_DW01_inc_2'
    0:00:45    7002.6      0.00       0.0    8839.6                           135907.5312

  Beginning Delay Optimization Phase
  ----------------------------------

                                  TOTAL                                                
   ELAPSED            WORST NEG   SETUP    DESIGN                              LEAKAGE 
    TIME      AREA      SLACK     COST    RULE COST         ENDPOINT            POWER  
  --------- --------- --------- --------- --------- ------------------------- ---------
    0:00:45    7002.6      0.00       0.0    8839.6                           135907.5312
Information: The register 'u_ibex_core/cs_registers_i/u_dcsr_csr/rdata_q_reg[30]' is a constant and will be removed. (OPT-1206)
Information: The register 'u_ibex_core/cs_registers_i/u_dcsr_csr/rdata_q_reg[9]' is a constant and will be removed. (OPT-1206)
Information: The register 'u_ibex_core/cs_registers_i/u_dcsr_csr/rdata_q_reg[4]' is a constant and will be removed. (OPT-1206)
Information: The register 'u_ibex_core/cs_registers_i/u_dcsr_csr/rdata_q_reg[3]' is a constant and will be removed. (OPT-1206)
Information: The register 'u_ibex_core/cs_registers_i/u_dcsr_csr/rdata_q_reg[11]' is a constant and will be removed. (OPT-1206)
Information: The register 'u_ibex_core/cs_registers_i/u_dcsr_csr/rdata_q_reg[10]' is a constant and will be removed. (OPT-1206)
Information: The register 'u_ibex_core/cs_registers_i/u_dcsr_csr/rdata_q_reg[28]' is a constant and will be removed. (OPT-1206)
Information: The register 'u_ibex_core/cs_registers_i/u_dcsr_csr/rdata_q_reg[29]' is a constant and will be removed. (OPT-1206)
Information: The register 'u_ibex_core/cs_registers_i/u_dcsr_csr/rdata_q_reg[31]' is a constant and will be removed. (OPT-1206)
Information: The register 'u_ibex_core/cs_registers_i/u_dcsr_csr/rdata_q_reg[5]' is a constant and will be removed. (OPT-1206)
Information: The register 'u_ibex_core/cs_registers_i/u_dcsr_csr/rdata_q_reg[14]' is a constant and will be removed. (OPT-1206)
Information: The register 'u_ibex_core/cs_registers_i/u_dcsr_csr/rdata_q_reg[16]' is a constant and will be removed. (OPT-1206)
Information: The register 'u_ibex_core/cs_registers_i/u_dcsr_csr/rdata_q_reg[26]' is a constant and will be removed. (OPT-1206)
Information: The register 'u_ibex_core/cs_registers_i/u_dcsr_csr/rdata_q_reg[27]' is a constant and will be removed. (OPT-1206)
Information: The register 'u_ibex_core/cs_registers_i/u_dcsr_csr/rdata_q_reg[17]' is a constant and will be removed. (OPT-1206)
Information: The register 'u_ibex_core/cs_registers_i/u_dcsr_csr/rdata_q_reg[18]' is a constant and will be removed. (OPT-1206)
Information: The register 'u_ibex_core/cs_registers_i/u_dcsr_csr/rdata_q_reg[19]' is a constant and will be removed. (OPT-1206)
Information: The register 'u_ibex_core/cs_registers_i/u_dcsr_csr/rdata_q_reg[20]' is a constant and will be removed. (OPT-1206)
Information: The register 'u_ibex_core/cs_registers_i/u_dcsr_csr/rdata_q_reg[21]' is a constant and will be removed. (OPT-1206)
Information: The register 'u_ibex_core/cs_registers_i/u_dcsr_csr/rdata_q_reg[22]' is a constant and will be removed. (OPT-1206)
Information: The register 'u_ibex_core/cs_registers_i/u_dcsr_csr/rdata_q_reg[23]' is a constant and will be removed. (OPT-1206)
Information: The register 'u_ibex_core/cs_registers_i/u_dcsr_csr/rdata_q_reg[24]' is a constant and will be removed. (OPT-1206)
Information: The register 'u_ibex_core/cs_registers_i/u_dcsr_csr/rdata_q_reg[25]' is a constant and will be removed. (OPT-1206)
Information: The register 'u_ibex_core/cs_registers_i/u_depc_csr/rdata_q_reg[0]' is a constant and will be removed. (OPT-1206)
Information: The register 'u_ibex_core/cs_registers_i/u_mtvec_csr/rdata_q_reg[0]' is a constant and will be removed. (OPT-1206)
Information: The register 'u_ibex_core/cs_registers_i/u_mtvec_csr/rdata_q_reg[1]' is a constant and will be removed. (OPT-1206)
Information: The register 'u_ibex_core/cs_registers_i/u_mtvec_csr/rdata_q_reg[2]' is a constant and will be removed. (OPT-1206)
Information: The register 'u_ibex_core/cs_registers_i/u_mtvec_csr/rdata_q_reg[3]' is a constant and will be removed. (OPT-1206)
Information: The register 'u_ibex_core/cs_registers_i/u_mtvec_csr/rdata_q_reg[4]' is a constant and will be removed. (OPT-1206)
Information: The register 'u_ibex_core/cs_registers_i/u_mtvec_csr/rdata_q_reg[5]' is a constant and will be removed. (OPT-1206)
Information: The register 'u_ibex_core/cs_registers_i/u_mtvec_csr/rdata_q_reg[6]' is a constant and will be removed. (OPT-1206)
Information: The register 'u_ibex_core/cs_registers_i/u_mtvec_csr/rdata_q_reg[7]' is a constant and will be removed. (OPT-1206)
Information: The register 'u_ibex_core/cs_registers_i/u_mepc_csr/rdata_q_reg[0]' is a constant and will be removed. (OPT-1206)
Information: The register 'u_ibex_core/cs_registers_i/u_mstack_epc_csr/rdata_q_reg[0]' is a constant and will be removed. (OPT-1206)
Information: The register 'u_ibex_core/cs_registers_i/u_cpuctrlsts_part_csr/rdata_q_reg[0]' is a constant and will be removed. (OPT-1206)
Information: The register 'u_ibex_core/cs_registers_i/u_cpuctrlsts_part_csr/rdata_q_reg[1]' is a constant and will be removed. (OPT-1206)
Information: The register 'u_ibex_core/cs_registers_i/u_cpuctrlsts_part_csr/rdata_q_reg[2]' is a constant and will be removed. (OPT-1206)
Information: The register 'u_ibex_core/cs_registers_i/u_cpuctrlsts_part_csr/rdata_q_reg[3]' is a constant and will be removed. (OPT-1206)
Information: The register 'u_ibex_core/cs_registers_i/u_cpuctrlsts_part_csr/rdata_q_reg[4]' is a constant and will be removed. (OPT-1206)
Information: The register 'u_ibex_core/cs_registers_i/u_cpuctrlsts_part_csr/rdata_q_reg[5]' is a constant and will be removed. (OPT-1206)
    0:00:46    8182.7      0.00       0.0    8749.7                           133956.4531
    0:00:49    8156.9      0.00       0.0    8717.5                           132174.4688
    0:00:49    8156.9      0.00       0.0    8717.5                           132174.4688
    0:00:49    8156.9      0.00       0.0    8717.5                           132174.4688
    0:00:49    8156.9      0.00       0.0    8717.5                           132174.4688
    0:00:49    8156.9      0.00       0.0    8717.5                           132174.4688

  Beginning Delay Optimization
  ----------------------------
    0:00:50    8156.9      0.00       0.0    8717.5                           132174.4688
    0:00:50    8156.9      0.00       0.0    8717.5                           132174.4688
    0:00:50    8156.9      0.00       0.0    8717.5                           132174.4688
    0:00:50    8156.9      0.00       0.0    8717.5                           132174.4688
    0:00:50    8156.9      0.00       0.0    8717.5                           132174.4688
    0:00:57    6790.8      0.00       0.0    8718.5                           113986.2266


  Beginning Design Rule Fixing  (max_fanout)  (max_capacitance)
  ----------------------------

                                  TOTAL                                                
   ELAPSED            WORST NEG   SETUP    DESIGN                              LEAKAGE 
    TIME      AREA      SLACK     COST    RULE COST         ENDPOINT            POWER  
  --------- --------- --------- --------- --------- ------------------------- ---------
    0:00:57    6790.8      0.00       0.0    8675.5                           113986.2266
    0:01:00    6983.5      0.00       0.0    4528.6 u_ibex_core/ex_block_i/gen_multdiv_fast.multdiv_i/DP_OP_75_122_1549/net35239 115380.0234
    0:01:03    7073.3      0.00       0.0    3837.6 u_ibex_core/cs_registers_i/net44702 116941.4453
    0:01:06    7167.5      0.00       0.0    2682.6 u_ibex_core/cs_registers_i/u_mstack_epc_csr/wr_en_i 118108.9141
    0:01:06    7170.5      0.00       0.0    2611.6                           118129.1797
    0:01:08    7170.5      0.00       0.0    2611.6                           118116.6562
    0:01:08    7170.5      0.00       0.0    2611.6                           118116.6562
    0:01:08    7170.5      0.00       0.0    2611.6                           118116.6562
    0:01:08    7170.5      0.00       0.0    2611.6                           118116.6562
    0:01:08    7170.5      0.00       0.0    2611.6                           118116.6562
    0:01:08    7170.5      0.00       0.0    2611.6                           118116.6562
    0:01:08    7170.5      0.00       0.0    2611.6                           118116.6562
    0:01:08    7170.5      0.00       0.0    2611.6                           118116.6562
    0:01:08    7170.5      0.00       0.0    2611.6                           118116.6562
    0:01:08    7170.5      0.00       0.0    2611.6                           118116.6562
    0:01:10    7170.5      0.00       0.0    2611.6                           118116.6562
    0:01:10    7170.5      0.00       0.0    2611.6                           118116.6562
    0:01:10    7170.5      0.00       0.0    2611.6                           118116.6562
    0:01:10    7170.5      0.00       0.0    2611.6                           118116.6562
    0:01:10    7170.5      0.00       0.0    2611.6                           118116.6562
    0:01:10    7170.5      0.00       0.0    2611.6                           118116.6562
    0:01:10    7170.5      0.00       0.0    2611.6                           118116.6562
    0:01:10    7170.5      0.00       0.0    2611.6                           118116.6562
    0:01:10    7170.5      0.00       0.0    2611.6                           118116.6562
    0:01:11    6961.3      0.00       0.0    2611.6                           118138.1172

                                  TOTAL                                                
   ELAPSED            WORST NEG   SETUP    DESIGN                              LEAKAGE 
    TIME      AREA      SLACK     COST    RULE COST         ENDPOINT            POWER  
  --------- --------- --------- --------- --------- ------------------------- ---------
    0:01:11   20673.6      0.00       0.0    2611.6                           118138.1172
    0:01:13   20673.6      0.00       0.0    2611.6                           118138.1172
    0:01:17   20555.8      0.00       0.0    2611.6                           117616.2656
    0:01:21   20521.7      0.00       0.0    2611.6                           116761.0312
    0:01:21   20521.7      0.00       0.0    2611.6                           116761.0312
Loading db file '/mnt/hgfs/0_GP/PDK/saed14_pdk/SAED14nm_EDK_CORE_RVT_v_062020/stdcell_rvt/db_ccs/saed14rvt_ss0p72vm40c.db'
Loading db file '/mnt/hgfs/0_GP/PDK/saed14_pdk/SAED14nm_EDK_CORE_RVT_v_062020/stdcell_rvt/db_ccs/saed14rvt_ff0p88v125c.db'


Note: Symbol # after min delay cost means estimated hold TNS across all active scenarios 


  Optimization Complete
  ---------------------
Warning: Design 'ibex_top' contains 4 high-fanout nets. A fanout number of 1000 will be used for delay calculations involving these nets. (TIM-134)
     Net 'net36939': 1048 load(s), 1 driver(s)
     Net 'gen_regfile_ff.register_file_i/net42552': 1984 load(s), 1 driver(s)
     Net 'u_ibex_core/cs_registers_i/u_mstack_cause_csr/clk_i': 2018 load(s), 1 driver(s)
     Net 'u_ibex_core/cs_registers_i/u_mstack_cause_csr/rst_ni': 1657 load(s), 1 driver(s)
Information: State dependent leakage is now switched from off to on.
Information: Propagating switching activity (low effort zero delay simulation). (PWR-6)
1
