Warning: Pitch 0.074000 for layer M4 is less than sum(0.100000) of minSpacing(0.040000) and minWidth(0.060000).(saed14nm_1p9m_mw.tf line:727) (TECH-223)
Warning: Pitch 0.600000 for layer MRDL is less than sum(4.000000) of minSpacing(2.000000) and minWidth(2.000000).(saed14nm_1p9m_mw.tf line:1356) (TECH-223)
Warning: saed14nm_1p9m_mw.tf line 779, 'cutNameTbl' on Layer 'VIA4' has cut name 'VIA4BAR1' with no matching ContactCode found. (TECH-252)
Warning: Layer 'M2' is missing the attribute 'maskEndMaxWidthThresholdTbl'. (saed14nm_1p9m_mw.tf line 618) (TECH-026)
Warning: Layer 'M2' is missing the attribute 'maskEndToEndKeepoutLengthTbl'. (saed14nm_1p9m_mw.tf line 618) (TECH-026)
Warning: Layer 'M2' is missing the attribute 'maskEndToSideKeepoutLengthTbl'. (saed14nm_1p9m_mw.tf line 618) (TECH-026)
Warning: Layer 'M2' is missing the attribute 'maskEndToEndMinSpacingTbl'. (saed14nm_1p9m_mw.tf line 618) (TECH-026)
Warning: Layer 'M2' is missing the attribute 'maskEndToSideMinSpacingTbl'. (saed14nm_1p9m_mw.tf line 618) (TECH-026)
Warning: The value of the pitch attribute of layer M4 is invalid. Attribute pitch should not be less than sum of attribute minWidth and minSpacing. (saed14nm_1p9m_mw.tf line 727) (TECH-050)
Warning: The value of the pitch attribute of layer MRDL is invalid. Attribute pitch should not be less than sum of attribute minWidth and minSpacing. (saed14nm_1p9m_mw.tf line 1356) (TECH-050)
Information: ContactCode 'VIA12SQ_C' has a minimum cut spacing 0.026 that is less than the cut layer minimum spacing 0.04. (line 1667) (TECH-084)
Information: ContactCode 'VIA12BAR1_C' has a minimum cut spacing 0.026 that is less than the cut layer minimum spacing 0.04. (line 1685) (TECH-084)
Information: ContactCode 'VIA12BAR2_C' has a minimum cut spacing 0.026 that is less than the cut layer minimum spacing 0.04. (line 1704) (TECH-084)
Information: ContactCode 'VIA12LG_C' has a minimum cut spacing 0.026 that is less than the cut layer minimum spacing 0.04. (line 1723) (TECH-084)
Information: ContactCode 'VIA12SQ' has a minimum cut spacing 0.026 that is less than the cut layer minimum spacing 0.04. (line 1742) (TECH-084)
Information: ContactCode 'VIA12BAR1' has a minimum cut spacing 0.026 that is less than the cut layer minimum spacing 0.04. (line 1761) (TECH-084)
Information: ContactCode 'VIA12BAR2' has a minimum cut spacing 0.026 that is less than the cut layer minimum spacing 0.04. (line 1780) (TECH-084)
Information: ContactCode 'VIA12LG' has a minimum cut spacing 0.026 that is less than the cut layer minimum spacing 0.04. (line 1799) (TECH-084)
Information: ContactCode 'VIA1_32SQ_C' has a minimum cut spacing 0.026 that is less than the cut layer minimum spacing 0.04. (line 1818) (TECH-084)
Information: ContactCode 'VIA1_32BAR1_C' has a minimum cut spacing 0.026 that is less than the cut layer minimum spacing 0.04. (line 1837) (TECH-084)
Information: ContactCode 'VIA1_32BAR2_C' has a minimum cut spacing 0.026 that is less than the cut layer minimum spacing 0.04. (line 1856) (TECH-084)
Information: ContactCode 'VIA1_32LG_C' has a minimum cut spacing 0.026 that is less than the cut layer minimum spacing 0.04. (line 1875) (TECH-084)
Information: ContactCode 'VIA1_32SQ' has a minimum cut spacing 0.026 that is less than the cut layer minimum spacing 0.04. (line 1894) (TECH-084)
Information: ContactCode 'VIA1_32BAR1' has a minimum cut spacing 0.026 that is less than the cut layer minimum spacing 0.04. (line 1913) (TECH-084)
Information: ContactCode 'VIA1_32BAR2' has a minimum cut spacing 0.026 that is less than the cut layer minimum spacing 0.04. (line 1932) (TECH-084)
Information: ContactCode 'VIA1_32LG' has a minimum cut spacing 0.026 that is less than the cut layer minimum spacing 0.04. (line 1951) (TECH-084)
Information: ContactCode 'VIA12_3SQ_C' has a minimum cut spacing 0.026 that is less than the cut layer minimum spacing 0.04. (line 1970) (TECH-084)
Information: ContactCode 'VIA12_3BAR1_C' has a minimum cut spacing 0.026 that is less than the cut layer minimum spacing 0.04. (line 1989) (TECH-084)
Information: ContactCode 'VIA12_3BAR2_C' has a minimum cut spacing 0.026 that is less than the cut layer minimum spacing 0.04. (line 2008) (TECH-084)
Information: ContactCode 'VIA12_3LG_C' has a minimum cut spacing 0.026 that is less than the cut layer minimum spacing 0.04. (line 2027) (TECH-084)
Information: ContactCode 'VIA12_3SQ' has a minimum cut spacing 0.026 that is less than the cut layer minimum spacing 0.04. (line 2046) (TECH-084)
Information: ContactCode 'VIA12_3BAR1' has a minimum cut spacing 0.026 that is less than the cut layer minimum spacing 0.04. (line 2065) (TECH-084)
Information: ContactCode 'VIA12_3BAR2' has a minimum cut spacing 0.026 that is less than the cut layer minimum spacing 0.04. (line 2084) (TECH-084)
Information: ContactCode 'VIA12_3LG' has a minimum cut spacing 0.026 that is less than the cut layer minimum spacing 0.04. (line 2103) (TECH-084)
Information: ContactCode 'VIA1_32_3SQ_C' has a minimum cut spacing 0.026 that is less than the cut layer minimum spacing 0.04. (line 2122) (TECH-084)
Information: ContactCode 'VIA1_32_3BAR1_C' has a minimum cut spacing 0.026 that is less than the cut layer minimum spacing 0.04. (line 2141) (TECH-084)
Information: ContactCode 'VIA1_32_3BAR2_C' has a minimum cut spacing 0.026 that is less than the cut layer minimum spacing 0.04. (line 2160) (TECH-084)
Information: ContactCode 'VIA1_32_3LG_C' has a minimum cut spacing 0.026 that is less than the cut layer minimum spacing 0.04. (line 2179) (TECH-084)
Information: ContactCode 'VIA1_32_3SQ' has a minimum cut spacing 0.026 that is less than the cut layer minimum spacing 0.04. (line 2198) (TECH-084)
Information: ContactCode 'VIA1_32_3BAR1' has a minimum cut spacing 0.026 that is less than the cut layer minimum spacing 0.04. (line 2217) (TECH-084)
Information: ContactCode 'VIA1_32_3BAR2' has a minimum cut spacing 0.026 that is less than the cut layer minimum spacing 0.04. (line 2236) (TECH-084)
Information: ContactCode 'VIA1_32_3LG' has a minimum cut spacing 0.026 that is less than the cut layer minimum spacing 0.04. (line 2255) (TECH-084)
Information: ContactCode 'VIA23SQ_C' has a minimum cut spacing 0.026 that is less than the cut layer minimum spacing 0.05. (line 2275) (TECH-084)
Information: ContactCode 'VIA23BAR1_C' has a minimum cut spacing 0.026 that is less than the cut layer minimum spacing 0.05. (line 2295) (TECH-084)
Information: ContactCode 'VIA23BAR2_C' has a minimum cut spacing 0.026 that is less than the cut layer minimum spacing 0.05. (line 2314) (TECH-084)
Information: ContactCode 'VIA23LG_C' has a minimum cut spacing 0.026 that is less than the cut layer minimum spacing 0.05. (line 2333) (TECH-084)
Information: ContactCode 'VIA23SQ' has a minimum cut spacing 0.026 that is less than the cut layer minimum spacing 0.05. (line 2352) (TECH-084)
Information: ContactCode 'VIA23BAR1' has a minimum cut spacing 0.026 that is less than the cut layer minimum spacing 0.05. (line 2371) (TECH-084)
Information: ContactCode 'VIA23BAR2' has a minimum cut spacing 0.026 that is less than the cut layer minimum spacing 0.05. (line 2390) (TECH-084)
Information: ContactCode 'VIA23LG' has a minimum cut spacing 0.026 that is less than the cut layer minimum spacing 0.05. (line 2409) (TECH-084)
Information: ContactCode 'VIA2_33SQ_C' has a minimum cut spacing 0.026 that is less than the cut layer minimum spacing 0.05. (line 2428) (TECH-084)
Information: ContactCode 'VIA2_33BAR1_C' has a minimum cut spacing 0.026 that is less than the cut layer minimum spacing 0.05. (line 2447) (TECH-084)
Information: ContactCode 'VIA2_33BAR2_C' has a minimum cut spacing 0.026 that is less than the cut layer minimum spacing 0.05. (line 2466) (TECH-084)
Information: ContactCode 'VIA2_33LG_C' has a minimum cut spacing 0.026 that is less than the cut layer minimum spacing 0.05. (line 2485) (TECH-084)
Information: ContactCode 'VIA2_33SQ' has a minimum cut spacing 0.026 that is less than the cut layer minimum spacing 0.05. (line 2504) (TECH-084)
Information: ContactCode 'VIA2_33BAR1' has a minimum cut spacing 0.026 that is less than the cut layer minimum spacing 0.05. (line 2523) (TECH-084)
Information: ContactCode 'VIA2_33BAR2' has a minimum cut spacing 0.026 that is less than the cut layer minimum spacing 0.05. (line 2542) (TECH-084)
Information: ContactCode 'VIA2_33LG' has a minimum cut spacing 0.026 that is less than the cut layer minimum spacing 0.05. (line 2561) (TECH-084)
Information: ContactCode 'VIA23_3SQ_C' has a minimum cut spacing 0.026 that is less than the cut layer minimum spacing 0.05. (line 2580) (TECH-084)
Information: ContactCode 'VIA23_3BAR1_C' has a minimum cut spacing 0.026 that is less than the cut layer minimum spacing 0.05. (line 2599) (TECH-084)
Information: ContactCode 'VIA23_3BAR2_C' has a minimum cut spacing 0.026 that is less than the cut layer minimum spacing 0.05. (line 2618) (TECH-084)
Information: ContactCode 'VIA23_3LG_C' has a minimum cut spacing 0.026 that is less than the cut layer minimum spacing 0.05. (line 2637) (TECH-084)
Information: ContactCode 'VIA23_3SQ' has a minimum cut spacing 0.026 that is less than the cut layer minimum spacing 0.05. (line 2656) (TECH-084)
Information: ContactCode 'VIA23_3BAR1' has a minimum cut spacing 0.026 that is less than the cut layer minimum spacing 0.05. (line 2675) (TECH-084)
Information: ContactCode 'VIA23_3BAR2' has a minimum cut spacing 0.026 that is less than the cut layer minimum spacing 0.05. (line 2694) (TECH-084)
Information: ContactCode 'VIA23_3LG' has a minimum cut spacing 0.026 that is less than the cut layer minimum spacing 0.05. (line 2712) (TECH-084)
Information: ContactCode 'VIA2_33_3SQ_C' has a minimum cut spacing 0.026 that is less than the cut layer minimum spacing 0.05. (line 2731) (TECH-084)
Information: ContactCode 'VIA2_33_3BAR1_C' has a minimum cut spacing 0.026 that is less than the cut layer minimum spacing 0.05. (line 2750) (TECH-084)
Information: ContactCode 'VIA2_33_3BAR2_C' has a minimum cut spacing 0.026 that is less than the cut layer minimum spacing 0.05. (line 2769) (TECH-084)
Information: ContactCode 'VIA2_33_3LG_C' has a minimum cut spacing 0.026 that is less than the cut layer minimum spacing 0.05. (line 2788) (TECH-084)
Information: ContactCode 'VIA2_33_3SQ' has a minimum cut spacing 0.026 that is less than the cut layer minimum spacing 0.05. (line 2807) (TECH-084)
Information: ContactCode 'VIA2_33_3BAR1' has a minimum cut spacing 0.026 that is less than the cut layer minimum spacing 0.05. (line 2826) (TECH-084)
Information: ContactCode 'VIA2_33_3BAR2' has a minimum cut spacing 0.026 that is less than the cut layer minimum spacing 0.05. (line 2845) (TECH-084)
Information: ContactCode 'VIA2_33_3LG' has a minimum cut spacing 0.026 that is less than the cut layer minimum spacing 0.05. (line 2864) (TECH-084)
Information: Loading technology file '/mnt/hgfs/lowRisc_ASIC_ITIGP/PnR/PDK/saed14nm_1p9m_mw.tf' (FILE-007)
Warning: Technology used to create frame-view and current technology have inconsistency: Min spacings are different for layer 'M1'. (FRAM-054)
Warning: Technology 'saed14rvt_1p9m.tf' used for frame-view creation in library 'saed14hvt', is inconsistent with the current technology 'saed14nm_1p9m_mw.tf' of library "ibex_hvt'. (NDM-102)
{ibex_hvt}
