****************************************
Report : timing
        -path_type full
        -delay_type max
        -max_paths 1
        -report_by design
Design : ibex_wrapper
Version: O-2018.06-SP1
Date   : Mon Jun 16 23:29:41 2025
****************************************

  Startpoint: ibex_top_inst/u_ibex_core/if_stage_i/instr_rdata_id_o_reg[20] (rising edge-triggered flip-flop clocked by cluster_clock_gating)
  Endpoint: instr_addr_o[8] (output port clocked by cluster_clock_gating)
  Mode: Func
  Corner: Slow
  Scenario: Func_Slow
  Path Group: cluster_clock_gating
  Path Type: max

  Point                                            Incr      Path  
  ------------------------------------------------------------------------
  clock cluster_clock_gating (rise edge)           0.00      0.00
  clock network delay (ideal)                      0.00      0.00

  ibex_top_inst/u_ibex_core/if_stage_i/instr_rdata_id_o_reg[20]/CK (SAEDHVT14_FDPQ_V3_2)
                                                   0.00      0.00 r
  ibex_top_inst/u_ibex_core/if_stage_i/instr_rdata_id_o_reg[20]/Q (SAEDHVT14_FDPQ_V3_2)
                                                   0.08      0.08 f
  U6166/X (SAEDHVT14_INV_2)                        0.04      0.11 r
  U6167/X (SAEDHVT14_INV_2)                        0.06      0.17 f
  ibex_top_inst/gen_regfile_ff.register_file_i/U356/X (SAEDHVT14_AN2_MM_2)
                                                   0.06      0.23 f
  ibex_top_inst/gen_regfile_ff.register_file_i/U380/X (SAEDHVT14_AN2_2)
                                                   0.13      0.36 f
  ibex_top_inst/gen_regfile_ff.register_file_i/U2466/X (SAEDHVT14_ND2_CDC_2)
                                                   0.07      0.43 r
  ibex_top_inst/gen_regfile_ff.register_file_i/U2469/X (SAEDHVT14_AN4_2)
                                                   0.06      0.48 r
  ibex_top_inst/gen_regfile_ff.register_file_i/U2485/X (SAEDHVT14_AN4_2)
                                                   0.03      0.52 r
  ibex_top_inst/gen_regfile_ff.register_file_i/U2486/X (SAEDHVT14_ND4_2)
                                                   0.07      0.58 f
  U5561/X (SAEDHVT14_MUX2_2)                       0.11      0.70 f
  U7118/X (SAEDHVT14_ND2_CDC_2)                    0.08      0.78 r
  U5039/X (SAEDHVT14_ND3_2)                        0.07      0.85 f
  U4586/X (SAEDHVT14_MUXI2_2)                      0.05      0.90 r
  U7120/X (SAEDHVT14_ND2_CDC_2)                    0.01      0.91 f
  U7277/CO (SAEDHVT14_ADDF_V2_2)                   0.03      0.93 f
  U7276/CO (SAEDHVT14_ADDF_V2_2)                   0.03      0.96 f
  U7147/CO (SAEDHVT14_ADDF_V2_2)                   0.03      0.99 f
  U7146/CO (SAEDHVT14_ADDF_V2_2)                   0.02      1.01 f
  U7145/CO (SAEDHVT14_ADDF_V2_2)                   0.03      1.04 f
  U7144/CO (SAEDHVT14_ADDF_V2_2)                   0.02      1.06 f
  U7143/CO (SAEDHVT14_ADDF_V2_2)                   0.02      1.08 f
  U7142/CO (SAEDHVT14_ADDF_V2_2)                   0.03      1.11 f
  U7141/CO (SAEDHVT14_ADDF_V2_2)                   0.03      1.13 f
  U7140/CO (SAEDHVT14_ADDF_V2_2)                   0.03      1.16 f
  U7139/CO (SAEDHVT14_ADDF_V2_2)                   0.03      1.19 f
  U7138/CO (SAEDHVT14_ADDF_V2_2)                   0.02      1.21 f
  U7137/CO (SAEDHVT14_ADDF_V2_2)                   0.02      1.23 f
  U7136/CO (SAEDHVT14_ADDF_V2_2)                   0.02      1.26 f
  U7135/CO (SAEDHVT14_ADDF_V2_2)                   0.02      1.28 f
  U7134/CO (SAEDHVT14_ADDF_V2_2)                   0.02      1.31 f
  U7133/CO (SAEDHVT14_ADDF_V2_2)                   0.03      1.33 f
  U7132/CO (SAEDHVT14_ADDF_V2_2)                   0.03      1.36 f
  U7131/CO (SAEDHVT14_ADDF_V2_2)                   0.02      1.38 f
  U7130/CO (SAEDHVT14_ADDF_V2_2)                   0.03      1.41 f
  U7129/CO (SAEDHVT14_ADDF_V2_2)                   0.03      1.43 f
  U7128/CO (SAEDHVT14_ADDF_V2_2)                   0.03      1.46 f
  U7127/CO (SAEDHVT14_ADDF_V2_2)                   0.03      1.49 f
  U7126/CO (SAEDHVT14_ADDF_V2_2)                   0.03      1.51 f
  U7125/CO (SAEDHVT14_ADDF_V2_2)                   0.03      1.54 f
  U7124/CO (SAEDHVT14_ADDF_V2_2)                   0.02      1.56 f
  U7123/CO (SAEDHVT14_ADDF_V2_2)                   0.02      1.59 f
  U7122/CO (SAEDHVT14_ADDF_V2_2)                   0.03      1.61 f
  U7121/CO (SAEDHVT14_ADDF_V2_2)                   0.03      1.64 f
  U7156/CO (SAEDHVT14_ADDF_V2_2)                   0.02      1.67 f
  U7157/CO (SAEDHVT14_ADDF_V2_2)                   0.02      1.69 f
  U5726/X (SAEDHVT14_EO3_4)                        0.10      1.80 f
  U7316/X (SAEDHVT14_OR4_2)                        0.07      1.87 f
  U7318/X (SAEDHVT14_OR4_2)                        0.04      1.91 f
  U7319/X (SAEDHVT14_OR4_2)                        0.04      1.95 f
  U6435/X (SAEDHVT14_INV_2)                        0.04      1.99 r
  U5326/X (SAEDHVT14_ND2_CDC_2)                    0.04      2.03 f
  U7324/X (SAEDHVT14_OR3_2)                        0.03      2.06 f
  U5761/X (SAEDHVT14_ND2_CDC_2)                    0.01      2.07 r
  U7329/X (SAEDHVT14_OR2_MM_2)                     0.02      2.09 r
  U7330/X (SAEDHVT14_ND2_CDC_2)                    0.01      2.11 f
  U5566/X (SAEDHVT14_ND2_CDC_2)                    0.01      2.12 r
  U7332/X (SAEDHVT14_ND2_CDC_2)                    0.02      2.14 f
  U6034/X (SAEDHVT14_AN3_2)                        0.03      2.16 f
  U6035/X (SAEDHVT14_ND4_2)                        0.07      2.23 r
  U5007/X (SAEDHVT14_AN4_2)                        0.06      2.30 r
  U5180/X (SAEDHVT14_ND2_CDC_2)                    0.05      2.34 f
  PLACE_HFSINV_744_187/X (SAEDHVT14_INV_3)         0.06      2.40 r
  U6376/X (SAEDHVT14_ND2_CDC_2)                    0.04      2.44 f
  U5373/X (SAEDHVT14_AN4_2)                        0.03      2.48 f
  U6429/X (SAEDHVT14_ND2_CDC_2)                    0.03      2.50 r
  U5446/X (SAEDHVT14_OR2_MM_2)                     0.04      2.54 r
  U5737/X (SAEDHVT14_MUX2_2)                       0.05      2.60 r
  instr_addr_o[8] (out)                            0.00      2.60 r
  data arrival time                                          2.60

  clock cluster_clock_gating (rise edge)           6.25      6.25
  clock network delay (ideal)                      0.00      6.25
  clock uncertainty                               -0.20      6.05
  output external delay                           -0.70      5.35
  data required time                                         5.35
  ------------------------------------------------------------------------
  data required time                                         5.35
  data arrival time                                         -2.60
  ------------------------------------------------------------------------
  slack (MET)                                                2.75


1
