****************************************
Report : qor
Design : ibex_wrapper
Version: O-2018.06-SP1
Date   : Mon Jun 16 23:29:42 2025
****************************************


Scenario           'Func_Slow'
Timing Path Group  'clk_i'
----------------------------------------
Levels of Logic:                      0
Critical Path Length:              0.08
Critical Path Slack:               2.85
Critical Path Clk Period:          6.25
Total Negative Slack:              0.00
No. of Violating Paths:               0
Worst Hold Violation:             -0.08
Total Hold Violation:             -0.25
No. of Hold Violations:               4
----------------------------------------

Scenario           'Func_Slow'
Timing Path Group  'cluster_clock_gating'
----------------------------------------
Levels of Logic:                     66
Critical Path Length:              2.60
Critical Path Slack:               2.75
Critical Path Clk Period:          6.25
Total Negative Slack:              0.00
No. of Violating Paths:               0
Worst Hold Violation:             -0.10
Total Hold Violation:           -168.09
No. of Hold Violations:            2018
----------------------------------------


Cell Count
----------------------------------------
Hierarchical Cell Count:              2
Hierarchical Port Count:            843
Leaf Cell Count:                  16842
Buf/Inv Cell Count:                 852
Buf Cell Count:                     120
Inv Cell Count:                     732
CT Buf/Inv Cell Count:                0
Combinational Cell Count:         14822
Sequential Cell Count:             2020
Macro Count:                          0
----------------------------------------


Area
----------------------------------------
Combinational Area:             6505.13
Noncombinational Area:          2195.49
Buf/Inv Area:                    208.15
Total Buffer Area:                43.16
Total Inverter Area:             164.99
Macro/Black Box Area:              0.00
Net Area:                             0
Net XLength:                       0.00
Net YLength:                       0.00
----------------------------------------
Cell Area (netlist):                           8700.62
Cell Area (netlist and physical only):         9577.08
Net Length:                        0.00


Design Rules
----------------------------------------
Total Number of Nets:             17811
Nets with Violations:                 0
Max Trans Violations:                 0
Max Cap Violations:                   0
----------------------------------------

1
