Warning: Can't find object 'core_busy_q_reg[0]/clear' in design 'ibex_top'. (UID-95)
Warning: Can't find object 'core_busy_q_reg[0]/preset' in design 'ibex_top'. (UID-95)
Warning: Can't find object 'core_busy_q_reg[0]/next_state' in design 'ibex_top'. (UID-95)
Warning: Can't find object 'core_busy_q_reg[0]/clocked_on' in design 'ibex_top'. (UID-95)
Warning: Can't find object 'core_busy_q_reg[0]/data_in' in design 'ibex_top'. (UID-95)
Warning: Can't find object 'core_busy_q_reg[0]/enable' in design 'ibex_top'. (UID-95)
Warning: Can't find object 'core_busy_q_reg[0]/Q' in design 'ibex_top'. (UID-95)
Warning: Can't find object 'core_busy_q_reg[0]/QN' in design 'ibex_top'. (UID-95)
Warning: Can't find object 'core_busy_q_reg[0]/synch_clear' in design 'ibex_top'. (UID-95)
Warning: Can't find object 'core_busy_q_reg[0]/synch_preset' in design 'ibex_top'. (UID-95)
Warning: Can't find object 'core_busy_q_reg[0]/synch_toggle' in design 'ibex_top'. (UID-95)
Warning: Can't find object 'core_busy_q_reg[0]/synch_enable' in design 'ibex_top'. (UID-95)
Warning: Can't find object 'U1/**logic_1**' in design 'ibex_top'. (UID-95)
Warning: Can't find object 'U2/**logic_0**' in design 'ibex_top'. (UID-95)
Warning: Can't find object 'I_0/A' in design 'ibex_top'. (UID-95)
Warning: Can't find object 'I_0/Z' in design 'ibex_top'. (UID-95)
Warning: Can't find object 'C27/A' in design 'ibex_top'. (UID-95)
Warning: Can't find object 'C27/B' in design 'ibex_top'. (UID-95)
Warning: Can't find object 'C27/Z' in design 'ibex_top'. (UID-95)
Warning: Can't find object 'C28/A' in design 'ibex_top'. (UID-95)
Warning: Can't find object 'C28/B' in design 'ibex_top'. (UID-95)
Warning: Can't find object 'C28/Z' in design 'ibex_top'. (UID-95)
Warning: Can't find object 'C29/A' in design 'ibex_top'. (UID-95)
Warning: Can't find object 'C29/B' in design 'ibex_top'. (UID-95)
Warning: Can't find object 'C29/Z' in design 'ibex_top'. (UID-95)
Warning: Can't find object 'I_1/A' in design 'ibex_top'. (UID-95)
Warning: Can't find object 'I_1/Z' in design 'ibex_top'. (UID-95)
Warning: Can't find object 'C31/A' in design 'ibex_top'. (UID-95)
Warning: Can't find object 'C31/B' in design 'ibex_top'. (UID-95)
Warning: Can't find object 'C31/Z' in design 'ibex_top'. (UID-95)
Warning: Can't find object 'C32/A' in design 'ibex_top'. (UID-95)
Warning: Can't find object 'C32/B' in design 'ibex_top'. (UID-95)
Warning: Can't find object 'C32/Z' in design 'ibex_top'. (UID-95)
Warning: Can't find object 'C34/A' in design 'ibex_top'. (UID-95)
Warning: Can't find object 'C34/B' in design 'ibex_top'. (UID-95)
Warning: Can't find object 'C34/Z' in design 'ibex_top'. (UID-95)
Warning: Can't find object 'C35/A' in design 'ibex_top'. (UID-95)
Warning: Can't find object 'C35/B' in design 'ibex_top'. (UID-95)
Warning: Can't find object 'C35/Z' in design 'ibex_top'. (UID-95)
Warning: Can't find object 'C36/A' in design 'ibex_top'. (UID-95)
Warning: Can't find object 'C36/B' in design 'ibex_top'. (UID-95)
Warning: Can't find object 'C36/Z' in design 'ibex_top'. (UID-95)
Warning: Can't find object 'C37/A' in design 'ibex_top'. (UID-95)
Warning: Can't find object 'C37/B' in design 'ibex_top'. (UID-95)
Warning: Can't find object 'C37/Z' in design 'ibex_top'. (UID-95)
Warning: Can't find object 'C38/A' in design 'ibex_top'. (UID-95)
Warning: Can't find object 'C38/B' in design 'ibex_top'. (UID-95)
Warning: Can't find object 'C38/Z' in design 'ibex_top'. (UID-95)
