
                      IC Compiler II Library Manager (TM)

             Version O-2018.06-SP1 for linux64 - Jul 17, 2018 -SLE

                    Copyright (c) 1988 - 2018 Synopsys, Inc.
   This software and the associated documentation are proprietary to Synopsys,
 Inc. This software may only be used in accordance with the terms and conditions
 of a written license agreement with Synopsys, Inc. All other use, reproduction,
            or distribution of this software is strictly prohibited.

#icc2_lm_shell -f create_stdcell_ndm.tcl | tee create_stdcell_ndm.log
# ------- specify db files ------------#
puts "############################"
############################
puts "##########  NDM  ###########"
##########  NDM  ###########
puts "############################"
############################
set vt "HVT" 
HVT
if { $vt == "HVT" } {
	set STDCELL_PATH "/mnt/hgfs/stdcell_hvt/"
	set LIBNAME "saed14hvt"
} elseif {$vt == "RVT"} {
	set STDCELL_PATH "/mnt/hgfs/stdcell_hvt"
	set LIBNAME "saed14rvt"
}
saed14hvt
set LIBMODEL "db_nldm"
db_nldm
set PVT "ss0p72vm40c ff0p88v125c tt0p8v25c"
ss0p72vm40c ff0p88v125c tt0p8v25c
sh mkdir -p LOG
sh mkdir -p REPORT
sh rm -rf LOG/${LIBNAME}*
sh rm -rf REPORT/${LIBNAME}*
# --------- create workspace ----------#
create_workspace -flow normal ${LIBNAME} > LOG/${LIBNAME}_create_workspace.log
# --------- read frame only -----------#
read_ndm ${STDCELL_PATH}/ndm/${LIBNAME}_frame_only.ndm > LOG/${LIBNAME}_read_ndm.log
# ---------- read db files ------------#
foreach pvtCorner $PVT {
	set processLabel [lindex [split $pvtCorner 0] 0]
	read_db -process_label $processLabel ${STDCELL_PATH}/${LIBMODEL}/${LIBNAME}_${pvtCorner}.db >> LOG/${LIBNAME}_read_db.log
}
# --------- checks $ reports ----------#
check_workspace -allow_missing > REPORT/${LIBNAME}_check_workspace.rpt
report_workspace -panes > REPORT/${LIBNAME}_report_workspace.rpt
# --------- commit workspace ----------#
commit_workspace -force > LOG/${LIBNAME}_commit_workspace.log
# ------- check the final ndm ---------#
open_lib ${LIBNAME}.ndm > LOG/${LIBNAME}_open_lib.log
report_lib ${LIBNAME} > REPORT/${LIBNAME}_report_lib.rpt
# -------------- quit -----------------#
puts "############################"
############################
puts "######  End of NDM  ########"
######  End of NDM  ########
puts "############################"
############################
quit
Maximum memory usage for this session: 645.52 MB
CPU usage for this session:     17 seconds (  0.00 hours)
Elapsed time for this session:     31 seconds (  0.01 hours)
Thank you for using IC Compiler II Library Manager.
