**************************************************
Report         : failing_points

Reference      : r:/WORK/ibex_top
Implementation : Imp:/WORK/ibex_top
Version        : L-2016.03-SP1
Date           : Thu May  1 19:17:37 2025
**************************************************

20 Failing compare points (20 matched, 0 unmatched):

  Ref  DFF        r:/WORK/ibex_top/u_ibex_core/id_stage_i/imd_val_q_reg[0][0]
  Impl DFF        Imp:/WORK/ibex_top/u_ibex_core/id_stage_i/imd_val_q_reg[0][0]

  Ref  DFF        r:/WORK/ibex_top/u_ibex_core/id_stage_i/imd_val_q_reg[0][1]
  Impl DFF        Imp:/WORK/ibex_top/u_ibex_core/id_stage_i/imd_val_q_reg[0][1]

  Ref  DFF        r:/WORK/ibex_top/u_ibex_core/id_stage_i/imd_val_q_reg[0][2]
  Impl DFF        Imp:/WORK/ibex_top/u_ibex_core/id_stage_i/imd_val_q_reg[0][2]

  Ref  DFF        r:/WORK/ibex_top/u_ibex_core/wb_stage_i/g_writeback_stage.rf_wdata_wb_q_reg[10]
  Impl DFF        Imp:/WORK/ibex_top/u_ibex_core/wb_stage_i/g_writeback_stage.rf_wdata_wb_q_reg[10]

  Ref  DFF        r:/WORK/ibex_top/u_ibex_core/wb_stage_i/g_writeback_stage.rf_wdata_wb_q_reg[11]
  Impl DFF        Imp:/WORK/ibex_top/u_ibex_core/wb_stage_i/g_writeback_stage.rf_wdata_wb_q_reg[11]

  Ref  DFF        r:/WORK/ibex_top/u_ibex_core/wb_stage_i/g_writeback_stage.rf_wdata_wb_q_reg[12]
  Impl DFF        Imp:/WORK/ibex_top/u_ibex_core/wb_stage_i/g_writeback_stage.rf_wdata_wb_q_reg[12]

  Ref  DFF        r:/WORK/ibex_top/u_ibex_core/wb_stage_i/g_writeback_stage.rf_wdata_wb_q_reg[13]
  Impl DFF        Imp:/WORK/ibex_top/u_ibex_core/wb_stage_i/g_writeback_stage.rf_wdata_wb_q_reg[13]

  Ref  DFF        r:/WORK/ibex_top/u_ibex_core/wb_stage_i/g_writeback_stage.rf_wdata_wb_q_reg[14]
  Impl DFF        Imp:/WORK/ibex_top/u_ibex_core/wb_stage_i/g_writeback_stage.rf_wdata_wb_q_reg[14]

  Ref  DFF        r:/WORK/ibex_top/u_ibex_core/wb_stage_i/g_writeback_stage.rf_wdata_wb_q_reg[15]
  Impl DFF        Imp:/WORK/ibex_top/u_ibex_core/wb_stage_i/g_writeback_stage.rf_wdata_wb_q_reg[15]

  Ref  DFF        r:/WORK/ibex_top/u_ibex_core/wb_stage_i/g_writeback_stage.rf_wdata_wb_q_reg[16]
  Impl DFF        Imp:/WORK/ibex_top/u_ibex_core/wb_stage_i/g_writeback_stage.rf_wdata_wb_q_reg[16]

  Ref  DFF        r:/WORK/ibex_top/u_ibex_core/wb_stage_i/g_writeback_stage.rf_wdata_wb_q_reg[17]
  Impl DFF        Imp:/WORK/ibex_top/u_ibex_core/wb_stage_i/g_writeback_stage.rf_wdata_wb_q_reg[17]

  Ref  DFF        r:/WORK/ibex_top/u_ibex_core/wb_stage_i/g_writeback_stage.rf_wdata_wb_q_reg[1]
  Impl DFF        Imp:/WORK/ibex_top/u_ibex_core/wb_stage_i/g_writeback_stage.rf_wdata_wb_q_reg[1]

  Ref  DFF        r:/WORK/ibex_top/u_ibex_core/wb_stage_i/g_writeback_stage.rf_wdata_wb_q_reg[2]
  Impl DFF        Imp:/WORK/ibex_top/u_ibex_core/wb_stage_i/g_writeback_stage.rf_wdata_wb_q_reg[2]

  Ref  DFF        r:/WORK/ibex_top/u_ibex_core/wb_stage_i/g_writeback_stage.rf_wdata_wb_q_reg[3]
  Impl DFF        Imp:/WORK/ibex_top/u_ibex_core/wb_stage_i/g_writeback_stage.rf_wdata_wb_q_reg[3]

  Ref  DFF        r:/WORK/ibex_top/u_ibex_core/wb_stage_i/g_writeback_stage.rf_wdata_wb_q_reg[4]
  Impl DFF        Imp:/WORK/ibex_top/u_ibex_core/wb_stage_i/g_writeback_stage.rf_wdata_wb_q_reg[4]

  Ref  DFF        r:/WORK/ibex_top/u_ibex_core/wb_stage_i/g_writeback_stage.rf_wdata_wb_q_reg[5]
  Impl DFF        Imp:/WORK/ibex_top/u_ibex_core/wb_stage_i/g_writeback_stage.rf_wdata_wb_q_reg[5]

  Ref  DFF        r:/WORK/ibex_top/u_ibex_core/wb_stage_i/g_writeback_stage.rf_wdata_wb_q_reg[6]
  Impl DFF        Imp:/WORK/ibex_top/u_ibex_core/wb_stage_i/g_writeback_stage.rf_wdata_wb_q_reg[6]

  Ref  DFF        r:/WORK/ibex_top/u_ibex_core/wb_stage_i/g_writeback_stage.rf_wdata_wb_q_reg[7]
  Impl DFF        Imp:/WORK/ibex_top/u_ibex_core/wb_stage_i/g_writeback_stage.rf_wdata_wb_q_reg[7]

  Ref  DFF        r:/WORK/ibex_top/u_ibex_core/wb_stage_i/g_writeback_stage.rf_wdata_wb_q_reg[8]
  Impl DFF        Imp:/WORK/ibex_top/u_ibex_core/wb_stage_i/g_writeback_stage.rf_wdata_wb_q_reg[8]

  Ref  DFF        r:/WORK/ibex_top/u_ibex_core/wb_stage_i/g_writeback_stage.rf_wdata_wb_q_reg[9]
  Impl DFF        Imp:/WORK/ibex_top/u_ibex_core/wb_stage_i/g_writeback_stage.rf_wdata_wb_q_reg[9]

 [BBNet: multiply-driven net
  BBPin: black-box pin
  Cut:   cut-point
  DFF:   non-constant DFF register
  DFF0:  constant 0 DFF register
  DFF1:  constant 1 DFF register
  DFFX:  constant X DFF register
  DFF0X: constrained 0X DFF register
  DFF1X: constrained 1X DFF register
  LAT:   non-constant latch register
  LAT0:  constant 0 latch register
  LAT1:  constant 1 latch register
  LATX:  constant X latch register
  LAT0X: constrained 0X latch register
  LAT1X: constrained 1X latch register
  LATCG: clock-gating latch register
  TLA:   transparent latch register
  TLA0X: transparent constrained 0X latch register
  TLA1X: transparent constrained 1X latch register
  Loop:  cycle break point
  Port:  primary (top-level) port
  Und:   undriven signal cut-point
  Unk:   unknown signal cut-point]

1
