
Running global router for congestion map ...
Info: Set app option 'route.global.deterministic' to on

Start Global Route ... 
[Init] Elapsed real time: 0:00:00 
[Init] Elapsed cpu  time: sys=0:00:00 usr=0:00:00 total=0:00:00
[Init] Stage (MB): Used    0  Alloctr    0  Proc    0 
[Init] Total (MB): Used    5  Alloctr    5  Proc 1748 
Printing options for 'route.common.*'

Printing options for 'route.global.*'
global.deterministic                                    :	 on                  

Begin global routing.
Warning: Cell contains tie connections which are not connected to real PG. (ZRT-511)
Turn off antenna since no rule is specified
Cell Min-Routing-Layer = M1
Cell Max-Routing-Layer = MRDL
Warning: Ignore 11 top cell ports with no pins. (ZRT-027)
Info: number of net_type_blockage: 0 
Via on layer (VIA1) needs more than one tracks
Warning: Layer M1 pitch 0.074 may be too small: wire/via-down 0.074, wire/via-up 0.098. (ZRT-026)
Via on layer (VIA1) needs more than one tracks
Warning: Layer M2 pitch 0.060 may be too small: wire/via-down 0.098, wire/via-up 0.060. (ZRT-026)
Via on layer (VIA3) needs more than one tracks
Warning: Layer M3 pitch 0.074 may be too small: wire/via-down 0.060, wire/via-up 0.080. (ZRT-026)
Wire on layer (M4) needs more than one tracks
Via on layer (VIA3) needs more than one tracks
Via on layer (VIA4) needs more than one tracks
Warning: Layer M4 pitch 0.074 may be too small: wire/via-down 0.107, wire/via-up 0.105. (ZRT-026)
Via on layer (VIA4) needs more than one tracks
Warning: Layer M5 pitch 0.120 may be too small: wire/via-down 0.135, wire/via-up 0.107. (ZRT-026)
Via on layer (VIA8) needs more than one tracks
Warning: Layer M8 pitch 0.120 may be too small: wire/via-down 0.107, wire/via-up 0.135. (ZRT-026)
Wire on layer (M9) needs more than one tracks
Via on layer (VIA8) needs more than one tracks
Via on layer (VIARDL) needs more than one tracks
Warning: Layer M9 pitch 0.120 may be too small: wire/via-down 0.135, wire/via-up 1.570. (ZRT-026)
Via on layer (VIARDL) needs more than one tracks
Warning: Layer MRDL pitch 0.600 may be too small: wire/via-down 4.500, wire/via-up 0.600. (ZRT-026)
Transition layer name: M3(2)
Warning: Standard cell pin SAEDHVT14_FSDPQ_V2LP_2/Q has no valid via regions. (ZRT-044)
Warning: Standard cell pin SAEDHVT14_NR3B_2/B2 has no valid via regions. (ZRT-044)
Warning: Standard cell pin SAEDHVT14_NR2_2/A1 has no valid via regions. (ZRT-044)
Warning: Standard cell pin SAEDHVT14_NR2_2/X has no valid via regions. (ZRT-044)
Current Stage stats:
[End of Read DB] Elapsed real time: 0:00:00 
[End of Read DB] Elapsed cpu  time: sys=0:00:00 usr=0:00:00 total=0:00:00
[End of Read DB] Stage (MB): Used   97  Alloctr   97  Proc    0 
[End of Read DB] Total (MB): Used  102  Alloctr  103  Proc 1748 
Constructing data structure ...
Design statistics:
Design Bounding Box (-18.00,-18.00,178.00,178.00)
Number of routing layers = 10
layer M1, dir Ver, min width = 0.03, min space = 0.03 pitch = 0.07
layer M2, dir Hor, min width = 0.03, min space = 0.03 pitch = 0.06
layer M3, dir Ver, min width = 0.03, min space = 0.03 pitch = 0.07
layer M4, dir Hor, min width = 0.06, min space = 0.04 pitch = 0.07
layer M5, dir Ver, min width = 0.06, min space = 0.04 pitch = 0.12
layer M6, dir Hor, min width = 0.06, min space = 0.04 pitch = 0.12
layer M7, dir Ver, min width = 0.06, min space = 0.04 pitch = 0.12
layer M8, dir Hor, min width = 0.06, min space = 0.04 pitch = 0.12
layer M9, dir Ver, min width = 0.06, min space = 0.04 pitch = 0.12
layer MRDL, dir Hor, min width = 2.00, min space = 2.00 pitch = 0.60
Current Stage stats:
[End of Build Tech Data] Elapsed real time: 0:00:00 
[End of Build Tech Data] Elapsed cpu  time: sys=0:00:00 usr=0:00:00 total=0:00:00
[End of Build Tech Data] Stage (MB): Used    2  Alloctr    2  Proc    0 
[End of Build Tech Data] Total (MB): Used  104  Alloctr  105  Proc 1748 
Net statistics:
Total number of nets     = 18015
Number of nets to route  = 17780
Number of single or zero port nets = 233
2 nets are fully connected,
 of which 2 are detail routed and 0 are global routed.
Current Stage stats:
[End of Build All Nets] Elapsed real time: 0:00:00 
[End of Build All Nets] Elapsed cpu  time: sys=0:00:00 usr=0:00:00 total=0:00:00
[End of Build All Nets] Stage (MB): Used    6  Alloctr    6  Proc    0 
[End of Build All Nets] Total (MB): Used  111  Alloctr  112  Proc 1748 
Average gCell capacity  2.71	 on layer (1)	 M1
Average gCell capacity  9.31	 on layer (2)	 M2
Average gCell capacity  6.97	 on layer (3)	 M3
Average gCell capacity  8.01	 on layer (4)	 M4
Average gCell capacity  4.94	 on layer (5)	 M5
Average gCell capacity  4.93	 on layer (6)	 M6
Average gCell capacity  4.89	 on layer (7)	 M7
Average gCell capacity  2.84	 on layer (8)	 M8
Average gCell capacity  2.84	 on layer (9)	 M9
Average gCell capacity  0.99	 on layer (10)	 MRDL
Average number of tracks per gCell 8.10	 on layer (1)	 M1
Average number of tracks per gCell 9.99	 on layer (2)	 M2
Average number of tracks per gCell 8.10	 on layer (3)	 M3
Average number of tracks per gCell 8.10	 on layer (4)	 M4
Average number of tracks per gCell 5.00	 on layer (5)	 M5
Average number of tracks per gCell 5.00	 on layer (6)	 M6
Average number of tracks per gCell 5.00	 on layer (7)	 M7
Average number of tracks per gCell 5.00	 on layer (8)	 M8
Average number of tracks per gCell 5.00	 on layer (9)	 M9
Average number of tracks per gCell 1.00	 on layer (10)	 MRDL
Number of gCells = 1069290
Current Stage stats:
[End of Build Congestion map] Elapsed real time: 0:00:00 
[End of Build Congestion map] Elapsed cpu  time: sys=0:00:00 usr=0:00:00 total=0:00:00
[End of Build Congestion map] Stage (MB): Used   10  Alloctr   11  Proc    0 
[End of Build Congestion map] Total (MB): Used  122  Alloctr  123  Proc 1748 
Total stats:
[End of Build Data] Elapsed real time: 0:00:00 
[End of Build Data] Elapsed cpu  time: sys=0:00:00 usr=0:00:00 total=0:00:00
[End of Build Data] Stage (MB): Used   19  Alloctr   19  Proc    0 
[End of Build Data] Total (MB): Used  122  Alloctr  123  Proc 1748 
Current Stage stats:
[End of Blocked Pin Detection] Elapsed real time: 0:00:00 
[End of Blocked Pin Detection] Elapsed cpu  time: sys=0:00:00 usr=0:00:00 total=0:00:00
[End of Blocked Pin Detection] Stage (MB): Used    0  Alloctr    0  Proc    0 
[End of Blocked Pin Detection] Total (MB): Used  122  Alloctr  123  Proc 1748 
Information: Using 1 threads for routing. (ZRT-444)
multi gcell levels ON

Start GR phase 0
10% of nets complete Elapsed cpu time: 0:00:00 Elapsed real time: 0:00:00
20% of nets complete Elapsed cpu time: 0:00:00 Elapsed real time: 0:00:00
30% of nets complete Elapsed cpu time: 0:00:00 Elapsed real time: 0:00:00
40% of nets complete Elapsed cpu time: 0:00:00 Elapsed real time: 0:00:00
50% of nets complete Elapsed cpu time: 0:00:00 Elapsed real time: 0:00:00
60% of nets complete Elapsed cpu time: 0:00:00 Elapsed real time: 0:00:00
70% of nets complete Elapsed cpu time: 0:00:00 Elapsed real time: 0:00:00
80% of nets complete Elapsed cpu time: 0:00:00 Elapsed real time: 0:00:00
90% of nets complete Elapsed cpu time: 0:00:00 Elapsed real time: 0:00:00
Current Stage stats:
[End of Initial Routing] Elapsed real time: 0:00:01 
[End of Initial Routing] Elapsed cpu  time: sys=0:00:00 usr=0:00:01 total=0:00:01
[End of Initial Routing] Stage (MB): Used    9  Alloctr    9  Proc    0 
[End of Initial Routing] Total (MB): Used  131  Alloctr  132  Proc 1748 
Initial. Routing result:
Initial. Both Dirs: Overflow =  1526 Max = 7 GRCs =  2224 (1.04%)
Initial. H routing: Overflow =   287 Max = 3 (GRCs =  3) GRCs =   499 (0.47%)
Initial. V routing: Overflow =  1239 Max = 7 (GRCs =  1) GRCs =  1725 (1.61%)
Initial. M1         Overflow =     0 Max = 0 (GRCs =  0) GRCs =     0 (0.00%)
Initial. M2         Overflow =   238 Max = 3 (GRCs =  2) GRCs =   424 (0.40%)
Initial. M3         Overflow =  1228 Max = 7 (GRCs =  1) GRCs =  1688 (1.58%)
Initial. M4         Overflow =    48 Max = 3 (GRCs =  1) GRCs =    75 (0.07%)
Initial. M5         Overflow =    10 Max = 1 (GRCs = 37) GRCs =    37 (0.03%)
Initial. M6         Overflow =     0 Max = 0 (GRCs =  0) GRCs =     0 (0.00%)
Initial. M7         Overflow =     0 Max = 0 (GRCs =  0) GRCs =     0 (0.00%)
Initial. M8         Overflow =     0 Max = 0 (GRCs =  0) GRCs =     0 (0.00%)
Initial. M9         Overflow =     0 Max = 0 (GRCs =  0) GRCs =     0 (0.00%)
Initial. MRDL       Overflow =     0 Max = 0 (GRCs =  0) GRCs =     0 (0.00%)

Initial. Total Wire Length = 247956.62
Initial. Layer M1 wire length = 40.05
Initial. Layer M2 wire length = 97287.19
Initial. Layer M3 wire length = 97402.69
Initial. Layer M4 wire length = 22798.50
Initial. Layer M5 wire length = 21215.59
Initial. Layer M6 wire length = 5622.16
Initial. Layer M7 wire length = 3462.26
Initial. Layer M8 wire length = 128.18
Initial. Layer M9 wire length = 0.00
Initial. Layer MRDL wire length = 0.00
Initial. Total Number of Contacts = 115221
Initial. Via VIA12SQ_C count = 45322
Initial. Via VIA23SQ_C count = 64940
Initial. Via VIA34SQ_C count = 2819
Initial. Via VIA45SQ count = 1263
Initial. Via VIA56SQ count = 510
Initial. Via VIA67SQ_C count = 347
Initial. Via VIA78SQ_C count = 18
Initial. Via VIA89_C count = 2
Initial. Via VIA9RDL count = 0
Initial. completed.

Start GR phase 1
10% of nets complete Elapsed cpu time: 0:00:00 Elapsed real time: 0:00:00
20% of nets complete Elapsed cpu time: 0:00:00 Elapsed real time: 0:00:00
30% of nets complete Elapsed cpu time: 0:00:00 Elapsed real time: 0:00:00
40% of nets complete Elapsed cpu time: 0:00:00 Elapsed real time: 0:00:00
50% of nets complete Elapsed cpu time: 0:00:00 Elapsed real time: 0:00:00
60% of nets complete Elapsed cpu time: 0:00:00 Elapsed real time: 0:00:00
70% of nets complete Elapsed cpu time: 0:00:00 Elapsed real time: 0:00:00
80% of nets complete Elapsed cpu time: 0:00:00 Elapsed real time: 0:00:00
90% of nets complete Elapsed cpu time: 0:00:00 Elapsed real time: 0:00:00
Current Stage stats:
[End of Phase1 Routing] Elapsed real time: 0:00:00 
[End of Phase1 Routing] Elapsed cpu  time: sys=0:00:00 usr=0:00:00 total=0:00:00
[End of Phase1 Routing] Stage (MB): Used    0  Alloctr    0  Proc    0 
[End of Phase1 Routing] Total (MB): Used  131  Alloctr  132  Proc 1748 
phase1. Routing result:
phase1. Both Dirs: Overflow =   149 Max = 3 GRCs =   236 (0.11%)
phase1. H routing: Overflow =    19 Max = 2 (GRCs =  4) GRCs =    33 (0.03%)
phase1. V routing: Overflow =   130 Max = 3 (GRCs =  4) GRCs =   203 (0.19%)
phase1. M1         Overflow =     0 Max = 0 (GRCs =  0) GRCs =     0 (0.00%)
phase1. M2         Overflow =    15 Max = 2 (GRCs =  4) GRCs =    25 (0.02%)
phase1. M3         Overflow =   130 Max = 3 (GRCs =  4) GRCs =   199 (0.19%)
phase1. M4         Overflow =     4 Max = 1 (GRCs =  8) GRCs =     8 (0.01%)
phase1. M5         Overflow =     0 Max = 1 (GRCs =  4) GRCs =     4 (0.00%)
phase1. M6         Overflow =     0 Max = 0 (GRCs =  0) GRCs =     0 (0.00%)
phase1. M7         Overflow =     0 Max = 0 (GRCs =  0) GRCs =     0 (0.00%)
phase1. M8         Overflow =     0 Max = 0 (GRCs =  0) GRCs =     0 (0.00%)
phase1. M9         Overflow =     0 Max = 0 (GRCs =  0) GRCs =     0 (0.00%)
phase1. MRDL       Overflow =     0 Max = 0 (GRCs =  0) GRCs =     0 (0.00%)

phase1. Total Wire Length = 249186.05
phase1. Layer M1 wire length = 42.81
phase1. Layer M2 wire length = 94401.97
phase1. Layer M3 wire length = 93958.66
phase1. Layer M4 wire length = 26605.47
phase1. Layer M5 wire length = 23561.36
phase1. Layer M6 wire length = 5948.51
phase1. Layer M7 wire length = 4547.22
phase1. Layer M8 wire length = 120.05
phase1. Layer M9 wire length = 0.00
phase1. Layer MRDL wire length = 0.00
phase1. Total Number of Contacts = 117026
phase1. Via VIA12SQ_C count = 45276
phase1. Via VIA23SQ_C count = 65233
phase1. Via VIA34SQ_C count = 3779
phase1. Via VIA45SQ count = 1801
phase1. Via VIA56SQ count = 546
phase1. Via VIA67SQ_C count = 373
phase1. Via VIA78SQ_C count = 16
phase1. Via VIA89_C count = 2
phase1. Via VIA9RDL count = 0
phase1. completed.

Start GR phase 2
10% of nets complete Elapsed cpu time: 0:00:00 Elapsed real time: 0:00:00
20% of nets complete Elapsed cpu time: 0:00:00 Elapsed real time: 0:00:00
30% of nets complete Elapsed cpu time: 0:00:00 Elapsed real time: 0:00:00
40% of nets complete Elapsed cpu time: 0:00:00 Elapsed real time: 0:00:00
50% of nets complete Elapsed cpu time: 0:00:00 Elapsed real time: 0:00:00
60% of nets complete Elapsed cpu time: 0:00:00 Elapsed real time: 0:00:00
70% of nets complete Elapsed cpu time: 0:00:00 Elapsed real time: 0:00:00
80% of nets complete Elapsed cpu time: 0:00:00 Elapsed real time: 0:00:00
90% of nets complete Elapsed cpu time: 0:00:00 Elapsed real time: 0:00:00
Current Stage stats:
[End of Phase2 Routing] Elapsed real time: 0:00:00 
[End of Phase2 Routing] Elapsed cpu  time: sys=0:00:00 usr=0:00:00 total=0:00:00
[End of Phase2 Routing] Stage (MB): Used    0  Alloctr    0  Proc    0 
[End of Phase2 Routing] Total (MB): Used  131  Alloctr  132  Proc 1748 
phase2. Routing result:
phase2. Both Dirs: Overflow =    46 Max = 3 GRCs =    44 (0.02%)
phase2. H routing: Overflow =     0 Max = 0 (GRCs =  0) GRCs =     0 (0.00%)
phase2. V routing: Overflow =    46 Max = 3 (GRCs =  1) GRCs =    44 (0.04%)
phase2. M1         Overflow =     0 Max = 0 (GRCs =  0) GRCs =     0 (0.00%)
phase2. M2         Overflow =     0 Max = 0 (GRCs =  0) GRCs =     0 (0.00%)
phase2. M3         Overflow =    46 Max = 3 (GRCs =  1) GRCs =    44 (0.04%)
phase2. M4         Overflow =     0 Max = 0 (GRCs =  0) GRCs =     0 (0.00%)
phase2. M5         Overflow =     0 Max = 0 (GRCs =  0) GRCs =     0 (0.00%)
phase2. M6         Overflow =     0 Max = 0 (GRCs =  0) GRCs =     0 (0.00%)
phase2. M7         Overflow =     0 Max = 0 (GRCs =  0) GRCs =     0 (0.00%)
phase2. M8         Overflow =     0 Max = 0 (GRCs =  0) GRCs =     0 (0.00%)
phase2. M9         Overflow =     0 Max = 0 (GRCs =  0) GRCs =     0 (0.00%)
phase2. MRDL       Overflow =     0 Max = 0 (GRCs =  0) GRCs =     0 (0.00%)

phase2. Total Wire Length = 249188.58
phase2. Layer M1 wire length = 42.81
phase2. Layer M2 wire length = 94508.71
phase2. Layer M3 wire length = 93997.94
phase2. Layer M4 wire length = 26500.95
phase2. Layer M5 wire length = 23522.99
phase2. Layer M6 wire length = 5947.91
phase2. Layer M7 wire length = 4547.22
phase2. Layer M8 wire length = 120.05
phase2. Layer M9 wire length = 0.00
phase2. Layer MRDL wire length = 0.00
phase2. Total Number of Contacts = 117011
phase2. Via VIA12SQ_C count = 45276
phase2. Via VIA23SQ_C count = 65232
phase2. Via VIA34SQ_C count = 3767
phase2. Via VIA45SQ count = 1800
phase2. Via VIA56SQ count = 545
phase2. Via VIA67SQ_C count = 373
phase2. Via VIA78SQ_C count = 16
phase2. Via VIA89_C count = 2
phase2. Via VIA9RDL count = 0
phase2. completed.

Start GR phase 3
Current Stage stats:
[End of Phase3 Routing] Elapsed real time: 0:00:00 
[End of Phase3 Routing] Elapsed cpu  time: sys=0:00:00 usr=0:00:00 total=0:00:00
[End of Phase3 Routing] Stage (MB): Used    0  Alloctr    0  Proc    0 
[End of Phase3 Routing] Total (MB): Used  131  Alloctr  132  Proc 1748 
phase3. Routing result:
phase3. Both Dirs: Overflow =    46 Max = 3 GRCs =    44 (0.02%)
phase3. H routing: Overflow =     0 Max = 0 (GRCs =  0) GRCs =     0 (0.00%)
phase3. V routing: Overflow =    46 Max = 3 (GRCs =  1) GRCs =    44 (0.04%)
phase3. M1         Overflow =     0 Max = 0 (GRCs =  0) GRCs =     0 (0.00%)
phase3. M2         Overflow =     0 Max = 0 (GRCs =  0) GRCs =     0 (0.00%)
phase3. M3         Overflow =    46 Max = 3 (GRCs =  1) GRCs =    44 (0.04%)
phase3. M4         Overflow =     0 Max = 0 (GRCs =  0) GRCs =     0 (0.00%)
phase3. M5         Overflow =     0 Max = 0 (GRCs =  0) GRCs =     0 (0.00%)
phase3. M6         Overflow =     0 Max = 0 (GRCs =  0) GRCs =     0 (0.00%)
phase3. M7         Overflow =     0 Max = 0 (GRCs =  0) GRCs =     0 (0.00%)
phase3. M8         Overflow =     0 Max = 0 (GRCs =  0) GRCs =     0 (0.00%)
phase3. M9         Overflow =     0 Max = 0 (GRCs =  0) GRCs =     0 (0.00%)
phase3. MRDL       Overflow =     0 Max = 0 (GRCs =  0) GRCs =     0 (0.00%)

phase3. Total Wire Length = 249188.58
phase3. Layer M1 wire length = 42.81
phase3. Layer M2 wire length = 94508.71
phase3. Layer M3 wire length = 93997.94
phase3. Layer M4 wire length = 26500.95
phase3. Layer M5 wire length = 23522.99
phase3. Layer M6 wire length = 5947.91
phase3. Layer M7 wire length = 4547.22
phase3. Layer M8 wire length = 120.05
phase3. Layer M9 wire length = 0.00
phase3. Layer MRDL wire length = 0.00
phase3. Total Number of Contacts = 117011
phase3. Via VIA12SQ_C count = 45276
phase3. Via VIA23SQ_C count = 65232
phase3. Via VIA34SQ_C count = 3767
phase3. Via VIA45SQ count = 1800
phase3. Via VIA56SQ count = 545
phase3. Via VIA67SQ_C count = 373
phase3. Via VIA78SQ_C count = 16
phase3. Via VIA89_C count = 2
phase3. Via VIA9RDL count = 0
phase3. completed.
[End of Whole Chip Routing] Elapsed real time: 0:00:04 
[End of Whole Chip Routing] Elapsed cpu  time: sys=0:00:00 usr=0:00:04 total=0:00:04
[End of Whole Chip Routing] Stage (MB): Used   29  Alloctr   29  Proc    0 
[End of Whole Chip Routing] Total (MB): Used  131  Alloctr  132  Proc 1748 

Information: Global Routing terminated early: false (ZRT-103)

Congestion utilization per direction:
Average vertical track utilization   = 10.01 %
Peak    vertical track utilization   = 100.00 %
Average horizontal track utilization =  9.41 %
Peak    horizontal track utilization = 73.33 %

Current Stage stats:
[GR: Done] Elapsed real time: 0:00:00 
[GR: Done] Elapsed cpu  time: sys=0:00:00 usr=0:00:00 total=0:00:00
[GR: Done] Stage (MB): Used   -9  Alloctr  -10  Proc    0 
[GR: Done] Total (MB): Used  123  Alloctr  124  Proc 1748 
GR Total stats:
[GR: Done] Elapsed real time: 0:00:05 
[GR: Done] Elapsed cpu  time: sys=0:00:00 usr=0:00:05 total=0:00:05
[GR: Done] Stage (MB): Used  118  Alloctr  118  Proc    0 
[GR: Done] Total (MB): Used  123  Alloctr  124  Proc 1748 
Writing out congestion map...
Updating congestion ...
Updating congestion ...
Final total stats:
[End of Global Routing] Elapsed real time: 0:00:05 
[End of Global Routing] Elapsed cpu  time: sys=0:00:00 usr=0:00:05 total=0:00:05
[End of Global Routing] Stage (MB): Used    0  Alloctr    0  Proc    0 
[End of Global Routing] Total (MB): Used    4  Alloctr    5  Proc 1748 

****************************************
Report : congestion
Design : ibex_wrapper
Version: O-2018.06-SP1
Date   : Mon Jul  7 20:23:38 2025
****************************************

Layer     |    overflow     |              # GRCs has
Name      |  total  |  max  | overflow (%)      | max overflow
---------------------------------------------------------------
Both Dirs |      48 |     3 |      44  ( 0.02%) |       1
H routing |       0 |     0 |       0  ( 0.00%) |       0
V routing |      48 |     3 |      44  ( 0.04%) |       1

1
