Information: Performing power optimization. (PWR-850)
Information: Choosing a test methodology will restrict the optimization of sequential cells. (UIO-12)

Information: There are 666 potential problems in your design. Please run 'check_design' for more information. (LINT-99)


Warning: Operating condition ss0p72vm40c set on design ibex_top has different process,
voltage and temperatures parameters than the parameters at which target library 
saed14hvt_tt0p8v25c is characterized. Delays may be inaccurate as a result. (OPT-998)
Information: State dependent leakage is now switched from on to off.

  Beginning Pass 1 Mapping  (Incremental)
  ------------------------

  Updating timing information
Information: Updating design information... (UID-85)
Information: The library cell 'SAEDHVT14_TIE1_PV1ECO_1' in the library 'saed14hvt_tt0p8v25c' is not characterized for internal power. (PWR-536)
Information: The library cell 'SAEDHVT14_TIE0_PV1ECO_1' in the library 'saed14hvt_tt0p8v25c' is not characterized for internal power. (PWR-536)
Information: The library cell 'SAEDHVT14_TIE1_V1ECO_1' in the library 'saed14hvt_tt0p8v25c' is not characterized for internal power. (PWR-536)
Information: The library cell 'SAEDHVT14_TIE1_V1_2' in the library 'saed14hvt_tt0p8v25c' is not characterized for internal power. (PWR-536)
Information: The library cell 'SAEDHVT14_TIE1_4' in the library 'saed14hvt_tt0p8v25c' is not characterized for internal power. (PWR-536)
Information: The library cell 'SAEDHVT14_TIE0_V1_2' in the library 'saed14hvt_tt0p8v25c' is not characterized for internal power. (PWR-536)
Information: The library cell 'SAEDHVT14_TIE0_4' in the library 'saed14hvt_tt0p8v25c' is not characterized for internal power. (PWR-536)
Information: The target library(s) contains cell(s), other than black boxes, that are not characterized for internal power. (PWR-24)
Warning: No scan equivalent exists for cell core_clock_gate_i/gen_generic.u_impl_generic/en_latch_reg (SAEDHVT14_LDNR2PQ_1). (TEST-120)
Warning: No scan equivalent exists for cell core_clock_gate_i/gen_generic.u_impl_generic/en_latch_reg (SAEDHVT14_LDNR2PQ_1). (TEST-120)

  Beginning Mapping Optimizations  (Medium effort)  (Incremental)
  -------------------------------

  Beginning Incremental Implementation Selection
  ----------------------------------------------
  Selecting implementations
  Selecting implementations
Information: compile falsified 163 infeasible paths. (OPT-1720)

                                  TOTAL                                                
   ELAPSED            WORST NEG   SETUP    DESIGN                              LEAKAGE 
    TIME      AREA      SLACK     COST    RULE COST         ENDPOINT            POWER  
  --------- --------- --------- --------- --------- ------------------------- ---------
    0:00:11    9050.1  36288.84 21590634.0     183.3                           2960493.5000
    0:00:13    9043.0  11166.90 10856029.0     193.2                           2959749.5000
    0:00:14    9044.1  11166.90 11161508.0     193.2                           2957346.0000
    0:00:14    9044.1  11166.90 11161508.0     193.2                           2957282.0000
    0:00:14    9044.1  11166.90 11161508.0     193.2                           2957282.0000
    0:00:17    9046.4  10886.62 11031689.0     193.2                           2958750.2500
    0:00:17    9046.4  10886.62 11031689.0     193.2                           2958750.2500
    0:00:17    9046.4  10886.62 11031689.0     193.2                           2958750.2500
    0:00:19    9017.6 73002496.00 44050333696.0     193.2                           2833775.5000
    0:00:19    9002.1 73011624.00 44052549632.0     193.2                           2784385.2500
    0:00:19    9001.9  99355.39 50647328.0     193.2                           2773070.0000
    0:00:20    9004.7  99355.39 50647544.0     193.2                           2771313.5000
    0:00:20    9005.3  99355.39 54423520.0     193.2                           2770722.2500
    0:00:20    9005.3  99355.39 54423520.0     193.2                           2770722.2500
    0:00:20    9005.3  99355.39 54423520.0     193.2                           2770722.2500
    0:00:20    9005.3  99355.39 54423520.0     193.2                           2770722.2500
    0:00:20    9005.3  99355.39 54423520.0     193.2                           2770722.2500
    0:00:20    9017.1  99355.39 52910024.0     184.2                           2780237.2500
    0:00:21    9021.3  99355.39 52912976.0     184.2                           2783680.2500
    0:00:21    9028.1  99355.39 52905376.0     184.2                           2789543.0000
    0:00:21    9031.7  99355.39 52914228.0     184.2                           2792178.7500
    0:00:21    9037.1  99355.39 52906240.0     184.2                           2796564.2500
    0:00:21    9040.7  99355.39 52913240.0     184.2                           2799226.5000
    0:00:21    9046.3  99355.39 52906296.0     184.2                           2803521.7500
    0:00:21    9048.4  99355.39 52910744.0     184.2                           2805173.7500
    0:00:22    9053.4  99355.39 53058300.0     184.2                           2808824.7500
    0:00:22    9053.4  99355.39 53058300.0     184.2                           2808824.7500
    0:00:25    9052.7  49534.24 49870616.0     196.2                           2809408.7500



  Beginning Delay Optimization Phase
  ----------------------------------

                                  TOTAL                                                
   ELAPSED            WORST NEG   SETUP    DESIGN                              LEAKAGE 
    TIME      AREA      SLACK     COST    RULE COST         ENDPOINT            POWER  
  --------- --------- --------- --------- --------- ------------------------- ---------
    0:00:25    9052.7  49534.24 49870616.0     196.2                           2809408.7500
    0:00:26    9054.2  43894.90 46671144.0     196.2 u_ibex_core/cs_registers_i/u_cpuctrlsts_part_csr/rdata_q_reg[0]/D 2809924.7500
    0:00:27    9054.0  43111.61 46240460.0     270.2 u_ibex_core/if_stage_i/gen_prefetch_buffer.prefetch_buffer_i/fifo_i/instr_addr_q_reg[7]/D 2813233.5000
    0:00:27    9057.8  42661.11 46162252.0     272.2 u_ibex_core/cs_registers_i/u_dscratch0_csr/rdata_q_reg[5]/D 2815598.0000
    0:00:28    9073.2  41967.49 46130628.0     271.2 u_ibex_core/cs_registers_i/mcycle_counter_i/counter_q_reg[58]/D 2829716.0000
    0:00:28    9075.3  41724.09 45919460.0     271.2 u_ibex_core/cs_registers_i/minstret_counter_i/counter_q_reg[42]/D 2830984.7500
    0:00:28    9090.5  41308.67 45914288.0     271.2 u_ibex_core/cs_registers_i/mcycle_counter_i/counter_q_reg[33]/D 2847131.5000
    0:00:29    9098.1  41213.17 45867052.0     271.2 u_ibex_core/wb_stage_i/g_writeback_stage.rf_wdata_wb_q_reg[13]/D 2855802.0000
    0:00:29    9098.6  41040.67 43997280.0     271.2 u_ibex_core/cs_registers_i/mcycle_counter_i/counter_q_reg[57]/D 2855473.5000
    0:00:30    9099.7  40820.57 43980148.0     271.2 u_ibex_core/id_stage_i/imd_val_q_reg[0][32]/D 2856842.2500
    0:00:30    9099.7  40820.45 43980144.0     271.2 u_ibex_core/id_stage_i/imd_val_q_reg[0][31]/D 2857105.7500
    0:00:30    9099.7  40820.45 43939324.0     271.2                           2857105.7500
    0:00:33    9099.6  40820.45 36968960.0     271.2 u_ibex_core/id_stage_i/imd_val_q_reg[0][33]/D 2857057.5000
    0:00:34    9100.7  40820.45 36968960.0     271.2                           2857048.5000
    0:00:35    9102.2  40820.45 36965260.0     271.2                           2858734.5000
    0:00:36    9103.6  40820.45 36965260.0     271.2                           2856691.2500
    0:00:37    9103.6  40820.45 36965260.0     271.2                           2856627.5000
    0:00:39    9104.6  39619.92 36632300.0     271.2                           2857560.2500


  Beginning Design Rule Fixing  (min_capacitance)  (max_fanout)
  ----------------------------

                                  TOTAL                                                
   ELAPSED            WORST NEG   SETUP    DESIGN                              LEAKAGE 
    TIME      AREA      SLACK     COST    RULE COST         ENDPOINT            POWER  
  --------- --------- --------- --------- --------- ------------------------- ---------
    0:00:39    9104.6  39619.92 36632300.0     271.2                           2857560.2500
    0:00:40    9125.4  39619.92 36633132.0     184.2 u_ibex_core/id_stage_i/imd_val_q_reg[0][32]/D 2871417.5000
    0:00:42    9132.0  51417.84 36641752.0     183.2 net83204                  2877250.7500
    0:00:43    9164.3  39619.92 36613656.0     183.2 u_ibex_core/cs_registers_i/u_mtvec_csr/rdata_q_reg[14]/D 2905876.5000
    0:00:44    9164.3  39619.92 36613656.0     183.2                           2906167.5000
    0:00:45    9164.1  39619.92 36613656.0     183.2                           2906152.2500
    0:00:45    9164.1  39619.92 36613656.0     183.2                           2906152.5000
    0:00:45    9164.6  39619.92 36613640.0     183.2                           2906829.0000
    0:00:46    9165.8  39619.92 36611612.0     183.2                           2908407.0000
    0:00:47    9164.9  39619.92 36611112.0     183.2                           2907749.5000
    0:00:47    9164.6  39619.92 36611084.0     183.2                           2907060.5000
    0:00:47    9163.8  39619.92 36611180.0     183.2                           2906522.0000
    0:00:48    9161.5  39619.92 36611176.0     183.2                           2904534.2500
    0:00:48    9160.6  39619.92 36611176.0     183.2                           2903820.5000
    0:00:49    9159.8  39619.92 36611176.0     183.2                           2903802.7500
    0:00:49    9159.7  39619.92 36611176.0     183.2                           2903738.2500
    0:00:50    9159.6  39619.92 36611176.0     183.2                           2903671.5000
    0:00:50    9159.3  39619.92 36610344.0     183.2                           2903635.7500
    0:00:50    9155.9  39619.92 36608352.0     183.2                           2899939.2500
    0:00:51    9155.4  39619.92 36608352.0     183.2                           2899117.5000
    0:00:52    9154.1  39619.93 31929646.0     183.2                           2897965.0000
    0:00:52    9152.9  39619.93 31503484.0     183.2                           2895797.7500
    0:00:52    9152.9  39619.93 31503484.0     183.2                           2895789.0000
    0:00:52    9151.2  39619.93 31300590.0     183.2                           2893778.7500
    0:00:53    9155.4  39619.93 31229734.0     183.2                           2896618.5000
    0:00:53    9158.1  39619.93 30676768.0     183.2                           2898421.0000


  Beginning Leakage Power Optimization  (max_leakage_power 0)
  ------------------------------------

                                  TOTAL                                                
   ELAPSED            WORST NEG   SETUP    DESIGN                              LEAKAGE 
    TIME      AREA      SLACK     COST    RULE COST         ENDPOINT            POWER  
  --------- --------- --------- --------- --------- ------------------------- ---------
    0:00:53    9158.1  39619.93 30676768.0     183.2                           2898421.0000
    0:00:53    9158.1  39619.93 30676768.0     183.2                           2898421.0000
    0:00:57    9110.3  47777.91 32914300.0     183.2                           2851209.0000
    0:00:57    9100.1  47777.91 32443080.0     183.2                           2844501.2500
    0:00:57    9089.3  47777.91 32445362.0     183.2                           2835132.5000
    0:00:57    9084.4 360620.44 70233448.0     183.2                           2831906.0000
    0:00:58    9082.1 360620.44 70233224.0     183.2                           2830448.5000
    0:00:58    9082.1 360620.44 70233224.0     183.2                           2830448.5000
    0:00:59    9092.9  39619.89 31629978.0     183.2                           2838252.0000
    0:00:59    9077.5  39619.89 31629912.0     183.2                           2826965.0000
    0:01:00    9074.2  39619.89 31629926.0     183.2                           2826034.2500
    0:01:00    9063.4  39619.90 31629502.0     183.2                           2820205.7500
    0:01:00    9060.6  39619.90 31629504.0     183.2                           2819448.7500
    0:01:01    9049.2  39619.90 31626106.0     183.2                           2811763.2500
    0:01:02    9048.6  39619.90 31626110.0     183.2                           2811700.7500
    0:01:03    9042.5  39619.90 31622600.0     183.2                           2809763.7500
    0:01:03    9039.0  39619.90 31622036.0     183.2                           2809092.2500
    0:01:04    9031.2  39619.90 31622096.0     183.2                           2806064.2500
    0:01:05    9027.5  39619.90 31622112.0     183.2                           2804807.0000
    0:01:05    9026.8  39619.91 31622114.0     183.2                           2803706.0000
    0:01:06    9025.9  39619.91 31622108.0     183.2                           2803238.0000
    0:01:06    9024.9  39619.91 31616602.0     183.2                           2802634.7500
    0:01:07    9023.3  39619.91 31616658.0     183.2                           2801756.0000
    0:01:07    9021.2  39619.91 31616682.0     183.2                           2800561.2500
    0:01:08    9021.0  39619.91 31616682.0     183.2                           2800502.7500
    0:01:09    9018.0  39619.91 31616616.0     183.2                           2797867.0000
    0:01:09    9016.5  39619.91 31616616.0     183.2                           2797656.2500
    0:01:10    9014.8  39619.91 31616446.0     183.2                           2797249.5000
    0:01:11    9011.4  39619.91 31616446.0     183.2 u_ibex_core/wb_stage_i/g_writeback_stage.rf_wdata_wb_q_reg[29]/D 2796300.2500
    0:01:12    9011.2  39619.85 31616302.0     183.2                           2797145.7500
    0:01:12    9007.5  39619.85 31616132.0     183.2                           2796190.5000
    0:01:12    9005.9  39619.85 31616150.0     183.2                           2795432.7500
    0:01:12    9005.4  39619.85 31615712.0     183.2                           2795278.2500
    0:01:13    9004.0  39619.85 31615712.0     183.2                           2795175.2500
    0:01:14    9000.9  39619.85 31611822.0     183.2                           2793890.0000
    0:01:14    9000.6  39619.85 31611390.0     183.2                           2794137.2500
    0:01:15    9001.1  39619.85 31568152.0     183.2                           2794864.0000
    0:01:16    9000.8  39619.85 31567864.0     183.2                           2794374.2500
    0:01:17    8998.0  39619.77 31561192.0     183.2                           2792498.2500
    0:01:20    8997.6  39619.77 31561192.0     183.2                           2792489.2500
    0:01:25    8998.9  39619.70 31561202.0     183.2 u_ibex_core/id_stage_i/imd_val_q_reg[0][31]/D 2793830.0000
    0:01:25    8999.5  39619.55 31561192.0     183.2 u_ibex_core/id_stage_i/imd_val_q_reg[0][31]/D 2794225.5000
    0:01:26    9002.5  39619.73 31561190.0     183.2 u_ibex_core/id_stage_i/imd_val_q_reg[0][31]/D 2796908.2500
    0:01:26    9001.7  39619.76 31561192.0     183.2 u_ibex_core/wb_stage_i/g_writeback_stage.rf_wdata_wb_q_reg[31]/D 2797030.7500
    0:01:28    9000.8  39619.76 31561192.0     183.2                           2796427.2500
    0:01:30    9000.5  39619.73 31561190.0     183.2                           2796370.5000
    0:01:30    8999.9  39619.77 31561108.0     183.2                           2795925.0000
    0:01:31    8999.9  39619.77 31561108.0     183.2                           2795740.7500
    0:01:31    8999.1  39619.77 31561108.0     183.2                           2795722.0000
    0:01:31    8998.6  39619.77 31561108.0     183.2                           2795534.2500
    0:01:32    8998.6  39619.77 31561076.0     183.2                           2795531.2500
    0:01:32    9001.2  39619.77 31533296.0     183.2                           2798303.0000
    0:01:32    9008.8  39619.77 31497676.0     183.2                           2804121.2500
    0:01:33    9017.0  38411.78 29285280.0     183.2                           2810902.0000
    0:01:33    9025.9  38411.78 29173408.0     183.2                           2818978.5000
    0:01:34    9032.4  38411.78 29078560.0     183.2                           2824692.7500
    0:01:34    9034.1  38411.78 29078560.0     183.2                           2825468.0000
    0:01:34    9039.5  38411.78 29078362.0     183.2                           2830558.0000
    0:01:35    9044.6  38411.78 29072084.0     183.2                           2834427.5000
    0:01:35    9052.5  38411.78 29056734.0     183.2                           2841048.7500
    0:01:35    9053.5  38411.78 29053576.0     183.2                           2841501.5000
    0:01:36    9052.9  38411.78 29053570.0     183.2                           2840842.2500
    0:01:36    9055.3  38411.78 29050390.0     183.2                           2843046.7500
    0:01:37    9059.3  38411.78 29050298.0     183.2                           2846541.5000
    0:01:37    9062.8  38411.78 29050294.0     183.2                           2849806.2500
    0:01:37    9065.7  38411.78 29050284.0     183.2                           2852188.0000
    0:01:38    9066.5  38411.78 29050284.0     183.2                           2852469.5000
    0:01:38    9073.2  38411.78 29050268.0     183.2                           2858649.2500
    0:01:38    9073.1  38411.78 29050260.0     183.2                           2858628.7500
    0:01:38    9076.8  38411.78 29048822.0     183.2                           2861387.2500
    0:01:39    9077.3  38411.78 29010900.0     183.2                           2861677.2500
    0:01:39    9079.0  38411.78 28958482.0     183.2                           2862841.5000
    0:01:39    9080.9  38411.78 28956978.0     183.2                           2863101.2500
    0:01:39    9079.0  38411.78 28956978.0     183.2                           2860919.7500
    0:01:40    9081.5  37404.33 28800888.0     183.2 u_ibex_core/cs_registers_i/u_mtval_csr/rdata_q_reg[2]/D 2862730.0000
    0:01:40    9082.5  37113.25 28796770.0     183.2 u_ibex_core/cs_registers_i/u_mtval_csr/rdata_q_reg[2]/D 2863769.5000
    0:01:40    9082.9  36309.52 28700928.0     183.2 u_ibex_core/cs_registers_i/u_mtval_csr/rdata_q_reg[2]/D 2863868.7500
Information: State dependent leakage is now switched from off to on.
Information: Propagating switching activity (low effort zero delay simulation). (PWR-6)
    0:01:43    9090.9  33314.07 28596480.0     183.2                           2862677.7500
Loading db file '/mnt/hgfs/0_GP/PDK/saed14_pdk/SAED14nm_EDK_CORE_HVT_v_062020/stdcell_hvt/db_ccs/saed14hvt_tt0p8v25c.db'
Loading db file '/mnt/hgfs/0_GP/PDK/saed14_pdk/SAED14nm_EDK_CORE_HVT_v_062020/stdcell_hvt/db_ccs/saed14hvt_ss0p72vm40c.db'
Loading db file '/mnt/hgfs/0_GP/PDK/saed14_pdk/SAED14nm_EDK_CORE_HVT_v_062020/stdcell_hvt/db_ccs/saed14hvt_ff0p88v125c.db'


Note: Symbol # after min delay cost means estimated hold TNS across all active scenarios 


  Optimization Complete
  ---------------------
Warning: Design 'ibex_top' contains 2 high-fanout nets. A fanout number of 1000 will be used for delay calculations involving these nets. (TIM-134)
     Net 'clk': 1589 load(s), 1 driver(s)
     Net 'gen_regfile_ff.register_file_i/net71114': 1984 load(s), 1 driver(s)
1
