****************************************
Report : constraint
        -all_violators
        -max_delay
        -min_delay
Design : ibex_wrapper
Version: O-2018.06-SP1
Date   : Mon Jul  7 20:30:29 2025
****************************************

   late_timing
   -----------

Endpoint                         Path Delay     Path Required       CRP    Slack Group    Scenario
----------------------------------------------------------------------------------------------------------
No paths.

   early_timing
   -----------

Endpoint                         Path Delay     Path Required       CRP    Slack Group    Scenario
----------------------------------------------------------------------------------------------------------
ibex_top_inst/core_clock_gate_i/U2/A1 (SAEDHVT14_AN2_2)
                                   2.53 r         2.63           0.00    -0.10   clk_i    Func_Fast
ibex_top_inst/core_clock_gate_i/gen_generic.u_impl_generic/en_latch_reg/EN (SAEDHVT14_LDNQOR2_4)
                                   0.07 f         0.10           0.00    -0.03   clk_i    Func_Fast
ibex_top_inst/u_ibex_core/cs_registers_i/u_mtvec_csr/rdata_q_reg[8]/D (SAEDHVT14_FSDPRBQ_V2LP_2)
                                   0.15 f         0.18           0.00    -0.03   cluster_clock_gating
                                                                                          Func_Fast
ibex_top_inst/u_ibex_core/cs_registers_i/u_mtvec_csr/rdata_q_reg[27]/D (SAEDHVT14_FSDPRBQ_V2LP_2)
                                   0.15 f         0.18           0.00    -0.03   cluster_clock_gating
                                                                                          Func_Fast
ibex_top_inst/u_ibex_core/cs_registers_i/u_mtvec_csr/rdata_q_reg[28]/D (SAEDHVT14_FSDPRBQ_V2LP_2)
                                   0.15 f         0.18           0.00    -0.03   cluster_clock_gating
                                                                                          Func_Fast
ibex_top_inst/u_ibex_core/cs_registers_i/u_mtvec_csr/rdata_q_reg[13]/D (SAEDHVT14_FSDPRBQ_V2LP_2)
                                   0.15 f         0.18           0.00    -0.03   cluster_clock_gating
                                                                                          Func_Fast
ibex_top_inst/u_ibex_core/cs_registers_i/u_mtvec_csr/rdata_q_reg[29]/D (SAEDHVT14_FSDPRBQ_V2LP_2)
                                   0.15 f         0.18           0.00    -0.03   cluster_clock_gating
                                                                                          Func_Fast
ibex_top_inst/u_ibex_core/cs_registers_i/u_mtvec_csr/rdata_q_reg[16]/D (SAEDHVT14_FSDPRBQ_V2LP_2)
                                   0.15 f         0.19           0.00    -0.03   cluster_clock_gating
                                                                                          Func_Fast
ibex_top_inst/u_ibex_core/wb_stage_i/g_writeback_stage.rf_wdata_wb_q_reg[0]/D (SAEDHVT14_FSDPQ_V2_2)
                                   0.15 r         0.19           0.00    -0.03   cluster_clock_gating
                                                                                          Func_Fast
ibex_top_inst/u_ibex_core/cs_registers_i/u_mtvec_csr/rdata_q_reg[18]/D (SAEDHVT14_FSDPRBQ_V2LP_2)
                                   0.15 f         0.18           0.00    -0.03   cluster_clock_gating
                                                                                          Func_Fast
ibex_top_inst/u_ibex_core/cs_registers_i/u_mtvec_csr/rdata_q_reg[15]/D (SAEDHVT14_FSDPRBQ_V2LP_2)
                                   0.15 f         0.19           0.00    -0.03   cluster_clock_gating
                                                                                          Func_Fast
ibex_top_inst/u_ibex_core/cs_registers_i/u_mtvec_csr/rdata_q_reg[24]/D (SAEDHVT14_FSDPRBQ_V2LP_2)
                                   0.15 f         0.18           0.00    -0.03   cluster_clock_gating
                                                                                          Func_Fast
ibex_top_inst/u_ibex_core/if_stage_i/gen_prefetch_buffer.prefetch_buffer_i/fetch_addr_q_reg[2]/D (SAEDHVT14_FSDPQ_V2_2)
                                   0.15 r         0.18           0.00    -0.03   cluster_clock_gating
                                                                                          Func_Fast
ibex_top_inst/u_ibex_core/cs_registers_i/u_mtvec_csr/rdata_q_reg[30]/D (SAEDHVT14_FSDPRBQ_V2LP_2)
                                   0.15 f         0.18           0.00    -0.03   cluster_clock_gating
                                                                                          Func_Fast
ibex_top_inst/u_ibex_core/cs_registers_i/u_mtvec_csr/rdata_q_reg[12]/D (SAEDHVT14_FSDPRBQ_V2LP_2)
                                   0.15 f         0.18           0.00    -0.03   cluster_clock_gating
                                                                                          Func_Fast
ibex_top_inst/u_ibex_core/cs_registers_i/u_mtvec_csr/rdata_q_reg[23]/D (SAEDHVT14_FSDPRBQ_V2LP_2)
                                   0.15 f         0.18           0.00    -0.03   cluster_clock_gating
                                                                                          Func_Fast
ibex_top_inst/u_ibex_core/wb_stage_i/g_writeback_stage.rf_wdata_wb_q_reg[31]/D (SAEDHVT14_FSDPQ_V2_2)
                                   0.15 r         0.19           0.00    -0.03   cluster_clock_gating
                                                                                          Func_Fast
ibex_top_inst/u_ibex_core/cs_registers_i/u_mtvec_csr/rdata_q_reg[10]/D (SAEDHVT14_FSDPRBQ_V2LP_2)
                                   0.15 f         0.18           0.00    -0.03   cluster_clock_gating
                                                                                          Func_Fast
ibex_top_inst/u_ibex_core/cs_registers_i/u_mtvec_csr/rdata_q_reg[31]/D (SAEDHVT14_FSDPRBQ_V2LP_2)
                                   0.16 f         0.19           0.00    -0.03   cluster_clock_gating
                                                                                          Func_Fast
ibex_top_inst/u_ibex_core/wb_stage_i/g_writeback_stage.rf_wdata_wb_q_reg[7]/D (SAEDHVT14_FSDPQ_V2_2)
                                   0.16 r         0.19           0.00    -0.03   cluster_clock_gating
                                                                                          Func_Fast
ibex_top_inst/u_ibex_core/cs_registers_i/u_mtvec_csr/rdata_q_reg[17]/D (SAEDHVT14_FSDPRBQ_V2LP_2)
                                   0.16 f         0.19           0.00    -0.03   cluster_clock_gating
                                                                                          Func_Fast
ibex_top_inst/u_ibex_core/cs_registers_i/u_mtvec_csr/rdata_q_reg[25]/D (SAEDHVT14_FSDPRBQ_V2LP_2)
                                   0.16 f         0.18           0.00    -0.03   cluster_clock_gating
                                                                                          Func_Fast
ibex_top_inst/u_ibex_core/wb_stage_i/g_writeback_stage.rf_wdata_wb_q_reg[6]/D (SAEDHVT14_FSDPQ_V2_2)
                                   0.16 r         0.18           0.00    -0.03   cluster_clock_gating
                                                                                          Func_Fast
ibex_top_inst/u_ibex_core/cs_registers_i/u_mtvec_csr/rdata_q_reg[11]/D (SAEDHVT14_FSDPRBQ_V2LP_2)
                                   0.16 f         0.18           0.00    -0.03   cluster_clock_gating
                                                                                          Func_Fast
ibex_top_inst/u_ibex_core/wb_stage_i/g_writeback_stage.rf_wdata_wb_q_reg[1]/D (SAEDHVT14_FSDPQ_V2_2)
                                   0.16 r         0.19           0.00    -0.03   cluster_clock_gating
                                                                                          Func_Fast
ibex_top_inst/u_ibex_core/wb_stage_i/g_writeback_stage.rf_wdata_wb_q_reg[8]/D (SAEDHVT14_FSDPQ_V2_2)
                                   0.16 r         0.19           0.00    -0.03   cluster_clock_gating
                                                                                          Func_Fast
ibex_top_inst/u_ibex_core/cs_registers_i/u_mtvec_csr/rdata_q_reg[19]/D (SAEDHVT14_FSDPRBQ_V2LP_2)
                                   0.16 f         0.18           0.00    -0.03   cluster_clock_gating
                                                                                          Func_Fast
ibex_top_inst/u_ibex_core/cs_registers_i/u_mtvec_csr/rdata_q_reg[14]/D (SAEDHVT14_FSDPRBQ_V2LP_2)
                                   0.16 f         0.18           0.00    -0.03   cluster_clock_gating
                                                                                          Func_Fast
ibex_top_inst/u_ibex_core/cs_registers_i/u_mtvec_csr/rdata_q_reg[22]/D (SAEDHVT14_FSDPRBQ_V2LP_2)
                                   0.16 f         0.18           0.00    -0.03   cluster_clock_gating
                                                                                          Func_Fast
ibex_top_inst/u_ibex_core/cs_registers_i/u_mtvec_csr/rdata_q_reg[20]/D (SAEDHVT14_FSDPRBQ_V2LP_2)
                                   0.16 f         0.18           0.00    -0.03   cluster_clock_gating
                                                                                          Func_Fast
ibex_top_inst/u_ibex_core/cs_registers_i/u_mtvec_csr/rdata_q_reg[21]/D (SAEDHVT14_FSDPRBQ_V2LP_2)
                                   0.16 f         0.18           0.00    -0.03   cluster_clock_gating
                                                                                          Func_Fast
ibex_top_inst/u_ibex_core/if_stage_i/gen_prefetch_buffer.prefetch_buffer_i/fetch_addr_q_reg[3]/D (SAEDHVT14_FSDPQ_V2_2)
                                   0.16 r         0.18           0.00    -0.03   cluster_clock_gating
                                                                                          Func_Fast
ibex_top_inst/u_ibex_core/cs_registers_i/u_mtvec_csr/rdata_q_reg[9]/D (SAEDHVT14_FSDPRBQ_V2LP_2)
                                   0.16 f         0.18           0.00    -0.02   cluster_clock_gating
                                                                                          Func_Fast
ibex_top_inst/u_ibex_core/wb_stage_i/g_writeback_stage.rf_wdata_wb_q_reg[5]/D (SAEDHVT14_FSDPQ_V2_2)
                                   0.16 r         0.18           0.00    -0.02   cluster_clock_gating
                                                                                          Func_Fast
ibex_top_inst/u_ibex_core/id_stage_i/controller_i/ctrl_fsm_cs_reg[0]/D (SAEDHVT14_FSDPRBQ_V2LP_2)
                                   0.16 f         0.18           0.00    -0.02   cluster_clock_gating
                                                                                          Func_Fast
ibex_top_inst/u_ibex_core/wb_stage_i/g_writeback_stage.rf_wdata_wb_q_reg[17]/D (SAEDHVT14_FSDPQ_V2_2)
                                   0.16 r         0.18           0.00    -0.02   cluster_clock_gating
                                                                                          Func_Fast
ibex_top_inst/u_ibex_core/wb_stage_i/g_writeback_stage.rf_wdata_wb_q_reg[2]/D (SAEDHVT14_FSDPQ_V2_2)
                                   0.16 r         0.19           0.00    -0.02   cluster_clock_gating
                                                                                          Func_Fast
ibex_top_inst/u_ibex_core/cs_registers_i/u_mtvec_csr/rdata_q_reg[26]/D (SAEDHVT14_FSDPRBQ_V2LP_2)
                                   0.16 f         0.18           0.00    -0.02   cluster_clock_gating
                                                                                          Func_Fast
ibex_top_inst/u_ibex_core/wb_stage_i/g_writeback_stage.rf_wdata_wb_q_reg[3]/D (SAEDHVT14_FSDPQ_V2LP_2)
                                   0.16 r         0.18           0.00    -0.02   cluster_clock_gating
                                                                                          Func_Fast
ibex_top_inst/u_ibex_core/wb_stage_i/g_writeback_stage.rf_wdata_wb_q_reg[28]/D (SAEDHVT14_FSDPQ_V2_2)
                                   0.16 r         0.18           0.00    -0.02   cluster_clock_gating
                                                                                          Func_Fast
ibex_top_inst/u_ibex_core/wb_stage_i/g_writeback_stage.rf_wdata_wb_q_reg[13]/D (SAEDHVT14_FSDPQ_V2_2)
                                   0.16 r         0.18           0.00    -0.02   cluster_clock_gating
                                                                                          Func_Fast
ibex_top_inst/u_ibex_core/wb_stage_i/g_writeback_stage.rf_wdata_wb_q_reg[27]/D (SAEDHVT14_FSDPQ_V2_2)
                                   0.17 r         0.19           0.00    -0.02   cluster_clock_gating
                                                                                          Func_Fast
ibex_top_inst/u_ibex_core/wb_stage_i/g_writeback_stage.rf_wdata_wb_q_reg[15]/D (SAEDHVT14_FSDPQ_V2_2)
                                   0.16 r         0.18           0.00    -0.02   cluster_clock_gating
                                                                                          Func_Fast
ibex_top_inst/u_ibex_core/if_stage_i/gen_prefetch_buffer.prefetch_buffer_i/fifo_i/instr_addr_q_reg[8]/D (SAEDHVT14_FSDPQ_V2LP_2)
                                   0.17 r         0.19           0.00    -0.02   cluster_clock_gating
                                                                                          Func_Fast
ibex_top_inst/u_ibex_core/wb_stage_i/g_writeback_stage.rf_wdata_wb_q_reg[22]/D (SAEDHVT14_FSDPQ_V2_2)
                                   0.17 r         0.18           0.00    -0.02   cluster_clock_gating
                                                                                          Func_Fast
ibex_top_inst/u_ibex_core/wb_stage_i/g_writeback_stage.rf_wdata_wb_q_reg[29]/D (SAEDHVT14_FSDPQ_V2_2)
                                   0.17 r         0.19           0.00    -0.02   cluster_clock_gating
                                                                                          Func_Fast
ibex_top_inst/u_ibex_core/wb_stage_i/g_writeback_stage.rf_wdata_wb_q_reg[24]/D (SAEDHVT14_FSDPQ_V2_2)
                                   0.17 r         0.18           0.00    -0.02   cluster_clock_gating
                                                                                          Func_Fast
ibex_top_inst/u_ibex_core/wb_stage_i/g_writeback_stage.rf_wdata_wb_q_reg[16]/D (SAEDHVT14_FSDPQ_V2_2)
                                   0.16 r         0.18           0.00    -0.02   cluster_clock_gating
                                                                                          Func_Fast
ibex_top_inst/u_ibex_core/wb_stage_i/g_writeback_stage.rf_wdata_wb_q_reg[25]/D (SAEDHVT14_FSDPQ_V2_2)
                                   0.17 r         0.18           0.00    -0.02   cluster_clock_gating
                                                                                          Func_Fast
ibex_top_inst/u_ibex_core/wb_stage_i/g_writeback_stage.rf_wdata_wb_q_reg[12]/D (SAEDHVT14_FSDPQ_V2_2)
                                   0.16 r         0.18           0.00    -0.02   cluster_clock_gating
                                                                                          Func_Fast
ibex_top_inst/u_ibex_core/if_stage_i/gen_prefetch_buffer.prefetch_buffer_i/fetch_addr_q_reg[4]/D (SAEDHVT14_FSDPQ_V2_2)
                                   0.17 r         0.18           0.00    -0.01   cluster_clock_gating
                                                                                          Func_Fast
ibex_top_inst/u_ibex_core/wb_stage_i/g_writeback_stage.rf_wdata_wb_q_reg[9]/D (SAEDHVT14_FSDPQ_V2_2)
                                   0.17 r         0.18           0.00    -0.01   cluster_clock_gating
                                                                                          Func_Fast
ibex_top_inst/u_ibex_core/wb_stage_i/g_writeback_stage.rf_wdata_wb_q_reg[26]/D (SAEDHVT14_FSDPQ_V2_2)
                                   0.17 r         0.19           0.00    -0.01   cluster_clock_gating
                                                                                          Func_Fast
ibex_top_inst/u_ibex_core/wb_stage_i/g_writeback_stage.rf_wdata_wb_q_reg[10]/D (SAEDHVT14_FSDPQ_V2_2)
                                   0.17 r         0.18           0.00    -0.01   cluster_clock_gating
                                                                                          Func_Fast
ibex_top_inst/u_ibex_core/if_stage_i/gen_prefetch_buffer.prefetch_buffer_i/fifo_i/instr_addr_q_reg[30]/D (SAEDHVT14_FSDPQ_V2LP_2)
                                   0.16 r         0.18           0.00    -0.01   cluster_clock_gating
                                                                                          Func_Fast
ibex_top_inst/u_ibex_core/wb_stage_i/g_writeback_stage.rf_wdata_wb_q_reg[20]/D (SAEDHVT14_FSDPQ_V2_2)
                                   0.17 r         0.18           0.00    -0.01   cluster_clock_gating
                                                                                          Func_Fast
ibex_top_inst/u_ibex_core/wb_stage_i/g_writeback_stage.rf_wdata_wb_q_reg[30]/D (SAEDHVT14_FSDPQ_V2_2)
                                   0.17 r         0.19           0.00    -0.01   cluster_clock_gating
                                                                                          Func_Fast
ibex_top_inst/u_ibex_core/wb_stage_i/g_writeback_stage.rf_wdata_wb_q_reg[4]/D (SAEDHVT14_FSDPQ_V2_2)
                                   0.17 r         0.18           0.00    -0.01   cluster_clock_gating
                                                                                          Func_Fast
ibex_top_inst/u_ibex_core/wb_stage_i/g_writeback_stage.rf_wdata_wb_q_reg[11]/D (SAEDHVT14_FSDPQ_V2_2)
                                   0.17 r         0.18           0.00    -0.01   cluster_clock_gating
                                                                                          Func_Fast
ibex_top_inst/u_ibex_core/wb_stage_i/g_writeback_stage.rf_wdata_wb_q_reg[14]/D (SAEDHVT14_FSDPQ_V2_2)
                                   0.17 r         0.18           0.00    -0.01   cluster_clock_gating
                                                                                          Func_Fast
ibex_top_inst/u_ibex_core/if_stage_i/gen_prefetch_buffer.prefetch_buffer_i/fetch_addr_q_reg[5]/D (SAEDHVT14_FSDPQ_V2_2)
                                   0.17 r         0.18           0.00    -0.01   cluster_clock_gating
                                                                                          Func_Fast
ibex_top_inst/u_ibex_core/if_stage_i/gen_prefetch_buffer.prefetch_buffer_i/fifo_i/instr_addr_q_reg[19]/D (SAEDHVT14_FSDPQ_V2LP_2)
                                   0.17 r         0.19           0.00    -0.01   cluster_clock_gating
                                                                                          Func_Fast
ibex_top_inst/u_ibex_core/if_stage_i/gen_prefetch_buffer.prefetch_buffer_i/fifo_i/instr_addr_q_reg[15]/D (SAEDHVT14_FSDPQ_V2LP_2)
                                   0.17 r         0.19           0.00    -0.01   cluster_clock_gating
                                                                                          Func_Fast
ibex_top_inst/u_ibex_core/wb_stage_i/g_writeback_stage.rf_wdata_wb_q_reg[19]/D (SAEDHVT14_FSDPQ_V2_2)
                                   0.17 r         0.18           0.00    -0.01   cluster_clock_gating
                                                                                          Func_Fast
ibex_top_inst/u_ibex_core/wb_stage_i/g_writeback_stage.rf_wdata_wb_q_reg[18]/D (SAEDHVT14_FSDPQ_V2_2)
                                   0.17 r         0.18           0.00    -0.01   cluster_clock_gating
                                                                                          Func_Fast
ibex_top_inst/u_ibex_core/wb_stage_i/g_writeback_stage.rf_wdata_wb_q_reg[23]/D (SAEDHVT14_FSDPQ_V2_2)
                                   0.17 r         0.18           0.00    -0.01   cluster_clock_gating
                                                                                          Func_Fast
ibex_top_inst/u_ibex_core/wb_stage_i/g_writeback_stage.rf_wdata_wb_q_reg[21]/D (SAEDHVT14_FSDPQ_V2_2)
                                   0.17 r         0.18           0.00    -0.01   cluster_clock_gating
                                                                                          Func_Fast
ibex_top_inst/u_ibex_core/if_stage_i/gen_prefetch_buffer.prefetch_buffer_i/fifo_i/instr_addr_q_reg[14]/D (SAEDHVT14_FSDPQ_V2LP_2)
                                   0.18 r         0.19           0.00    -0.01   cluster_clock_gating
                                                                                          Func_Fast
ibex_top_inst/u_ibex_core/if_stage_i/gen_prefetch_buffer.prefetch_buffer_i/fifo_i/instr_addr_q_reg[17]/D (SAEDHVT14_FSDPQ_V2LP_2)
                                   0.18 r         0.19           0.00    -0.01   cluster_clock_gating
                                                                                          Func_Fast
ibex_top_inst/u_ibex_core/if_stage_i/gen_prefetch_buffer.prefetch_buffer_i/fetch_addr_q_reg[30]/D (SAEDHVT14_FSDPQ_V2_2)
                                   0.18 r         0.18           0.00    -0.01   cluster_clock_gating
                                                                                          Func_Fast
ibex_top_inst/u_ibex_core/if_stage_i/gen_prefetch_buffer.prefetch_buffer_i/fifo_i/instr_addr_q_reg[23]/D (SAEDHVT14_FSDPQ_V2LP_2)
                                   0.17 r         0.18           0.00    -0.01   cluster_clock_gating
                                                                                          Func_Fast
ibex_top_inst/u_ibex_core/if_stage_i/gen_prefetch_buffer.prefetch_buffer_i/fifo_i/instr_addr_q_reg[10]/D (SAEDHVT14_FSDPQ_V2LP_2)
                                   0.18 r         0.19           0.00    -0.01   cluster_clock_gating
                                                                                          Func_Fast
ibex_top_inst/u_ibex_core/if_stage_i/gen_prefetch_buffer.prefetch_buffer_i/fifo_i/instr_addr_q_reg[22]/D (SAEDHVT14_FSDPQ_V2LP_2)
                                   0.17 r         0.18           0.00    -0.01   cluster_clock_gating
                                                                                          Func_Fast
ibex_top_inst/u_ibex_core/cs_registers_i/u_dscratch0_csr/rdata_q_reg[6]/D (SAEDHVT14_FSDPRBQ_V2LP_2)
                                   0.17 r         0.18           0.00    -0.00   cluster_clock_gating
                                                                                          Func_Fast
ibex_top_inst/u_ibex_core/if_stage_i/gen_prefetch_buffer.prefetch_buffer_i/stored_addr_q_reg[8]/D (SAEDHVT14_FSDPQ_V2_2)
                                   0.18 r         0.18           0.00    -0.00   cluster_clock_gating
                                                                                          Func_Fast
ibex_top_inst/u_ibex_core/if_stage_i/gen_prefetch_buffer.prefetch_buffer_i/fifo_i/instr_addr_q_reg[11]/D (SAEDHVT14_FSDPQ_V2LP_2)
                                   0.18 r         0.19           0.00    -0.00   cluster_clock_gating
                                                                                          Func_Fast
ibex_top_inst/u_ibex_core/if_stage_i/gen_prefetch_buffer.prefetch_buffer_i/fetch_addr_q_reg[8]/D (SAEDHVT14_FSDPQ_V2_2)
                                   0.18 r         0.18           0.00    -0.00   cluster_clock_gating
                                                                                          Func_Fast
ibex_top_inst/u_ibex_core/if_stage_i/gen_prefetch_buffer.prefetch_buffer_i/stored_addr_q_reg[30]/D (SAEDHVT14_FSDPQ_V2_2)
                                   0.18 r         0.18           0.00    -0.00   cluster_clock_gating
                                                                                          Func_Fast
ibex_top_inst/u_ibex_core/if_stage_i/gen_prefetch_buffer.prefetch_buffer_i/fifo_i/instr_addr_q_reg[29]/D (SAEDHVT14_FSDPQ_V2LP_2)
                                   0.18 r         0.18           0.00    -0.00   cluster_clock_gating
                                                                                          Func_Fast
ibex_top_inst/u_ibex_core/if_stage_i/gen_prefetch_buffer.prefetch_buffer_i/fifo_i/instr_addr_q_reg[20]/D (SAEDHVT14_FSDPQ_V2LP_2)
                                   0.18 r         0.18           0.00    -0.00   cluster_clock_gating
                                                                                          Func_Fast
ibex_top_inst/u_ibex_core/if_stage_i/gen_prefetch_buffer.prefetch_buffer_i/fifo_i/instr_addr_q_reg[28]/D (SAEDHVT14_FSDPQ_V2LP_2)
                                   0.18 r         0.18           0.00    -0.00   cluster_clock_gating
                                                                                          Func_Fast
ibex_top_inst/u_ibex_core/cs_registers_i/u_dscratch0_csr/rdata_q_reg[1]/D (SAEDHVT14_FSDPRBQ_V2LP_2)
                                   0.18 r         0.18           0.00    -0.00   cluster_clock_gating
                                                                                          Func_Fast
ibex_top_inst/u_ibex_core/cs_registers_i/u_mscratch_csr/rdata_q_reg[6]/D (SAEDHVT14_FSDPRBQ_V2LP_2)
                                   0.17 r         0.18           0.00    -0.00   cluster_clock_gating
                                                                                          Func_Fast
ibex_top_inst/u_ibex_core/if_stage_i/gen_prefetch_buffer.prefetch_buffer_i/fifo_i/instr_addr_q_reg[9]/D (SAEDHVT14_FSDPQ_V2LP_2)
                                   0.18 r         0.18           0.00    -0.00   cluster_clock_gating
                                                                                          Func_Fast
ibex_top_inst/u_ibex_core/if_stage_i/instr_is_compressed_id_o_reg/D (SAEDHVT14_FSDPQ_V2_2)
                                   0.18 r         0.19           0.00    -0.00   cluster_clock_gating
                                                                                          Func_Fast
ibex_top_inst/u_ibex_core/cs_registers_i/u_mie_csr/rdata_q_reg[16]/D (SAEDHVT14_FSDPRBQ_V2LP_2)
                                   0.18 r         0.18           0.00    -0.00   cluster_clock_gating
                                                                                          Func_Fast
ibex_top_inst/u_ibex_core/if_stage_i/gen_prefetch_buffer.prefetch_buffer_i/fifo_i/instr_addr_q_reg[24]/D (SAEDHVT14_FSDPQ_V2LP_2)
                                   0.18 r         0.18           0.00    -0.00   cluster_clock_gating
                                                                                          Func_Fast
ibex_top_inst/u_ibex_core/if_stage_i/gen_prefetch_buffer.prefetch_buffer_i/fifo_i/instr_addr_q_reg[18]/D (SAEDHVT14_FSDPQ_V2LP_2)
                                   0.18 r         0.18           0.00    -0.00   cluster_clock_gating
                                                                                          Func_Fast
ibex_top_inst/u_ibex_core/if_stage_i/gen_prefetch_buffer.prefetch_buffer_i/fifo_i/instr_addr_q_reg[27]/D (SAEDHVT14_FSDPQ_V2LP_2)
                                   0.18 r         0.18           0.00    -0.00   cluster_clock_gating
                                                                                          Func_Fast
ibex_top_inst/u_ibex_core/if_stage_i/gen_prefetch_buffer.prefetch_buffer_i/fifo_i/instr_addr_q_reg[25]/D (SAEDHVT14_FSDPQ_V2LP_2)
                                   0.18 r         0.18           0.00    -0.00   cluster_clock_gating
                                                                                          Func_Fast
ibex_top_inst/u_ibex_core/if_stage_i/gen_prefetch_buffer.prefetch_buffer_i/fifo_i/instr_addr_q_reg[21]/D (SAEDHVT14_FSDPQ_V2LP_2)
                                   0.18 r         0.18           0.00    -0.00   cluster_clock_gating
                                                                                          Func_Fast
ibex_top_inst/u_ibex_core/cs_registers_i/u_dscratch0_csr/rdata_q_reg[7]/D (SAEDHVT14_FSDPRBQ_V2LP_2)
                                   0.18 r         0.18           0.00    -0.00   cluster_clock_gating
                                                                                          Func_Fast
ibex_top_inst/u_ibex_core/if_stage_i/gen_prefetch_buffer.prefetch_buffer_i/fetch_addr_q_reg[6]/D (SAEDHVT14_FSDPQ_V2_2)
                                   0.18 r         0.18           0.00    -0.00   cluster_clock_gating
                                                                                          Func_Fast
ibex_top_inst/u_ibex_core/if_stage_i/gen_prefetch_buffer.prefetch_buffer_i/fetch_addr_q_reg[31]/D (SAEDHVT14_FSDPQ_V2_2)
                                   0.18 r         0.18           0.00    -0.00   cluster_clock_gating
                                                                                          Func_Fast
ibex_top_inst/u_ibex_core/cs_registers_i/u_dscratch1_csr/rdata_q_reg[7]/D (SAEDHVT14_FSDPRBQ_V2LP_2)
                                   0.18 r         0.18           0.00    -0.00   cluster_clock_gating
                                                                                          Func_Fast
ibex_top_inst/u_ibex_core/cs_registers_i/u_mepc_csr/rdata_q_reg[12]/D (SAEDHVT14_FSDPRBQ_V2LP_2)
                                   0.18 f         0.18           0.00    -0.00   cluster_clock_gating
                                                                                          Func_Fast
ibex_top_inst/u_ibex_core/ex_block_i/gen_multdiv_fast.multdiv_i/op_quotient_q_reg[31]/SI (SAEDHVT14_FSDPRBQ_V2LP_2)
                                   0.18 f         0.18           0.00    -0.00   cluster_clock_gating
                                                                                          Func_Fast
ibex_top_inst/u_ibex_core/if_stage_i/gen_prefetch_buffer.prefetch_buffer_i/fetch_addr_q_reg[23]/D (SAEDHVT14_FSDPQ_V2_2)
                                   0.18 r         0.18           0.00    -0.00   cluster_clock_gating
                                                                                          Func_Fast
ibex_top_inst/u_ibex_core/id_stage_i/id_fsm_q_reg/SI (SAEDHVT14_FSDPRBQ_V2LP_2)
                                   0.18 f         0.19           0.00    -0.00   cluster_clock_gating
                                                                                          Func_Fast
ibex_top_inst/u_ibex_core/ex_block_i/gen_multdiv_fast.multdiv_i/op_quotient_q_reg[10]/SI (SAEDHVT14_FSDPRBQ_V2LP_2)
                                   0.18 f         0.18           0.00    -0.00   cluster_clock_gating
                                                                                          Func_Fast
ibex_top_inst/gen_regfile_ff.register_file_i/g_rf_flops[9].rf_reg_q_reg[21]/D (SAEDHVT14_FSDPRBQ_V2LP_2)
                                   0.18 f         0.18           0.00    -0.00   cluster_clock_gating
                                                                                          Func_Fast
ibex_top_inst/gen_regfile_ff.register_file_i/g_rf_flops[21].rf_reg_q_reg[25]/SI (SAEDHVT14_FSDPRBQ_V2LP_2)
                                   0.18 f         0.18           0.00    -0.00   cluster_clock_gating
                                                                                          Func_Fast
ibex_top_inst/gen_regfile_ff.register_file_i/g_rf_flops[26].rf_reg_q_reg[6]/SI (SAEDHVT14_FSDPRBQ_V2LP_2)
                                   0.18 f         0.18           0.00    -0.00   cluster_clock_gating
                                                                                          Func_Fast
R_9/SI (SAEDHVT14_FSDPQB_V2_2)     0.18 f         0.18           0.00    -0.00   cluster_clock_gating
                                                                                          Func_Fast

1
