****************************************
Report : clock timing
        -type summary
Design : ibex_wrapper
Version: O-2018.06-SP1
Date   : Mon Jul  7 20:30:27 2025
****************************************

  Mode: Func
  Clock: clk_i
                                                                                 Corner
------------------------------------------------------------------------------------------
  Maximum setup launch latency:
      ibex_top_inst/core_busy_q_reg[0]/CK                      0.18       rp-+       Slow

  Minimum setup capture latency:
      ibex_top_inst/core_clock_gate_i/gen_generic.u_impl_generic/en_latch_reg/G
                                                               0.00       fp-+       Fast

  Minimum hold launch latency:
      ibex_top_inst/core_clock_gate_i/gen_generic.u_impl_generic/en_latch_reg/G
                                                               0.00       fp-+       Fast

  Maximum hold capture latency:
      ibex_top_inst/core_busy_q_reg[0]/CK                      0.18       rp-+       Slow

  Maximum active transition:
      ibex_top_inst/core_clock_gate_i/gen_generic.u_impl_generic/en_latch_reg/G
                                                               0.05       fp-+       Fast

  Minimum active transition:
      ibex_top_inst/core_busy_q_reg[0]/CK                      0.01       rp-+       Fast

  Maximum setup skew:
      ibex_top_inst/core_busy_q_reg[0]/CK                                 rp-+       Slow
      ibex_top_inst/core_clock_gate_i/gen_generic.u_impl_generic/en_latch_reg/G
                                                               0.17       fp-+       Slow

  Maximum hold skew:
      ibex_top_inst/core_busy_q_reg[0]/CK                                 rp-+       Fast
      ibex_top_inst/core_clock_gate_i/gen_generic.u_impl_generic/en_latch_reg/G
                                                              -0.08       fp-+       Fast



  Mode: Func
  Clock: cluster_clock_gating
                                                                                 Corner
------------------------------------------------------------------------------------------
  Maximum setup launch latency:
      ibex_top_inst/u_ibex_core/if_stage_i/instr_rdata_id_o_reg[25]/CK
                                                               0.18       rp-+       Slow

  Minimum setup capture latency:
      ibex_top_inst/gen_regfile_ff.register_file_i/g_rf_flops[21].rf_reg_q_reg[19]/CK
                                                               0.08       rp-+       Fast

  Minimum hold launch latency:
      ibex_top_inst/gen_regfile_ff.register_file_i/g_rf_flops[21].rf_reg_q_reg[19]/CK
                                                               0.08       rp-+       Fast

  Maximum hold capture latency:
      ibex_top_inst/u_ibex_core/if_stage_i/instr_rdata_id_o_reg[25]/CK
                                                               0.18       rp-+       Slow

  Maximum active transition:
      ibex_top_inst/gen_regfile_ff.register_file_i/g_rf_flops[13].rf_reg_q_reg[8]/CK
                                                               0.03       rp-+       Slow

  Minimum active transition:
      ibex_top_inst/gen_regfile_ff.register_file_i/g_rf_flops[12].rf_reg_q_reg[4]/CK
                                                               0.01       rp-+       Fast

  Maximum setup skew:
      ibex_top_inst/u_ibex_core/if_stage_i/instr_rdata_id_o_reg[25]/CK    rp-+       Slow
      ibex_top_inst/u_ibex_core/cs_registers_i/mcycle_counter_i/counter_q_reg[34]/CK
                                                               0.01       rp-+       Slow

  Maximum hold skew:
      ibex_top_inst/gen_regfile_ff.register_file_i/g_rf_flops[19].rf_reg_q_reg[22]/CK
                                                                          rp-+       Slow
      ibex_top_inst/u_ibex_core/if_stage_i/gen_prefetch_buffer.prefetch_buffer_i/fetch_addr_q_reg[19]/CK
                                                               0.01       rp-+       Slow


1
