 
****************************************
Report : power
        -analysis_effort low
Design : ibex_top
Version: O-2018.06-SP1
Date   : Thu May  1 07:25:11 2025
****************************************


Library(s) Used:

    saed14rvt_ss0p72vm40c (File: /mnt/hgfs/0_GP/PDK/saed14_pdk/SAED14nm_EDK_CORE_RVT_v_062020/stdcell_rvt/db_ccs/saed14rvt_ss0p72vm40c.db)


Operating Conditions: ss0p72vm40c   Library: saed14rvt_ss0p72vm40c
Wire Load Model Mode: top

Design        Wire Load Model            Library
------------------------------------------------
ibex_top               8000              saed14rvt_ss0p72vm40c


Global Operating Voltage = 0.72 
Power-specific unit information :
    Voltage Units = 1V
    Capacitance Units = 1.000000ff
    Time Units = 1ns
    Dynamic Power Units = 1uW    (derived from V,C,T units)
    Leakage Power Units = 1pW


  Cell Internal Power  = 212.1413 uW   (69%)
  Net Switching Power  =  94.6201 uW   (31%)
                         ---------
Total Dynamic Power    = 306.7614 uW  (100%)

Cell Leakage Power     =  85.3382 nW


                 Internal         Switching           Leakage            Total
Power Group      Power            Power               Power              Power   (   %    )  Attrs
--------------------------------------------------------------------------------------------------
io_pad             0.0000            0.0000            0.0000            0.0000  (   0.00%)
memory             0.0000            0.0000            0.0000            0.0000  (   0.00%)
black_box          0.0000            0.0000            0.0000            0.0000  (   0.00%)
clock_network      0.1557           85.2668            4.1355           85.4225  (  27.84%)
register         210.2174            2.1721        4.5070e+04          212.4343  (  69.23%)
sequential         0.0000            0.0000            0.0000            0.0000  (   0.00%)
combinational      1.7679            7.1813        4.0264e+04            8.9893  (   2.93%)
--------------------------------------------------------------------------------------------------
Total            212.1410 uW        94.6202 uW     8.5338e+04 pW       306.8462 uW
1
