 
****************************************
Report : qor
Design : ibex_top
Version: O-2018.06-SP1
Date   : Thu May  1 07:25:14 2025
****************************************


  Timing Path Group 'clk_i'
  -----------------------------------
  Levels of Logic:               8.00
  Critical Path Length:          0.26
  Critical Path Slack:           2.56
  Critical Path Clk Period:      6.25
  Total Negative Slack:          0.00
  No. of Violating Paths:        0.00
  Worst Hold Violation:         -0.11
  Total Hold Violation:         -0.15
  No. of Hold Violations:        2.00
  -----------------------------------

  Timing Path Group 'cluster_clock_gating'
  -----------------------------------
  Levels of Logic:              73.00
  Critical Path Length:          2.85
  Critical Path Slack:           2.50
  Critical Path Clk Period:      6.25
  Total Negative Slack:          0.00
  No. of Violating Paths:        0.00
  Worst Hold Violation:         -0.19
  Total Hold Violation:        -99.05
  No. of Hold Violations:     2001.00
  -----------------------------------


  Cell Count
  -----------------------------------
  Hierarchical Cell Count:          4
  Hierarchical Port Count:       1191
  Leaf Cell Count:              15464
  Buf/Inv Cell Count:            3703
  Buf Cell Count:                 730
  Inv Cell Count:                2991
  CT Buf/Inv Cell Count:            0
  Combinational Cell Count:     13444
  Sequential Cell Count:         2020
  Macro Count:                      0
  -----------------------------------


  Area
  -----------------------------------
  Combinational Area:     4042.131531
  Noncombinational Area:  2100.830457
  Buf/Inv Area:            738.549596
  Total Buffer Area:           210.54
  Total Inverter Area:         548.78
  Macro/Black Box Area:      0.000000
  Net Area:              10925.996240
  -----------------------------------
  Cell Area:              6142.961988
  Design Area:           17068.958229


  Design Rules
  -----------------------------------
  Total Number of Nets:         16281
  Nets With Violations:             1
  Max Trans Violations:             0
  Max Cap Violations:               1
  Max Fanout Violations:            1
  -----------------------------------


  Hostname: IC_EDA

  Compile CPU Statistics
  -----------------------------------------
  Resource Sharing:                    6.47
  Logic Optimization:                  3.78
  Mapping Optimization:               31.59
  -----------------------------------------
  Overall Compile Time:              113.15
  Overall Compile Wall Clock Time:   129.03

  --------------------------------------------------------------------

  Design  WNS: 0.00  TNS: 0.00  Number of Violating Paths: 0


  Design (Hold)  WNS: 0.19  TNS: 99.20  Number of Violating Paths: 2003

  --------------------------------------------------------------------


1
