Information: Loading SDC version 2.1 file '/mnt/hgfs/0_GP/Official_Repo/lowRisc_ASIC_ITIGP/PnR/Run_1/syn_output/ibex_wrapper.sdc' (FILE-007)
Warning: The 'set_max_fanout' command is not supported in this program.  The command will be ignored. (CSTR-011)
Warning: The -library option of set_driving_cell is not supported. (CSTR-022)
Warning: The -library option of set_driving_cell is not supported. (CSTR-022)
Warning: The -library option of set_driving_cell is not supported. (CSTR-022)
Warning: The -library option of set_driving_cell is not supported. (CSTR-022)
Warning: The -library option of set_driving_cell is not supported. (CSTR-022)
Warning: The -library option of set_driving_cell is not supported. (CSTR-022)
Warning: The -library option of set_driving_cell is not supported. (CSTR-022)
Warning: The -library option of set_driving_cell is not supported. (CSTR-022)
Warning: The -library option of set_driving_cell is not supported. (CSTR-022)
Warning: The -library option of set_driving_cell is not supported. (CSTR-022)
Warning: The -library option of set_driving_cell is not supported. (CSTR-022)
Warning: The -library option of set_driving_cell is not supported. (CSTR-022)
Warning: The -library option of set_driving_cell is not supported. (CSTR-022)
Warning: The -library option of set_driving_cell is not supported. (CSTR-022)
Warning: The -library option of set_driving_cell is not supported. (CSTR-022)
Warning: The -library option of set_driving_cell is not supported. (CSTR-022)
Warning: The -library option of set_driving_cell is not supported. (CSTR-022)
Warning: The -library option of set_driving_cell is not supported. (CSTR-022)
Warning: The -library option of set_driving_cell is not supported. (CSTR-022)
Warning: The -library option of set_driving_cell is not supported. (CSTR-022)
Warning: The -library option of set_driving_cell is not supported. (CSTR-022)
Warning: The -library option of set_driving_cell is not supported. (CSTR-022)
Warning: The -library option of set_driving_cell is not supported. (CSTR-022)
Warning: The -library option of set_driving_cell is not supported. (CSTR-022)
Warning: The -library option of set_driving_cell is not supported. (CSTR-022)
Warning: The -library option of set_driving_cell is not supported. (CSTR-022)
Warning: The -library option of set_driving_cell is not supported. (CSTR-022)
Warning: The -library option of set_driving_cell is not supported. (CSTR-022)
Warning: The -library option of set_driving_cell is not supported. (CSTR-022)
Warning: The -library option of set_driving_cell is not supported. (CSTR-022)
Warning: The -library option of set_driving_cell is not supported. (CSTR-022)
Warning: The -library option of set_driving_cell is not supported. (CSTR-022)
Warning: The -library option of set_driving_cell is not supported. (CSTR-022)
Warning: The -library option of set_driving_cell is not supported. (CSTR-022)
Warning: The -library option of set_driving_cell is not supported. (CSTR-022)
Warning: The -library option of set_driving_cell is not supported. (CSTR-022)
Warning: The -library option of set_driving_cell is not supported. (CSTR-022)
Warning: The -library option of set_driving_cell is not supported. (CSTR-022)
Warning: The -library option of set_driving_cell is not supported. (CSTR-022)
Warning: The -library option of set_driving_cell is not supported. (CSTR-022)
Warning: The -library option of set_driving_cell is not supported. (CSTR-022)
Warning: The -library option of set_driving_cell is not supported. (CSTR-022)
Warning: The -library option of set_driving_cell is not supported. (CSTR-022)
Warning: The -library option of set_driving_cell is not supported. (CSTR-022)
Warning: The -library option of set_driving_cell is not supported. (CSTR-022)
Warning: The -library option of set_driving_cell is not supported. (CSTR-022)
Warning: The -library option of set_driving_cell is not supported. (CSTR-022)
Warning: The -library option of set_driving_cell is not supported. (CSTR-022)
Warning: The -library option of set_driving_cell is not supported. (CSTR-022)
Warning: The -library option of set_driving_cell is not supported. (CSTR-022)
Warning: The -library option of set_driving_cell is not supported. (CSTR-022)
Warning: The -library option of set_driving_cell is not supported. (CSTR-022)
Warning: The -library option of set_driving_cell is not supported. (CSTR-022)
Warning: The -library option of set_driving_cell is not supported. (CSTR-022)
Warning: The -library option of set_driving_cell is not supported. (CSTR-022)
Warning: The -library option of set_driving_cell is not supported. (CSTR-022)
Warning: The -library option of set_driving_cell is not supported. (CSTR-022)
Warning: The -library option of set_driving_cell is not supported. (CSTR-022)
Warning: The -library option of set_driving_cell is not supported. (CSTR-022)
Warning: The -library option of set_driving_cell is not supported. (CSTR-022)
Warning: The -library option of set_driving_cell is not supported. (CSTR-022)
Warning: The -library option of set_driving_cell is not supported. (CSTR-022)
Warning: The -library option of set_driving_cell is not supported. (CSTR-022)
Warning: The -library option of set_driving_cell is not supported. (CSTR-022)
Warning: The -library option of set_driving_cell is not supported. (CSTR-022)
Warning: The -library option of set_driving_cell is not supported. (CSTR-022)
Warning: The -library option of set_driving_cell is not supported. (CSTR-022)
Warning: The -library option of set_driving_cell is not supported. (CSTR-022)
Warning: The -library option of set_driving_cell is not supported. (CSTR-022)
Warning: The -library option of set_driving_cell is not supported. (CSTR-022)
Warning: The -library option of set_driving_cell is not supported. (CSTR-022)
Warning: The -library option of set_driving_cell is not supported. (CSTR-022)
Warning: The -library option of set_driving_cell is not supported. (CSTR-022)
Warning: The -library option of set_driving_cell is not supported. (CSTR-022)
Warning: The -library option of set_driving_cell is not supported. (CSTR-022)
Warning: The -library option of set_driving_cell is not supported. (CSTR-022)
Warning: The -library option of set_driving_cell is not supported. (CSTR-022)
Warning: The -library option of set_driving_cell is not supported. (CSTR-022)
Warning: The -library option of set_driving_cell is not supported. (CSTR-022)
Warning: The -library option of set_driving_cell is not supported. (CSTR-022)
Warning: The -library option of set_driving_cell is not supported. (CSTR-022)
Warning: The -library option of set_driving_cell is not supported. (CSTR-022)
Warning: The -library option of set_driving_cell is not supported. (CSTR-022)
Warning: The -library option of set_driving_cell is not supported. (CSTR-022)
Warning: The -library option of set_driving_cell is not supported. (CSTR-022)
Warning: The -library option of set_driving_cell is not supported. (CSTR-022)
Warning: The -library option of set_driving_cell is not supported. (CSTR-022)
Warning: The -library option of set_driving_cell is not supported. (CSTR-022)
Warning: The -library option of set_driving_cell is not supported. (CSTR-022)
Warning: The -library option of set_driving_cell is not supported. (CSTR-022)
Warning: The -library option of set_driving_cell is not supported. (CSTR-022)
Warning: The -library option of set_driving_cell is not supported. (CSTR-022)
Warning: The -library option of set_driving_cell is not supported. (CSTR-022)
Warning: The -library option of set_driving_cell is not supported. (CSTR-022)
Warning: The -library option of set_driving_cell is not supported. (CSTR-022)
Warning: The -library option of set_driving_cell is not supported. (CSTR-022)
Warning: The -library option of set_driving_cell is not supported. (CSTR-022)
Warning: The -library option of set_driving_cell is not supported. (CSTR-022)
Warning: The -library option of set_driving_cell is not supported. (CSTR-022)
Warning: The -library option of set_driving_cell is not supported. (CSTR-022)
Warning: The -library option of set_driving_cell is not supported. (CSTR-022)
Warning: The -library option of set_driving_cell is not supported. (CSTR-022)
Warning: The -library option of set_driving_cell is not supported. (CSTR-022)
Warning: The -library option of set_driving_cell is not supported. (CSTR-022)
Warning: The -library option of set_driving_cell is not supported. (CSTR-022)
Warning: The -library option of set_driving_cell is not supported. (CSTR-022)
Warning: The -library option of set_driving_cell is not supported. (CSTR-022)
Warning: The -library option of set_driving_cell is not supported. (CSTR-022)
Warning: The -library option of set_driving_cell is not supported. (CSTR-022)
Warning: The -library option of set_driving_cell is not supported. (CSTR-022)
Warning: The -library option of set_driving_cell is not supported. (CSTR-022)
Warning: The -library option of set_driving_cell is not supported. (CSTR-022)
Warning: The -library option of set_driving_cell is not supported. (CSTR-022)
Warning: The -library option of set_driving_cell is not supported. (CSTR-022)
Warning: The -library option of set_driving_cell is not supported. (CSTR-022)
Warning: The -library option of set_driving_cell is not supported. (CSTR-022)
Warning: The -library option of set_driving_cell is not supported. (CSTR-022)
Warning: The -library option of set_driving_cell is not supported. (CSTR-022)
Warning: The -library option of set_driving_cell is not supported. (CSTR-022)
Warning: The -library option of set_driving_cell is not supported. (CSTR-022)
Warning: The -library option of set_driving_cell is not supported. (CSTR-022)
Warning: The -library option of set_driving_cell is not supported. (CSTR-022)
Warning: The -library option of set_driving_cell is not supported. (CSTR-022)
Warning: The -library option of set_driving_cell is not supported. (CSTR-022)
Warning: The -library option of set_driving_cell is not supported. (CSTR-022)
Warning: The -library option of set_driving_cell is not supported. (CSTR-022)
Warning: The -library option of set_driving_cell is not supported. (CSTR-022)
Warning: The -library option of set_driving_cell is not supported. (CSTR-022)
Warning: The -library option of set_driving_cell is not supported. (CSTR-022)
Warning: The -library option of set_driving_cell is not supported. (CSTR-022)
Warning: The -library option of set_driving_cell is not supported. (CSTR-022)
Warning: The -library option of set_driving_cell is not supported. (CSTR-022)
Warning: The -library option of set_driving_cell is not supported. (CSTR-022)
Warning: The -library option of set_driving_cell is not supported. (CSTR-022)
Warning: The -library option of set_driving_cell is not supported. (CSTR-022)
Warning: The -library option of set_driving_cell is not supported. (CSTR-022)
Warning: The -library option of set_driving_cell is not supported. (CSTR-022)
Warning: The -library option of set_driving_cell is not supported. (CSTR-022)
Warning: The -library option of set_driving_cell is not supported. (CSTR-022)
Warning: The -library option of set_driving_cell is not supported. (CSTR-022)
Warning: The -library option of set_driving_cell is not supported. (CSTR-022)
Warning: The -library option of set_driving_cell is not supported. (CSTR-022)
Warning: The -library option of set_driving_cell is not supported. (CSTR-022)
Warning: The -library option of set_driving_cell is not supported. (CSTR-022)
Warning: The -library option of set_driving_cell is not supported. (CSTR-022)
Warning: The -library option of set_driving_cell is not supported. (CSTR-022)
Warning: The -library option of set_driving_cell is not supported. (CSTR-022)
Warning: The -library option of set_driving_cell is not supported. (CSTR-022)
Warning: The -library option of set_driving_cell is not supported. (CSTR-022)
Warning: The -library option of set_driving_cell is not supported. (CSTR-022)
Warning: The -library option of set_driving_cell is not supported. (CSTR-022)
Warning: The -library option of set_driving_cell is not supported. (CSTR-022)
Warning: The -library option of set_driving_cell is not supported. (CSTR-022)
Warning: The -library option of set_driving_cell is not supported. (CSTR-022)
Warning: The -library option of set_driving_cell is not supported. (CSTR-022)
Warning: The -library option of set_driving_cell is not supported. (CSTR-022)
Warning: The -library option of set_driving_cell is not supported. (CSTR-022)
Warning: The -library option of set_driving_cell is not supported. (CSTR-022)
Warning: The -library option of set_driving_cell is not supported. (CSTR-022)
Warning: The -library option of set_driving_cell is not supported. (CSTR-022)
Warning: The -library option of set_driving_cell is not supported. (CSTR-022)
Warning: The -library option of set_driving_cell is not supported. (CSTR-022)
Warning: The -library option of set_driving_cell is not supported. (CSTR-022)
Warning: The -library option of set_driving_cell is not supported. (CSTR-022)
Warning: The -library option of set_driving_cell is not supported. (CSTR-022)
Warning: The -library option of set_driving_cell is not supported. (CSTR-022)
Warning: The -library option of set_driving_cell is not supported. (CSTR-022)
Warning: The -library option of set_driving_cell is not supported. (CSTR-022)
Warning: The -library option of set_driving_cell is not supported. (CSTR-022)
Warning: The -library option of set_driving_cell is not supported. (CSTR-022)
Warning: The -library option of set_driving_cell is not supported. (CSTR-022)
Warning: The -library option of set_driving_cell is not supported. (CSTR-022)
Warning: The -library option of set_driving_cell is not supported. (CSTR-022)
Warning: The -library option of set_driving_cell is not supported. (CSTR-022)
Warning: The -library option of set_driving_cell is not supported. (CSTR-022)
Warning: The -library option of set_driving_cell is not supported. (CSTR-022)
Warning: The -library option of set_driving_cell is not supported. (CSTR-022)
Warning: The -library option of set_driving_cell is not supported. (CSTR-022)
Warning: The -library option of set_driving_cell is not supported. (CSTR-022)
Warning: The -library option of set_driving_cell is not supported. (CSTR-022)
Warning: The -library option of set_driving_cell is not supported. (CSTR-022)
Warning: The -library option of set_driving_cell is not supported. (CSTR-022)
Warning: The -library option of set_driving_cell is not supported. (CSTR-022)
Warning: The -library option of set_driving_cell is not supported. (CSTR-022)
Warning: The -library option of set_driving_cell is not supported. (CSTR-022)
Warning: The -library option of set_driving_cell is not supported. (CSTR-022)
Warning: The -library option of set_driving_cell is not supported. (CSTR-022)
Warning: The -library option of set_driving_cell is not supported. (CSTR-022)
Warning: The -library option of set_driving_cell is not supported. (CSTR-022)
Warning: The -library option of set_driving_cell is not supported. (CSTR-022)
Warning: The -library option of set_driving_cell is not supported. (CSTR-022)
Warning: The -library option of set_driving_cell is not supported. (CSTR-022)
Warning: The -library option of set_driving_cell is not supported. (CSTR-022)
Warning: The -library option of set_driving_cell is not supported. (CSTR-022)
Warning: The -library option of set_driving_cell is not supported. (CSTR-022)
Warning: The -library option of set_driving_cell is not supported. (CSTR-022)
Warning: The -library option of set_driving_cell is not supported. (CSTR-022)
Warning: The -library option of set_driving_cell is not supported. (CSTR-022)
Warning: The -library option of set_driving_cell is not supported. (CSTR-022)
Warning: The -library option of set_driving_cell is not supported. (CSTR-022)
Warning: The -library option of set_driving_cell is not supported. (CSTR-022)
Warning: The -library option of set_driving_cell is not supported. (CSTR-022)
Warning: The -library option of set_driving_cell is not supported. (CSTR-022)
Warning: The -library option of set_driving_cell is not supported. (CSTR-022)
Warning: The -library option of set_driving_cell is not supported. (CSTR-022)
Warning: The -library option of set_driving_cell is not supported. (CSTR-022)
Warning: The -library option of set_driving_cell is not supported. (CSTR-022)
Warning: The -library option of set_driving_cell is not supported. (CSTR-022)
Warning: The -library option of set_driving_cell is not supported. (CSTR-022)
Warning: The -library option of set_driving_cell is not supported. (CSTR-022)
Warning: The -library option of set_driving_cell is not supported. (CSTR-022)
Warning: The -library option of set_driving_cell is not supported. (CSTR-022)
Warning: The -library option of set_driving_cell is not supported. (CSTR-022)
Warning: The -library option of set_driving_cell is not supported. (CSTR-022)
Warning: The -library option of set_driving_cell is not supported. (CSTR-022)
Warning: The -library option of set_driving_cell is not supported. (CSTR-022)
Warning: The -library option of set_driving_cell is not supported. (CSTR-022)
Warning: The -library option of set_driving_cell is not supported. (CSTR-022)
Warning: The -library option of set_driving_cell is not supported. (CSTR-022)
Warning: The -library option of set_driving_cell is not supported. (CSTR-022)
Warning: The -library option of set_driving_cell is not supported. (CSTR-022)
Warning: The -library option of set_driving_cell is not supported. (CSTR-022)
Warning: The -library option of set_driving_cell is not supported. (CSTR-022)
Warning: The -library option of set_driving_cell is not supported. (CSTR-022)
Warning: The -library option of set_driving_cell is not supported. (CSTR-022)
Warning: The -library option of set_driving_cell is not supported. (CSTR-022)
Warning: The -library option of set_driving_cell is not supported. (CSTR-022)
Warning: The -library option of set_driving_cell is not supported. (CSTR-022)
Warning: The -library option of set_driving_cell is not supported. (CSTR-022)
Warning: The -library option of set_driving_cell is not supported. (CSTR-022)
Warning: The -library option of set_driving_cell is not supported. (CSTR-022)
Warning: The -library option of set_driving_cell is not supported. (CSTR-022)
Warning: The -library option of set_driving_cell is not supported. (CSTR-022)
Warning: The -library option of set_driving_cell is not supported. (CSTR-022)
Warning: The -library option of set_driving_cell is not supported. (CSTR-022)
Warning: The -library option of set_driving_cell is not supported. (CSTR-022)
Warning: The -library option of set_driving_cell is not supported. (CSTR-022)
Warning: The -library option of set_driving_cell is not supported. (CSTR-022)
Warning: The -library option of set_driving_cell is not supported. (CSTR-022)
Warning: The -library option of set_driving_cell is not supported. (CSTR-022)
Warning: The -library option of set_driving_cell is not supported. (CSTR-022)
Warning: The -library option of set_driving_cell is not supported. (CSTR-022)
Warning: The -library option of set_driving_cell is not supported. (CSTR-022)
Warning: The -library option of set_driving_cell is not supported. (CSTR-022)
Warning: The -library option of set_driving_cell is not supported. (CSTR-022)
Warning: The -library option of set_driving_cell is not supported. (CSTR-022)
Warning: The -library option of set_driving_cell is not supported. (CSTR-022)
Warning: The -library option of set_driving_cell is not supported. (CSTR-022)
Warning: The -library option of set_driving_cell is not supported. (CSTR-022)
Warning: The -library option of set_driving_cell is not supported. (CSTR-022)
Warning: The -library option of set_driving_cell is not supported. (CSTR-022)
Warning: The -library option of set_driving_cell is not supported. (CSTR-022)
Warning: The -library option of set_driving_cell is not supported. (CSTR-022)
Warning: The -library option of set_driving_cell is not supported. (CSTR-022)
Warning: The -library option of set_driving_cell is not supported. (CSTR-022)
Warning: The -library option of set_driving_cell is not supported. (CSTR-022)
Warning: The -library option of set_driving_cell is not supported. (CSTR-022)
Warning: The -library option of set_driving_cell is not supported. (CSTR-022)
Warning: The -library option of set_driving_cell is not supported. (CSTR-022)
Warning: The -library option of set_driving_cell is not supported. (CSTR-022)
Warning: The -library option of set_driving_cell is not supported. (CSTR-022)
Warning: The -library option of set_driving_cell is not supported. (CSTR-022)
Warning: The -library option of set_driving_cell is not supported. (CSTR-022)
Warning: The -library option of set_driving_cell is not supported. (CSTR-022)
Warning: The -library option of set_driving_cell is not supported. (CSTR-022)
Warning: The -library option of set_driving_cell is not supported. (CSTR-022)
Warning: The -library option of set_driving_cell is not supported. (CSTR-022)
Warning: The -library option of set_driving_cell is not supported. (CSTR-022)
Warning: The -library option of set_driving_cell is not supported. (CSTR-022)
Warning: The -library option of set_driving_cell is not supported. (CSTR-022)
Warning: The -library option of set_driving_cell is not supported. (CSTR-022)
Warning: The -library option of set_driving_cell is not supported. (CSTR-022)
Warning: The -library option of set_driving_cell is not supported. (CSTR-022)
Warning: The -library option of set_driving_cell is not supported. (CSTR-022)
Warning: The -library option of set_driving_cell is not supported. (CSTR-022)
Warning: The -library option of set_driving_cell is not supported. (CSTR-022)
Warning: The -library option of set_driving_cell is not supported. (CSTR-022)
Warning: The -library option of set_driving_cell is not supported. (CSTR-022)
Warning: The -library option of set_driving_cell is not supported. (CSTR-022)
Warning: The -library option of set_driving_cell is not supported. (CSTR-022)
Warning: The -library option of set_driving_cell is not supported. (CSTR-022)
Warning: The -library option of set_driving_cell is not supported. (CSTR-022)
Warning: The -library option of set_driving_cell is not supported. (CSTR-022)
Warning: The -library option of set_driving_cell is not supported. (CSTR-022)
Warning: The -library option of set_driving_cell is not supported. (CSTR-022)
Warning: The -library option of set_driving_cell is not supported. (CSTR-022)
Warning: The -library option of set_driving_cell is not supported. (CSTR-022)
Warning: The -library option of set_driving_cell is not supported. (CSTR-022)
Warning: The -library option of set_driving_cell is not supported. (CSTR-022)
Warning: The -library option of set_driving_cell is not supported. (CSTR-022)
Warning: The -library option of set_driving_cell is not supported. (CSTR-022)
Warning: The -library option of set_driving_cell is not supported. (CSTR-022)
Warning: The -library option of set_driving_cell is not supported. (CSTR-022)
Warning: The -library option of set_driving_cell is not supported. (CSTR-022)
Warning: The -library option of set_driving_cell is not supported. (CSTR-022)
Warning: The -library option of set_driving_cell is not supported. (CSTR-022)
Warning: The -library option of set_driving_cell is not supported. (CSTR-022)
Warning: The -library option of set_driving_cell is not supported. (CSTR-022)
Warning: The -library option of set_driving_cell is not supported. (CSTR-022)
Warning: The -library option of set_driving_cell is not supported. (CSTR-022)
Warning: The -library option of set_driving_cell is not supported. (CSTR-022)
Warning: The -library option of set_driving_cell is not supported. (CSTR-022)
Warning: The -library option of set_driving_cell is not supported. (CSTR-022)
Warning: The -library option of set_driving_cell is not supported. (CSTR-022)
Warning: The -library option of set_driving_cell is not supported. (CSTR-022)
Warning: The -library option of set_driving_cell is not supported. (CSTR-022)
Warning: The -library option of set_driving_cell is not supported. (CSTR-022)
Warning: The -library option of set_driving_cell is not supported. (CSTR-022)
Warning: The -library option of set_driving_cell is not supported. (CSTR-022)
Warning: The -library option of set_driving_cell is not supported. (CSTR-022)
Warning: The -library option of set_driving_cell is not supported. (CSTR-022)
Warning: The -library option of set_driving_cell is not supported. (CSTR-022)
Warning: The -library option of set_driving_cell is not supported. (CSTR-022)
Warning: The -library option of set_driving_cell is not supported. (CSTR-022)
Warning: The -library option of set_driving_cell is not supported. (CSTR-022)
Warning: The -library option of set_driving_cell is not supported. (CSTR-022)
Warning: The -library option of set_driving_cell is not supported. (CSTR-022)
Warning: The -library option of set_driving_cell is not supported. (CSTR-022)
Warning: The -library option of set_driving_cell is not supported. (CSTR-022)
Warning: The -library option of set_driving_cell is not supported. (CSTR-022)
Warning: The -library option of set_driving_cell is not supported. (CSTR-022)
Warning: The -library option of set_driving_cell is not supported. (CSTR-022)
Warning: The -library option of set_driving_cell is not supported. (CSTR-022)
Warning: The -library option of set_driving_cell is not supported. (CSTR-022)
Warning: The -library option of set_driving_cell is not supported. (CSTR-022)
Warning: The -library option of set_driving_cell is not supported. (CSTR-022)
Warning: The -library option of set_driving_cell is not supported. (CSTR-022)
Warning: The -library option of set_driving_cell is not supported. (CSTR-022)
Warning: The -library option of set_driving_cell is not supported. (CSTR-022)
Warning: The -library option of set_driving_cell is not supported. (CSTR-022)
Warning: The -library option of set_driving_cell is not supported. (CSTR-022)
Warning: The -library option of set_driving_cell is not supported. (CSTR-022)
Warning: The -library option of set_driving_cell is not supported. (CSTR-022)
Warning: The -library option of set_driving_cell is not supported. (CSTR-022)
Warning: The -library option of set_driving_cell is not supported. (CSTR-022)
Warning: The -library option of set_driving_cell is not supported. (CSTR-022)
Warning: The -library option of set_driving_cell is not supported. (CSTR-022)
Warning: The -library option of set_driving_cell is not supported. (CSTR-022)
Warning: The -library option of set_driving_cell is not supported. (CSTR-022)
Warning: The -library option of set_driving_cell is not supported. (CSTR-022)
Warning: The -library option of set_driving_cell is not supported. (CSTR-022)
Warning: The -library option of set_driving_cell is not supported. (CSTR-022)
Warning: The -library option of set_driving_cell is not supported. (CSTR-022)
Warning: The -library option of set_driving_cell is not supported. (CSTR-022)
Warning: The -library option of set_driving_cell is not supported. (CSTR-022)
Warning: The -library option of set_driving_cell is not supported. (CSTR-022)
Warning: The -library option of set_driving_cell is not supported. (CSTR-022)
Warning: The -library option of set_driving_cell is not supported. (CSTR-022)
Warning: The -library option of set_driving_cell is not supported. (CSTR-022)
Warning: The -library option of set_driving_cell is not supported. (CSTR-022)
Warning: The -library option of set_driving_cell is not supported. (CSTR-022)
Warning: The -library option of set_driving_cell is not supported. (CSTR-022)
Warning: The -library option of set_driving_cell is not supported. (CSTR-022)
Warning: The -library option of set_driving_cell is not supported. (CSTR-022)
Warning: The -library option of set_driving_cell is not supported. (CSTR-022)
Warning: The -library option of set_driving_cell is not supported. (CSTR-022)
Warning: The -library option of set_driving_cell is not supported. (CSTR-022)
Warning: The -library option of set_driving_cell is not supported. (CSTR-022)
Warning: The -library option of set_driving_cell is not supported. (CSTR-022)
Warning: The -library option of set_driving_cell is not supported. (CSTR-022)
Warning: The -library option of set_driving_cell is not supported. (CSTR-022)
Warning: The -library option of set_driving_cell is not supported. (CSTR-022)
Warning: The -library option of set_driving_cell is not supported. (CSTR-022)
Warning: The -library option of set_driving_cell is not supported. (CSTR-022)
Warning: The -library option of set_driving_cell is not supported. (CSTR-022)
Warning: The -library option of set_driving_cell is not supported. (CSTR-022)
Warning: The -library option of set_driving_cell is not supported. (CSTR-022)
Warning: The -library option of set_driving_cell is not supported. (CSTR-022)
Warning: The -library option of set_driving_cell is not supported. (CSTR-022)
Warning: The -library option of set_driving_cell is not supported. (CSTR-022)
Warning: The -library option of set_driving_cell is not supported. (CSTR-022)
Warning: The -library option of set_driving_cell is not supported. (CSTR-022)
Warning: The -library option of set_driving_cell is not supported. (CSTR-022)
Warning: The -library option of set_driving_cell is not supported. (CSTR-022)
Warning: The -library option of set_driving_cell is not supported. (CSTR-022)
Warning: The -library option of set_driving_cell is not supported. (CSTR-022)
Warning: The -library option of set_driving_cell is not supported. (CSTR-022)
Warning: The -library option of set_driving_cell is not supported. (CSTR-022)
Warning: The -library option of set_driving_cell is not supported. (CSTR-022)
Begin building search trees for block ibex_hvt:ibex_wrapper.design
Done building search trees for block ibex_hvt:ibex_wrapper.design (time 0s)
************************************************************
Timer Settings:
Delay Calculation Style:                   auto
Signal Integrity Analysis:                 disabled
Timing Window Analysis:                    disabled
Advanced Waveform Propagation:             disabled
Variation Type:                            fixed_derate
Clock Reconvergence Pessimism Removal:     disabled
Advanced Receiver Model:                   disabled
************************************************************
1
