Begin building search trees for block ibex_hvt:ibex_hvt_routing.design
Done building search trees for block ibex_hvt:ibex_hvt_routing.design (time 0s)
Warning: SI analysis is not enabled for post-route optimization. (ROPT-002)
************************************************************
Timer Settings:
Delay Calculation Style:                   auto
Signal Integrity Analysis:                 disabled
Timing Window Analysis:                    disabled
Advanced Waveform Propagation:             disabled
Variation Type:                            fixed_derate
Clock Reconvergence Pessimism Removal:     disabled
Advanced Receiver Model:                   disabled
************************************************************
Warning: Corner Slow:  0 process number, 6 process label, 0 voltage, and 0 temperature mismatches. (PVT-030)
Warning: 18487 cells affected for early, 18487 for late. (PVT-031)
Warning: 378 port driving_cells affected for early, 378 for late. (PVT-034)
Information: Clearing abstracted power annotation ... 
Route-opt command begin                   CPU:   247 s (  0.07 hr )  ELAPSE:   293 s (  0.08 hr )  MEM-PEAK:   811 MB
Warning: SI analysis is not enabled for post-route optimization. (ROPT-002)
Information: The stitching and editing of coupling caps is turned OFF for design 'ibex_hvt:ibex_hvt_routing.design'. (TIM-125)
Information: Design ibex_hvt_routing has 17581 nets, 17576 global routed, 0 detail routed. (NEX-024)
Warning: Technology layer 'M4' setting 'pitch' is not valid (NEX-001)
Warning: Technology layer 'MRDL' setting 'pitch' is not valid (NEX-001)
Warning: Parasitic Tech Library layer 'M1' parameter 'SMIN' = 0.040 does not match 0.026 of technology file (NEX-007)
Warning: Parasitic Tech Library layer 'M2' parameter 'SMIN' = 0.040 does not match 0.026 of technology file (NEX-007)
Warning: Parasitic Tech Library layer 'M3' parameter 'SMIN' = 0.040 does not match 0.026 of technology file (NEX-007)
Warning: Parasitic Tech Library layer 'M1' parameter 'SMIN' = 0.040 does not match 0.026 of technology file (NEX-007)
Warning: Parasitic Tech Library layer 'M2' parameter 'SMIN' = 0.040 does not match 0.026 of technology file (NEX-007)
Warning: Parasitic Tech Library layer 'M3' parameter 'SMIN' = 0.040 does not match 0.026 of technology file (NEX-007)
Warning: Parasitic Tech Library layer 'M8' parameter 'WMIN' = 0.030 does not match 0.060 of technology file (NEX-007)
Warning: Parasitic Tech Library layer 'M8' parameter 'SMIN' = 0.060 does not match 0.040 of technology file (NEX-007)
NEX: gr/dr coup map average coverRate for layer#1: 0.396078
Information: build GR coup map successfully (NEX-012)
Information: The RC mode used is GR for design 'ibex_wrapper'. (NEX-022)
Information: Design Average RC for design ibex_hvt_routing  (NEX-011)
Information: r = 2.181655 ohm/um, via_r = 1.041632 ohm/cut, c = 0.133555 ff/um, cc = 0.000000 ff/um (X dir) (NEX-017)
Information: r = 2.559083 ohm/um, via_r = 0.643520 ohm/cut, c = 0.136068 ff/um, cc = 0.000000 ff/um (Y dir) (NEX-017)
Information: Update timing completed net estimation for all the timing graph nets (TIM-111)
Information: Net estimation statistics: timing graph nets = 17579, routed nets = 17576, across physical hierarchy nets = 0, parasitics cached nets = 17578, delay annotated nets = 0, parasitics annotated nets = 0, multi-voltage nets = 0. (TIM-112)

Route-opt timing update complete          CPU:   251 s (  0.07 hr )  ELAPSE:   297 s (  0.08 hr )  MEM-PEAK:   811 MB

Route-opt initial QoR
_____________________
Scenario Mapping Table
1: Func_Slow

Pathgroup Mapping Table
1: **default**
2: **async_default**
3: **clock_gating_default**
4: **in2reg_default**
5: **reg2out_default**
6: **in2out_default**
7: clk_i
8: cluster_clock_gating

-----------------------------------------------------------------------------------------------------------
Scene  PG      WNS        TNS    NSV      WHV        THV    NHV
    1   1   0.0000     0.0000      0   0.0000     0.0000      0
    1   2   0.0000     0.0000      0   0.0000     0.0000      0
    1   3   0.0000     0.0000      0   0.0000     0.0000      0
    1   4   0.0000     0.0000      0   0.0000     0.0000      0
    1   5   0.0000     0.0000      0   0.0000     0.0000      0
    1   6   0.0000     0.0000      0   0.0000     0.0000      0
    1   7   0.0000     0.0000      0   0.0815     0.2492      4
    1   8   0.0000     0.0000      0   0.0982   168.2068   2018
--------------------------------------------------------------------------------------------------------------------
Scene  PG      WNS        TNS    NSV      WHV        THV    NHV  MaxTrnV  MaxCapV    Leakage
    1   *   0.0000     0.0000      0   0.0982   168.4560   2022        0       65          -
--------------------------------------------------------------------------------------------------------------------
Scene  PG      WNS        TNS    NSV      WHV        THV    NHV  MaxTrnV  MaxCapV    Leakage         Area    InstCnt
    *   *   0.0000     0.0000      0   0.0982   168.4560   2022        0       65          -      8700.62      16842
--------------------------------------------------------------------------------------------------------------------

Route-opt initial QoR Summary       WNS        TNS    NSV      WHV        THV    NHV  MaxTrnV  MaxCapV    Leakage         Area    InstCnt
Route-opt initial QoR Summary    0.0000     0.0000      0   0.0982   168.4560   2022        0       65          -      8700.62      16842
Information: The netlist and extraction change observers are disabled for further incremental timing updates during on-route optimization. (TIM-119)
INFO: using 1 threads
Warning: Technology layer 'M4' setting 'pitch' is not valid (NEX-001)
Warning: Technology layer 'MRDL' setting 'pitch' is not valid (NEX-001)
Warning: Parasitic Tech Library layer 'M1' parameter 'SMIN' = 0.040 does not match 0.026 of technology file (NEX-007)
Warning: Parasitic Tech Library layer 'M2' parameter 'SMIN' = 0.040 does not match 0.026 of technology file (NEX-007)
Warning: Parasitic Tech Library layer 'M3' parameter 'SMIN' = 0.040 does not match 0.026 of technology file (NEX-007)
Warning: Parasitic Tech Library layer 'M1' parameter 'SMIN' = 0.040 does not match 0.026 of technology file (NEX-007)
Warning: Parasitic Tech Library layer 'M2' parameter 'SMIN' = 0.040 does not match 0.026 of technology file (NEX-007)
Warning: Parasitic Tech Library layer 'M3' parameter 'SMIN' = 0.040 does not match 0.026 of technology file (NEX-007)
Warning: Parasitic Tech Library layer 'M8' parameter 'WMIN' = 0.030 does not match 0.060 of technology file (NEX-007)
Warning: Parasitic Tech Library layer 'M8' parameter 'SMIN' = 0.060 does not match 0.040 of technology file (NEX-007)
Route-opt initialization complete         CPU:   252 s (  0.07 hr )  ELAPSE:   298 s (  0.08 hr )  MEM-PEAK:   811 MB
Use advanced legalizer engine : 0
Warning: Library cell saed14hvt:SAEDHVT14_ISOFSDPQ_PECO_8.frame is missing supply pins. Its power structure cannot be determined. (LGL-050)
Warning: Library cell saed14hvt:SAEDHVT14_DCAP_PV1ECO_12.frame is missing supply pins. Its power structure cannot be determined. (LGL-050)
Route-opt optimization summary            SETUP-COST HOLD-COST LDRC-COST        AREA       POWER     ELAPSE (hr)
Warning: Many nets are not fully detailed routed. Some examples are listed below. (ROPT-006)
  rst_ni
  test_en_i
  hart_id_i[31]
  hart_id_i[30]
  hart_id_i[29]
  hart_id_i[28]
  hart_id_i[27]
  hart_id_i[26]
  hart_id_i[25]
  hart_id_i[24]

Route-opt optimization Phase 1 Iter  1          0.00    200.80       459       0.009           -           0.083
Begin building search trees for block ibex_hvt:SCRATCH_DESIGN_2147483648.design
Done building search trees for block ibex_hvt:SCRATCH_DESIGN_2147483648.design (time 0s)

Route-opt optimization Phase 2 Iter  1          0.00    200.80       459       0.009           -           0.083
Begin building search trees for block ibex_hvt:SCRATCH_DESIGN_2147483648.design
Done building search trees for block ibex_hvt:SCRATCH_DESIGN_2147483648.design (time 0s)
Route-opt optimization Phase 2 Iter  2          0.00    200.80         7       0.009           -           0.084

Route-opt optimization Phase 3 Iter  1          0.00    200.80         0       0.009           -           0.084
Route-opt optimization Phase 3 Iter  2          0.00    200.80         0       0.009           -           0.084
Route-opt optimization Phase 3 Iter  3          0.00    200.80         0       0.009           -           0.084
Route-opt optimization Phase 3 Iter  4          0.00    200.80         0       0.009           -           0.084
Route-opt optimization Phase 3 Iter  5          0.00    200.80         0       0.009           -           0.084
Route-opt optimization Phase 3 Iter  6          0.00    200.80         0       0.009           -           0.084
Route-opt optimization Phase 3 Iter  7          0.00    200.80         0       0.009           -           0.084

Route-opt optimization Phase 4 Iter  1          0.00    200.80         0       0.009           -           0.084

Route-opt optimization Phase 5 Iter  1          0.00    200.80         0       0.009           -           0.084
Begin building search trees for block ibex_hvt:SCRATCH_DESIGN_2147483648.design
Done building search trees for block ibex_hvt:SCRATCH_DESIGN_2147483648.design (time 0s)
Route-opt optimization Phase 5 Iter  2          0.00     18.70         0       0.012           -           0.111

Route-opt optimization complete                 0.00     18.08         0       0.012           -           0.114
Information: Serialized np data
INFO: timer data saved to /tmp/ibex_hvt_routing_5705_363016192.timdat

Route-opt route preserve complete         CPU:   365 s (  0.10 hr )  ELAPSE:   414 s (  0.12 hr )  MEM-PEAK:  1016 MB
Information: The netlist and extraction change observers are enabled for further incremental timing updates. (TIM-120)
----------------------------------------------------------------
running legalize_placement
nplDplc2Placer::setParam(effort,1)
nplDplc2Placer::setParam(debug,0)
nplDplc2Placer::setParam(site_check,2)
nplDplc2Placer::setParam(app_firm_wgt,0)
Begin building search trees for block ibex_hvt:ibex_hvt_routing.design
Done building search trees for block ibex_hvt:ibex_hvt_routing.design (time 0s)
Warning: Routing direction of metal layer PO is neither "horizontal" nor "vertical".  PDC checks will not be performed on this layer. (PDC-003)
PDC app_options settings =========
	place.legalize.enable_prerouted_net_check: 1
	place.legalize.num_tracks_for_access_check: 1
	place.legalize.use_eol_spacing_for_access_check: 0
	place.legalize.allow_touch_track_for_access_check: 1
	place.legalize.reduce_conservatism_in_eol_check: 0
	place.legalize.preroute_shape_merge_distance: 0.0
	place.legalize.enable_non_preferred_direction_span_check: 0

Layer M1: cached 0 shapes out of 8122 total shapes.
Layer M2: cached 0 shapes out of 40517 total shapes.
Layer M3: cached 14 shapes out of 33542 total shapes.
Cached 3374 vias out of 110818 total vias.

Legalizing Top Level Design ibex_wrapper ... 
Warning: Library cell saed14hvt:SAEDHVT14_ISOFSDPQ_PECO_8.frame is missing supply pins. Its power structure cannot be determined. (LGL-050)
Warning: Library cell saed14hvt:SAEDHVT14_DCAP_PV1ECO_12.frame is missing supply pins. Its power structure cannot be determined. (LGL-050)
Warning: Routing direction of metal layer PO is neither "horizontal" nor "vertical".  PDC checks will not be performed on this layer. (PDC-003)


****************************************
  Report : Fillers
  Site   : unit
****************************************

Filler widths available for different combinations of VT, OD and TPO:
----------------------------------------------------------------------
     VT1      VT2      OD1      OD2      TPO   WIDTHS
                    height   height            sites
----------------------------------------------------------------------
  HVTIMP   HVTIMP     none     none     none   1 4 5 6 7 9 10 14 17 18 20 34 66
----------------------------------------------------------------------
Smallest non-OD filler width is 1 sites.
----------------------------------------------------------------------


Bounds/Regions In This Design:
        Area    Num Cells  Exclusive Name
 (square um)
     19562.8        26359        Yes DEFAULT_VA

Optimizing attract points
    Done attract points (1 sec)
Starting legalizer.
Warning: Exclusive bound 'DEFAULT' has no cells.
Optimizing Exclusive Bound 'DEFAULT_VA' (2/2)

Warning: Found cells with large displacements during legalization. If the
    cells with large displacements are timing critical these displacements
    may cause problems. Please see the following plots for details.

    The 'max_displacements' plot shows the design with blockages in green
    and the legalized cells with the largest displacements drawn
    with red displacement vectors.

    The 'colored_displacements' plot shows the design with blockages in green
    and with placed cells colored according to their displacements.
    The mapping of colors to displacements can be seen in the
    legend in the lower right.

    Done Exclusive Bound 'DEFAULT_VA' (2/2) (24 sec)

Warning: Found cells with large displacements during legalization. If the
    cells with large displacements are timing critical these displacements
    may cause problems. Please see the following plots for details.

    The 'max_displacements' plot shows the design with blockages in green
    and the legalized cells with the largest displacements drawn
    with red displacement vectors.

    The 'colored_displacements' plot shows the design with blockages in green
    and with placed cells colored according to their displacements.
    The mapping of colors to displacements can be seen in the
    legend in the lower right.

Writing GIF plot to file './legalizer_debug_plots/ibex_hvt_routing_SITE_unit.001-0001-max_displacements.gif'.
Writing GIF plot to file './legalizer_debug_plots/ibex_hvt_routing_SITE_unit.001-0002-colored_displacements.gif'.
Legalization complete (26 total sec)

****************************************
  Report : Placement Attempts
  Site   : unit
****************************************

number of cells:                  26359
number of references:               111
number of site rows:                233
number of locations attempted:  2041929
number of locations failed:      147775  (7.2%)

Legality of references at locations:
41 references had failures.

Worst 10 references by total failures:
 CELLS       UNFLIPPED                       FLIPPED                REFERENCE NAME
         ATTEMPTS  FAILURES            ATTEMPTS  FAILURES           
  5709     220584     40012 ( 18.1%)     201845     39156 ( 19.4%)  SAEDHVT14_ND2_CDC_2
  1650     105183     17800 ( 16.9%)      82232     15913 ( 19.4%)  SAEDHVT14_FDPRBQ_V2LP_2
   361      22873      4851 ( 21.2%)      13103      2818 ( 21.5%)  SAEDHVT14_FDPQ_V3_2
   534      13911      3159 ( 22.7%)       6583      2065 ( 31.4%)  SAEDHVT14_ADDF_V2_2
   267      17276      2656 ( 15.4%)      11724      2254 ( 19.2%)  SAEDHVT14_AN3_2
   152       9887      2749 ( 27.8%)       6775      1431 ( 21.1%)  SAEDHVT14_ADDH_2
    53       4881      1348 ( 27.6%)       3388      1442 ( 42.6%)  SAEDHVT14_ND4_2
   305       7969      1614 ( 20.3%)       4790       846 ( 17.7%)  SAEDHVT14_EN2_2
    56       4404      1113 ( 25.3%)       2952      1017 ( 34.5%)  SAEDHVT14_ND3_2
    59       3466       502 ( 14.5%)       3213       338 ( 10.5%)  SAEDHVT14_NR2_4

Worst 10 references by failure rate:
 CELLS       UNFLIPPED                       FLIPPED                REFERENCE NAME
         ATTEMPTS  FAILURES            ATTEMPTS  FAILURES           
     1        212       119 ( 56.1%)         16        16 (100.0%)  SAEDHVT14_AN2_MM_20
     1          8         7 ( 87.5%)        155        86 ( 55.5%)  SAEDHVT14_FDPRB_V3_2
     1        150        79 ( 52.7%)         16        12 ( 75.0%)  SAEDHVT14_FDPS_V3_2
     2         16        10 ( 62.5%)        308       158 ( 51.3%)  SAEDHVT14_MUX4_V1M_2
     3         24         7 ( 29.2%)        192       104 ( 54.2%)  SAEDHVT14_INV_S_6
     5        584       308 ( 52.7%)        408       112 ( 27.5%)  SAEDHVT14_FDPSQB_2
     1        114        46 ( 40.4%)          0         0 (  0.0%)  SAEDHVT14_BUF_4
     1        174        66 ( 37.9%)          0         0 (  0.0%)  SAEDHVT14_ND2_MM_2
    10        423       164 ( 38.8%)        881       294 ( 33.4%)  SAEDHVT14_AN3_4
     1          8         7 ( 87.5%)        286        94 ( 32.9%)  SAEDHVT14_AN3_8

Legality of references in rows:
0 references had row failures.

****************************************
  Report : Cell Displacements
****************************************

number of cells aggregated:       24614 (263460 total sites)
avg row height over cells:        0.600 um
rms cell displacement:            2.951 um ( 4.92 row height)
rms weighted cell displacement:   2.951 um ( 4.92 row height)
max cell displacement:           57.782 um (96.30 row height)
avg cell displacement:            1.022 um ( 1.70 row height)
avg weighted cell displacement:   1.022 um ( 1.70 row height)
number of cells moved:            19195
number of large displacements:     3214
large displacement threshold:     3.000 row height

Displacements of worst 10 cells:
Cell: ibex_top_inst/u_ibex_core/cs_registers_i/U901 (SAEDHVT14_ND2_CDC_2)
  Input location: (3.33,82.2)
  Legal location: (54.094,54.6)
  Displacement:  57.782 um (96.30 row height)
Cell: ibex_top_inst/u_ibex_core/cs_registers_i/U943 (SAEDHVT14_ND2_CDC_2)
  Input location: (0,101.4)
  Legal location: (55.944,112.8)
  Displacement:  57.094 um (95.16 row height)
Cell: ibex_top_inst/u_ibex_core/cs_registers_i/U894 (SAEDHVT14_ND2_CDC_2)
  Input location: (0,98.4)
  Legal location: (55.13,112.8)
  Displacement:  56.980 um (94.97 row height)
Cell: ibex_top_inst/u_ibex_core/cs_registers_i/U868 (SAEDHVT14_ND2_CDC_2)
  Input location: (0,97.2)
  Legal location: (54.316,112.8)
  Displacement:  56.512 um (94.19 row height)
Cell: ibex_top_inst/u_ibex_core/cs_registers_i/U923 (SAEDHVT14_ND2_CDC_2)
  Input location: (3.478,69.6)
  Legal location: (55.278,51.6)
  Displacement:  54.838 um (91.40 row height)
Cell: ibex_top_inst/u_ibex_core/cs_registers_i/U994 (SAEDHVT14_ND2_CDC_2)
  Input location: (0.074,96.6)
  Legal location: (52.17,113.4)
  Displacement:  54.738 um (91.23 row height)
Cell: ibex_top_inst/u_ibex_core/cs_registers_i/U946 (SAEDHVT14_ND2_CDC_2)
  Input location: (2.812,68.4)
  Legal location: (54.464,51.6)
  Displacement:  54.315 um (90.53 row height)
Cell: ibex_top_inst/u_ibex_core/cs_registers_i/U1955 (SAEDHVT14_ND2_CDC_2)
  Input location: (1.332,91.8)
  Legal location: (35.372,50.4)
  Displacement:  53.597 um (89.33 row height)
Cell: ibex_top_inst/u_ibex_core/cs_registers_i/U918 (SAEDHVT14_ND2_CDC_2)
  Input location: (0,99)
  Legal location: (51.356,113.4)
  Displacement:  53.337 um (88.89 row height)
Cell: ibex_top_inst/u_ibex_core/cs_registers_i/U960 (SAEDHVT14_ND2_CDC_2)
  Input location: (4.144,63)
  Legal location: (56.092,51.6)
  Displacement:  53.184 um (88.64 row height)

Legalization succeeded.
Total Legalizer CPU: 28.727
----------------------------------------------------------------

Route-opt legalization complete           CPU:   394 s (  0.11 hr )  ELAPSE:   443 s (  0.12 hr )  MEM-PEAK:  1016 MB
Warning: Cell contains tie connections which are not connected to real PG. (ZRT-511)
Turn off antenna since no rule is specified
Cell Min-Routing-Layer = M1
Cell Max-Routing-Layer = M9
Warning: There is no constraint to limit maximum number of secondary power and ground (PG) pins in a cluster. (ZRT-536)
Warning: There is no constraint to limit maximum number of secondary power and ground (PG) pins in a cluster. (ZRT-536)
Warning: Ignore 2 top cell ports with no pins. (ZRT-027)
Info: number of net_type_blockage: 0 
Via on layer (VIA1) needs more than one tracks
Warning: Layer M1 pitch 0.074 may be too small: wire/via-down 0.074, wire/via-up 0.098. (ZRT-026)
Via on layer (VIA1) needs more than one tracks
Warning: Layer M2 pitch 0.060 may be too small: wire/via-down 0.098, wire/via-up 0.060. (ZRT-026)
Via on layer (VIA3) needs more than one tracks
Warning: Layer M3 pitch 0.074 may be too small: wire/via-down 0.060, wire/via-up 0.080. (ZRT-026)
Wire on layer (M4) needs more than one tracks
Via on layer (VIA3) needs more than one tracks
Via on layer (VIA4) needs more than one tracks
Warning: Layer M4 pitch 0.074 may be too small: wire/via-down 0.107, wire/via-up 0.105. (ZRT-026)
Via on layer (VIA4) needs more than one tracks
Warning: Layer M5 pitch 0.120 may be too small: wire/via-down 0.135, wire/via-up 0.107. (ZRT-026)
Via on layer (VIA8) needs more than one tracks
Warning: Layer M8 pitch 0.120 may be too small: wire/via-down 0.107, wire/via-up 0.135. (ZRT-026)
Wire on layer (M9) needs more than one tracks
Via on layer (VIA8) needs more than one tracks
Via on layer (VIARDL) needs more than one tracks
Warning: Layer M9 pitch 0.120 may be too small: wire/via-down 0.135, wire/via-up 1.570. (ZRT-026)
Via on layer (VIARDL) needs more than one tracks
Warning: Layer MRDL pitch 0.600 may be too small: wire/via-down 4.500, wire/via-up 0.600. (ZRT-026)
Transition layer name: M3(2)
Warning: Standard cell pin SAEDHVT14_INV_PS_2/VDD has no valid via regions. (ZRT-044)
Warning: Standard cell pin SAEDHVT14_NR3B_2/B2 has no valid via regions. (ZRT-044)
Warning: Standard cell pin SAEDHVT14_NR2_2/A1 has no valid via regions. (ZRT-044)
Warning: Standard cell pin SAEDHVT14_NR2_2/X has no valid via regions. (ZRT-044)
[ECO: DbIn With Extraction] Elapsed real time: 0:00:02 
[ECO: DbIn With Extraction] Elapsed cpu  time: sys=0:00:00 usr=0:00:02 total=0:00:02
[ECO: DbIn With Extraction] Stage (MB): Used  112  Alloctr  112  Proc    0 
[ECO: DbIn With Extraction] Total (MB): Used  113  Alloctr  114  Proc 2083 
[ECO: Analysis] Elapsed real time: 0:00:02 
[ECO: Analysis] Elapsed cpu  time: sys=0:00:00 usr=0:00:02 total=0:00:02
[ECO: Analysis] Stage (MB): Used  112  Alloctr  112  Proc    0 
[ECO: Analysis] Total (MB): Used  113  Alloctr  114  Proc 2083 
Num of eco nets = 25682
Num of open eco nets = 21237
[ECO: Init] Elapsed real time: 0:00:02 
[ECO: Init] Elapsed cpu  time: sys=0:00:00 usr=0:00:02 total=0:00:02
[ECO: Init] Stage (MB): Used  114  Alloctr  114  Proc    0 
[ECO: Init] Total (MB): Used  115  Alloctr  116  Proc 2083 
Start Global Route ... 
[Init] Elapsed real time: 0:00:00 
[Init] Elapsed cpu  time: sys=0:00:00 usr=0:00:00 total=0:00:00
[Init] Stage (MB): Used    0  Alloctr    0  Proc    0 
[Init] Total (MB): Used  120  Alloctr  121  Proc 2083 
Printing options for 'route.common.*'
common.verbose_level                                    :	 0                   

Printing options for 'route.global.*'
global.placement_timing_driven_mode                     :	 false               
global.timing_driven                                    :	 false               

Begin global routing.
Constructing data structure ...
Design statistics:
Design Bounding Box (-18.00,-18.00,158.00,158.00)
Number of routing layers = 10
layer M1, dir Ver, min width = 0.03, min space = 0.03 pitch = 0.07
layer M2, dir Hor, min width = 0.03, min space = 0.03 pitch = 0.06
layer M3, dir Ver, min width = 0.03, min space = 0.03 pitch = 0.07
layer M4, dir Hor, min width = 0.06, min space = 0.04 pitch = 0.07
layer M5, dir Ver, min width = 0.06, min space = 0.04 pitch = 0.12
layer M6, dir Hor, min width = 0.06, min space = 0.04 pitch = 0.12
layer M7, dir Ver, min width = 0.06, min space = 0.04 pitch = 0.12
layer M8, dir Hor, min width = 0.06, min space = 0.04 pitch = 0.12
layer M9, dir Ver, min width = 0.06, min space = 0.04 pitch = 0.12
layer MRDL, dir Hor, min width = 2.00, min space = 2.00 pitch = 0.60
Current Stage stats:
[End of Build Tech Data] Elapsed real time: 0:00:00 
[End of Build Tech Data] Elapsed cpu  time: sys=0:00:00 usr=0:00:00 total=0:00:00
[End of Build Tech Data] Stage (MB): Used    2  Alloctr    2  Proc    0 
[End of Build Tech Data] Total (MB): Used  122  Alloctr  123  Proc 2083 
Net statistics:
Total number of nets     = 25682
Number of nets to route  = 21237
Number of single or zero port nets = 229
16328 nets are partially connected,
 of which 0 are detail routed and 16328 are global routed.
4216 nets are fully connected,
 of which 1 are detail routed and 4215 are global routed.
Current Stage stats:
[End of Build All Nets] Elapsed real time: 0:00:00 
[End of Build All Nets] Elapsed cpu  time: sys=0:00:00 usr=0:00:00 total=0:00:00
[End of Build All Nets] Stage (MB): Used    8  Alloctr    8  Proc    0 
[End of Build All Nets] Total (MB): Used  130  Alloctr  131  Proc 2083 
Average gCell capacity  2.97	 on layer (1)	 M1
Average gCell capacity  9.31	 on layer (2)	 M2
Average gCell capacity  7.04	 on layer (3)	 M3
Average gCell capacity  8.04	 on layer (4)	 M4
Average gCell capacity  4.95	 on layer (5)	 M5
Average gCell capacity  4.95	 on layer (6)	 M6
Average gCell capacity  4.91	 on layer (7)	 M7
Average gCell capacity  2.84	 on layer (8)	 M8
Average gCell capacity  2.84	 on layer (9)	 M9
Average gCell capacity  1.00	 on layer (10)	 MRDL
Average number of tracks per gCell 8.12	 on layer (1)	 M1
Average number of tracks per gCell 10.01	 on layer (2)	 M2
Average number of tracks per gCell 8.12	 on layer (3)	 M3
Average number of tracks per gCell 8.12	 on layer (4)	 M4
Average number of tracks per gCell 5.01	 on layer (5)	 M5
Average number of tracks per gCell 5.01	 on layer (6)	 M6
Average number of tracks per gCell 5.01	 on layer (7)	 M7
Average number of tracks per gCell 5.01	 on layer (8)	 M8
Average number of tracks per gCell 5.01	 on layer (9)	 M9
Average number of tracks per gCell 1.00	 on layer (10)	 MRDL
Number of gCells = 858490
Current Stage stats:
[End of Build Congestion map] Elapsed real time: 0:00:00 
[End of Build Congestion map] Elapsed cpu  time: sys=0:00:00 usr=0:00:00 total=0:00:00
[End of Build Congestion map] Stage (MB): Used    8  Alloctr    9  Proc    0 
[End of Build Congestion map] Total (MB): Used  139  Alloctr  140  Proc 2083 
Total stats:
[End of Build Data] Elapsed real time: 0:00:01 
[End of Build Data] Elapsed cpu  time: sys=0:00:00 usr=0:00:01 total=0:00:01
[End of Build Data] Stage (MB): Used   19  Alloctr   19  Proc    0 
[End of Build Data] Total (MB): Used  139  Alloctr  140  Proc 2083 
Current Stage stats:
[End of Blocked Pin Detection] Elapsed real time: 0:00:03 
[End of Blocked Pin Detection] Elapsed cpu  time: sys=0:00:00 usr=0:00:03 total=0:00:03
[End of Blocked Pin Detection] Stage (MB): Used    0  Alloctr    0  Proc   14 
[End of Blocked Pin Detection] Total (MB): Used  139  Alloctr  140  Proc 2097 
Information: Using 1 threads for routing. (ZRT-444)
multi gcell levels ON

Start GR phase 0
10% of nets complete Elapsed cpu time: 0:00:00 Elapsed real time: 0:00:00
20% of nets complete Elapsed cpu time: 0:00:00 Elapsed real time: 0:00:00
30% of nets complete Elapsed cpu time: 0:00:00 Elapsed real time: 0:00:00
40% of nets complete Elapsed cpu time: 0:00:00 Elapsed real time: 0:00:00
50% of nets complete Elapsed cpu time: 0:00:00 Elapsed real time: 0:00:00
60% of nets complete Elapsed cpu time: 0:00:00 Elapsed real time: 0:00:00
70% of nets complete Elapsed cpu time: 0:00:01 Elapsed real time: 0:00:01
80% of nets complete Elapsed cpu time: 0:00:01 Elapsed real time: 0:00:01
Current Stage stats:
[End of Initial Routing] Elapsed real time: 0:00:02 
[End of Initial Routing] Elapsed cpu  time: sys=0:00:00 usr=0:00:02 total=0:00:02
[End of Initial Routing] Stage (MB): Used   10  Alloctr   10  Proc    0 
[End of Initial Routing] Total (MB): Used  150  Alloctr  151  Proc 2097 
Initial. Routing result:
Initial. Both Dirs: Overflow = 32603 Max = 9 GRCs = 21383 (12.45%)
Initial. H routing: Overflow =  3179 Max = 8 (GRCs =  2) GRCs =  2684 (3.13%)
Initial. V routing: Overflow = 29424 Max = 9 (GRCs =  3) GRCs = 18699 (21.78%)
Initial. M1         Overflow = 24940 Max = 7 (GRCs =  4) GRCs = 14073 (16.39%)
Initial. M2         Overflow =  2957 Max = 8 (GRCs =  2) GRCs =  2459 (2.86%)
Initial. M3         Overflow =  4465 Max = 9 (GRCs =  3) GRCs =  4545 (5.29%)
Initial. M4         Overflow =   222 Max = 5 (GRCs =  2) GRCs =   225 (0.26%)
Initial. M5         Overflow =    19 Max = 3 (GRCs =  1) GRCs =    81 (0.09%)
Initial. M6         Overflow =     0 Max = 0 (GRCs =  0) GRCs =     0 (0.00%)
Initial. M7         Overflow =     0 Max = 0 (GRCs =  0) GRCs =     0 (0.00%)
Initial. M8         Overflow =     0 Max = 0 (GRCs =  0) GRCs =     0 (0.00%)
Initial. M9         Overflow =     0 Max = 0 (GRCs =  0) GRCs =     0 (0.00%)
Initial. MRDL       Overflow =     0 Max = 0 (GRCs =  0) GRCs =     0 (0.00%)

Initial. Total Wire Length = 266380.73
Initial. Layer M1 wire length = 99.00
Initial. Layer M2 wire length = 98992.93
Initial. Layer M3 wire length = 93424.61
Initial. Layer M4 wire length = 32291.83
Initial. Layer M5 wire length = 29370.64
Initial. Layer M6 wire length = 7026.34
Initial. Layer M7 wire length = 5004.01
Initial. Layer M8 wire length = 153.78
Initial. Layer M9 wire length = 17.58
Initial. Layer MRDL wire length = 0.00
Initial. Total Number of Contacts = 193108
Initial. Via VIA12SQ_C count = 85176
Initial. Via VIA23SQ_C count = 93752
Initial. Via VIA34SQ_C count = 8429
Initial. Via VIA45SQ count = 4555
Initial. Via VIA56SQ count = 803
Initial. Via VIA67SQ_C count = 373
Initial. Via VIA78SQ_C count = 16
Initial. Via VIA89_C count = 4
Initial. Via VIA9RDL count = 0
Initial. completed.

Start GR phase 1
10% of nets complete Elapsed cpu time: 0:00:00 Elapsed real time: 0:00:00
20% of nets complete Elapsed cpu time: 0:00:01 Elapsed real time: 0:00:01
30% of nets complete Elapsed cpu time: 0:00:01 Elapsed real time: 0:00:01
40% of nets complete Elapsed cpu time: 0:00:01 Elapsed real time: 0:00:02
50% of nets complete Elapsed cpu time: 0:00:02 Elapsed real time: 0:00:02
60% of nets complete Elapsed cpu time: 0:00:02 Elapsed real time: 0:00:02
70% of nets complete Elapsed cpu time: 0:00:02 Elapsed real time: 0:00:02
80% of nets complete Elapsed cpu time: 0:00:02 Elapsed real time: 0:00:02
Current Stage stats:
[End of Phase1 Routing] Elapsed real time: 0:00:02 
[End of Phase1 Routing] Elapsed cpu  time: sys=0:00:00 usr=0:00:02 total=0:00:02
[End of Phase1 Routing] Stage (MB): Used   -4  Alloctr    0  Proc    0 
[End of Phase1 Routing] Total (MB): Used  145  Alloctr  151  Proc 2097 
phase1. Routing result:
phase1. Both Dirs: Overflow = 12419 Max = 5 GRCs = 10485 (6.11%)
phase1. H routing: Overflow =    54 Max = 3 (GRCs =  2) GRCs =   110 (0.13%)
phase1. V routing: Overflow = 12365 Max = 5 (GRCs =  6) GRCs = 10375 (12.09%)
phase1. M1         Overflow = 11903 Max = 5 (GRCs =  6) GRCs =  9526 (11.10%)
phase1. M2         Overflow =    39 Max = 3 (GRCs =  2) GRCs =    68 (0.08%)
phase1. M3         Overflow =   459 Max = 4 (GRCs =  6) GRCs =   818 (0.95%)
phase1. M4         Overflow =    15 Max = 1 (GRCs = 42) GRCs =    42 (0.05%)
phase1. M5         Overflow =     2 Max = 1 (GRCs = 31) GRCs =    31 (0.04%)
phase1. M6         Overflow =     0 Max = 0 (GRCs =  0) GRCs =     0 (0.00%)
phase1. M7         Overflow =     0 Max = 0 (GRCs =  0) GRCs =     0 (0.00%)
phase1. M8         Overflow =     0 Max = 0 (GRCs =  0) GRCs =     0 (0.00%)
phase1. M9         Overflow =     0 Max = 0 (GRCs =  0) GRCs =     0 (0.00%)
phase1. MRDL       Overflow =     0 Max = 0 (GRCs =  0) GRCs =     0 (0.00%)

phase1. Total Wire Length = 253696.91
phase1. Layer M1 wire length = 57.67
phase1. Layer M2 wire length = 79316.07
phase1. Layer M3 wire length = 79842.44
phase1. Layer M4 wire length = 42135.67
phase1. Layer M5 wire length = 38028.26
phase1. Layer M6 wire length = 8547.97
phase1. Layer M7 wire length = 5600.49
phase1. Layer M8 wire length = 150.76
phase1. Layer M9 wire length = 17.58
phase1. Layer MRDL wire length = 0.00
phase1. Total Number of Contacts = 163433
phase1. Via VIA12SQ_C count = 64525
phase1. Via VIA23SQ_C count = 80156
phase1. Via VIA34SQ_C count = 10472
phase1. Via VIA45SQ count = 6647
phase1. Via VIA56SQ count = 1162
phase1. Via VIA67SQ_C count = 451
phase1. Via VIA78SQ_C count = 16
phase1. Via VIA89_C count = 4
phase1. Via VIA9RDL count = 0
phase1. completed.

Start GR phase 2
10% of nets complete Elapsed cpu time: 0:00:00 Elapsed real time: 0:00:00
20% of nets complete Elapsed cpu time: 0:00:00 Elapsed real time: 0:00:00
30% of nets complete Elapsed cpu time: 0:00:00 Elapsed real time: 0:00:00
40% of nets complete Elapsed cpu time: 0:00:00 Elapsed real time: 0:00:00
50% of nets complete Elapsed cpu time: 0:00:00 Elapsed real time: 0:00:00
60% of nets complete Elapsed cpu time: 0:00:00 Elapsed real time: 0:00:00
70% of nets complete Elapsed cpu time: 0:00:00 Elapsed real time: 0:00:00
80% of nets complete Elapsed cpu time: 0:00:00 Elapsed real time: 0:00:00
Current Stage stats:
[End of Phase2 Routing] Elapsed real time: 0:00:00 
[End of Phase2 Routing] Elapsed cpu  time: sys=0:00:00 usr=0:00:00 total=0:00:00
[End of Phase2 Routing] Stage (MB): Used    0  Alloctr    0  Proc    0 
[End of Phase2 Routing] Total (MB): Used  145  Alloctr  151  Proc 2097 
phase2. Routing result:
phase2. Both Dirs: Overflow = 12120 Max = 5 GRCs =  9904 (5.77%)
phase2. H routing: Overflow =    19 Max = 2 (GRCs =  4) GRCs =    47 (0.05%)
phase2. V routing: Overflow = 12100 Max = 5 (GRCs =  6) GRCs =  9857 (11.48%)
phase2. M1         Overflow = 11896 Max = 5 (GRCs =  6) GRCs =  9522 (11.09%)
phase2. M2         Overflow =    16 Max = 2 (GRCs =  4) GRCs =    37 (0.04%)
phase2. M3         Overflow =   203 Max = 4 (GRCs =  3) GRCs =   332 (0.39%)
phase2. M4         Overflow =     3 Max = 1 (GRCs = 10) GRCs =    10 (0.01%)
phase2. M5         Overflow =     0 Max = 1 (GRCs =  3) GRCs =     3 (0.00%)
phase2. M6         Overflow =     0 Max = 0 (GRCs =  0) GRCs =     0 (0.00%)
phase2. M7         Overflow =     0 Max = 0 (GRCs =  0) GRCs =     0 (0.00%)
phase2. M8         Overflow =     0 Max = 0 (GRCs =  0) GRCs =     0 (0.00%)
phase2. M9         Overflow =     0 Max = 0 (GRCs =  0) GRCs =     0 (0.00%)
phase2. MRDL       Overflow =     0 Max = 0 (GRCs =  0) GRCs =     0 (0.00%)

phase2. Total Wire Length = 253750.90
phase2. Layer M1 wire length = 57.67
phase2. Layer M2 wire length = 79781.51
phase2. Layer M3 wire length = 79481.98
phase2. Layer M4 wire length = 41714.50
phase2. Layer M5 wire length = 38110.86
phase2. Layer M6 wire length = 8662.15
phase2. Layer M7 wire length = 5790.35
phase2. Layer M8 wire length = 134.29
phase2. Layer M9 wire length = 17.58
phase2. Layer MRDL wire length = 0.00
phase2. Total Number of Contacts = 163090
phase2. Via VIA12SQ_C count = 64232
phase2. Via VIA23SQ_C count = 80045
phase2. Via VIA34SQ_C count = 10443
phase2. Via VIA45SQ count = 6713
phase2. Via VIA56SQ count = 1169
phase2. Via VIA67SQ_C count = 470
phase2. Via VIA78SQ_C count = 14
phase2. Via VIA89_C count = 4
phase2. Via VIA9RDL count = 0
phase2. completed.

Start GR phase 3
10% of nets complete Elapsed cpu time: 0:00:00 Elapsed real time: 0:00:00
20% of nets complete Elapsed cpu time: 0:00:00 Elapsed real time: 0:00:00
30% of nets complete Elapsed cpu time: 0:00:00 Elapsed real time: 0:00:00
40% of nets complete Elapsed cpu time: 0:00:00 Elapsed real time: 0:00:00
50% of nets complete Elapsed cpu time: 0:00:00 Elapsed real time: 0:00:00
60% of nets complete Elapsed cpu time: 0:00:00 Elapsed real time: 0:00:00
70% of nets complete Elapsed cpu time: 0:00:00 Elapsed real time: 0:00:00
80% of nets complete Elapsed cpu time: 0:00:00 Elapsed real time: 0:00:00
Current Stage stats:
[End of Phase3 Routing] Elapsed real time: 0:00:00 
[End of Phase3 Routing] Elapsed cpu  time: sys=0:00:00 usr=0:00:00 total=0:00:00
[End of Phase3 Routing] Stage (MB): Used    0  Alloctr    0  Proc    0 
[End of Phase3 Routing] Total (MB): Used  145  Alloctr  151  Proc 2097 
phase3. Routing result:
phase3. Both Dirs: Overflow = 12096 Max = 5 GRCs =  9841 (5.73%)
phase3. H routing: Overflow =    13 Max = 2 (GRCs =  3) GRCs =    32 (0.04%)
phase3. V routing: Overflow = 12082 Max = 5 (GRCs =  6) GRCs =  9809 (11.43%)
phase3. M1         Overflow = 11891 Max = 5 (GRCs =  6) GRCs =  9517 (11.09%)
phase3. M2         Overflow =    13 Max = 2 (GRCs =  3) GRCs =    30 (0.03%)
phase3. M3         Overflow =   191 Max = 4 (GRCs =  3) GRCs =   291 (0.34%)
phase3. M4         Overflow =     0 Max = 1 (GRCs =  2) GRCs =     2 (0.00%)
phase3. M5         Overflow =     0 Max = 1 (GRCs =  1) GRCs =     1 (0.00%)
phase3. M6         Overflow =     0 Max = 0 (GRCs =  0) GRCs =     0 (0.00%)
phase3. M7         Overflow =     0 Max = 0 (GRCs =  0) GRCs =     0 (0.00%)
phase3. M8         Overflow =     0 Max = 0 (GRCs =  0) GRCs =     0 (0.00%)
phase3. M9         Overflow =     0 Max = 0 (GRCs =  0) GRCs =     0 (0.00%)
phase3. MRDL       Overflow =     0 Max = 0 (GRCs =  0) GRCs =     0 (0.00%)

phase3. Total Wire Length = 253788.59
phase3. Layer M1 wire length = 57.67
phase3. Layer M2 wire length = 79903.53
phase3. Layer M3 wire length = 79456.27
phase3. Layer M4 wire length = 41561.56
phase3. Layer M5 wire length = 38034.34
phase3. Layer M6 wire length = 8683.39
phase3. Layer M7 wire length = 5888.33
phase3. Layer M8 wire length = 185.91
phase3. Layer M9 wire length = 17.58
phase3. Layer MRDL wire length = 0.00
phase3. Total Number of Contacts = 163133
phase3. Via VIA12SQ_C count = 64217
phase3. Via VIA23SQ_C count = 80037
phase3. Via VIA34SQ_C count = 10463
phase3. Via VIA45SQ count = 6732
phase3. Via VIA56SQ count = 1184
phase3. Via VIA67SQ_C count = 480
phase3. Via VIA78SQ_C count = 16
phase3. Via VIA89_C count = 4
phase3. Via VIA9RDL count = 0
phase3. completed.
[End of Whole Chip Routing] Elapsed real time: 0:00:10 
[End of Whole Chip Routing] Elapsed cpu  time: sys=0:00:00 usr=0:00:10 total=0:00:10
[End of Whole Chip Routing] Stage (MB): Used   25  Alloctr   30  Proc   14 
[End of Whole Chip Routing] Total (MB): Used  145  Alloctr  151  Proc 2097 

Information: Global Routing terminated early: false (ZRT-103)

Congestion utilization per direction:
Average vertical track utilization   = 16.44 %
Peak    vertical track utilization   = 175.00 %
Average horizontal track utilization = 15.76 %
Peak    horizontal track utilization = 100.00 %

Current Stage stats:
[GR: Done] Elapsed real time: 0:00:00 
[GR: Done] Elapsed cpu  time: sys=0:00:00 usr=0:00:00 total=0:00:00
[GR: Done] Stage (MB): Used   -8  Alloctr   -8  Proc    0 
[GR: Done] Total (MB): Used  139  Alloctr  145  Proc 2097 
GR Total stats:
[GR: Done] Elapsed real time: 0:00:10 
[GR: Done] Elapsed cpu  time: sys=0:00:00 usr=0:00:10 total=0:00:10
[GR: Done] Stage (MB): Used   19  Alloctr   24  Proc   14 
[GR: Done] Total (MB): Used  139  Alloctr  145  Proc 2097 
Updating congestion ...
Updating congestion ...
Final total stats:
[End of Global Routing] Elapsed real time: 0:00:11 
[End of Global Routing] Elapsed cpu  time: sys=0:00:00 usr=0:00:11 total=0:00:11
[End of Global Routing] Stage (MB): Used    3  Alloctr    4  Proc   14 
[End of Global Routing] Total (MB): Used  123  Alloctr  125  Proc 2097 
[ECO: GR] Elapsed real time: 0:00:13 
[ECO: GR] Elapsed cpu  time: sys=0:00:00 usr=0:00:13 total=0:00:13
[ECO: GR] Stage (MB): Used  122  Alloctr  123  Proc   14 
[ECO: GR] Total (MB): Used  123  Alloctr  125  Proc 2097 

Start track assignment

Warning: Found 4 glinks either patially or fully outside the congestion map
Printing options for 'route.common.*'
common.verbose_level                                    :	 0                   

Printing options for 'route.track.*'

Information: Using 1 threads for routing. (ZRT-444)

[Track Assign: Read routes] Elapsed real time: 0:00:01 
[Track Assign: Read routes] Elapsed cpu  time: sys=0:00:00 usr=0:00:01 total=0:00:01
[Track Assign: Read routes] Stage (MB): Used    4  Alloctr    4  Proc    0 
[Track Assign: Read routes] Total (MB): Used  123  Alloctr  125  Proc 2097 

Start initial assignment

Assign Horizontal partitions, iteration 0
Routed partition 1/11      
Routed partition 2/11      
Routed partition 3/11      
Routed partition 4/11      
Routed partition 5/11      
Routed partition 6/11      
Routed partition 7/11      
Routed partition 8/11      
Routed partition 9/11      
Routed partition 10/11     
Routed partition 11/11     

Assign Vertical partitions, iteration 0
Routed partition 1/11      
Routed partition 2/11      
Routed partition 3/11      
Routed partition 4/11      
Routed partition 5/11      
Routed partition 6/11      
Routed partition 7/11      
Routed partition 8/11      
Routed partition 9/11      
Routed partition 10/11     
Routed partition 11/11     

Number of wires with overlap after iteration 0 = 128446 of 267365


[Track Assign: Iteration 0] Elapsed real time: 0:00:11 
[Track Assign: Iteration 0] Elapsed cpu  time: sys=0:00:00 usr=0:00:10 total=0:00:11
[Track Assign: Iteration 0] Stage (MB): Used    7  Alloctr    8  Proc   30 
[Track Assign: Iteration 0] Total (MB): Used  126  Alloctr  129  Proc 2127 

Reroute to fix overlaps

Assign Horizontal partitions, iteration 1
Routed partition 1/11      
Routed partition 2/11      
Routed partition 3/11      
Routed partition 4/11      
Routed partition 5/11      
Routed partition 6/11      
Routed partition 7/11      
Routed partition 8/11      
Routed partition 9/11      
Routed partition 10/11     
Routed partition 11/11     

Assign Vertical partitions, iteration 1
Routed partition 1/11      
Routed partition 2/11      
Routed partition 3/11      
Routed partition 4/11      
Routed partition 5/11      
Routed partition 6/11      
Routed partition 7/11      
Routed partition 8/11      
Routed partition 9/11      
Routed partition 10/11     
Routed partition 11/11     

[Track Assign: Iteration 1] Elapsed real time: 0:00:31 
[Track Assign: Iteration 1] Elapsed cpu  time: sys=0:00:00 usr=0:00:31 total=0:00:31
[Track Assign: Iteration 1] Stage (MB): Used    7  Alloctr    8  Proc   30 
[Track Assign: Iteration 1] Total (MB): Used  126  Alloctr  129  Proc 2127 

Number of wires with overlap after iteration 1 = 66173 of 198459


Wire length and via report:
---------------------------
Number of M1 wires: 3075 		  : 0
Number of M2 wires: 100410 		 VIA12SQ_C: 60705
Number of M3 wires: 75974 		 VIA23SQ_C: 96758
Number of M4 wires: 10146 		 VIA34SQ_C: 15620
Number of M5 wires: 7087 		 VIA45SQ: 11526
Number of M6 wires: 1424 		 VIA56SQ: 2533
Number of M7 wires: 329 		 VIA67SQ_C: 594
Number of M8 wires: 12 		 VIA78SQ_C: 22
Number of M9 wires: 2 		 VIA89_C: 4
Number of MRDL wires: 0 		 VIA9RDL: 0
Total number of wires: 198459 		 vias: 187762

Total M1 wire length: 391.2
Total M2 wire length: 82151.3
Total M3 wire length: 73571.8
Total M4 wire length: 37711.4
Total M5 wire length: 42281.7
Total M6 wire length: 12271.2
Total M7 wire length: 6293.9
Total M8 wire length: 245.3
Total M9 wire length: 17.7
Total MRDL wire length: 0.0
Total wire length: 254935.4

Longest M1 wire length: 16.0
Longest M2 wire length: 50.2
Longest M3 wire length: 87.0
Longest M4 wire length: 79.2
Longest M5 wire length: 135.2
Longest M6 wire length: 106.9
Longest M7 wire length: 114.2
Longest M8 wire length: 51.2
Longest M9 wire length: 9.6
Longest MRDL wire length: 0.0


[Track Assign: Done] Elapsed real time: 0:00:34 
[Track Assign: Done] Elapsed cpu  time: sys=0:00:00 usr=0:00:34 total=0:00:34
[Track Assign: Done] Stage (MB): Used    0  Alloctr    1  Proc   30 
[Track Assign: Done] Total (MB): Used  118  Alloctr  122  Proc 2127 
[ECO: CDR] Elapsed real time: 0:00:48 
[ECO: CDR] Elapsed cpu  time: sys=0:00:00 usr=0:00:47 total=0:00:47
[ECO: CDR] Stage (MB): Used  117  Alloctr  120  Proc   44 
[ECO: CDR] Total (MB): Used  118  Alloctr  122  Proc 2127 
Printing options for 'route.common.*'
common.verbose_level                                    :	 0                   

Printing options for 'route.detail.*'
detail.antenna                                          :	 true                
detail.force_end_on_preferred_grid                      :	 true                

Printing options for 'route.auto_via_ladder.*'

Total number of nets = 25682, of which 0 are not extracted
Total number of open nets = 0, of which 0 are frozen
Information: Using 1 threads for routing. (ZRT-444)

Switch to reduced partition bloat for speedup (DRC report is not accurate)
Start DR iteration 0: uniform partition
Routed	1/900 Partitions, Violations =	0
Routed	4/900 Partitions, Violations =	0
Routed	8/900 Partitions, Violations =	0
Routed	12/900 Partitions, Violations =	0
Routed	16/900 Partitions, Violations =	1
Routed	20/900 Partitions, Violations =	17
Routed	24/900 Partitions, Violations =	25
Routed	28/900 Partitions, Violations =	22
Routed	32/900 Partitions, Violations =	25
Routed	36/900 Partitions, Violations =	49
Routed	40/900 Partitions, Violations =	88
Routed	44/900 Partitions, Violations =	117
Routed	48/900 Partitions, Violations =	123
Routed	52/900 Partitions, Violations =	125
Routed	56/900 Partitions, Violations =	128
Routed	60/900 Partitions, Violations =	154
Routed	64/900 Partitions, Violations =	175
Routed	68/900 Partitions, Violations =	175
Routed	72/900 Partitions, Violations =	249
Routed	76/900 Partitions, Violations =	246
Routed	80/900 Partitions, Violations =	249
Routed	84/900 Partitions, Violations =	245
Routed	88/900 Partitions, Violations =	259
Routed	92/900 Partitions, Violations =	267
Routed	96/900 Partitions, Violations =	286
Routed	100/900 Partitions, Violations =	311
Routed	104/900 Partitions, Violations =	319
Routed	108/900 Partitions, Violations =	332
Routed	112/900 Partitions, Violations =	418
Routed	116/900 Partitions, Violations =	410
Routed	120/900 Partitions, Violations =	434
Routed	124/900 Partitions, Violations =	470
Routed	128/900 Partitions, Violations =	434
Routed	132/900 Partitions, Violations =	495
Routed	136/900 Partitions, Violations =	529
Routed	140/900 Partitions, Violations =	514
Routed	144/900 Partitions, Violations =	552
Routed	148/900 Partitions, Violations =	545
Routed	152/900 Partitions, Violations =	559
Routed	156/900 Partitions, Violations =	563
Routed	160/900 Partitions, Violations =	566
Routed	164/900 Partitions, Violations =	624
Routed	168/900 Partitions, Violations =	661
Routed	172/900 Partitions, Violations =	668
Routed	176/900 Partitions, Violations =	690
Routed	180/900 Partitions, Violations =	687
Routed	184/900 Partitions, Violations =	706
Routed	188/900 Partitions, Violations =	714
Routed	192/900 Partitions, Violations =	716
Routed	196/900 Partitions, Violations =	745
Routed	200/900 Partitions, Violations =	751
Routed	204/900 Partitions, Violations =	776
Routed	208/900 Partitions, Violations =	866
Routed	212/900 Partitions, Violations =	865
Routed	216/900 Partitions, Violations =	857
Routed	220/900 Partitions, Violations =	863
Routed	224/900 Partitions, Violations =	883
Routed	228/900 Partitions, Violations =	863
Routed	232/900 Partitions, Violations =	864
Routed	236/900 Partitions, Violations =	890
Routed	240/900 Partitions, Violations =	875
Routed	244/900 Partitions, Violations =	893
Routed	248/900 Partitions, Violations =	882
Routed	252/900 Partitions, Violations =	896
Routed	256/900 Partitions, Violations =	907
Routed	260/900 Partitions, Violations =	924
Routed	264/900 Partitions, Violations =	929
Routed	268/900 Partitions, Violations =	989
Routed	272/900 Partitions, Violations =	986
Routed	276/900 Partitions, Violations =	1007
Routed	280/900 Partitions, Violations =	1028
Routed	284/900 Partitions, Violations =	1036
Routed	288/900 Partitions, Violations =	1048
Routed	292/900 Partitions, Violations =	1169
Routed	296/900 Partitions, Violations =	1213
Routed	300/900 Partitions, Violations =	1212
Routed	304/900 Partitions, Violations =	1224
Routed	308/900 Partitions, Violations =	1201
Routed	312/900 Partitions, Violations =	1223
Routed	316/900 Partitions, Violations =	1220
Routed	320/900 Partitions, Violations =	1216
Routed	324/900 Partitions, Violations =	1239
Routed	328/900 Partitions, Violations =	1252
Routed	332/900 Partitions, Violations =	1226
Routed	336/900 Partitions, Violations =	1258
Routed	340/900 Partitions, Violations =	1225
Routed	344/900 Partitions, Violations =	1283
Routed	348/900 Partitions, Violations =	1273
Routed	352/900 Partitions, Violations =	1281
Routed	356/900 Partitions, Violations =	1298
Routed	360/900 Partitions, Violations =	1297
Routed	364/900 Partitions, Violations =	1303
Routed	368/900 Partitions, Violations =	1320
Routed	372/900 Partitions, Violations =	1348
Routed	376/900 Partitions, Violations =	1395
Routed	380/900 Partitions, Violations =	1395
Routed	384/900 Partitions, Violations =	1379
Routed	388/900 Partitions, Violations =	1402
Routed	392/900 Partitions, Violations =	1427
Routed	396/900 Partitions, Violations =	1443
Routed	400/900 Partitions, Violations =	1473
Routed	404/900 Partitions, Violations =	1468
Routed	408/900 Partitions, Violations =	1468
Routed	412/900 Partitions, Violations =	1474
Routed	416/900 Partitions, Violations =	1504
Routed	420/900 Partitions, Violations =	1492
Routed	424/900 Partitions, Violations =	1531
Routed	428/900 Partitions, Violations =	1542
Routed	432/900 Partitions, Violations =	1561
Routed	436/900 Partitions, Violations =	1561
Routed	440/900 Partitions, Violations =	1563
Routed	444/900 Partitions, Violations =	1557
Routed	448/900 Partitions, Violations =	1606
Routed	452/900 Partitions, Violations =	1643
Routed	456/900 Partitions, Violations =	1645
Routed	460/900 Partitions, Violations =	1646
Routed	464/900 Partitions, Violations =	1622
Routed	468/900 Partitions, Violations =	1622
Routed	472/900 Partitions, Violations =	1615
Routed	476/900 Partitions, Violations =	1691
Routed	480/900 Partitions, Violations =	1721
Routed	484/900 Partitions, Violations =	1722
Routed	488/900 Partitions, Violations =	1739
Routed	492/900 Partitions, Violations =	1758
Routed	496/900 Partitions, Violations =	1758
Routed	500/900 Partitions, Violations =	1749
Routed	504/900 Partitions, Violations =	1703
Routed	508/900 Partitions, Violations =	1701
Routed	512/900 Partitions, Violations =	1754
Routed	516/900 Partitions, Violations =	1789
Routed	520/900 Partitions, Violations =	1808
Routed	524/900 Partitions, Violations =	1808
Routed	528/900 Partitions, Violations =	1798
Routed	532/900 Partitions, Violations =	1786
Routed	536/900 Partitions, Violations =	1767
Routed	540/900 Partitions, Violations =	1758
Routed	544/900 Partitions, Violations =	1838
Routed	548/900 Partitions, Violations =	1894
Routed	552/900 Partitions, Violations =	1894
Routed	556/900 Partitions, Violations =	1878
Routed	560/900 Partitions, Violations =	1914
Routed	564/900 Partitions, Violations =	1904
Routed	568/900 Partitions, Violations =	1939
Routed	572/900 Partitions, Violations =	1853
Routed	576/900 Partitions, Violations =	1853
Routed	580/900 Partitions, Violations =	1855
Routed	584/900 Partitions, Violations =	1856
Routed	588/900 Partitions, Violations =	1917
Routed	592/900 Partitions, Violations =	1885
Routed	596/900 Partitions, Violations =	1882
Routed	600/900 Partitions, Violations =	1884
Routed	604/900 Partitions, Violations =	1885
Routed	608/900 Partitions, Violations =	1844
Routed	612/900 Partitions, Violations =	1800
Routed	616/900 Partitions, Violations =	1858
Routed	620/900 Partitions, Violations =	1910
Routed	624/900 Partitions, Violations =	1905
Routed	628/900 Partitions, Violations =	1899
Routed	632/900 Partitions, Violations =	1939
Routed	636/900 Partitions, Violations =	1960
Routed	640/900 Partitions, Violations =	2046
Routed	644/900 Partitions, Violations =	2047
Routed	650/900 Partitions, Violations =	2051
Routed	652/900 Partitions, Violations =	2036
Routed	656/900 Partitions, Violations =	2094
Routed	660/900 Partitions, Violations =	2031
Routed	664/900 Partitions, Violations =	2047
Routed	668/900 Partitions, Violations =	2005
Routed	672/900 Partitions, Violations =	2002
Routed	676/900 Partitions, Violations =	1955
Routed	680/900 Partitions, Violations =	1957
Routed	684/900 Partitions, Violations =	1972
Routed	688/900 Partitions, Violations =	1941
Routed	693/900 Partitions, Violations =	1940
Routed	696/900 Partitions, Violations =	1943
Routed	700/900 Partitions, Violations =	1932
Routed	704/900 Partitions, Violations =	1986
Routed	708/900 Partitions, Violations =	1972
Routed	713/900 Partitions, Violations =	1975
Routed	716/900 Partitions, Violations =	1956
Routed	720/900 Partitions, Violations =	1947
Routed	724/900 Partitions, Violations =	1966
Routed	728/900 Partitions, Violations =	1958
Routed	732/900 Partitions, Violations =	1956
Routed	736/900 Partitions, Violations =	1955
Routed	740/900 Partitions, Violations =	1956
Routed	744/900 Partitions, Violations =	1971
Routed	748/900 Partitions, Violations =	1971
Routed	752/900 Partitions, Violations =	1954
Routed	756/900 Partitions, Violations =	1951
Routed	760/900 Partitions, Violations =	1920
Routed	764/900 Partitions, Violations =	1921
Routed	768/900 Partitions, Violations =	1920
Routed	772/900 Partitions, Violations =	1929
Routed	776/900 Partitions, Violations =	1930
Routed	780/900 Partitions, Violations =	1926
Routed	784/900 Partitions, Violations =	1924
Routed	788/900 Partitions, Violations =	1899
Routed	792/900 Partitions, Violations =	1913
Routed	796/900 Partitions, Violations =	1913
Routed	800/900 Partitions, Violations =	1904
Routed	804/900 Partitions, Violations =	1933
Routed	808/900 Partitions, Violations =	1921
Routed	812/900 Partitions, Violations =	1921
Routed	816/900 Partitions, Violations =	1895
Routed	820/900 Partitions, Violations =	1883
Routed	824/900 Partitions, Violations =	1883
Routed	828/900 Partitions, Violations =	1884
Routed	832/900 Partitions, Violations =	1862
Routed	836/900 Partitions, Violations =	1862
Routed	840/900 Partitions, Violations =	1880
Routed	844/900 Partitions, Violations =	1863
Routed	848/900 Partitions, Violations =	1863
Routed	852/900 Partitions, Violations =	1835
Routed	856/900 Partitions, Violations =	1836
Routed	860/900 Partitions, Violations =	1841
Routed	864/900 Partitions, Violations =	1839
Routed	868/900 Partitions, Violations =	1836
Routed	872/900 Partitions, Violations =	1834
Routed	876/900 Partitions, Violations =	1832
Routed	880/900 Partitions, Violations =	1832
Routed	884/900 Partitions, Violations =	1832
Routed	888/900 Partitions, Violations =	1832
Routed	892/900 Partitions, Violations =	1832
Routed	896/900 Partitions, Violations =	1832
Routed	900/900 Partitions, Violations =	1832

DRC-SUMMARY:
	@@@@@@@ TOTAL VIOLATIONS =	1832
	Diff net spacing : 348
	Diff net via-cut spacing : 30
	Edge-line via spacing : 6
	End of line enclosure : 3
	Less than minimum area : 487
	Off-grid : 65
	Same net spacing : 37
	Same net via-cut spacing : 35
	Short : 537
	Internal-only types : 284

[Iter 0] Elapsed real time: 0:04:48 
[Iter 0] Elapsed cpu  time: sys=0:00:00 usr=0:04:48 total=0:04:48
[Iter 0] Stage (MB): Used   22  Alloctr   19  Proc    0 
[Iter 0] Total (MB): Used  140  Alloctr  142  Proc 2127 

End DR iteration 0 with 900 parts

Start DR iteration 1: non-uniform partition
Routed	1/468 Partitions, Violations =	1807
Routed	2/468 Partitions, Violations =	1791
Routed	4/468 Partitions, Violations =	1714
Routed	6/468 Partitions, Violations =	1708
Routed	8/468 Partitions, Violations =	1666
Routed	10/468 Partitions, Violations =	1607
Routed	12/468 Partitions, Violations =	1609
Routed	14/468 Partitions, Violations =	1603
Routed	16/468 Partitions, Violations =	1571
Routed	18/468 Partitions, Violations =	1567
Routed	20/468 Partitions, Violations =	1544
Routed	22/468 Partitions, Violations =	1516
Routed	24/468 Partitions, Violations =	1496
Routed	26/468 Partitions, Violations =	1487
Routed	28/468 Partitions, Violations =	1485
Routed	30/468 Partitions, Violations =	1469
Routed	32/468 Partitions, Violations =	1450
Routed	34/468 Partitions, Violations =	1435
Routed	36/468 Partitions, Violations =	1421
Routed	38/468 Partitions, Violations =	1397
Routed	40/468 Partitions, Violations =	1372
Routed	42/468 Partitions, Violations =	1340
Routed	44/468 Partitions, Violations =	1322
Routed	46/468 Partitions, Violations =	1294
Routed	48/468 Partitions, Violations =	1276
Routed	50/468 Partitions, Violations =	1260
Routed	52/468 Partitions, Violations =	1235
Routed	54/468 Partitions, Violations =	1218
Routed	56/468 Partitions, Violations =	1204
Routed	58/468 Partitions, Violations =	1190
Routed	60/468 Partitions, Violations =	1168
Routed	62/468 Partitions, Violations =	1166
Routed	64/468 Partitions, Violations =	1154
Routed	66/468 Partitions, Violations =	1131
Routed	68/468 Partitions, Violations =	1125
Routed	70/468 Partitions, Violations =	1114
Routed	72/468 Partitions, Violations =	1095
Routed	74/468 Partitions, Violations =	1083
Routed	76/468 Partitions, Violations =	1073
Routed	78/468 Partitions, Violations =	1048
Routed	80/468 Partitions, Violations =	1038
Routed	82/468 Partitions, Violations =	1026
Routed	84/468 Partitions, Violations =	1016
Routed	86/468 Partitions, Violations =	1008
Routed	88/468 Partitions, Violations =	995
Routed	90/468 Partitions, Violations =	981
Routed	92/468 Partitions, Violations =	972
Routed	94/468 Partitions, Violations =	963
Routed	96/468 Partitions, Violations =	955
Routed	98/468 Partitions, Violations =	946
Routed	100/468 Partitions, Violations =	932
Routed	102/468 Partitions, Violations =	921
Routed	104/468 Partitions, Violations =	913
Routed	106/468 Partitions, Violations =	906
Routed	108/468 Partitions, Violations =	892
Routed	110/468 Partitions, Violations =	881
Routed	112/468 Partitions, Violations =	866
Routed	114/468 Partitions, Violations =	857
Routed	116/468 Partitions, Violations =	847
Routed	118/468 Partitions, Violations =	835
Routed	120/468 Partitions, Violations =	828
Routed	122/468 Partitions, Violations =	822
Routed	124/468 Partitions, Violations =	814
Routed	126/468 Partitions, Violations =	807
Routed	128/468 Partitions, Violations =	800
Routed	130/468 Partitions, Violations =	792
Routed	132/468 Partitions, Violations =	784
Routed	134/468 Partitions, Violations =	775
Routed	136/468 Partitions, Violations =	766
Routed	138/468 Partitions, Violations =	760
Routed	140/468 Partitions, Violations =	756
Routed	142/468 Partitions, Violations =	751
Routed	144/468 Partitions, Violations =	742
Routed	146/468 Partitions, Violations =	738
Routed	148/468 Partitions, Violations =	734
Routed	150/468 Partitions, Violations =	730
Routed	152/468 Partitions, Violations =	724
Routed	154/468 Partitions, Violations =	722
Routed	156/468 Partitions, Violations =	718
Routed	158/468 Partitions, Violations =	712
Routed	160/468 Partitions, Violations =	707
Routed	162/468 Partitions, Violations =	702
Routed	164/468 Partitions, Violations =	696
Routed	166/468 Partitions, Violations =	689
Routed	168/468 Partitions, Violations =	684
Routed	170/468 Partitions, Violations =	678
Routed	172/468 Partitions, Violations =	675
Routed	174/468 Partitions, Violations =	669
Routed	176/468 Partitions, Violations =	661
Routed	178/468 Partitions, Violations =	650
Routed	180/468 Partitions, Violations =	640
Routed	182/468 Partitions, Violations =	636
Routed	184/468 Partitions, Violations =	631
Routed	186/468 Partitions, Violations =	626
Routed	188/468 Partitions, Violations =	619
Routed	190/468 Partitions, Violations =	615
Routed	192/468 Partitions, Violations =	608
Routed	194/468 Partitions, Violations =	602
Routed	196/468 Partitions, Violations =	598
Routed	198/468 Partitions, Violations =	594
Routed	200/468 Partitions, Violations =	589
Routed	202/468 Partitions, Violations =	580
Routed	204/468 Partitions, Violations =	576
Routed	206/468 Partitions, Violations =	573
Routed	208/468 Partitions, Violations =	568
Routed	210/468 Partitions, Violations =	563
Routed	212/468 Partitions, Violations =	555
Routed	214/468 Partitions, Violations =	550
Routed	216/468 Partitions, Violations =	547
Routed	218/468 Partitions, Violations =	543
Routed	220/468 Partitions, Violations =	541
Routed	222/468 Partitions, Violations =	537
Routed	224/468 Partitions, Violations =	531
Routed	226/468 Partitions, Violations =	526
Routed	228/468 Partitions, Violations =	520
Routed	230/468 Partitions, Violations =	518
Routed	232/468 Partitions, Violations =	514
Routed	234/468 Partitions, Violations =	510
Routed	236/468 Partitions, Violations =	505
Routed	238/468 Partitions, Violations =	499
Routed	240/468 Partitions, Violations =	496
Routed	242/468 Partitions, Violations =	492
Routed	244/468 Partitions, Violations =	486
Routed	246/468 Partitions, Violations =	483
Routed	248/468 Partitions, Violations =	476
Routed	250/468 Partitions, Violations =	471
Routed	252/468 Partitions, Violations =	467
Routed	254/468 Partitions, Violations =	463
Routed	256/468 Partitions, Violations =	455
Routed	258/468 Partitions, Violations =	448
Routed	260/468 Partitions, Violations =	440
Routed	262/468 Partitions, Violations =	434
Routed	264/468 Partitions, Violations =	429
Routed	266/468 Partitions, Violations =	422
Routed	268/468 Partitions, Violations =	418
Routed	270/468 Partitions, Violations =	417
Routed	272/468 Partitions, Violations =	414
Routed	274/468 Partitions, Violations =	410
Routed	276/468 Partitions, Violations =	408
Routed	278/468 Partitions, Violations =	404
Routed	280/468 Partitions, Violations =	402
Routed	282/468 Partitions, Violations =	399
Routed	284/468 Partitions, Violations =	397
Routed	286/468 Partitions, Violations =	395
Routed	288/468 Partitions, Violations =	394
Routed	290/468 Partitions, Violations =	391
Routed	292/468 Partitions, Violations =	389
Routed	294/468 Partitions, Violations =	387
Routed	296/468 Partitions, Violations =	386
Routed	298/468 Partitions, Violations =	384
Routed	300/468 Partitions, Violations =	381
Routed	302/468 Partitions, Violations =	379
Routed	304/468 Partitions, Violations =	377
Routed	306/468 Partitions, Violations =	375
Routed	308/468 Partitions, Violations =	372
Routed	310/468 Partitions, Violations =	370
Routed	312/468 Partitions, Violations =	368
Routed	314/468 Partitions, Violations =	366
Routed	316/468 Partitions, Violations =	363
Routed	318/468 Partitions, Violations =	361
Routed	320/468 Partitions, Violations =	358
Routed	322/468 Partitions, Violations =	356
Routed	324/468 Partitions, Violations =	353
Routed	326/468 Partitions, Violations =	350
Routed	328/468 Partitions, Violations =	348
Routed	330/468 Partitions, Violations =	346
Routed	332/468 Partitions, Violations =	344
Routed	334/468 Partitions, Violations =	340
Routed	336/468 Partitions, Violations =	338
Routed	338/468 Partitions, Violations =	336
Routed	340/468 Partitions, Violations =	334
Routed	342/468 Partitions, Violations =	332
Routed	344/468 Partitions, Violations =	330
Routed	346/468 Partitions, Violations =	328
Routed	348/468 Partitions, Violations =	325
Routed	350/468 Partitions, Violations =	322
Routed	352/468 Partitions, Violations =	320
Routed	354/468 Partitions, Violations =	318
Routed	356/468 Partitions, Violations =	315
Routed	358/468 Partitions, Violations =	312
Routed	360/468 Partitions, Violations =	308
Routed	362/468 Partitions, Violations =	306
Routed	364/468 Partitions, Violations =	304
Routed	366/468 Partitions, Violations =	302
Routed	368/468 Partitions, Violations =	301
Routed	370/468 Partitions, Violations =	299
Routed	372/468 Partitions, Violations =	297
Routed	374/468 Partitions, Violations =	294
Routed	376/468 Partitions, Violations =	292
Routed	378/468 Partitions, Violations =	290
Routed	380/468 Partitions, Violations =	286
Routed	382/468 Partitions, Violations =	284
Routed	384/468 Partitions, Violations =	281
Routed	386/468 Partitions, Violations =	279
Routed	388/468 Partitions, Violations =	277
Routed	390/468 Partitions, Violations =	275
Routed	392/468 Partitions, Violations =	273
Routed	394/468 Partitions, Violations =	270
Routed	396/468 Partitions, Violations =	267
Routed	398/468 Partitions, Violations =	265
Routed	400/468 Partitions, Violations =	262
Routed	402/468 Partitions, Violations =	260
Routed	404/468 Partitions, Violations =	257
Routed	406/468 Partitions, Violations =	253
Routed	408/468 Partitions, Violations =	251
Routed	410/468 Partitions, Violations =	248
Routed	412/468 Partitions, Violations =	246
Routed	414/468 Partitions, Violations =	243
Routed	416/468 Partitions, Violations =	241
Routed	418/468 Partitions, Violations =	239
Routed	420/468 Partitions, Violations =	237
Routed	422/468 Partitions, Violations =	235
Routed	424/468 Partitions, Violations =	233
Routed	426/468 Partitions, Violations =	231
Routed	428/468 Partitions, Violations =	229
Routed	430/468 Partitions, Violations =	225
Routed	432/468 Partitions, Violations =	224
Routed	434/468 Partitions, Violations =	222
Routed	436/468 Partitions, Violations =	221
Routed	438/468 Partitions, Violations =	213
Routed	440/468 Partitions, Violations =	211
Routed	442/468 Partitions, Violations =	209
Routed	444/468 Partitions, Violations =	207
Routed	446/468 Partitions, Violations =	204
Routed	448/468 Partitions, Violations =	204
Routed	450/468 Partitions, Violations =	202
Routed	452/468 Partitions, Violations =	200
Routed	454/468 Partitions, Violations =	196
Routed	456/468 Partitions, Violations =	194
Routed	458/468 Partitions, Violations =	192
Routed	460/468 Partitions, Violations =	190
Routed	462/468 Partitions, Violations =	190
Routed	464/468 Partitions, Violations =	188
Routed	466/468 Partitions, Violations =	185
Routed	468/468 Partitions, Violations =	189

DRC-SUMMARY:
	@@@@@@@ TOTAL VIOLATIONS =	189
	Diff net spacing : 46
	Diff net via-cut spacing : 2
	End of line enclosure : 3
	Less than minimum area : 35
	Off-grid : 2
	Same net spacing : 4
	Same net via-cut spacing : 8
	Short : 67
	Internal-only types : 22

[Iter 1] Elapsed real time: 0:05:14 
[Iter 1] Elapsed cpu  time: sys=0:00:00 usr=0:05:13 total=0:05:14
[Iter 1] Stage (MB): Used   22  Alloctr   20  Proc    0 
[Iter 1] Total (MB): Used  140  Alloctr  142  Proc 2127 

End DR iteration 1 with 468 parts

Start DR iteration 2: non-uniform partition
Routed	1/52 Partitions, Violations =	163
Routed	2/52 Partitions, Violations =	164
Routed	3/52 Partitions, Violations =	163
Routed	4/52 Partitions, Violations =	154
Routed	5/52 Partitions, Violations =	149
Routed	6/52 Partitions, Violations =	138
Routed	7/52 Partitions, Violations =	175
Routed	8/52 Partitions, Violations =	171
Routed	9/52 Partitions, Violations =	171
Routed	10/52 Partitions, Violations =	168
Routed	11/52 Partitions, Violations =	165
Routed	12/52 Partitions, Violations =	162
Routed	13/52 Partitions, Violations =	160
Routed	14/52 Partitions, Violations =	162
Routed	15/52 Partitions, Violations =	159
Routed	16/52 Partitions, Violations =	155
Routed	17/52 Partitions, Violations =	151
Routed	18/52 Partitions, Violations =	149
Routed	19/52 Partitions, Violations =	147
Routed	20/52 Partitions, Violations =	148
Routed	21/52 Partitions, Violations =	146
Routed	22/52 Partitions, Violations =	131
Routed	23/52 Partitions, Violations =	129
Routed	24/52 Partitions, Violations =	127
Routed	25/52 Partitions, Violations =	122
Routed	26/52 Partitions, Violations =	120
Routed	27/52 Partitions, Violations =	116
Routed	28/52 Partitions, Violations =	114
Routed	29/52 Partitions, Violations =	112
Routed	30/52 Partitions, Violations =	109
Routed	31/52 Partitions, Violations =	107
Routed	32/52 Partitions, Violations =	106
Routed	33/52 Partitions, Violations =	109
Routed	34/52 Partitions, Violations =	96
Routed	35/52 Partitions, Violations =	95
Routed	36/52 Partitions, Violations =	94
Routed	37/52 Partitions, Violations =	93
Routed	38/52 Partitions, Violations =	92
Routed	39/52 Partitions, Violations =	90
Routed	40/52 Partitions, Violations =	87
Routed	41/52 Partitions, Violations =	85
Routed	42/52 Partitions, Violations =	84
Routed	43/52 Partitions, Violations =	83
Routed	44/52 Partitions, Violations =	82
Routed	45/52 Partitions, Violations =	81
Routed	46/52 Partitions, Violations =	80
Routed	47/52 Partitions, Violations =	79
Routed	48/52 Partitions, Violations =	78
Routed	49/52 Partitions, Violations =	77
Routed	50/52 Partitions, Violations =	76
Routed	51/52 Partitions, Violations =	81
Routed	52/52 Partitions, Violations =	80

DRC-SUMMARY:
	@@@@@@@ TOTAL VIOLATIONS =	80
	Diff net spacing : 24
	Diff net via-cut spacing : 2
	Less than minimum area : 9
	Off-grid : 1
	Same net via-cut spacing : 5
	Short : 29
	Internal-only types : 10

[Iter 2] Elapsed real time: 0:05:20 
[Iter 2] Elapsed cpu  time: sys=0:00:00 usr=0:05:19 total=0:05:19
[Iter 2] Stage (MB): Used   22  Alloctr   20  Proc    0 
[Iter 2] Total (MB): Used  140  Alloctr  142  Proc 2127 

End DR iteration 2 with 52 parts


Switch back to normal partition bloat and recalculate DRC:

Begin full DRC check ...

Information: Using 1 threads for routing. (ZRT-444)
Checked	1/64 Partitions, Violations =	80
Checked	2/64 Partitions, Violations =	80
Checked	4/64 Partitions, Violations =	80
Checked	6/64 Partitions, Violations =	80
Checked	8/64 Partitions, Violations =	80
Checked	10/64 Partitions, Violations =	80
Checked	12/64 Partitions, Violations =	80
Checked	14/64 Partitions, Violations =	80
Checked	16/64 Partitions, Violations =	80
Checked	18/64 Partitions, Violations =	80
Checked	20/64 Partitions, Violations =	80
Checked	22/64 Partitions, Violations =	80
Checked	25/64 Partitions, Violations =	80
Checked	26/64 Partitions, Violations =	80
Checked	28/64 Partitions, Violations =	76
Checked	30/64 Partitions, Violations =	74
Checked	32/64 Partitions, Violations =	74
Checked	34/64 Partitions, Violations =	74
Checked	36/64 Partitions, Violations =	73
Checked	38/64 Partitions, Violations =	73
Checked	40/64 Partitions, Violations =	73
Checked	42/64 Partitions, Violations =	73
Checked	44/64 Partitions, Violations =	70
Checked	46/64 Partitions, Violations =	66
Checked	48/64 Partitions, Violations =	66
Checked	50/64 Partitions, Violations =	66
Checked	52/64 Partitions, Violations =	66
Checked	54/64 Partitions, Violations =	66
Checked	56/64 Partitions, Violations =	66
Checked	58/64 Partitions, Violations =	66
Checked	60/64 Partitions, Violations =	66
Checked	62/64 Partitions, Violations =	66
Checked	64/64 Partitions, Violations =	66
[DRC CHECK] Elapsed real time: 0:05:30 
[DRC CHECK] Elapsed cpu  time: sys=0:00:00 usr=0:05:29 total=0:05:29
[DRC CHECK] Stage (MB): Used   22  Alloctr   20  Proc    0 
[DRC CHECK] Total (MB): Used  140  Alloctr  142  Proc 2127 
Start DR iteration 3: non-uniform partition
Routed	1/16 Partitions, Violations =	61
Routed	2/16 Partitions, Violations =	55
Routed	3/16 Partitions, Violations =	51
Routed	4/16 Partitions, Violations =	43
Routed	5/16 Partitions, Violations =	93
Routed	6/16 Partitions, Violations =	89
Routed	7/16 Partitions, Violations =	87
Routed	8/16 Partitions, Violations =	87
Routed	9/16 Partitions, Violations =	86
Routed	10/16 Partitions, Violations =	90
Routed	11/16 Partitions, Violations =	89
Routed	12/16 Partitions, Violations =	88
Routed	13/16 Partitions, Violations =	87
Routed	14/16 Partitions, Violations =	86
Routed	15/16 Partitions, Violations =	86
Routed	16/16 Partitions, Violations =	85

DRC-SUMMARY:
	@@@@@@@ TOTAL VIOLATIONS =	85
	Diff net spacing : 36
	Less than minimum area : 11
	Same net via-cut spacing : 2
	Short : 30
	Internal-only types : 6

[Iter 3] Elapsed real time: 0:05:33 
[Iter 3] Elapsed cpu  time: sys=0:00:00 usr=0:05:32 total=0:05:32
[Iter 3] Stage (MB): Used   22  Alloctr   20  Proc    0 
[Iter 3] Total (MB): Used  140  Alloctr  142  Proc 2127 

End DR iteration 3 with 16 parts

Start DR iteration 4: non-uniform partition
Routed	1/6 Partitions, Violations =	40
Routed	2/6 Partitions, Violations =	58
Routed	3/6 Partitions, Violations =	56
Routed	4/6 Partitions, Violations =	58
Routed	5/6 Partitions, Violations =	50
Routed	6/6 Partitions, Violations =	49

DRC-SUMMARY:
	@@@@@@@ TOTAL VIOLATIONS =	49
	Diff net spacing : 20
	Diff net via-cut spacing : 1
	Less than minimum area : 9
	Same net spacing : 1
	Same net via-cut spacing : 1
	Short : 14
	Internal-only types : 3

[Iter 4] Elapsed real time: 0:05:36 
[Iter 4] Elapsed cpu  time: sys=0:00:00 usr=0:05:35 total=0:05:35
[Iter 4] Stage (MB): Used   22  Alloctr   20  Proc    0 
[Iter 4] Total (MB): Used  140  Alloctr  142  Proc 2127 

End DR iteration 4 with 6 parts

Stop DR since reached max number of iterations

Information: Detail Routing terminated early because DRCs were not converging: false (ZRT-312)

Begin revisit internal-only type DRCs ...

Checked	1/1 Partitions, Violations =	47

DRC-SUMMARY:
	@@@@@@@ TOTAL VIOLATIONS =	47

[REVISIT DRC] Elapsed real time: 0:00:00 
[REVISIT DRC] Elapsed cpu  time: sys=0:00:00 usr=0:00:00 total=0:00:00
[REVISIT DRC] Stage (MB): Used    0  Alloctr    0  Proc    0 
[REVISIT DRC] Total (MB): Used  140  Alloctr  142  Proc 2127 

Nets that have been changed:
Net 1 = clk_i
Net 2 = rst_ni
Net 3 = test_en_i
Net 4 = hart_id_i[31]
Net 5 = hart_id_i[30]
Net 6 = hart_id_i[29]
Net 7 = hart_id_i[28]
Net 8 = hart_id_i[27]
Net 9 = hart_id_i[26]
Net 10 = hart_id_i[25]
Net 11 = hart_id_i[24]
Net 12 = hart_id_i[23]
Net 13 = hart_id_i[22]
Net 14 = hart_id_i[21]
Net 15 = hart_id_i[20]
Net 16 = hart_id_i[19]
Net 17 = hart_id_i[18]
Net 18 = hart_id_i[17]
Net 19 = hart_id_i[16]
Net 20 = hart_id_i[15]
Net 21 = hart_id_i[14]
Net 22 = hart_id_i[13]
Net 23 = hart_id_i[12]
Net 24 = hart_id_i[11]
Net 25 = hart_id_i[10]
Net 26 = hart_id_i[9]
Net 27 = hart_id_i[8]
Net 28 = hart_id_i[7]
Net 29 = hart_id_i[6]
Net 30 = hart_id_i[5]
Net 31 = hart_id_i[4]
Net 32 = hart_id_i[3]
Net 33 = hart_id_i[2]
Net 34 = hart_id_i[1]
Net 35 = hart_id_i[0]
Net 36 = boot_addr_i[31]
Net 37 = boot_addr_i[30]
Net 38 = boot_addr_i[29]
Net 39 = boot_addr_i[28]
Net 40 = boot_addr_i[27]
Net 41 = boot_addr_i[26]
Net 42 = boot_addr_i[25]
Net 43 = boot_addr_i[24]
Net 44 = boot_addr_i[23]
Net 45 = boot_addr_i[22]
Net 46 = boot_addr_i[21]
Net 47 = boot_addr_i[20]
Net 48 = boot_addr_i[19]
Net 49 = boot_addr_i[18]
Net 50 = boot_addr_i[17]
Net 51 = boot_addr_i[16]
Net 52 = boot_addr_i[15]
Net 53 = boot_addr_i[14]
Net 54 = boot_addr_i[13]
Net 55 = boot_addr_i[12]
Net 56 = boot_addr_i[11]
Net 57 = boot_addr_i[10]
Net 58 = boot_addr_i[9]
Net 59 = boot_addr_i[8]
Net 60 = instr_req_o
Net 61 = instr_gnt_i
Net 62 = instr_rvalid_i
Net 63 = instr_addr_o[31]
Net 64 = instr_addr_o[30]
Net 65 = instr_addr_o[29]
Net 66 = instr_addr_o[28]
Net 67 = instr_addr_o[27]
Net 68 = instr_addr_o[26]
Net 69 = instr_addr_o[25]
Net 70 = instr_addr_o[24]
Net 71 = instr_addr_o[23]
Net 72 = instr_addr_o[22]
Net 73 = instr_addr_o[21]
Net 74 = instr_addr_o[20]
Net 75 = instr_addr_o[19]
Net 76 = instr_addr_o[18]
Net 77 = instr_addr_o[17]
Net 78 = instr_addr_o[16]
Net 79 = instr_addr_o[15]
Net 80 = instr_addr_o[14]
Net 81 = instr_addr_o[13]
Net 82 = instr_addr_o[12]
Net 83 = instr_addr_o[11]
Net 84 = instr_addr_o[10]
Net 85 = instr_addr_o[9]
Net 86 = instr_addr_o[8]
Net 87 = instr_addr_o[7]
Net 88 = instr_addr_o[6]
Net 89 = instr_addr_o[5]
Net 90 = instr_addr_o[4]
Net 91 = instr_addr_o[3]
Net 92 = instr_addr_o[2]
Net 93 = instr_addr_o[1]
Net 94 = instr_addr_o[0]
Net 95 = instr_rdata_i[31]
Net 96 = instr_rdata_i[30]
Net 97 = instr_rdata_i[29]
Net 98 = instr_rdata_i[28]
Net 99 = instr_rdata_i[27]
Net 100 = instr_rdata_i[26]
.... and 25352 other nets
Total number of changed nets = 25452 (out of 25682)

[DR: Done] Elapsed real time: 0:05:36 
[DR: Done] Elapsed cpu  time: sys=0:00:00 usr=0:05:35 total=0:05:35
[DR: Done] Stage (MB): Used    4  Alloctr    2  Proc    0 
[DR: Done] Total (MB): Used  123  Alloctr  124  Proc 2127 
[ECO: DR] Elapsed real time: 0:06:24 
[ECO: DR] Elapsed cpu  time: sys=0:00:00 usr=0:06:23 total=0:06:23
[ECO: DR] Stage (MB): Used  121  Alloctr  122  Proc   44 
[ECO: DR] Total (MB): Used  122  Alloctr  124  Proc 2127 

ECO Route finished with 0 open nets, of which 0 are frozen
Information: Merged away 16 aligned/redundant DRCs. (ZRT-305)

ECO Route finished with 31 violations

DRC-SUMMARY:
	@@@@@@@ TOTAL VIOLATIONS =	31
	Diff net spacing : 10
	Diff net via-cut spacing : 1
	Less than minimum area : 9
	Same net spacing : 1
	Same net via-cut spacing : 1
	Short : 9



Total Wire Length =                    276122 micron
Total Number of Contacts =             163008
Total Number of Wires =                200246
Total Number of PtConns =              31548
Total Number of Routed Wires =       200246
Total Routed Wire Length =           254246 micron
Total Number of Routed Contacts =       163008
	Layer               M1 :        767 micron
	Layer               M2 :      82633 micron
	Layer               M3 :      95938 micron
	Layer               M4 :      37077 micron
	Layer               M5 :      39924 micron
	Layer               M6 :      12559 micron
	Layer               M7 :       6920 micron
	Layer               M8 :        286 micron
	Layer               M9 :         18 micron
	Layer             MRDL :          0 micron
	Via            VIA89_C :          4
	Via     VIA78SQ_C(rot) :         36
	Via          VIA67SQ_C :        865
	Via            VIA67SQ :          6
	Via       VIA67SQ(rot) :         16
	Via     VIA56SQ_C(rot) :          7
	Via            VIA56SQ :       2572
	Via            VIA45SQ :       7993
	Via       VIA45SQ(rot) :          5
	Via          VIA34SQ_C :          1
	Via     VIA34SQ_C(rot) :       9650
	Via        VIA34BAR2_C :         20
	Via            VIA34SQ :        220
	Via       VIA34SQ(rot) :        875
	Via          VIA23SQ_C :      80305
	Via     VIA23SQ_C(rot) :          6
	Via        VIA23BAR2_C :         10
	Via            VIA23SQ :          8
	Via       VIA23SQ(rot) :          2
	Via          VIA23BAR1 :          2
	Via        VIA2_33SQ_C :        269
	Via        VIA23_3SQ_C :         85
	Via          VIA12SQ_C :          1
	Via     VIA12SQ_C(rot) :      58706
	Via   VIA12BAR2_C(rot) :         56
	Via            VIA12SQ :          1
	Via       VIA12SQ(rot) :        540
	Via   VIA1_32SQ_C(rot) :        747

 
Redundant via conversion report:
--------------------------------

  Total optimized via conversion rate =  0.00% (0 / 163008 vias)
 
    Layer VIA1       =  0.00% (0      / 60051   vias)
        Un-optimized =  0.00% (0       vias)
        Un-mapped    = 100.00% (60051   vias)
    Layer VIA2       =  0.00% (0      / 80687   vias)
        Un-optimized =  0.00% (0       vias)
        Un-mapped    = 100.00% (80687   vias)
    Layer VIA3       =  0.00% (0      / 10766   vias)
        Un-optimized =  0.00% (0       vias)
        Un-mapped    = 100.00% (10766   vias)
    Layer VIA4       =  0.00% (0      / 7998    vias)
        Un-optimized =  0.00% (0       vias)
        Un-mapped    = 100.00% (7998    vias)
    Layer VIA5       =  0.00% (0      / 2579    vias)
        Un-optimized =  0.00% (0       vias)
        Un-mapped    = 100.00% (2579    vias)
    Layer VIA6       =  0.00% (0      / 887     vias)
        Un-optimized =  0.00% (0       vias)
        Un-mapped    = 100.00% (887     vias)
    Layer VIA7       =  0.00% (0      / 36      vias)
        Un-optimized =  0.00% (0       vias)
        Un-mapped    = 100.00% (36      vias)
    Layer VIA8       =  0.00% (0      / 4       vias)
        Un-optimized =  0.00% (0       vias)
        Un-mapped    = 100.00% (4       vias)
 
  Total double via conversion rate    =  0.00% (0 / 163008 vias)
 
    Layer VIA1       =  0.00% (0      / 60051   vias)
    Layer VIA2       =  0.00% (0      / 80687   vias)
    Layer VIA3       =  0.00% (0      / 10766   vias)
    Layer VIA4       =  0.00% (0      / 7998    vias)
    Layer VIA5       =  0.00% (0      / 2579    vias)
    Layer VIA6       =  0.00% (0      / 887     vias)
    Layer VIA7       =  0.00% (0      / 36      vias)
    Layer VIA8       =  0.00% (0      / 4       vias)
 
  The optimized via conversion rate based on total routed via count =  0.00% (0 / 163008 vias)
 
    Layer VIA1       =  0.00% (0      / 60051   vias)
        Un-optimized =  0.00% (0       vias)
        Un-mapped    = 100.00% (60051   vias)
    Layer VIA2       =  0.00% (0      / 80687   vias)
        Un-optimized =  0.00% (0       vias)
        Un-mapped    = 100.00% (80687   vias)
    Layer VIA3       =  0.00% (0      / 10766   vias)
        Un-optimized =  0.00% (0       vias)
        Un-mapped    = 100.00% (10766   vias)
    Layer VIA4       =  0.00% (0      / 7998    vias)
        Un-optimized =  0.00% (0       vias)
        Un-mapped    = 100.00% (7998    vias)
    Layer VIA5       =  0.00% (0      / 2579    vias)
        Un-optimized =  0.00% (0       vias)
        Un-mapped    = 100.00% (2579    vias)
    Layer VIA6       =  0.00% (0      / 887     vias)
        Un-optimized =  0.00% (0       vias)
        Un-mapped    = 100.00% (887     vias)
    Layer VIA7       =  0.00% (0      / 36      vias)
        Un-optimized =  0.00% (0       vias)
        Un-mapped    = 100.00% (36      vias)
    Layer VIA8       =  0.00% (0      / 4       vias)
        Un-optimized =  0.00% (0       vias)
        Un-mapped    = 100.00% (4       vias)
 

Total number of nets = 25682
0 open nets, of which 0 are frozen
Total number of excluded ports = 0 ports of 0 unplaced cells connected to 0 nets
                                 0 ports without pins of 0 cells connected to 0 nets
                                 0 ports of 0 cover cells connected to 0 non-pg nets
Total number of DRCs = 31
Total number of antenna violations = antenna checking not active
Information: Routes in non-preferred voltage areas = 0 (ZRT-559)

Total Wire Length =                    276122 micron
Total Number of Contacts =             163008
Total Number of Wires =                200246
Total Number of PtConns =              31548
Total Number of Routed Wires =       200246
Total Routed Wire Length =           254246 micron
Total Number of Routed Contacts =       163008
	Layer               M1 :        767 micron
	Layer               M2 :      82633 micron
	Layer               M3 :      95938 micron
	Layer               M4 :      37077 micron
	Layer               M5 :      39924 micron
	Layer               M6 :      12559 micron
	Layer               M7 :       6920 micron
	Layer               M8 :        286 micron
	Layer               M9 :         18 micron
	Layer             MRDL :          0 micron
	Via            VIA89_C :          4
	Via     VIA78SQ_C(rot) :         36
	Via          VIA67SQ_C :        865
	Via            VIA67SQ :          6
	Via       VIA67SQ(rot) :         16
	Via     VIA56SQ_C(rot) :          7
	Via            VIA56SQ :       2572
	Via            VIA45SQ :       7993
	Via       VIA45SQ(rot) :          5
	Via          VIA34SQ_C :          1
	Via     VIA34SQ_C(rot) :       9650
	Via        VIA34BAR2_C :         20
	Via            VIA34SQ :        220
	Via       VIA34SQ(rot) :        875
	Via          VIA23SQ_C :      80305
	Via     VIA23SQ_C(rot) :          6
	Via        VIA23BAR2_C :         10
	Via            VIA23SQ :          8
	Via       VIA23SQ(rot) :          2
	Via          VIA23BAR1 :          2
	Via        VIA2_33SQ_C :        269
	Via        VIA23_3SQ_C :         85
	Via          VIA12SQ_C :          1
	Via     VIA12SQ_C(rot) :      58706
	Via   VIA12BAR2_C(rot) :         56
	Via            VIA12SQ :          1
	Via       VIA12SQ(rot) :        540
	Via   VIA1_32SQ_C(rot) :        747

 
Redundant via conversion report:
--------------------------------

  Total optimized via conversion rate =  0.00% (0 / 163008 vias)
 
    Layer VIA1       =  0.00% (0      / 60051   vias)
        Un-optimized =  0.00% (0       vias)
        Un-mapped    = 100.00% (60051   vias)
    Layer VIA2       =  0.00% (0      / 80687   vias)
        Un-optimized =  0.00% (0       vias)
        Un-mapped    = 100.00% (80687   vias)
    Layer VIA3       =  0.00% (0      / 10766   vias)
        Un-optimized =  0.00% (0       vias)
        Un-mapped    = 100.00% (10766   vias)
    Layer VIA4       =  0.00% (0      / 7998    vias)
        Un-optimized =  0.00% (0       vias)
        Un-mapped    = 100.00% (7998    vias)
    Layer VIA5       =  0.00% (0      / 2579    vias)
        Un-optimized =  0.00% (0       vias)
        Un-mapped    = 100.00% (2579    vias)
    Layer VIA6       =  0.00% (0      / 887     vias)
        Un-optimized =  0.00% (0       vias)
        Un-mapped    = 100.00% (887     vias)
    Layer VIA7       =  0.00% (0      / 36      vias)
        Un-optimized =  0.00% (0       vias)
        Un-mapped    = 100.00% (36      vias)
    Layer VIA8       =  0.00% (0      / 4       vias)
        Un-optimized =  0.00% (0       vias)
        Un-mapped    = 100.00% (4       vias)
 
  Total double via conversion rate    =  0.00% (0 / 163008 vias)
 
    Layer VIA1       =  0.00% (0      / 60051   vias)
    Layer VIA2       =  0.00% (0      / 80687   vias)
    Layer VIA3       =  0.00% (0      / 10766   vias)
    Layer VIA4       =  0.00% (0      / 7998    vias)
    Layer VIA5       =  0.00% (0      / 2579    vias)
    Layer VIA6       =  0.00% (0      / 887     vias)
    Layer VIA7       =  0.00% (0      / 36      vias)
    Layer VIA8       =  0.00% (0      / 4       vias)
 
  The optimized via conversion rate based on total routed via count =  0.00% (0 / 163008 vias)
 
    Layer VIA1       =  0.00% (0      / 60051   vias)
        Un-optimized =  0.00% (0       vias)
        Un-mapped    = 100.00% (60051   vias)
    Layer VIA2       =  0.00% (0      / 80687   vias)
        Un-optimized =  0.00% (0       vias)
        Un-mapped    = 100.00% (80687   vias)
    Layer VIA3       =  0.00% (0      / 10766   vias)
        Un-optimized =  0.00% (0       vias)
        Un-mapped    = 100.00% (10766   vias)
    Layer VIA4       =  0.00% (0      / 7998    vias)
        Un-optimized =  0.00% (0       vias)
        Un-mapped    = 100.00% (7998    vias)
    Layer VIA5       =  0.00% (0      / 2579    vias)
        Un-optimized =  0.00% (0       vias)
        Un-mapped    = 100.00% (2579    vias)
    Layer VIA6       =  0.00% (0      / 887     vias)
        Un-optimized =  0.00% (0       vias)
        Un-mapped    = 100.00% (887     vias)
    Layer VIA7       =  0.00% (0      / 36      vias)
        Un-optimized =  0.00% (0       vias)
        Un-mapped    = 100.00% (36      vias)
    Layer VIA8       =  0.00% (0      / 4       vias)
        Un-optimized =  0.00% (0       vias)
        Un-mapped    = 100.00% (4       vias)
 
Topology ECO not run, no qualifying violations or in frozen nets.
Updating the database ...
...updated 50904 nets
[ECO: End] Elapsed real time: 0:06:25 
[ECO: End] Elapsed cpu  time: sys=0:00:00 usr=0:06:24 total=0:06:25
[ECO: End] Stage (MB): Used    0  Alloctr    0  Proc   44 
[ECO: End] Total (MB): Used    0  Alloctr    1  Proc 2127 

Route-opt ECO routing complete            CPU:   778 s (  0.22 hr )  ELAPSE:   829 s (  0.23 hr )  MEM-PEAK:  1061 MB
Co-efficient Ratio Summary:
4.193421605155  6.578038173730  2.479639287277  7.744187540401  0.485050000353  3.179565833784  5.567214754587  2.894454387461  6.565921317863  -9.017937605874  3.104440862335  9.864013709851  6.078135964085  2.744271541123
8.318115604907  9.699225026083  2.464623950064  1.382370220049  9.387190864213  3.142621606669  0.968752789964  6.613186223294  -4.146578893224  7.876128970514  2.192719303696
0.963734141094  2.700148443881  3.840450064440  3.750206052982  7.663464687893  6.212403367950  7.759678473967  7.862249556717  -0.402387077150  0.032615057299  0.597795712371
4.701287396892  7.205135512169  8.278351398268  1.183725199710  3.334442243848  5.867801931622  7.173894385364  9.669819099761  -7.591487447087  7.632970119729  7.670655763326
9.831314288630  1.878805817928  3.230072343539  1.226270036149  7.050466239384  2.403120373631  6.139852544054  4.100210166110  -1.274718689655  4.570510479526  5.625455508820
7.826857253678  4.759133418263  5.409027926377  2.609823651657  0.626158373278  6.381878852919  9.187474022495  0.513656896621  -5.027570718562  6.119683016806  6.182059012107
1.581675365776  7.486041822107  9.584562469756  2.041727386932  3.921176653696  0.650680882345  9.472458902409  3.368484494994  -4.897111649020  6.860919814155  2.001781751691
9.095345907689  2.197041709512  0.915900067443  5.466092307400  8.142691562829  4.607145465224  8.244463794567  3.504870805451  -1.682716112888  7.174506022865  9.931933108373
Information: The net parasitics of block ibex_wrapper are cleared. (TIM-123)
Begin building search trees for block ibex_hvt:ibex_hvt_routing.design
Done building search trees for block ibex_hvt:ibex_hvt_routing.design (time 0s)
Information: The stitching and editing of coupling caps is turned OFF for design 'ibex_hvt:ibex_hvt_routing.design'. (TIM-125)
Information: Design ibex_hvt_routing has 25453 nets, 0 global routed, 25451 detail routed. (NEX-024)
Warning: Technology layer 'M4' setting 'pitch' is not valid (NEX-001)
Warning: Technology layer 'MRDL' setting 'pitch' is not valid (NEX-001)
Warning: Parasitic Tech Library layer 'M1' parameter 'SMIN' = 0.040 does not match 0.026 of technology file (NEX-007)
Warning: Parasitic Tech Library layer 'M2' parameter 'SMIN' = 0.040 does not match 0.026 of technology file (NEX-007)
Warning: Parasitic Tech Library layer 'M3' parameter 'SMIN' = 0.040 does not match 0.026 of technology file (NEX-007)
Warning: Parasitic Tech Library layer 'M1' parameter 'SMIN' = 0.040 does not match 0.026 of technology file (NEX-007)
Warning: Parasitic Tech Library layer 'M2' parameter 'SMIN' = 0.040 does not match 0.026 of technology file (NEX-007)
Warning: Parasitic Tech Library layer 'M3' parameter 'SMIN' = 0.040 does not match 0.026 of technology file (NEX-007)
Warning: Parasitic Tech Library layer 'M8' parameter 'WMIN' = 0.030 does not match 0.060 of technology file (NEX-007)
Warning: Parasitic Tech Library layer 'M8' parameter 'SMIN' = 0.060 does not match 0.040 of technology file (NEX-007)
Information: The RC mode used is DR for design 'ibex_wrapper'. (NEX-022)
---extraction options---
Corner: Slow
 late_cap_scale                : 1
 late_res_scale                : 1
 early_cap_scale               : 1
 early_res_scale               : 1
Global options:
 reference_direction       : use_from_tluplus
 real_metalfill_extraction : none
 virtual_shield_extraction : true
---app options---
 host.max_cores                   : 1
 extract.connect_open           : true
 extract.incremental_extraction : true
 extract.enable_coupling_cap    : false
Extracting design: ibex_hvt_routing 
Warning: Net 'ibex_top_inst/clk' is exceeding threshold (over 1000 pins) and will be skipped. (NEX-020)
Information: coupling capacitance is lumped to ground. (NEX-030)
Information: 25450 nets are successfully extracted. (NEX-028)
Information: Advanced receiver model has not been enabled for detailed routed design. (TIM-204)
Information: Update timing completed net estimation for all the timing graph nets (TIM-111)
Information: Net estimation statistics: timing graph nets = 25451, routed nets = 25450, across physical hierarchy nets = 0, parasitics cached nets = 25450, delay annotated nets = 0, parasitics annotated nets = 0, multi-voltage nets = 0. (TIM-112)

Route-opt final QoR
___________________
Scenario Mapping Table
1: Func_Slow

Pathgroup Mapping Table
1: **default**
2: **async_default**
3: **clock_gating_default**
4: **in2reg_default**
5: **reg2out_default**
6: **in2out_default**
7: clk_i
8: cluster_clock_gating

-----------------------------------------------------------------------------------------------------------
Scene  PG      WNS        TNS    NSV      WHV        THV    NHV
    1   1   0.0000     0.0000      0   0.0000     0.0000      0
    1   2   0.0000     0.0000      0   0.0000     0.0000      0
    1   3   0.0000     0.0000      0   0.0000     0.0000      0
    1   4   0.0000     0.0000      0   0.0000     0.0000      0
    1   5   0.0000     0.0000      0   0.0000     0.0000      0
    1   6   0.0000     0.0000      0   0.0000     0.0000      0
    1   7   0.0000     0.0000      0   0.0764     0.0764      1
    1   8   0.0000     0.0000      0   0.0893    12.1654    410
--------------------------------------------------------------------------------------------------------------------
Scene  PG      WNS        TNS    NSV      WHV        THV    NHV  MaxTrnV  MaxCapV    Leakage
    1   *   0.0000     0.0000      0   0.0893    12.2419    411        0       57          -
--------------------------------------------------------------------------------------------------------------------
Scene  PG      WNS        TNS    NSV      WHV        THV    NHV  MaxTrnV  MaxCapV    Leakage         Area    InstCnt
    *   *   0.0000     0.0000      0   0.0893    12.2419    411        0       57          -     11733.14      24714
--------------------------------------------------------------------------------------------------------------------

Route-opt final QoR Summary         WNS        TNS    NSV      WHV        THV    NHV  MaxTrnV  MaxCapV    Leakage         Area    InstCnt
Route-opt final QoR Summary      0.0000     0.0000      0   0.0893    12.2419    411        0       57          -     11733.14      24714

Route-opt command complete                CPU:   786 s (  0.22 hr )  ELAPSE:   837 s (  0.23 hr )  MEM-PEAK:  1061 MB
Route-opt command statistics  CPU=539 sec (0.15 hr) ELAPSED=544 sec (0.15 hr) MEM-PEAK=1.036 GB
Information: Running auto PG connection. (NDM-099)
1
