Information: The net parasitics of block ibex_wrapper are cleared. (TIM-123)
Warning: Cell contains tie connections which are not connected to real PG. (ZRT-511)
Turn off antenna since no rule is specified
Cell Min-Routing-Layer = M1
Cell Max-Routing-Layer = M9
Warning: There is no constraint to limit maximum number of secondary power and ground (PG) pins in a cluster. (ZRT-536)
Warning: There is no constraint to limit maximum number of secondary power and ground (PG) pins in a cluster. (ZRT-536)
Warning: Ignore 2 top cell ports with no pins. (ZRT-027)
Info: number of net_type_blockage: 0 
Via on layer (VIA1) needs more than one tracks
Warning: Layer M1 pitch 0.074 may be too small: wire/via-down 0.074, wire/via-up 0.098. (ZRT-026)
Via on layer (VIA1) needs more than one tracks
Warning: Layer M2 pitch 0.060 may be too small: wire/via-down 0.098, wire/via-up 0.060. (ZRT-026)
Via on layer (VIA3) needs more than one tracks
Warning: Layer M3 pitch 0.074 may be too small: wire/via-down 0.060, wire/via-up 0.080. (ZRT-026)
Wire on layer (M4) needs more than one tracks
Via on layer (VIA3) needs more than one tracks
Via on layer (VIA4) needs more than one tracks
Warning: Layer M4 pitch 0.074 may be too small: wire/via-down 0.107, wire/via-up 0.105. (ZRT-026)
Via on layer (VIA4) needs more than one tracks
Warning: Layer M5 pitch 0.120 may be too small: wire/via-down 0.135, wire/via-up 0.107. (ZRT-026)
Via on layer (VIA8) needs more than one tracks
Warning: Layer M8 pitch 0.120 may be too small: wire/via-down 0.107, wire/via-up 0.135. (ZRT-026)
Wire on layer (M9) needs more than one tracks
Via on layer (VIA8) needs more than one tracks
Via on layer (VIARDL) needs more than one tracks
Warning: Layer M9 pitch 0.120 may be too small: wire/via-down 0.135, wire/via-up 1.570. (ZRT-026)
Via on layer (VIARDL) needs more than one tracks
Warning: Layer MRDL pitch 0.600 may be too small: wire/via-down 4.500, wire/via-up 0.600. (ZRT-026)
Transition layer name: M3(2)
Warning: Standard cell pin SAEDHVT14_INV_PS_2/VDD has no valid via regions. (ZRT-044)
Warning: Standard cell pin SAEDHVT14_NR3B_2/B2 has no valid via regions. (ZRT-044)
Warning: Standard cell pin SAEDHVT14_NR2_2/A1 has no valid via regions. (ZRT-044)
Warning: Standard cell pin SAEDHVT14_NR2_2/X has no valid via regions. (ZRT-044)
Printing options for 'route.common.*'
common.verbose_level                                    :	 0                   

Printing options for 'route.detail.*'
detail.antenna                                          :	 true                
detail.force_end_on_preferred_grid                      :	 true                

Printing options for 'route.auto_via_ladder.*'


Begin full DRC check ...

Information: Using 1 threads for routing. (ZRT-444)
Checked	1/64 Partitions, Violations =	0
Checked	2/64 Partitions, Violations =	0
Checked	4/64 Partitions, Violations =	0
Checked	6/64 Partitions, Violations =	0
Checked	8/64 Partitions, Violations =	0
Checked	10/64 Partitions, Violations =	0
Checked	12/64 Partitions, Violations =	0
Checked	14/64 Partitions, Violations =	0
Checked	16/64 Partitions, Violations =	0
Checked	18/64 Partitions, Violations =	0
Checked	20/64 Partitions, Violations =	7
Checked	22/64 Partitions, Violations =	7
Checked	25/64 Partitions, Violations =	7
Checked	26/64 Partitions, Violations =	7
Checked	28/64 Partitions, Violations =	43
Checked	30/64 Partitions, Violations =	43
Checked	32/64 Partitions, Violations =	43
Checked	34/64 Partitions, Violations =	43
Checked	36/64 Partitions, Violations =	43
Checked	38/64 Partitions, Violations =	43
Checked	40/64 Partitions, Violations =	43
Checked	42/64 Partitions, Violations =	43
Checked	44/64 Partitions, Violations =	43
Checked	46/64 Partitions, Violations =	43
Checked	48/64 Partitions, Violations =	43
Checked	50/64 Partitions, Violations =	43
Checked	52/64 Partitions, Violations =	43
Checked	54/64 Partitions, Violations =	43
Checked	56/64 Partitions, Violations =	43
Checked	58/64 Partitions, Violations =	43
Checked	60/64 Partitions, Violations =	43
Checked	62/64 Partitions, Violations =	43
Checked	64/64 Partitions, Violations =	43
[DRC CHECK] Elapsed real time: 0:00:11 
[DRC CHECK] Elapsed cpu  time: sys=0:00:00 usr=0:00:11 total=0:00:11
[DRC CHECK] Stage (MB): Used    0  Alloctr    0  Proc    0 
[DRC CHECK] Total (MB): Used  139  Alloctr  145  Proc 2153 
Printing options for 'route.common.*'
common.verbose_level                                    :	 0                   

Printing options for 'route.detail.*'
detail.antenna                                          :	 true                
detail.force_end_on_preferred_grid                      :	 true                

Printing options for 'route.auto_via_ladder.*'

[Dr init] Elapsed real time: 0:00:15 
[Dr init] Elapsed cpu  time: sys=0:00:00 usr=0:00:15 total=0:00:15
[Dr init] Stage (MB): Used  129  Alloctr  135  Proc    0 
[Dr init] Total (MB): Used  130  Alloctr  136  Proc 2153 
Total number of nets = 25682, of which 0 are not extracted
Total number of open nets = 0, of which 0 are frozen
Information: Using 1 threads for routing. (ZRT-444)
Routing in incremental mode, starting from iteration 0

Start DR iteration 0: non-uniform partition
Routed	1/5 Partitions, Violations =	25
Routed	2/5 Partitions, Violations =	47
Routed	3/5 Partitions, Violations =	44
Routed	4/5 Partitions, Violations =	30
Routed	5/5 Partitions, Violations =	29

DRC-SUMMARY:
	@@@@@@@ TOTAL VIOLATIONS =	29
	Diff net spacing : 9
	Less than minimum area : 5
	Same net via-cut spacing : 1
	Short : 9
	Internal-only types : 5

[Iter 0] Elapsed real time: 0:00:16 
[Iter 0] Elapsed cpu  time: sys=0:00:00 usr=0:00:16 total=0:00:16
[Iter 0] Stage (MB): Used  138  Alloctr  144  Proc    0 
[Iter 0] Total (MB): Used  139  Alloctr  146  Proc 2153 

End DR iteration 0 with 5 parts

Start DR iteration 1: non-uniform partition
Routed	1/3 Partitions, Violations =	14
Routed	2/3 Partitions, Violations =	11
Routed	3/3 Partitions, Violations =	10

DRC-SUMMARY:
	@@@@@@@ TOTAL VIOLATIONS =	10
	Diff net spacing : 4
	Less than minimum area : 2
	Same net spacing : 1
	Short : 2
	Internal-only types : 1

[Iter 1] Elapsed real time: 0:00:17 
[Iter 1] Elapsed cpu  time: sys=0:00:00 usr=0:00:16 total=0:00:16
[Iter 1] Stage (MB): Used  138  Alloctr  144  Proc    0 
[Iter 1] Total (MB): Used  139  Alloctr  146  Proc 2153 

End DR iteration 1 with 3 parts

Start DR iteration 2: non-uniform partition
Routed	1/4 Partitions, Violations =	8
Routed	2/4 Partitions, Violations =	7
Routed	3/4 Partitions, Violations =	2
Routed	4/4 Partitions, Violations =	1

DRC-SUMMARY:
	@@@@@@@ TOTAL VIOLATIONS =	1
	Short : 1

[Iter 2] Elapsed real time: 0:00:17 
[Iter 2] Elapsed cpu  time: sys=0:00:00 usr=0:00:17 total=0:00:17
[Iter 2] Stage (MB): Used  138  Alloctr  144  Proc    0 
[Iter 2] Total (MB): Used  139  Alloctr  146  Proc 2153 

End DR iteration 2 with 4 parts

Start DR iteration 3: non-uniform partition
Routed	1/1 Partitions, Violations =	0

DRC-SUMMARY:
	@@@@@@@ TOTAL VIOLATIONS =	0

[Iter 3] Elapsed real time: 0:00:17 
[Iter 3] Elapsed cpu  time: sys=0:00:00 usr=0:00:17 total=0:00:17
[Iter 3] Stage (MB): Used  138  Alloctr  144  Proc    0 
[Iter 3] Total (MB): Used  139  Alloctr  146  Proc 2153 

End DR iteration 3 with 1 parts

Finish DR since reached 0 DRC

Information: Detail Routing terminated early because DRCs were not converging: false (ZRT-312)
[DR] Elapsed real time: 0:00:17 
[DR] Elapsed cpu  time: sys=0:00:00 usr=0:00:17 total=0:00:17
[DR] Stage (MB): Used  120  Alloctr  126  Proc    0 
[DR] Total (MB): Used  121  Alloctr  128  Proc 2153 
[DR: Done] Elapsed real time: 0:00:17 
[DR: Done] Elapsed cpu  time: sys=0:00:00 usr=0:00:17 total=0:00:17
[DR: Done] Stage (MB): Used  120  Alloctr  126  Proc    0 
[DR: Done] Total (MB): Used  121  Alloctr  128  Proc 2153 

DR finished with 0 open nets, of which 0 are frozen

DR finished with 0 violations

DRC-SUMMARY:
	@@@@@@@ TOTAL VIOLATIONS =	0



Total Wire Length =                    276153 micron
Total Number of Contacts =             163011
Total Number of Wires =                200097
Total Number of PtConns =              31597
Total Number of Routed Wires =       200097
Total Routed Wire Length =           254241 micron
Total Number of Routed Contacts =       163011
	Layer               M1 :        766 micron
	Layer               M2 :      82643 micron
	Layer               M3 :      95967 micron
	Layer               M4 :      37073 micron
	Layer               M5 :      39931 micron
	Layer               M6 :      12546 micron
	Layer               M7 :       6913 micron
	Layer               M8 :        296 micron
	Layer               M9 :         18 micron
	Layer             MRDL :          0 micron
	Via            VIA89_C :          4
	Via     VIA78SQ_C(rot) :         38
	Via          VIA67SQ_C :        876
	Via            VIA67SQ :          5
	Via       VIA67SQ(rot) :         10
	Via     VIA56SQ_C(rot) :          7
	Via            VIA56SQ :       2573
	Via            VIA45SQ :       7993
	Via       VIA45SQ(rot) :          4
	Via          VIA34SQ_C :          1
	Via     VIA34SQ_C(rot) :       9652
	Via        VIA34BAR2_C :         20
	Via            VIA34SQ :        218
	Via       VIA34SQ(rot) :        873
	Via          VIA23SQ_C :      80392
	Via     VIA23SQ_C(rot) :          6
	Via        VIA23BAR2_C :         10
	Via            VIA23SQ :          8
	Via       VIA23SQ(rot) :          2
	Via          VIA23BAR1 :          2
	Via        VIA2_33SQ_C :        186
	Via        VIA23_3SQ_C :         75
	Via          VIA12SQ_C :          1
	Via     VIA12SQ_C(rot) :      58731
	Via   VIA12BAR2_C(rot) :         55
	Via            VIA12SQ :          1
	Via       VIA12SQ(rot) :        540
	Via   VIA1_32SQ_C(rot) :        727
	Via   VIA12_3SQ_C(rot) :          1

 
Redundant via conversion report:
--------------------------------

  Total optimized via conversion rate =  0.00% (0 / 163011 vias)
 
    Layer VIA1       =  0.00% (0      / 60056   vias)
        Un-optimized =  0.00% (0       vias)
        Un-mapped    = 100.00% (60056   vias)
    Layer VIA2       =  0.00% (0      / 80681   vias)
        Un-optimized =  0.00% (0       vias)
        Un-mapped    = 100.00% (80681   vias)
    Layer VIA3       =  0.00% (0      / 10764   vias)
        Un-optimized =  0.00% (0       vias)
        Un-mapped    = 100.00% (10764   vias)
    Layer VIA4       =  0.00% (0      / 7997    vias)
        Un-optimized =  0.00% (0       vias)
        Un-mapped    = 100.00% (7997    vias)
    Layer VIA5       =  0.00% (0      / 2580    vias)
        Un-optimized =  0.00% (0       vias)
        Un-mapped    = 100.00% (2580    vias)
    Layer VIA6       =  0.00% (0      / 891     vias)
        Un-optimized =  0.00% (0       vias)
        Un-mapped    = 100.00% (891     vias)
    Layer VIA7       =  0.00% (0      / 38      vias)
        Un-optimized =  0.00% (0       vias)
        Un-mapped    = 100.00% (38      vias)
    Layer VIA8       =  0.00% (0      / 4       vias)
        Un-optimized =  0.00% (0       vias)
        Un-mapped    = 100.00% (4       vias)
 
  Total double via conversion rate    =  0.00% (0 / 163011 vias)
 
    Layer VIA1       =  0.00% (0      / 60056   vias)
    Layer VIA2       =  0.00% (0      / 80681   vias)
    Layer VIA3       =  0.00% (0      / 10764   vias)
    Layer VIA4       =  0.00% (0      / 7997    vias)
    Layer VIA5       =  0.00% (0      / 2580    vias)
    Layer VIA6       =  0.00% (0      / 891     vias)
    Layer VIA7       =  0.00% (0      / 38      vias)
    Layer VIA8       =  0.00% (0      / 4       vias)
 
  The optimized via conversion rate based on total routed via count =  0.00% (0 / 163011 vias)
 
    Layer VIA1       =  0.00% (0      / 60056   vias)
        Un-optimized =  0.00% (0       vias)
        Un-mapped    = 100.00% (60056   vias)
    Layer VIA2       =  0.00% (0      / 80681   vias)
        Un-optimized =  0.00% (0       vias)
        Un-mapped    = 100.00% (80681   vias)
    Layer VIA3       =  0.00% (0      / 10764   vias)
        Un-optimized =  0.00% (0       vias)
        Un-mapped    = 100.00% (10764   vias)
    Layer VIA4       =  0.00% (0      / 7997    vias)
        Un-optimized =  0.00% (0       vias)
        Un-mapped    = 100.00% (7997    vias)
    Layer VIA5       =  0.00% (0      / 2580    vias)
        Un-optimized =  0.00% (0       vias)
        Un-mapped    = 100.00% (2580    vias)
    Layer VIA6       =  0.00% (0      / 891     vias)
        Un-optimized =  0.00% (0       vias)
        Un-mapped    = 100.00% (891     vias)
    Layer VIA7       =  0.00% (0      / 38      vias)
        Un-optimized =  0.00% (0       vias)
        Un-mapped    = 100.00% (38      vias)
    Layer VIA8       =  0.00% (0      / 4       vias)
        Un-optimized =  0.00% (0       vias)
        Un-mapped    = 100.00% (4       vias)
 

Total number of nets = 25682
0 open nets, of which 0 are frozen
Total number of excluded ports = 0 ports of 0 unplaced cells connected to 0 nets
                                 0 ports without pins of 0 cells connected to 0 nets
                                 0 ports of 0 cover cells connected to 0 non-pg nets
Total number of DRCs = 0
Total number of antenna violations = antenna checking not active
Information: Routes in non-preferred voltage areas = 0 (ZRT-559)

Topology ECO not run, no qualifying violations or in frozen nets.
Updating the database ...
