****************************************
Report : library
Library: saed14hvt
Version: O-2018.06-SP1
Date   : Mon Jul  7 00:42:15 2025
****************************************

Full name: /mnt/hgfs/0_GP/Final/2_PnR/0_NDM/saed14hvt.ndm:saed14hvt
File name: /mnt/hgfs/0_GP/Final/2_PnR/0_NDM/saed14hvt.ndm
Design count: 922

--------------------------------------------------------------------------------
** Timing Data:

Power rails:

Index  Name        Type
  0    <default>   power
  1    VDD         power
  2    VDDR        power
  3    VSS         ground

Pane count: 3

Pane 0:
  Process label: ss
  Process number: 1
  Voltage rail count: 4
  Voltage for rail 0 (<default>): 0.72
  Voltage for rail 1 (VDD): 0.72
  Voltage for rail 2 (VDDR): 0.72
  Voltage for rail 3 (VSS): 0
  Temperature: -40

  Thresholds:
    r/f InputDelay: 0.5/0.5  r/f OutputDelay: 0.5/0.5
    l/h RiseTrans:  0.2/0.8  h/l FallTrans:   0.8/0.2
    TransDerate:    1

  Source .db file:
    /mnt/hgfs/0_GP/PDK/saed14_pdk/SAED14nm_EDK_CORE_HVT_v_062020/stdcell_hvt/db_nldm/saed14hvt_ss0p72vm40c.db



Pane 1:
  Process label: ff
  Process number: 1
  Voltage rail count: 4
  Voltage for rail 0 (<default>): 0.88
  Voltage for rail 1 (VDD): 0.88
  Voltage for rail 2 (VDDR): 0.88
  Voltage for rail 3 (VSS): 0
  Temperature: 125

  Thresholds:
    r/f InputDelay: 0.5/0.5  r/f OutputDelay: 0.5/0.5
    l/h RiseTrans:  0.2/0.8  h/l FallTrans:   0.8/0.2
    TransDerate:    1

  Source .db file:
    /mnt/hgfs/0_GP/PDK/saed14_pdk/SAED14nm_EDK_CORE_HVT_v_062020/stdcell_hvt/db_nldm/saed14hvt_ff0p88v125c.db



Pane 2:
  Process label: tt
  Process number: 1
  Voltage rail count: 4
  Voltage for rail 0 (<default>): 0.8
  Voltage for rail 1 (VDD): 0.8
  Voltage for rail 2 (VDDR): 0.8
  Voltage for rail 3 (VSS): 0
  Temperature: 25

  Thresholds:
    r/f InputDelay: 0.5/0.5  r/f OutputDelay: 0.5/0.5
    l/h RiseTrans:  0.2/0.8  h/l FallTrans:   0.8/0.2
    TransDerate:    1

  Source .db file:
    /mnt/hgfs/0_GP/PDK/saed14_pdk/SAED14nm_EDK_CORE_HVT_v_062020/stdcell_hvt/db_nldm/saed14hvt_tt0p8v25c.db




Source .db libraries:
  saed14hvt_ss0p72vm40c.db:saed14hvt_ss0p72vm40c
  saed14hvt_ff0p88v125c.db:saed14hvt_ff0p88v125c
  saed14hvt_tt0p8v25c.db:saed14hvt_tt0p8v25c


Operating Conditions:

   Name                 Process   Label                Temp      Voltage   Original DB Name     Original DB Filename
   --------------------------------------------------------------------------------------------------------------------------------------
   ss0p72vm40c          1.00      ss                   -40.00    0.72      saed14hvt_ss0p72vm40c
                                                                                                saed14hvt_ss0p72vm40c.db
   ff0p88v125c          1.00      ff                   125.00    0.88      saed14hvt_ff0p88v125c
                                                                                                saed14hvt_ff0p88v125c.db
   tt0p8v25c            1.00      tt                   25.00     0.80      saed14hvt_tt0p8v25c  saed14hvt_tt0p8v25c.db



1
