 
****************************************
Report : power
        -analysis_effort low
Design : ibex_wrapper
Version: O-2018.06-SP1
Date   : Thu May  8 17:51:34 2025
****************************************


Library(s) Used:

    saed14hvt_ss0p72vm40c (File: /mnt/hgfs/0_GP/PDK/saed14_pdk/SAED14nm_EDK_CORE_HVT_v_062020/stdcell_hvt/db_ccs/saed14hvt_ss0p72vm40c.db)


Operating Conditions: ss0p72vm40c   Library: saed14hvt_ss0p72vm40c
Wire Load Model Mode: top

Design        Wire Load Model            Library
------------------------------------------------
ibex_wrapper           8000              saed14hvt_ss0p72vm40c


Global Operating Voltage = 0.72 
Power-specific unit information :
    Voltage Units = 1V
    Capacitance Units = 1.000000ff
    Time Units = 1ns
    Dynamic Power Units = 1uW    (derived from V,C,T units)
    Leakage Power Units = 1pW


  Cell Internal Power  = 255.7383 uW   (73%)
  Net Switching Power  =  96.4371 uW   (27%)
                         ---------
Total Dynamic Power    = 352.1754 uW  (100%)

Cell Leakage Power     = 182.9781 nW


                 Internal         Switching           Leakage            Total
Power Group      Power            Power               Power              Power   (   %    )  Attrs
--------------------------------------------------------------------------------------------------
io_pad             0.0000            0.0000            0.0000            0.0000  (   0.00%)
memory             0.0000            0.0000            0.0000            0.0000  (   0.00%)
black_box          0.0000            0.0000            0.0000            0.0000  (   0.00%)
clock_network      0.3543           85.2668           16.4866           85.6211  (  24.30%)
register         250.0214            2.4426        6.5448e+04          252.5296  (  71.67%)
sequential         0.0000            0.0000            0.0000            0.0000  (   0.00%)
combinational      5.3617            8.7276        1.1750e+05           14.2069  (   4.03%)
--------------------------------------------------------------------------------------------------
Total            255.7374 uW        96.4370 uW     1.8297e+05 pW       352.3576 uW
1
