Information: The net parasitics of block ibex_wrapper are cleared. (TIM-123)
Warning: Cell contains tie connections which are not connected to real PG. (ZRT-511)
Turn off antenna since no rule is specified
Cell Min-Routing-Layer = M1
Cell Max-Routing-Layer = M9
Warning: Ignore 11 top cell ports with no pins. (ZRT-027)
Info: number of net_type_blockage: 0 
Via on layer (VIA1) needs more than one tracks
Warning: Layer M1 pitch 0.074 may be too small: wire/via-down 0.074, wire/via-up 0.098. (ZRT-026)
Via on layer (VIA1) needs more than one tracks
Warning: Layer M2 pitch 0.060 may be too small: wire/via-down 0.098, wire/via-up 0.060. (ZRT-026)
Via on layer (VIA3) needs more than one tracks
Warning: Layer M3 pitch 0.074 may be too small: wire/via-down 0.060, wire/via-up 0.080. (ZRT-026)
Wire on layer (M4) needs more than one tracks
Via on layer (VIA3) needs more than one tracks
Via on layer (VIA4) needs more than one tracks
Warning: Layer M4 pitch 0.074 may be too small: wire/via-down 0.107, wire/via-up 0.105. (ZRT-026)
Via on layer (VIA4) needs more than one tracks
Warning: Layer M5 pitch 0.120 may be too small: wire/via-down 0.135, wire/via-up 0.107. (ZRT-026)
Via on layer (VIA8) needs more than one tracks
Warning: Layer M8 pitch 0.120 may be too small: wire/via-down 0.107, wire/via-up 0.135. (ZRT-026)
Wire on layer (M9) needs more than one tracks
Via on layer (VIA8) needs more than one tracks
Via on layer (VIARDL) needs more than one tracks
Warning: Layer M9 pitch 0.120 may be too small: wire/via-down 0.135, wire/via-up 1.570. (ZRT-026)
Via on layer (VIARDL) needs more than one tracks
Warning: Layer MRDL pitch 0.600 may be too small: wire/via-down 4.500, wire/via-up 0.600. (ZRT-026)
Transition layer name: M3(2)
Warning: Standard cell pin SAEDHVT14_FSDPQ_V2LP_2/Q has no valid via regions. (ZRT-044)
Warning: Standard cell pin SAEDHVT14_NR3B_2/B2 has no valid via regions. (ZRT-044)
Warning: Standard cell pin SAEDHVT14_NR2_2/A1 has no valid via regions. (ZRT-044)
Warning: Standard cell pin SAEDHVT14_NR2_2/X has no valid via regions. (ZRT-044)
Printing options for 'route.common.*'
common.verbose_level                                    :	 0                   

Printing options for 'route.detail.*'
detail.antenna                                          :	 true                
detail.force_end_on_preferred_grid                      :	 true                

Printing options for 'route.auto_via_ladder.*'


Begin full DRC check ...

Information: Using 1 threads for routing. (ZRT-444)
Checked	1/81 Partitions, Violations =	0
Checked	3/81 Partitions, Violations =	6
Checked	6/81 Partitions, Violations =	12
Checked	9/81 Partitions, Violations =	13
Checked	12/81 Partitions, Violations =	30
Checked	15/81 Partitions, Violations =	58
Checked	18/81 Partitions, Violations =	58
Checked	21/81 Partitions, Violations =	62
Checked	24/81 Partitions, Violations =	89
Checked	28/81 Partitions, Violations =	89
Checked	30/81 Partitions, Violations =	89
Checked	33/81 Partitions, Violations =	94
Checked	36/81 Partitions, Violations =	96
Checked	39/81 Partitions, Violations =	96
Checked	42/81 Partitions, Violations =	96
Checked	45/81 Partitions, Violations =	96
Checked	48/81 Partitions, Violations =	96
Checked	51/81 Partitions, Violations =	96
Checked	54/81 Partitions, Violations =	96
Checked	57/81 Partitions, Violations =	96
Checked	60/81 Partitions, Violations =	96
Checked	63/81 Partitions, Violations =	96
Checked	66/81 Partitions, Violations =	96
Checked	69/81 Partitions, Violations =	96
Checked	72/81 Partitions, Violations =	96
Checked	75/81 Partitions, Violations =	96
Checked	78/81 Partitions, Violations =	96
Checked	81/81 Partitions, Violations =	96
[DRC CHECK] Elapsed real time: 0:00:08 
[DRC CHECK] Elapsed cpu  time: sys=0:00:00 usr=0:00:08 total=0:00:08
[DRC CHECK] Stage (MB): Used    0  Alloctr    0  Proc   30 
[DRC CHECK] Total (MB): Used  158  Alloctr  164  Proc 1642 
Loading parastics information to the router ...
Warning: Technology layer 'M4' setting 'pitch' is not valid (NEX-001)
Warning: Technology layer 'MRDL' setting 'pitch' is not valid (NEX-001)
Warning: Parasitic Tech Library layer 'M1' parameter 'SMIN' = 0.040 does not match 0.026 of technology file (NEX-007)
Warning: Parasitic Tech Library layer 'M2' parameter 'SMIN' = 0.040 does not match 0.026 of technology file (NEX-007)
Warning: Parasitic Tech Library layer 'M3' parameter 'SMIN' = 0.040 does not match 0.026 of technology file (NEX-007)
Warning: Parasitic Tech Library layer 'M1' parameter 'SMIN' = 0.040 does not match 0.026 of technology file (NEX-007)
Warning: Parasitic Tech Library layer 'M2' parameter 'SMIN' = 0.040 does not match 0.026 of technology file (NEX-007)
Warning: Parasitic Tech Library layer 'M3' parameter 'SMIN' = 0.040 does not match 0.026 of technology file (NEX-007)
Warning: Parasitic Tech Library layer 'M8' parameter 'WMIN' = 0.030 does not match 0.060 of technology file (NEX-007)
Warning: Parasitic Tech Library layer 'M8' parameter 'SMIN' = 0.060 does not match 0.040 of technology file (NEX-007)
parastics information loaded to the router.
Printing options for 'route.common.*'
common.verbose_level                                    :	 0                   

Printing options for 'route.detail.*'
detail.antenna                                          :	 true                
detail.force_end_on_preferred_grid                      :	 true                

Printing options for 'route.auto_via_ladder.*'

Information: RC layer preference is turned on for this design. (ZRT-613)
[Dr init] Elapsed real time: 0:00:12 
[Dr init] Elapsed cpu  time: sys=0:00:00 usr=0:00:12 total=0:00:12
[Dr init] Stage (MB): Used  148  Alloctr  154  Proc   30 
[Dr init] Total (MB): Used  149  Alloctr  155  Proc 1642 
Total number of nets = 25719, of which 0 are not extracted
Total number of open nets = 0, of which 0 are frozen
Information: Using 1 threads for routing. (ZRT-444)
Routing in incremental mode, starting from iteration 12

Start DR iteration 12: non-uniform partition
Routed	1/27 Partitions, Violations =	90
Routed	2/27 Partitions, Violations =	77
Routed	3/27 Partitions, Violations =	73
Routed	4/27 Partitions, Violations =	67
Routed	5/27 Partitions, Violations =	63
Routed	6/27 Partitions, Violations =	55
Routed	7/27 Partitions, Violations =	50
Routed	8/27 Partitions, Violations =	44
Routed	9/27 Partitions, Violations =	41
Routed	10/27 Partitions, Violations =	38
Routed	11/27 Partitions, Violations =	35
Routed	12/27 Partitions, Violations =	31
Routed	13/27 Partitions, Violations =	28
Routed	14/27 Partitions, Violations =	25
Routed	15/27 Partitions, Violations =	23
Routed	16/27 Partitions, Violations =	21
Routed	17/27 Partitions, Violations =	19
Routed	18/27 Partitions, Violations =	17
Routed	19/27 Partitions, Violations =	15
Routed	20/27 Partitions, Violations =	12
Routed	21/27 Partitions, Violations =	11
Routed	22/27 Partitions, Violations =	10
Routed	23/27 Partitions, Violations =	9
Routed	24/27 Partitions, Violations =	7
Routed	25/27 Partitions, Violations =	5
Routed	26/27 Partitions, Violations =	4
Routed	27/27 Partitions, Violations =	3

DRC-SUMMARY:
	@@@@@@@ TOTAL VIOLATIONS =	3
	Less than minimum area : 3

[Iter 12] Elapsed real time: 0:00:13 
[Iter 12] Elapsed cpu  time: sys=0:00:00 usr=0:00:12 total=0:00:12
[Iter 12] Stage (MB): Used  157  Alloctr  163  Proc   30 
[Iter 12] Total (MB): Used  158  Alloctr  164  Proc 1642 

End DR iteration 12 with 27 parts

Start DR iteration 13: non-uniform partition
Routed	1/3 Partitions, Violations =	2
Routed	2/3 Partitions, Violations =	1
Routed	3/3 Partitions, Violations =	0

DRC-SUMMARY:
	@@@@@@@ TOTAL VIOLATIONS =	0

[Iter 13] Elapsed real time: 0:00:13 
[Iter 13] Elapsed cpu  time: sys=0:00:00 usr=0:00:12 total=0:00:13
[Iter 13] Stage (MB): Used  157  Alloctr  163  Proc   30 
[Iter 13] Total (MB): Used  158  Alloctr  164  Proc 1642 

End DR iteration 13 with 3 parts

Finish DR since reached 0 DRC

Information: Detail Routing terminated early because DRCs were not converging: false (ZRT-312)
[DR] Elapsed real time: 0:00:13 
[DR] Elapsed cpu  time: sys=0:00:00 usr=0:00:12 total=0:00:13
[DR] Stage (MB): Used  139  Alloctr  145  Proc   30 
[DR] Total (MB): Used  140  Alloctr  146  Proc 1642 
[DR: Done] Elapsed real time: 0:00:13 
[DR: Done] Elapsed cpu  time: sys=0:00:00 usr=0:00:12 total=0:00:13
[DR: Done] Stage (MB): Used  139  Alloctr  145  Proc   30 
[DR: Done] Total (MB): Used  140  Alloctr  146  Proc 1642 

DR finished with 0 open nets, of which 0 are frozen

DR finished with 0 violations

DRC-SUMMARY:
	@@@@@@@ TOTAL VIOLATIONS =	0



Total Wire Length =                    299219 micron
Total Number of Contacts =             163837
Total Number of Wires =                200741
Total Number of PtConns =              31347
Total Number of Routed Wires =       200741
Total Routed Wire Length =           277112 micron
Total Number of Routed Contacts =       163837
	Layer                 M1 :        855 micron
	Layer                 M2 :     107259 micron
	Layer                 M3 :     110266 micron
	Layer                 M4 :      28357 micron
	Layer                 M5 :      33543 micron
	Layer                 M6 :      11737 micron
	Layer                 M7 :       7189 micron
	Layer                 M8 :         12 micron
	Layer                 M9 :          0 micron
	Layer               MRDL :          0 micron
	Via              VIA89_C :          2
	Via       VIA78SQ_C(rot) :          3
	Via         VIA78SQ(rot) :          1
	Via            VIA67SQ_C :        547
	Via       VIA67SQ_C(rot) :         32
	Via              VIA67SQ :          4
	Via         VIA67SQ(rot) :          2
	Via            VIA56SQ_C :          4
	Via       VIA56SQ_C(rot) :         72
	Via              VIA56SQ :       1321
	Via              VIA45SQ :       5133
	Via            VIA34SQ_C :         30
	Via       VIA34SQ_C(rot) :       8250
	Via          VIA34BAR2_C :         21
	Via              VIA34SQ :        156
	Via         VIA34SQ(rot) :        661
	Via     VIA3_34SQ_C(rot) :         12
	Via            VIA3_34SQ :          9
	Via       VIA3_34SQ(rot) :          4
	Via            VIA23SQ_C :      86871
	Via       VIA23SQ_C(rot) :          6
	Via          VIA23BAR2_C :          4
	Via     VIA23BAR2_C(rot) :          2
	Via            VIA23LG_C :          2
	Via              VIA23SQ :          7
	Via         VIA23SQ(rot) :          2
	Via          VIA2_33SQ_C :        368
	Via          VIA23_3SQ_C :         55
	Via        VIA2_33_3SQ_C :         90
	Via            VIA12SQ_C :          3
	Via       VIA12SQ_C(rot) :      58666
	Via     VIA12BAR2_C(rot) :         51
	Via            VIA12LG_C :          2
	Via              VIA12SQ :          2
	Via         VIA12SQ(rot) :        498
	Via     VIA1_32SQ_C(rot) :        796
	Via     VIA12_3SQ_C(rot) :         41
	Via   VIA1_32_3SQ_C(rot) :        107

 
Redundant via conversion report:
--------------------------------

  Total optimized via conversion rate =  0.00% (0 / 163837 vias)
 
    Layer VIA1       =  0.00% (0      / 60166   vias)
        Un-optimized =  0.00% (0       vias)
        Un-mapped    = 100.00% (60166   vias)
    Layer VIA2       =  0.00% (0      / 87407   vias)
        Un-optimized =  0.00% (0       vias)
        Un-mapped    = 100.00% (87407   vias)
    Layer VIA3       =  0.00% (0      / 9143    vias)
        Un-optimized =  0.00% (0       vias)
        Un-mapped    = 100.00% (9143    vias)
    Layer VIA4       =  0.00% (0      / 5133    vias)
        Un-optimized =  0.00% (0       vias)
        Un-mapped    = 100.00% (5133    vias)
    Layer VIA5       =  0.00% (0      / 1397    vias)
        Un-optimized =  0.00% (0       vias)
        Un-mapped    = 100.00% (1397    vias)
    Layer VIA6       =  0.00% (0      / 585     vias)
        Un-optimized =  0.00% (0       vias)
        Un-mapped    = 100.00% (585     vias)
    Layer VIA7       =  0.00% (0      / 4       vias)
        Un-optimized =  0.00% (0       vias)
        Un-mapped    = 100.00% (4       vias)
    Layer VIA8       =  0.00% (0      / 2       vias)
        Un-optimized =  0.00% (0       vias)
        Un-mapped    = 100.00% (2       vias)
 
  Total double via conversion rate    =  0.00% (0 / 163837 vias)
 
    Layer VIA1       =  0.00% (0      / 60166   vias)
    Layer VIA2       =  0.00% (0      / 87407   vias)
    Layer VIA3       =  0.00% (0      / 9143    vias)
    Layer VIA4       =  0.00% (0      / 5133    vias)
    Layer VIA5       =  0.00% (0      / 1397    vias)
    Layer VIA6       =  0.00% (0      / 585     vias)
    Layer VIA7       =  0.00% (0      / 4       vias)
    Layer VIA8       =  0.00% (0      / 2       vias)
 
  The optimized via conversion rate based on total routed via count =  0.00% (0 / 163837 vias)
 
    Layer VIA1       =  0.00% (0      / 60166   vias)
        Un-optimized =  0.00% (0       vias)
        Un-mapped    = 100.00% (60166   vias)
    Layer VIA2       =  0.00% (0      / 87407   vias)
        Un-optimized =  0.00% (0       vias)
        Un-mapped    = 100.00% (87407   vias)
    Layer VIA3       =  0.00% (0      / 9143    vias)
        Un-optimized =  0.00% (0       vias)
        Un-mapped    = 100.00% (9143    vias)
    Layer VIA4       =  0.00% (0      / 5133    vias)
        Un-optimized =  0.00% (0       vias)
        Un-mapped    = 100.00% (5133    vias)
    Layer VIA5       =  0.00% (0      / 1397    vias)
        Un-optimized =  0.00% (0       vias)
        Un-mapped    = 100.00% (1397    vias)
    Layer VIA6       =  0.00% (0      / 585     vias)
        Un-optimized =  0.00% (0       vias)
        Un-mapped    = 100.00% (585     vias)
    Layer VIA7       =  0.00% (0      / 4       vias)
        Un-optimized =  0.00% (0       vias)
        Un-mapped    = 100.00% (4       vias)
    Layer VIA8       =  0.00% (0      / 2       vias)
        Un-optimized =  0.00% (0       vias)
        Un-mapped    = 100.00% (2       vias)
 

Total number of nets = 25719
0 open nets, of which 0 are frozen
Total number of excluded ports = 0 ports of 0 unplaced cells connected to 0 nets
                                 0 ports without pins of 0 cells connected to 0 nets
                                 0 ports of 0 cover cells connected to 0 non-pg nets
Total number of DRCs = 0
Total number of antenna violations = antenna checking not active
Information: Routes in non-preferred voltage areas = 0 (ZRT-559)

Topology ECO not run, no qualifying violations or in frozen nets.
Updating the database ...
