****************************************
Report : qor
Design : multi-scenario design
Version: O-2018.06-SP1
Date   : Tue Jul  8 11:45:44 2025
****************************************


Start of Master/Slave Task Processing
-------------------------------------
Started    : Command execution in scenario 'Func_Fast'
Started    : Command execution in scenario 'Func_Slow'
Succeeded  : Command execution in scenario 'Func_Fast'
Succeeded  : Command execution in scenario 'Func_Slow'
-----------------------------------
End of Master/Slave Task Processing

  Timing Path Group '**clock_gating_default**' (max_delay/setup)
  ---------------------------------------------
  Levels of Logic:                            6 (Func_Slow)
  Critical Path Length:                    0.31 (Func_Slow)
  Critical Path Slack:                     2.04 (Func_Slow)
  Total Negative Slack:                    0.00
  No. of Violating Paths:                     0
  ---------------------------------------------

  Timing Path Group 'clk_i' (max_delay/setup)
  ---------------------------------------------
  Levels of Logic:                           66 (Func_Slow)
  Critical Path Length:                    3.30 (Func_Slow)
  Critical Path Slack:                     0.18 (Func_Slow)
  Total Negative Slack:                    0.00
  No. of Violating Paths:                     0
  ---------------------------------------------

  Timing Path Group 'cluster_clock_gating' (max_delay/setup)
  ---------------------------------------------
  Levels of Logic:                           32 (Func_Slow)
  Critical Path Length:                    3.81 (Func_Slow)
  Critical Path Slack:                     1.66 (Func_Slow)
  Total Negative Slack:                    0.00
  No. of Violating Paths:                     0
  ---------------------------------------------

  Timing Path Group '**clock_gating_default**' (min_delay/hold)
  ---------------------------------------------
  Levels of Logic:                            6 (Func_Fast)
  Critical Path Length:                    0.14 (Func_Fast)
  Critical Path Slack:                     0.01 (Func_Fast)
  Total Negative Slack:                    0.00
  No. of Violating Paths:                     0
  ---------------------------------------------

  Timing Path Group 'clk_i' (min_delay/hold)
  ---------------------------------------------
  Levels of Logic:                            5 (Func_Fast)
  Critical Path Length:                    0.17 (Func_Fast)
  Critical Path Slack:                     0.02 (Func_Fast)
  Total Negative Slack:                    0.00
  No. of Violating Paths:                     0
  ---------------------------------------------

  Timing Path Group 'cluster_clock_gating' (min_delay/hold)
  ---------------------------------------------
  Levels of Logic:                            6 (Func_Fast)
  Critical Path Length:                    0.18 (Func_Fast)
  Critical Path Slack:                     0.00 (Func_Fast)
  Total Negative Slack:                    0.00
  No. of Violating Paths:                     0
  ---------------------------------------------

  Cell Count
  ---------------------------------------------
  Hierarchical Cell Count:                    2 (Func_Fast, Func_Slow)
  Hierarchical Port Count:                  683 (Func_Fast, Func_Slow)
  Leaf Cell Count:                        12091 (Func_Fast, Func_Slow)
  ---------------------------------------------


  Area
  ---------------------------------------------
  Net Interconnect Area:                6308.40 (Func_Fast, Func_Slow)
  Total Cell Area:                      6375.52 (Func_Fast, Func_Slow)
  Design Area:                         12683.92 (Func_Fast, Func_Slow)
  ---------------------------------------------


  Design Rule Violations
  ---------------------------------------------
  Total No. of Pins in Design:            37752
  min_capacitance Count:                    407
  min_capacitance Cost:                   61.05
  Total DRC Cost:                         61.05
  ---------------------------------------------
1
