Warning: Cell contains tie connections which are not connected to real PG. (ZRT-511)
Turn off antenna since no rule is specified
Cell Min-Routing-Layer = M1
Cell Max-Routing-Layer = M9
Warning: Ignore 11 top cell ports with no pins. (ZRT-027)
Info: number of net_type_blockage: 0 
Via on layer (VIA1) needs more than one tracks
Warning: Layer M1 pitch 0.074 may be too small: wire/via-down 0.074, wire/via-up 0.098. (ZRT-026)
Via on layer (VIA1) needs more than one tracks
Warning: Layer M2 pitch 0.060 may be too small: wire/via-down 0.098, wire/via-up 0.060. (ZRT-026)
Via on layer (VIA3) needs more than one tracks
Warning: Layer M3 pitch 0.074 may be too small: wire/via-down 0.060, wire/via-up 0.080. (ZRT-026)
Wire on layer (M4) needs more than one tracks
Via on layer (VIA3) needs more than one tracks
Via on layer (VIA4) needs more than one tracks
Warning: Layer M4 pitch 0.074 may be too small: wire/via-down 0.107, wire/via-up 0.105. (ZRT-026)
Via on layer (VIA4) needs more than one tracks
Warning: Layer M5 pitch 0.120 may be too small: wire/via-down 0.135, wire/via-up 0.107. (ZRT-026)
Via on layer (VIA8) needs more than one tracks
Warning: Layer M8 pitch 0.120 may be too small: wire/via-down 0.107, wire/via-up 0.135. (ZRT-026)
Wire on layer (M9) needs more than one tracks
Via on layer (VIA8) needs more than one tracks
Via on layer (VIARDL) needs more than one tracks
Warning: Layer M9 pitch 0.120 may be too small: wire/via-down 0.135, wire/via-up 1.570. (ZRT-026)
Via on layer (VIARDL) needs more than one tracks
Warning: Layer MRDL pitch 0.600 may be too small: wire/via-down 4.500, wire/via-up 0.600. (ZRT-026)
Transition layer name: M3(2)
Warning: Standard cell pin SAEDHVT14_FSDPQ_V2LP_2/Q has no valid via regions. (ZRT-044)
Warning: Standard cell pin SAEDHVT14_NR3B_2/B2 has no valid via regions. (ZRT-044)
Warning: Standard cell pin SAEDHVT14_NR2_2/A1 has no valid via regions. (ZRT-044)
Warning: Standard cell pin SAEDHVT14_NR2_2/X has no valid via regions. (ZRT-044)
[ECO: DbIn With Extraction] Elapsed real time: 0:00:04 
[ECO: DbIn With Extraction] Elapsed cpu  time: sys=0:00:00 usr=0:00:04 total=0:00:04
[ECO: DbIn With Extraction] Stage (MB): Used  134  Alloctr  141  Proc   80 
[ECO: DbIn With Extraction] Total (MB): Used  136  Alloctr  142  Proc 1521 
[ECO: Analysis] Elapsed real time: 0:00:04 
[ECO: Analysis] Elapsed cpu  time: sys=0:00:00 usr=0:00:04 total=0:00:04
[ECO: Analysis] Stage (MB): Used  134  Alloctr  141  Proc   80 
[ECO: Analysis] Total (MB): Used  136  Alloctr  142  Proc 1521 
Num of eco nets = 25736
Num of open eco nets = 16
[ECO: Init] Elapsed real time: 0:00:04 
[ECO: Init] Elapsed cpu  time: sys=0:00:00 usr=0:00:04 total=0:00:04
[ECO: Init] Stage (MB): Used  137  Alloctr  143  Proc   80 
[ECO: Init] Total (MB): Used  138  Alloctr  144  Proc 1521 
Start Global Route ... 
[Init] Elapsed real time: 0:00:00 
[Init] Elapsed cpu  time: sys=0:00:00 usr=0:00:00 total=0:00:00
[Init] Stage (MB): Used    0  Alloctr    0  Proc    0 
[Init] Total (MB): Used  142  Alloctr  149  Proc 1525 
Printing options for 'route.common.*'
common.verbose_level                                    :	 0                   

Printing options for 'route.global.*'
global.deterministic                                    :	 off                 
global.placement_timing_driven_mode                     :	 false               
global.timing_driven                                    :	 false               

Begin global routing.
Loading parastics information to the router ...
Warning: Technology layer 'M4' setting 'pitch' is not valid (NEX-001)
Warning: Technology layer 'MRDL' setting 'pitch' is not valid (NEX-001)
Warning: Parasitic Tech Library layer 'M1' parameter 'SMIN' = 0.040 does not match 0.026 of technology file (NEX-007)
Warning: Parasitic Tech Library layer 'M2' parameter 'SMIN' = 0.040 does not match 0.026 of technology file (NEX-007)
Warning: Parasitic Tech Library layer 'M3' parameter 'SMIN' = 0.040 does not match 0.026 of technology file (NEX-007)
Warning: Parasitic Tech Library layer 'M1' parameter 'SMIN' = 0.040 does not match 0.026 of technology file (NEX-007)
Warning: Parasitic Tech Library layer 'M2' parameter 'SMIN' = 0.040 does not match 0.026 of technology file (NEX-007)
Warning: Parasitic Tech Library layer 'M3' parameter 'SMIN' = 0.040 does not match 0.026 of technology file (NEX-007)
Warning: Parasitic Tech Library layer 'M8' parameter 'WMIN' = 0.030 does not match 0.060 of technology file (NEX-007)
Warning: Parasitic Tech Library layer 'M8' parameter 'SMIN' = 0.060 does not match 0.040 of technology file (NEX-007)
parastics information loaded to the router.
Constructing data structure ...
Design statistics:
Design Bounding Box (-18.00,-18.00,178.00,178.00)
Number of routing layers = 10
layer M1, dir Ver, min width = 0.03, min space = 0.03 pitch = 0.07
layer M2, dir Hor, min width = 0.03, min space = 0.03 pitch = 0.06
layer M3, dir Ver, min width = 0.03, min space = 0.03 pitch = 0.07
layer M4, dir Hor, min width = 0.06, min space = 0.04 pitch = 0.07
layer M5, dir Ver, min width = 0.06, min space = 0.04 pitch = 0.12
layer M6, dir Hor, min width = 0.06, min space = 0.04 pitch = 0.12
layer M7, dir Ver, min width = 0.06, min space = 0.04 pitch = 0.12
layer M8, dir Hor, min width = 0.06, min space = 0.04 pitch = 0.12
layer M9, dir Ver, min width = 0.06, min space = 0.04 pitch = 0.12
layer MRDL, dir Hor, min width = 2.00, min space = 2.00 pitch = 0.60
Current Stage stats:
[End of Build Tech Data] Elapsed real time: 0:00:00 
[End of Build Tech Data] Elapsed cpu  time: sys=0:00:00 usr=0:00:00 total=0:00:00
[End of Build Tech Data] Stage (MB): Used    2  Alloctr    1  Proc    0 
[End of Build Tech Data] Total (MB): Used  145  Alloctr  150  Proc 1564 
Net statistics:
Total number of nets     = 25736
Number of nets to route  = 16
13 nets are partially connected,
 of which 13 are detail routed and 0 are global routed.
Current Stage stats:
[End of Build All Nets] Elapsed real time: 0:00:00 
[End of Build All Nets] Elapsed cpu  time: sys=0:00:00 usr=0:00:00 total=0:00:00
[End of Build All Nets] Stage (MB): Used    4  Alloctr    5  Proc    0 
[End of Build All Nets] Total (MB): Used  150  Alloctr  155  Proc 1564 
Average gCell capacity  2.71	 on layer (1)	 M1
Average gCell capacity  9.30	 on layer (2)	 M2
Average gCell capacity  6.97	 on layer (3)	 M3
Average gCell capacity  8.01	 on layer (4)	 M4
Average gCell capacity  4.94	 on layer (5)	 M5
Average gCell capacity  4.93	 on layer (6)	 M6
Average gCell capacity  4.89	 on layer (7)	 M7
Average gCell capacity  2.84	 on layer (8)	 M8
Average gCell capacity  2.84	 on layer (9)	 M9
Average gCell capacity  0.99	 on layer (10)	 MRDL
Average number of tracks per gCell 8.10	 on layer (1)	 M1
Average number of tracks per gCell 9.99	 on layer (2)	 M2
Average number of tracks per gCell 8.10	 on layer (3)	 M3
Average number of tracks per gCell 8.10	 on layer (4)	 M4
Average number of tracks per gCell 5.00	 on layer (5)	 M5
Average number of tracks per gCell 5.00	 on layer (6)	 M6
Average number of tracks per gCell 5.00	 on layer (7)	 M7
Average number of tracks per gCell 5.00	 on layer (8)	 M8
Average number of tracks per gCell 5.00	 on layer (9)	 M9
Average number of tracks per gCell 1.00	 on layer (10)	 MRDL
Number of gCells = 1069290
Current Stage stats:
[End of Build Congestion map] Elapsed real time: 0:00:00 
[End of Build Congestion map] Elapsed cpu  time: sys=0:00:00 usr=0:00:00 total=0:00:00
[End of Build Congestion map] Stage (MB): Used   10  Alloctr   10  Proc    0 
[End of Build Congestion map] Total (MB): Used  160  Alloctr  166  Proc 1564 
Information: RC layer preference is turned on for this design. (ZRT-613)
Total stats:
[End of Build Data] Elapsed real time: 0:00:00 
[End of Build Data] Elapsed cpu  time: sys=0:00:00 usr=0:00:00 total=0:00:00
[End of Build Data] Stage (MB): Used   18  Alloctr   17  Proc    0 
[End of Build Data] Total (MB): Used  160  Alloctr  166  Proc 1564 
Current Stage stats:
[End of Blocked Pin Detection] Elapsed real time: 0:00:00 
[End of Blocked Pin Detection] Elapsed cpu  time: sys=0:00:00 usr=0:00:00 total=0:00:00
[End of Blocked Pin Detection] Stage (MB): Used    0  Alloctr    0  Proc    0 
[End of Blocked Pin Detection] Total (MB): Used  160  Alloctr  166  Proc 1564 
Information: Using 1 threads for routing. (ZRT-444)
multi gcell levels ON

Start GR phase 0
Current Stage stats:
[End of Initial Routing] Elapsed real time: 0:00:00 
[End of Initial Routing] Elapsed cpu  time: sys=0:00:00 usr=0:00:00 total=0:00:00
[End of Initial Routing] Stage (MB): Used    0  Alloctr    0  Proc    0 
[End of Initial Routing] Total (MB): Used  160  Alloctr  166  Proc 1564 
Initial. Routing result:
Initial. Both Dirs: Overflow =     0 Max = 0 GRCs =     0 (0.00%)
Initial. H routing: Overflow =     0 Max = 0 (GRCs =  0) GRCs =     0 (0.00%)
Initial. V routing: Overflow =     0 Max = 0 (GRCs =  0) GRCs =     0 (0.00%)
Initial. M1         Overflow =     0 Max = 0 (GRCs =  0) GRCs =     0 (0.00%)
Initial. M2         Overflow =     0 Max = 0 (GRCs =  0) GRCs =     0 (0.00%)
Initial. M3         Overflow =     0 Max = 0 (GRCs =  0) GRCs =     0 (0.00%)
Initial. M4         Overflow =     0 Max = 0 (GRCs =  0) GRCs =     0 (0.00%)
Initial. M5         Overflow =     0 Max = 0 (GRCs =  0) GRCs =     0 (0.00%)
Initial. M6         Overflow =     0 Max = 0 (GRCs =  0) GRCs =     0 (0.00%)
Initial. M7         Overflow =     0 Max = 0 (GRCs =  0) GRCs =     0 (0.00%)
Initial. M8         Overflow =     0 Max = 0 (GRCs =  0) GRCs =     0 (0.00%)
Initial. M9         Overflow =     0 Max = 0 (GRCs =  0) GRCs =     0 (0.00%)
Initial. MRDL       Overflow =     0 Max = 0 (GRCs =  0) GRCs =     0 (0.00%)

Initial. Total Wire Length = 38.07
Initial. Layer M1 wire length = 0.00
Initial. Layer M2 wire length = 19.20
Initial. Layer M3 wire length = 18.69
Initial. Layer M4 wire length = 0.18
Initial. Layer M5 wire length = 0.00
Initial. Layer M6 wire length = 0.00
Initial. Layer M7 wire length = 0.00
Initial. Layer M8 wire length = 0.00
Initial. Layer M9 wire length = 0.00
Initial. Layer MRDL wire length = 0.00
Initial. Total Number of Contacts = 27
Initial. Via VIA12SQ_C count = 11
Initial. Via VIA23SQ_C count = 15
Initial. Via VIA34SQ_C count = 1
Initial. Via VIA45SQ count = 0
Initial. Via VIA56SQ count = 0
Initial. Via VIA67SQ_C count = 0
Initial. Via VIA78SQ_C count = 0
Initial. Via VIA89_C count = 0
Initial. Via VIA9RDL count = 0
Initial. completed.

Start GR phase 1
Current Stage stats:
[End of Phase1 Routing] Elapsed real time: 0:00:00 
[End of Phase1 Routing] Elapsed cpu  time: sys=0:00:00 usr=0:00:00 total=0:00:00
[End of Phase1 Routing] Stage (MB): Used    0  Alloctr    0  Proc    0 
[End of Phase1 Routing] Total (MB): Used  160  Alloctr  166  Proc 1564 
phase1. Routing result:
phase1. Both Dirs: Overflow =     0 Max = 0 GRCs =     0 (0.00%)
phase1. H routing: Overflow =     0 Max = 0 (GRCs =  0) GRCs =     0 (0.00%)
phase1. V routing: Overflow =     0 Max = 0 (GRCs =  0) GRCs =     0 (0.00%)
phase1. M1         Overflow =     0 Max = 0 (GRCs =  0) GRCs =     0 (0.00%)
phase1. M2         Overflow =     0 Max = 0 (GRCs =  0) GRCs =     0 (0.00%)
phase1. M3         Overflow =     0 Max = 0 (GRCs =  0) GRCs =     0 (0.00%)
phase1. M4         Overflow =     0 Max = 0 (GRCs =  0) GRCs =     0 (0.00%)
phase1. M5         Overflow =     0 Max = 0 (GRCs =  0) GRCs =     0 (0.00%)
phase1. M6         Overflow =     0 Max = 0 (GRCs =  0) GRCs =     0 (0.00%)
phase1. M7         Overflow =     0 Max = 0 (GRCs =  0) GRCs =     0 (0.00%)
phase1. M8         Overflow =     0 Max = 0 (GRCs =  0) GRCs =     0 (0.00%)
phase1. M9         Overflow =     0 Max = 0 (GRCs =  0) GRCs =     0 (0.00%)
phase1. MRDL       Overflow =     0 Max = 0 (GRCs =  0) GRCs =     0 (0.00%)

phase1. Total Wire Length = 38.07
phase1. Layer M1 wire length = 0.00
phase1. Layer M2 wire length = 19.20
phase1. Layer M3 wire length = 18.69
phase1. Layer M4 wire length = 0.18
phase1. Layer M5 wire length = 0.00
phase1. Layer M6 wire length = 0.00
phase1. Layer M7 wire length = 0.00
phase1. Layer M8 wire length = 0.00
phase1. Layer M9 wire length = 0.00
phase1. Layer MRDL wire length = 0.00
phase1. Total Number of Contacts = 27
phase1. Via VIA12SQ_C count = 11
phase1. Via VIA23SQ_C count = 15
phase1. Via VIA34SQ_C count = 1
phase1. Via VIA45SQ count = 0
phase1. Via VIA56SQ count = 0
phase1. Via VIA67SQ_C count = 0
phase1. Via VIA78SQ_C count = 0
phase1. Via VIA89_C count = 0
phase1. Via VIA9RDL count = 0
phase1. completed.

Start GR phase 2
Current Stage stats:
[End of Phase2 Routing] Elapsed real time: 0:00:00 
[End of Phase2 Routing] Elapsed cpu  time: sys=0:00:00 usr=0:00:00 total=0:00:00
[End of Phase2 Routing] Stage (MB): Used    0  Alloctr    0  Proc    0 
[End of Phase2 Routing] Total (MB): Used  160  Alloctr  166  Proc 1564 
phase2. Routing result:
phase2. Both Dirs: Overflow =     0 Max = 0 GRCs =     0 (0.00%)
phase2. H routing: Overflow =     0 Max = 0 (GRCs =  0) GRCs =     0 (0.00%)
phase2. V routing: Overflow =     0 Max = 0 (GRCs =  0) GRCs =     0 (0.00%)
phase2. M1         Overflow =     0 Max = 0 (GRCs =  0) GRCs =     0 (0.00%)
phase2. M2         Overflow =     0 Max = 0 (GRCs =  0) GRCs =     0 (0.00%)
phase2. M3         Overflow =     0 Max = 0 (GRCs =  0) GRCs =     0 (0.00%)
phase2. M4         Overflow =     0 Max = 0 (GRCs =  0) GRCs =     0 (0.00%)
phase2. M5         Overflow =     0 Max = 0 (GRCs =  0) GRCs =     0 (0.00%)
phase2. M6         Overflow =     0 Max = 0 (GRCs =  0) GRCs =     0 (0.00%)
phase2. M7         Overflow =     0 Max = 0 (GRCs =  0) GRCs =     0 (0.00%)
phase2. M8         Overflow =     0 Max = 0 (GRCs =  0) GRCs =     0 (0.00%)
phase2. M9         Overflow =     0 Max = 0 (GRCs =  0) GRCs =     0 (0.00%)
phase2. MRDL       Overflow =     0 Max = 0 (GRCs =  0) GRCs =     0 (0.00%)

phase2. Total Wire Length = 38.07
phase2. Layer M1 wire length = 0.00
phase2. Layer M2 wire length = 19.20
phase2. Layer M3 wire length = 18.69
phase2. Layer M4 wire length = 0.18
phase2. Layer M5 wire length = 0.00
phase2. Layer M6 wire length = 0.00
phase2. Layer M7 wire length = 0.00
phase2. Layer M8 wire length = 0.00
phase2. Layer M9 wire length = 0.00
phase2. Layer MRDL wire length = 0.00
phase2. Total Number of Contacts = 27
phase2. Via VIA12SQ_C count = 11
phase2. Via VIA23SQ_C count = 15
phase2. Via VIA34SQ_C count = 1
phase2. Via VIA45SQ count = 0
phase2. Via VIA56SQ count = 0
phase2. Via VIA67SQ_C count = 0
phase2. Via VIA78SQ_C count = 0
phase2. Via VIA89_C count = 0
phase2. Via VIA9RDL count = 0
phase2. completed.
[End of Whole Chip Routing] Elapsed real time: 0:00:00 
[End of Whole Chip Routing] Elapsed cpu  time: sys=0:00:00 usr=0:00:00 total=0:00:00
[End of Whole Chip Routing] Stage (MB): Used   18  Alloctr   17  Proc    0 
[End of Whole Chip Routing] Total (MB): Used  160  Alloctr  166  Proc 1564 

Information: Global Routing terminated early: true (ZRT-103)

Congestion utilization per direction:
Average vertical track utilization   =  0.01 %
Peak    vertical track utilization   = 23.08 %
Average horizontal track utilization =  0.00 %
Peak    horizontal track utilization = 17.24 %

Current Stage stats:
[GR: Done] Elapsed real time: 0:00:00 
[GR: Done] Elapsed cpu  time: sys=0:00:00 usr=0:00:00 total=0:00:00
[GR: Done] Stage (MB): Used   -9  Alloctr   -8  Proc    0 
[GR: Done] Total (MB): Used  153  Alloctr  159  Proc 1564 
GR Total stats:
[GR: Done] Elapsed real time: 0:00:00 
[GR: Done] Elapsed cpu  time: sys=0:00:00 usr=0:00:00 total=0:00:00
[GR: Done] Stage (MB): Used   10  Alloctr   10  Proc   38 
[GR: Done] Total (MB): Used  153  Alloctr  159  Proc 1564 
Updating congestion ...
Updating congestion ...
Final total stats:
[End of Global Routing] Elapsed real time: 0:00:00 
[End of Global Routing] Elapsed cpu  time: sys=0:00:00 usr=0:00:00 total=0:00:00
[End of Global Routing] Stage (MB): Used    0  Alloctr    0  Proc   38 
[End of Global Routing] Total (MB): Used  142  Alloctr  149  Proc 1564 
[ECO: GR] Elapsed real time: 0:00:05 
[ECO: GR] Elapsed cpu  time: sys=0:00:00 usr=0:00:04 total=0:00:04
[ECO: GR] Stage (MB): Used  141  Alloctr  148  Proc  123 
[ECO: GR] Total (MB): Used  142  Alloctr  149  Proc 1564 

Start track assignment

Printing options for 'route.common.*'
common.verbose_level                                    :	 0                   

Printing options for 'route.track.*'

Information: Using 1 threads for routing. (ZRT-444)
Information: RC layer preference is turned on for this design. (ZRT-613)

[Track Assign: Read routes] Elapsed real time: 0:00:00 
[Track Assign: Read routes] Elapsed cpu  time: sys=0:00:00 usr=0:00:00 total=0:00:00
[Track Assign: Read routes] Stage (MB): Used    3  Alloctr    3  Proc    0 
[Track Assign: Read routes] Total (MB): Used  141  Alloctr  148  Proc 1564 

Start initial assignment
Routed partition 1/6       
Routed partition 2/6       
Routed partition 3/6       
Routed partition 4/6       
Routed partition 5/6       
Routed partition 6/6       

Number of wires with overlap after iteration 0 = 24 of 56


[Track Assign: Iteration 0] Elapsed real time: 0:00:00 
[Track Assign: Iteration 0] Elapsed cpu  time: sys=0:00:00 usr=0:00:00 total=0:00:00
[Track Assign: Iteration 0] Stage (MB): Used    3  Alloctr    3  Proc   30 
[Track Assign: Iteration 0] Total (MB): Used  141  Alloctr  148  Proc 1594 

Reroute to fix overlaps
Routed partition 1/6       
Routed partition 2/6       
Routed partition 3/6       
Routed partition 4/6       
Routed partition 5/6       
Routed partition 6/6       

[Track Assign: Iteration 1] Elapsed real time: 0:00:00 
[Track Assign: Iteration 1] Elapsed cpu  time: sys=0:00:00 usr=0:00:00 total=0:00:00
[Track Assign: Iteration 1] Stage (MB): Used    3  Alloctr    3  Proc   30 
[Track Assign: Iteration 1] Total (MB): Used  141  Alloctr  148  Proc 1594 

Number of wires with overlap after iteration 1 = 14 of 53


Wire length and via report:
---------------------------
Number of M1 wires: 1 		  : 0
Number of M2 wires: 31 		 VIA12SQ_C: 13
Number of M3 wires: 15 		 VIA23SQ_C: 27
Number of M4 wires: 2 		 VIA34SQ_C: 5
Number of M5 wires: 3 		 VIA45SQ: 4
Number of M6 wires: 1 		 VIA56SQ: 2
Number of M7 wires: 0 		 VIA67SQ_C: 0
Number of M8 wires: 0 		 VIA78SQ_C: 0
Number of M9 wires: 0 		 VIA89_C: 0
Number of MRDL wires: 0 		 VIA9RDL: 0
Total number of wires: 53 		 vias: 51

Total M1 wire length: 0.1
Total M2 wire length: 21.1
Total M3 wire length: 11.3
Total M4 wire length: 0.5
Total M5 wire length: 7.9
Total M6 wire length: 0.2
Total M7 wire length: 0.0
Total M8 wire length: 0.0
Total M9 wire length: 0.0
Total MRDL wire length: 0.0
Total wire length: 41.2

Longest M1 wire length: 0.1
Longest M2 wire length: 3.6
Longest M3 wire length: 3.0
Longest M4 wire length: 0.4
Longest M5 wire length: 4.8
Longest M6 wire length: 0.2
Longest M7 wire length: 0.0
Longest M8 wire length: 0.0
Longest M9 wire length: 0.0
Longest MRDL wire length: 0.0


[Track Assign: Done] Elapsed real time: 0:00:00 
[Track Assign: Done] Elapsed cpu  time: sys=0:00:00 usr=0:00:00 total=0:00:00
[Track Assign: Done] Stage (MB): Used    0  Alloctr    0  Proc   30 
[Track Assign: Done] Total (MB): Used  138  Alloctr  145  Proc 1594 
[ECO: CDR] Elapsed real time: 0:00:05 
[ECO: CDR] Elapsed cpu  time: sys=0:00:00 usr=0:00:05 total=0:00:05
[ECO: CDR] Stage (MB): Used  137  Alloctr  144  Proc  153 
[ECO: CDR] Total (MB): Used  138  Alloctr  145  Proc 1594 
Printing options for 'route.common.*'
common.verbose_level                                    :	 0                   

Printing options for 'route.detail.*'
detail.antenna                                          :	 true                
detail.force_end_on_preferred_grid                      :	 true                

Printing options for 'route.auto_via_ladder.*'

Information: RC layer preference is turned on for this design. (ZRT-613)

Begin ECO DRC check ...

Checked	1/81 Partitions, Violations =	0
Checked	3/81 Partitions, Violations =	3
Checked	6/81 Partitions, Violations =	3
Checked	9/81 Partitions, Violations =	3
Checked	12/81 Partitions, Violations =	5
Checked	15/81 Partitions, Violations =	31
Checked	18/81 Partitions, Violations =	31
Checked	21/81 Partitions, Violations =	31
Checked	24/81 Partitions, Violations =	62
Checked	27/81 Partitions, Violations =	62
Checked	30/81 Partitions, Violations =	62
Checked	33/81 Partitions, Violations =	62
Checked	36/81 Partitions, Violations =	62
Checked	39/81 Partitions, Violations =	62
Checked	42/81 Partitions, Violations =	62
Checked	45/81 Partitions, Violations =	62
Checked	48/81 Partitions, Violations =	62
Checked	51/81 Partitions, Violations =	62
Checked	54/81 Partitions, Violations =	62
Checked	57/81 Partitions, Violations =	62
Checked	60/81 Partitions, Violations =	62
Checked	63/81 Partitions, Violations =	62
Checked	66/81 Partitions, Violations =	62
Checked	69/81 Partitions, Violations =	62
Checked	72/81 Partitions, Violations =	62
Checked	75/81 Partitions, Violations =	62
Checked	78/81 Partitions, Violations =	62
Checked	81/81 Partitions, Violations =	62

DRC-SUMMARY:
	@@@@@@@ TOTAL VIOLATIONS =	62

[DRC CHECK] Elapsed real time: 0:00:08 
[DRC CHECK] Elapsed cpu  time: sys=0:00:00 usr=0:00:08 total=0:00:08
[DRC CHECK] Stage (MB): Used    0  Alloctr    0  Proc    3 
[DRC CHECK] Total (MB): Used  157  Alloctr  164  Proc 1597 

Total Wire Length =                    299321 micron
Total Number of Contacts =             163926
Total Number of Wires =                200845
Total Number of PtConns =              31362
Total Number of Routed Wires =       200845
Total Routed Wire Length =           277204 micron
Total Number of Routed Contacts =       163926
	Layer                 M1 :        855 micron
	Layer                 M2 :     107301 micron
	Layer                 M3 :     110307 micron
	Layer                 M4 :      28366 micron
	Layer                 M5 :      33554 micron
	Layer                 M6 :      11738 micron
	Layer                 M7 :       7189 micron
	Layer                 M8 :         12 micron
	Layer                 M9 :          0 micron
	Layer               MRDL :          0 micron
	Via              VIA89_C :          2
	Via       VIA78SQ_C(rot) :          3
	Via         VIA78SQ(rot) :          1
	Via            VIA67SQ_C :        547
	Via       VIA67SQ_C(rot) :         32
	Via              VIA67SQ :          4
	Via         VIA67SQ(rot) :          2
	Via            VIA56SQ_C :          4
	Via       VIA56SQ_C(rot) :         72
	Via              VIA56SQ :       1323
	Via              VIA45SQ :       5139
	Via            VIA34SQ_C :         30
	Via       VIA34SQ_C(rot) :       8258
	Via          VIA34BAR2_C :         21
	Via              VIA34SQ :        156
	Via         VIA34SQ(rot) :        661
	Via     VIA3_34SQ_C(rot) :         12
	Via            VIA3_34SQ :         11
	Via       VIA3_34SQ(rot) :          4
	Via            VIA23SQ_C :      86906
	Via       VIA23SQ_C(rot) :          6
	Via          VIA23BAR2_C :          4
	Via     VIA23BAR2_C(rot) :          2
	Via            VIA23LG_C :          2
	Via              VIA23SQ :          7
	Via         VIA23SQ(rot) :          2
	Via          VIA2_33SQ_C :        377
	Via          VIA23_3SQ_C :         59
	Via        VIA2_33_3SQ_C :         94
	Via            VIA12SQ_C :          3
	Via       VIA12SQ_C(rot) :      58683
	Via     VIA12BAR2_C(rot) :         51
	Via            VIA12LG_C :          2
	Via              VIA12SQ :          2
	Via         VIA12SQ(rot) :        498
	Via     VIA1_32SQ_C(rot) :        797
	Via     VIA12_3SQ_C(rot) :         41
	Via   VIA1_32_3SQ_C(rot) :        108

 
Redundant via conversion report:
--------------------------------

  Total optimized via conversion rate =  0.00% (0 / 163926 vias)
 
    Layer VIA1       =  0.00% (0      / 60185   vias)
        Un-optimized =  0.00% (0       vias)
        Un-mapped    = 100.00% (60185   vias)
    Layer VIA2       =  0.00% (0      / 87459   vias)
        Un-optimized =  0.00% (0       vias)
        Un-mapped    = 100.00% (87459   vias)
    Layer VIA3       =  0.00% (0      / 9153    vias)
        Un-optimized =  0.00% (0       vias)
        Un-mapped    = 100.00% (9153    vias)
    Layer VIA4       =  0.00% (0      / 5139    vias)
        Un-optimized =  0.00% (0       vias)
        Un-mapped    = 100.00% (5139    vias)
    Layer VIA5       =  0.00% (0      / 1399    vias)
        Un-optimized =  0.00% (0       vias)
        Un-mapped    = 100.00% (1399    vias)
    Layer VIA6       =  0.00% (0      / 585     vias)
        Un-optimized =  0.00% (0       vias)
        Un-mapped    = 100.00% (585     vias)
    Layer VIA7       =  0.00% (0      / 4       vias)
        Un-optimized =  0.00% (0       vias)
        Un-mapped    = 100.00% (4       vias)
    Layer VIA8       =  0.00% (0      / 2       vias)
        Un-optimized =  0.00% (0       vias)
        Un-mapped    = 100.00% (2       vias)
 
  Total double via conversion rate    =  0.00% (0 / 163926 vias)
 
    Layer VIA1       =  0.00% (0      / 60185   vias)
    Layer VIA2       =  0.00% (0      / 87459   vias)
    Layer VIA3       =  0.00% (0      / 9153    vias)
    Layer VIA4       =  0.00% (0      / 5139    vias)
    Layer VIA5       =  0.00% (0      / 1399    vias)
    Layer VIA6       =  0.00% (0      / 585     vias)
    Layer VIA7       =  0.00% (0      / 4       vias)
    Layer VIA8       =  0.00% (0      / 2       vias)
 
  The optimized via conversion rate based on total routed via count =  0.00% (0 / 163926 vias)
 
    Layer VIA1       =  0.00% (0      / 60185   vias)
        Un-optimized =  0.00% (0       vias)
        Un-mapped    = 100.00% (60185   vias)
    Layer VIA2       =  0.00% (0      / 87459   vias)
        Un-optimized =  0.00% (0       vias)
        Un-mapped    = 100.00% (87459   vias)
    Layer VIA3       =  0.00% (0      / 9153    vias)
        Un-optimized =  0.00% (0       vias)
        Un-mapped    = 100.00% (9153    vias)
    Layer VIA4       =  0.00% (0      / 5139    vias)
        Un-optimized =  0.00% (0       vias)
        Un-mapped    = 100.00% (5139    vias)
    Layer VIA5       =  0.00% (0      / 1399    vias)
        Un-optimized =  0.00% (0       vias)
        Un-mapped    = 100.00% (1399    vias)
    Layer VIA6       =  0.00% (0      / 585     vias)
        Un-optimized =  0.00% (0       vias)
        Un-mapped    = 100.00% (585     vias)
    Layer VIA7       =  0.00% (0      / 4       vias)
        Un-optimized =  0.00% (0       vias)
        Un-mapped    = 100.00% (4       vias)
    Layer VIA8       =  0.00% (0      / 2       vias)
        Un-optimized =  0.00% (0       vias)
        Un-mapped    = 100.00% (2       vias)
 
Total number of nets = 25736, of which 0 are not extracted
Total number of open nets = 0, of which 0 are frozen
Information: Using 1 threads for routing. (ZRT-444)
Start DR iteration 0: non-uniform partition
Routed	1/7 Partitions, Violations =	52
Routed	2/7 Partitions, Violations =	48
Routed	3/7 Partitions, Violations =	28
Routed	4/7 Partitions, Violations =	22
Routed	5/7 Partitions, Violations =	15
Routed	6/7 Partitions, Violations =	12
Routed	7/7 Partitions, Violations =	10

DRC-SUMMARY:
	@@@@@@@ TOTAL VIOLATIONS =	10
	Diff net spacing : 1
	Same net via-cut spacing : 1
	Short : 8

[Iter 0] Elapsed real time: 0:00:09 
[Iter 0] Elapsed cpu  time: sys=0:00:00 usr=0:00:09 total=0:00:09
[Iter 0] Stage (MB): Used   19  Alloctr   19  Proc    3 
[Iter 0] Total (MB): Used  157  Alloctr  164  Proc 1597 

End DR iteration 0 with 7 parts

Start DR iteration 1: non-uniform partition
Routed	1/1 Partitions, Violations =	6

DRC-SUMMARY:
	@@@@@@@ TOTAL VIOLATIONS =	6
	Same net via-cut spacing : 1
	Short : 5

[Iter 1] Elapsed real time: 0:00:09 
[Iter 1] Elapsed cpu  time: sys=0:00:00 usr=0:00:09 total=0:00:09
[Iter 1] Stage (MB): Used   19  Alloctr   19  Proc    3 
[Iter 1] Total (MB): Used  157  Alloctr  164  Proc 1597 

End DR iteration 1 with 1 parts

Start DR iteration 2: non-uniform partition
Routed	1/1 Partitions, Violations =	7

DRC-SUMMARY:
	@@@@@@@ TOTAL VIOLATIONS =	7
	Same net via-cut spacing : 2
	Short : 5

[Iter 2] Elapsed real time: 0:00:09 
[Iter 2] Elapsed cpu  time: sys=0:00:00 usr=0:00:09 total=0:00:09
[Iter 2] Stage (MB): Used   19  Alloctr   19  Proc    3 
[Iter 2] Total (MB): Used  157  Alloctr  164  Proc 1597 

End DR iteration 2 with 1 parts

Start DR iteration 3: non-uniform partition
Routed	1/1 Partitions, Violations =	6

DRC-SUMMARY:
	@@@@@@@ TOTAL VIOLATIONS =	6
	Same net via-cut spacing : 1
	Short : 5

[Iter 3] Elapsed real time: 0:00:09 
[Iter 3] Elapsed cpu  time: sys=0:00:00 usr=0:00:09 total=0:00:09
[Iter 3] Stage (MB): Used   19  Alloctr   19  Proc    3 
[Iter 3] Total (MB): Used  157  Alloctr  164  Proc 1597 

End DR iteration 3 with 1 parts

Start DR iteration 4: non-uniform partition
Routed	1/1 Partitions, Violations =	5

DRC-SUMMARY:
	@@@@@@@ TOTAL VIOLATIONS =	5
	Short : 5

[Iter 4] Elapsed real time: 0:00:10 
[Iter 4] Elapsed cpu  time: sys=0:00:00 usr=0:00:10 total=0:00:10
[Iter 4] Stage (MB): Used   19  Alloctr   19  Proc    3 
[Iter 4] Total (MB): Used  157  Alloctr  164  Proc 1597 

End DR iteration 4 with 1 parts

Start DR iteration 5: non-uniform partition
Routed	1/1 Partitions, Violations =	15

DRC-SUMMARY:
	@@@@@@@ TOTAL VIOLATIONS =	15
	Same net via-cut spacing : 1
	Short : 14

[Iter 5] Elapsed real time: 0:00:10 
[Iter 5] Elapsed cpu  time: sys=0:00:00 usr=0:00:10 total=0:00:10
[Iter 5] Stage (MB): Used   19  Alloctr   19  Proc    3 
[Iter 5] Total (MB): Used  157  Alloctr  164  Proc 1597 

End DR iteration 5 with 1 parts

Start DR iteration 6: non-uniform partition
Routed	1/1 Partitions, Violations =	12

DRC-SUMMARY:
	@@@@@@@ TOTAL VIOLATIONS =	12
	Same net via-cut spacing : 1
	Short : 11

[Iter 6] Elapsed real time: 0:00:11 
[Iter 6] Elapsed cpu  time: sys=0:00:00 usr=0:00:11 total=0:00:11
[Iter 6] Stage (MB): Used   19  Alloctr   19  Proc    3 
[Iter 6] Total (MB): Used  157  Alloctr  164  Proc 1597 

End DR iteration 6 with 1 parts

Start DR iteration 7: non-uniform partition
Routed	1/1 Partitions, Violations =	6

DRC-SUMMARY:
	@@@@@@@ TOTAL VIOLATIONS =	6
	Same net via-cut spacing : 1
	Short : 5

[Iter 7] Elapsed real time: 0:00:11 
[Iter 7] Elapsed cpu  time: sys=0:00:00 usr=0:00:11 total=0:00:11
[Iter 7] Stage (MB): Used   19  Alloctr   19  Proc    3 
[Iter 7] Total (MB): Used  157  Alloctr  164  Proc 1597 

End DR iteration 7 with 1 parts

Start DR iteration 8: non-uniform partition
Routed	1/1 Partitions, Violations =	10

DRC-SUMMARY:
	@@@@@@@ TOTAL VIOLATIONS =	10
	Same net via-cut spacing : 1
	Short : 9

[Iter 8] Elapsed real time: 0:00:12 
[Iter 8] Elapsed cpu  time: sys=0:00:00 usr=0:00:12 total=0:00:12
[Iter 8] Stage (MB): Used   19  Alloctr   19  Proc    3 
[Iter 8] Total (MB): Used  157  Alloctr  164  Proc 1597 

End DR iteration 8 with 1 parts

Start DR iteration 9: non-uniform partition
Routed	1/1 Partitions, Violations =	8

DRC-SUMMARY:
	@@@@@@@ TOTAL VIOLATIONS =	8
	Diff net spacing : 1
	Short : 7

[Iter 9] Elapsed real time: 0:00:12 
[Iter 9] Elapsed cpu  time: sys=0:00:00 usr=0:00:12 total=0:00:12
[Iter 9] Stage (MB): Used   19  Alloctr   19  Proc    3 
[Iter 9] Total (MB): Used  157  Alloctr  164  Proc 1597 

End DR iteration 9 with 1 parts

Start DR iteration 10: non-uniform partition
Routed	1/1 Partitions, Violations =	6

DRC-SUMMARY:
	@@@@@@@ TOTAL VIOLATIONS =	6
	Same net via-cut spacing : 1
	Short : 5

[Iter 10] Elapsed real time: 0:00:13 
[Iter 10] Elapsed cpu  time: sys=0:00:00 usr=0:00:13 total=0:00:13
[Iter 10] Stage (MB): Used   19  Alloctr   19  Proc    3 
[Iter 10] Total (MB): Used  157  Alloctr  164  Proc 1597 

End DR iteration 10 with 1 parts

Stop DR since not converging

Information: Detail Routing terminated early because DRCs were not converging: true (ZRT-312)

Nets that have been changed:
Net 1 = n10201
Net 2 = net_PTECO_HOLD_NET34
Net 3 = net_PTECO_HOLD_NET37
Net 4 = net_PTECO_HOLD_NET5
Net 5 = net_PTECO_HOLD_NET8
Net 6 = net_PTECO_HOLD_NET9
Net 7 = net_PTECO_HOLD_NET10
Net 8 = net_PTECO_HOLD_NET12
Net 9 = net_PTECO_HOLD_NET13
Net 10 = net_PTECO_HOLD_NET14
Net 11 = net_PTECO_HOLD_NET15
Net 12 = copt_net_2989
Net 13 = copt_net_5295
Net 14 = copt_net_5298
Net 15 = copt_net_7160
Net 16 = copt_net_7782
Total number of changed nets = 16 (out of 25736)

[DR: Done] Elapsed real time: 0:00:13 
[DR: Done] Elapsed cpu  time: sys=0:00:00 usr=0:00:13 total=0:00:13
[DR: Done] Stage (MB): Used    1  Alloctr    1  Proc    3 
[DR: Done] Total (MB): Used  140  Alloctr  146  Proc 1597 
[ECO: DR] Elapsed real time: 0:00:18 
[ECO: DR] Elapsed cpu  time: sys=0:00:00 usr=0:00:18 total=0:00:18
[ECO: DR] Stage (MB): Used  138  Alloctr  145  Proc  156 
[ECO: DR] Total (MB): Used  140  Alloctr  146  Proc 1597 

ECO Route finished with 0 open nets, of which 0 are frozen
Information: Merged away 3 aligned/redundant DRCs. (ZRT-305)

ECO Route finished with 3 violations

DRC-SUMMARY:
	@@@@@@@ TOTAL VIOLATIONS =	3
	Same net via-cut spacing : 1
	Short : 2



Total Wire Length =                    299329 micron
Total Number of Contacts =             163916
Total Number of Wires =                200854
Total Number of PtConns =              31373
Total Number of Routed Wires =       200854
Total Routed Wire Length =           277205 micron
Total Number of Routed Contacts =       163916
	Layer                 M1 :        855 micron
	Layer                 M2 :     107302 micron
	Layer                 M3 :     110316 micron
	Layer                 M4 :      28366 micron
	Layer                 M5 :      33552 micron
	Layer                 M6 :      11738 micron
	Layer                 M7 :       7189 micron
	Layer                 M8 :         12 micron
	Layer                 M9 :          0 micron
	Layer               MRDL :          0 micron
	Via              VIA89_C :          2
	Via       VIA78SQ_C(rot) :          3
	Via         VIA78SQ(rot) :          1
	Via            VIA67SQ_C :        547
	Via       VIA67SQ_C(rot) :         32
	Via              VIA67SQ :          4
	Via         VIA67SQ(rot) :          2
	Via            VIA56SQ_C :          4
	Via       VIA56SQ_C(rot) :         72
	Via              VIA56SQ :       1323
	Via              VIA45SQ :       5137
	Via            VIA34SQ_C :         30
	Via       VIA34SQ_C(rot) :       8256
	Via          VIA34BAR2_C :         21
	Via              VIA34SQ :        156
	Via         VIA34SQ(rot) :        661
	Via     VIA3_34SQ_C(rot) :         12
	Via            VIA3_34SQ :         11
	Via       VIA3_34SQ(rot) :          4
	Via            VIA23SQ_C :      86897
	Via       VIA23SQ_C(rot) :          6
	Via          VIA23BAR2_C :          4
	Via     VIA23BAR2_C(rot) :          2
	Via            VIA23LG_C :          2
	Via              VIA23SQ :          7
	Via         VIA23SQ(rot) :          2
	Via          VIA2_33SQ_C :        377
	Via          VIA23_3SQ_C :         62
	Via        VIA2_33_3SQ_C :         94
	Via            VIA12SQ_C :          3
	Via       VIA12SQ_C(rot) :      58684
	Via     VIA12BAR2_C(rot) :         51
	Via            VIA12LG_C :          2
	Via              VIA12SQ :          2
	Via         VIA12SQ(rot) :        498
	Via     VIA1_32SQ_C(rot) :        797
	Via     VIA12_3SQ_C(rot) :         41
	Via   VIA1_32_3SQ_C(rot) :        107

 
Redundant via conversion report:
--------------------------------

  Total optimized via conversion rate =  0.00% (0 / 163916 vias)
 
    Layer VIA1       =  0.00% (0      / 60185   vias)
        Un-optimized =  0.00% (0       vias)
        Un-mapped    = 100.00% (60185   vias)
    Layer VIA2       =  0.00% (0      / 87453   vias)
        Un-optimized =  0.00% (0       vias)
        Un-mapped    = 100.00% (87453   vias)
    Layer VIA3       =  0.00% (0      / 9151    vias)
        Un-optimized =  0.00% (0       vias)
        Un-mapped    = 100.00% (9151    vias)
    Layer VIA4       =  0.00% (0      / 5137    vias)
        Un-optimized =  0.00% (0       vias)
        Un-mapped    = 100.00% (5137    vias)
    Layer VIA5       =  0.00% (0      / 1399    vias)
        Un-optimized =  0.00% (0       vias)
        Un-mapped    = 100.00% (1399    vias)
    Layer VIA6       =  0.00% (0      / 585     vias)
        Un-optimized =  0.00% (0       vias)
        Un-mapped    = 100.00% (585     vias)
    Layer VIA7       =  0.00% (0      / 4       vias)
        Un-optimized =  0.00% (0       vias)
        Un-mapped    = 100.00% (4       vias)
    Layer VIA8       =  0.00% (0      / 2       vias)
        Un-optimized =  0.00% (0       vias)
        Un-mapped    = 100.00% (2       vias)
 
  Total double via conversion rate    =  0.00% (0 / 163916 vias)
 
    Layer VIA1       =  0.00% (0      / 60185   vias)
    Layer VIA2       =  0.00% (0      / 87453   vias)
    Layer VIA3       =  0.00% (0      / 9151    vias)
    Layer VIA4       =  0.00% (0      / 5137    vias)
    Layer VIA5       =  0.00% (0      / 1399    vias)
    Layer VIA6       =  0.00% (0      / 585     vias)
    Layer VIA7       =  0.00% (0      / 4       vias)
    Layer VIA8       =  0.00% (0      / 2       vias)
 
  The optimized via conversion rate based on total routed via count =  0.00% (0 / 163916 vias)
 
    Layer VIA1       =  0.00% (0      / 60185   vias)
        Un-optimized =  0.00% (0       vias)
        Un-mapped    = 100.00% (60185   vias)
    Layer VIA2       =  0.00% (0      / 87453   vias)
        Un-optimized =  0.00% (0       vias)
        Un-mapped    = 100.00% (87453   vias)
    Layer VIA3       =  0.00% (0      / 9151    vias)
        Un-optimized =  0.00% (0       vias)
        Un-mapped    = 100.00% (9151    vias)
    Layer VIA4       =  0.00% (0      / 5137    vias)
        Un-optimized =  0.00% (0       vias)
        Un-mapped    = 100.00% (5137    vias)
    Layer VIA5       =  0.00% (0      / 1399    vias)
        Un-optimized =  0.00% (0       vias)
        Un-mapped    = 100.00% (1399    vias)
    Layer VIA6       =  0.00% (0      / 585     vias)
        Un-optimized =  0.00% (0       vias)
        Un-mapped    = 100.00% (585     vias)
    Layer VIA7       =  0.00% (0      / 4       vias)
        Un-optimized =  0.00% (0       vias)
        Un-mapped    = 100.00% (4       vias)
    Layer VIA8       =  0.00% (0      / 2       vias)
        Un-optimized =  0.00% (0       vias)
        Un-mapped    = 100.00% (2       vias)
 

Total number of nets = 25736
0 open nets, of which 0 are frozen
Total number of excluded ports = 0 ports of 0 unplaced cells connected to 0 nets
                                 0 ports without pins of 0 cells connected to 0 nets
                                 0 ports of 0 cover cells connected to 0 non-pg nets
Total number of DRCs = 3
Total number of antenna violations = antenna checking not active
Information: Routes in non-preferred voltage areas = 0 (ZRT-559)

Total Wire Length =                    299329 micron
Total Number of Contacts =             163916
Total Number of Wires =                200854
Total Number of PtConns =              31373
Total Number of Routed Wires =       200854
Total Routed Wire Length =           277205 micron
Total Number of Routed Contacts =       163916
	Layer                 M1 :        855 micron
	Layer                 M2 :     107302 micron
	Layer                 M3 :     110316 micron
	Layer                 M4 :      28366 micron
	Layer                 M5 :      33552 micron
	Layer                 M6 :      11738 micron
	Layer                 M7 :       7189 micron
	Layer                 M8 :         12 micron
	Layer                 M9 :          0 micron
	Layer               MRDL :          0 micron
	Via              VIA89_C :          2
	Via       VIA78SQ_C(rot) :          3
	Via         VIA78SQ(rot) :          1
	Via            VIA67SQ_C :        547
	Via       VIA67SQ_C(rot) :         32
	Via              VIA67SQ :          4
	Via         VIA67SQ(rot) :          2
	Via            VIA56SQ_C :          4
	Via       VIA56SQ_C(rot) :         72
	Via              VIA56SQ :       1323
	Via              VIA45SQ :       5137
	Via            VIA34SQ_C :         30
	Via       VIA34SQ_C(rot) :       8256
	Via          VIA34BAR2_C :         21
	Via              VIA34SQ :        156
	Via         VIA34SQ(rot) :        661
	Via     VIA3_34SQ_C(rot) :         12
	Via            VIA3_34SQ :         11
	Via       VIA3_34SQ(rot) :          4
	Via            VIA23SQ_C :      86897
	Via       VIA23SQ_C(rot) :          6
	Via          VIA23BAR2_C :          4
	Via     VIA23BAR2_C(rot) :          2
	Via            VIA23LG_C :          2
	Via              VIA23SQ :          7
	Via         VIA23SQ(rot) :          2
	Via          VIA2_33SQ_C :        377
	Via          VIA23_3SQ_C :         62
	Via        VIA2_33_3SQ_C :         94
	Via            VIA12SQ_C :          3
	Via       VIA12SQ_C(rot) :      58684
	Via     VIA12BAR2_C(rot) :         51
	Via            VIA12LG_C :          2
	Via              VIA12SQ :          2
	Via         VIA12SQ(rot) :        498
	Via     VIA1_32SQ_C(rot) :        797
	Via     VIA12_3SQ_C(rot) :         41
	Via   VIA1_32_3SQ_C(rot) :        107

 
Redundant via conversion report:
--------------------------------

  Total optimized via conversion rate =  0.00% (0 / 163916 vias)
 
    Layer VIA1       =  0.00% (0      / 60185   vias)
        Un-optimized =  0.00% (0       vias)
        Un-mapped    = 100.00% (60185   vias)
    Layer VIA2       =  0.00% (0      / 87453   vias)
        Un-optimized =  0.00% (0       vias)
        Un-mapped    = 100.00% (87453   vias)
    Layer VIA3       =  0.00% (0      / 9151    vias)
        Un-optimized =  0.00% (0       vias)
        Un-mapped    = 100.00% (9151    vias)
    Layer VIA4       =  0.00% (0      / 5137    vias)
        Un-optimized =  0.00% (0       vias)
        Un-mapped    = 100.00% (5137    vias)
    Layer VIA5       =  0.00% (0      / 1399    vias)
        Un-optimized =  0.00% (0       vias)
        Un-mapped    = 100.00% (1399    vias)
    Layer VIA6       =  0.00% (0      / 585     vias)
        Un-optimized =  0.00% (0       vias)
        Un-mapped    = 100.00% (585     vias)
    Layer VIA7       =  0.00% (0      / 4       vias)
        Un-optimized =  0.00% (0       vias)
        Un-mapped    = 100.00% (4       vias)
    Layer VIA8       =  0.00% (0      / 2       vias)
        Un-optimized =  0.00% (0       vias)
        Un-mapped    = 100.00% (2       vias)
 
  Total double via conversion rate    =  0.00% (0 / 163916 vias)
 
    Layer VIA1       =  0.00% (0      / 60185   vias)
    Layer VIA2       =  0.00% (0      / 87453   vias)
    Layer VIA3       =  0.00% (0      / 9151    vias)
    Layer VIA4       =  0.00% (0      / 5137    vias)
    Layer VIA5       =  0.00% (0      / 1399    vias)
    Layer VIA6       =  0.00% (0      / 585     vias)
    Layer VIA7       =  0.00% (0      / 4       vias)
    Layer VIA8       =  0.00% (0      / 2       vias)
 
  The optimized via conversion rate based on total routed via count =  0.00% (0 / 163916 vias)
 
    Layer VIA1       =  0.00% (0      / 60185   vias)
        Un-optimized =  0.00% (0       vias)
        Un-mapped    = 100.00% (60185   vias)
    Layer VIA2       =  0.00% (0      / 87453   vias)
        Un-optimized =  0.00% (0       vias)
        Un-mapped    = 100.00% (87453   vias)
    Layer VIA3       =  0.00% (0      / 9151    vias)
        Un-optimized =  0.00% (0       vias)
        Un-mapped    = 100.00% (9151    vias)
    Layer VIA4       =  0.00% (0      / 5137    vias)
        Un-optimized =  0.00% (0       vias)
        Un-mapped    = 100.00% (5137    vias)
    Layer VIA5       =  0.00% (0      / 1399    vias)
        Un-optimized =  0.00% (0       vias)
        Un-mapped    = 100.00% (1399    vias)
    Layer VIA6       =  0.00% (0      / 585     vias)
        Un-optimized =  0.00% (0       vias)
        Un-mapped    = 100.00% (585     vias)
    Layer VIA7       =  0.00% (0      / 4       vias)
        Un-optimized =  0.00% (0       vias)
        Un-mapped    = 100.00% (4       vias)
    Layer VIA8       =  0.00% (0      / 2       vias)
        Un-optimized =  0.00% (0       vias)
        Un-mapped    = 100.00% (2       vias)
 
Topology ECO not run, no qualifying violations or in frozen nets.
Updating the database ...
...updated 16 nets
[ECO: End] Elapsed real time: 0:00:18 
[ECO: End] Elapsed cpu  time: sys=0:00:00 usr=0:00:18 total=0:00:18
[ECO: End] Stage (MB): Used    0  Alloctr    0  Proc  156 
[ECO: End] Total (MB): Used    0  Alloctr    1  Proc 1597 
