Information: Derived library resistance unit is 999.999939 Kohm (Time unit is 1 ns, and Capacitance unit is 0.001000 pF). (DES-028)
Error: Cannot find port/pin 'ibex_top_inst/gen_regfile_ff.register_file_i/g_rf_flops[4].rf_reg_q_reg[22]/RD' in design 'ibex_wrapper' (PARA-124)
Error: Cannot find port/pin 'ibex_top_inst/gen_regfile_ff.register_file_i/g_rf_flops[31].rf_reg_q_reg[26]/RD' in design 'ibex_wrapper' (PARA-124)
Error: Cannot find port/pin 'ibex_top_inst/gen_regfile_ff.register_file_i/g_rf_flops[31].rf_reg_q_reg[24]/RD' in design 'ibex_wrapper' (PARA-124)
Error: Cannot find port/pin 'ibex_top_inst/gen_regfile_ff.register_file_i/g_rf_flops[4].rf_reg_q_reg[23]/RD' in design 'ibex_wrapper' (PARA-124)
Error: Cannot find port/pin 'ibex_top_inst/gen_regfile_ff.register_file_i/g_rf_flops[31].rf_reg_q_reg[27]/RD' in design 'ibex_wrapper' (PARA-124)
Error: Cannot find port/pin 'ibex_top_inst/gen_regfile_ff.register_file_i/g_rf_flops[7].rf_reg_q_reg[23]/RD' in design 'ibex_wrapper' (PARA-124)
Error: Cannot find port/pin 'ibex_top_inst/gen_regfile_ff.register_file_i/g_rf_flops[1].rf_reg_q_reg[22]/RD' in design 'ibex_wrapper' (PARA-124)
Error: Cannot find port/pin 'ibex_top_inst/gen_regfile_ff.register_file_i/g_rf_flops[7].rf_reg_q_reg[26]/RD' in design 'ibex_wrapper' (PARA-124)
Error: Cannot find port/pin 'ibex_top_inst/gen_regfile_ff.register_file_i/g_rf_flops[7].rf_reg_q_reg[24]/RD' in design 'ibex_wrapper' (PARA-124)
Error: Cannot find port/pin 'ibex_top_inst/gen_regfile_ff.register_file_i/g_rf_flops[1].rf_reg_q_reg[23]/RD' in design 'ibex_wrapper' (PARA-124)
Error: Cannot find port/pin 'ibex_top_inst/gen_regfile_ff.register_file_i/g_rf_flops[31].rf_reg_q_reg[29]/RD' in design 'ibex_wrapper' (PARA-124)
Error: Cannot find port/pin 'ibex_top_inst/gen_regfile_ff.register_file_i/g_rf_flops[20].rf_reg_q_reg[23]/RD' in design 'ibex_wrapper' (PARA-124)
Error: Cannot find port/pin 'ibex_top_inst/gen_regfile_ff.register_file_i/g_rf_flops[20].rf_reg_q_reg[25]/RD' in design 'ibex_wrapper' (PARA-124)
Error: Cannot find port/pin 'ibex_top_inst/gen_regfile_ff.register_file_i/g_rf_flops[1].rf_reg_q_reg[24]/RD' in design 'ibex_wrapper' (PARA-124)
Error: Cannot find port/pin 'ibex_top_inst/gen_regfile_ff.register_file_i/g_rf_flops[18].rf_reg_q_reg[23]/RD' in design 'ibex_wrapper' (PARA-124)
Error: Cannot find port/pin 'ibex_top_inst/gen_regfile_ff.register_file_i/U53/A2' in design 'ibex_wrapper' (PARA-124)
Error: Cannot find port/pin 'ibex_top_inst/gen_regfile_ff.register_file_i/g_rf_flops[18].rf_reg_q_reg[24]/RD' in design 'ibex_wrapper' (PARA-124)
Error: Cannot find port/pin 'ibex_top_inst/gen_regfile_ff.register_file_i/g_rf_flops[20].rf_reg_q_reg[24]/RD' in design 'ibex_wrapper' (PARA-124)
Error: Cannot find port/pin 'ibex_top_inst/gen_regfile_ff.register_file_i/g_rf_flops[5].rf_reg_q_reg[22]/RD' in design 'ibex_wrapper' (PARA-124)
Error: Cannot find port/pin 'ibex_top_inst/gen_regfile_ff.register_file_i/U54/A2' in design 'ibex_wrapper' (PARA-124)
Error: Cannot find port/pin 'ibex_top_inst/gen_regfile_ff.register_file_i/g_rf_flops[20].rf_reg_q_reg[22]/RD' in design 'ibex_wrapper' (PARA-124)
Error: Cannot find port/pin 'ibex_top_inst/gen_regfile_ff.register_file_i/g_rf_flops[19].rf_reg_q_reg[24]/RD' in design 'ibex_wrapper' (PARA-124)
Error: Cannot find port/pin 'ibex_top_inst/gen_regfile_ff.register_file_i/g_rf_flops[14].rf_reg_q_reg[23]/RD' in design 'ibex_wrapper' (PARA-124)
Error: Cannot find port/pin 'ibex_top_inst/gen_regfile_ff.register_file_i/U32/A3' in design 'ibex_wrapper' (PARA-124)
Error: Cannot find port/pin 'ibex_top_inst/gen_regfile_ff.register_file_i/g_rf_flops[15].rf_reg_q_reg[25]/RD' in design 'ibex_wrapper' (PARA-124)
Error: Cannot find port/pin 'ibex_top_inst/gen_regfile_ff.register_file_i/g_rf_flops[14].rf_reg_q_reg[25]/RD' in design 'ibex_wrapper' (PARA-124)
Error: Cannot find port/pin 'ibex_top_inst/gen_regfile_ff.register_file_i/g_rf_flops[14].rf_reg_q_reg[24]/RD' in design 'ibex_wrapper' (PARA-124)
Error: Cannot find port/pin 'ibex_top_inst/gen_regfile_ff.register_file_i/U35/A1' in design 'ibex_wrapper' (PARA-124)
Error: Cannot find port/pin 'ibex_top_inst/gen_regfile_ff.register_file_i/U37/A1' in design 'ibex_wrapper' (PARA-124)
Error: Cannot find port/pin 'ibex_top_inst/gen_regfile_ff.register_file_i/U33/A1' in design 'ibex_wrapper' (PARA-124)
Error: Cannot find port/pin 'ibex_top_inst/gen_regfile_ff.register_file_i/g_rf_flops[31].rf_reg_q_reg[22]/RD' in design 'ibex_wrapper' (PARA-124)
Error: Cannot find port/pin 'ibex_top_inst/gen_regfile_ff.register_file_i/U582/A' in design 'ibex_wrapper' (PARA-124)
Error: Cannot find port/pin 'ibex_top_inst/gen_regfile_ff.register_file_i/g_rf_flops[7].rf_reg_q_reg[22]/RD' in design 'ibex_wrapper' (PARA-124)
Error: Cannot find port/pin 'ibex_top_inst/gen_regfile_ff.register_file_i/U44/A2' in design 'ibex_wrapper' (PARA-124)
Error: Cannot find port/pin 'ibex_top_inst/gen_regfile_ff.register_file_i/g_rf_flops[31].rf_reg_q_reg[23]/RD' in design 'ibex_wrapper' (PARA-124)
Error: Cannot find port/pin 'ibex_top_inst/gen_regfile_ff.register_file_i/g_rf_flops[31].rf_reg_q_reg[28]/RD' in design 'ibex_wrapper' (PARA-124)
Error: Cannot find port/pin 'ibex_top_inst/gen_regfile_ff.register_file_i/g_rf_flops[31].rf_reg_q_reg[25]/RD' in design 'ibex_wrapper' (PARA-124)
Error: Cannot find port/pin 'ibex_top_inst/gen_regfile_ff.register_file_i/U54/A2' in design 'ibex_wrapper' (PARA-124)
Error: Cannot find port/pin 'ibex_top_inst/gen_regfile_ff.register_file_i/U33/A1' in design 'ibex_wrapper' (PARA-124)
Error: Cannot find port/pin 'ibex_top_inst/gen_regfile_ff.register_file_i/U582/A' in design 'ibex_wrapper' (PARA-124)
Error: Cannot find port/pin 'ibex_top_inst/gen_regfile_ff.register_file_i/U53/A2' in design 'ibex_wrapper' (PARA-124)
Error: Cannot find port/pin 'ibex_top_inst/gen_regfile_ff.register_file_i/U44/A2' in design 'ibex_wrapper' (PARA-124)
Error: Cannot find port/pin 'ibex_top_inst/gen_regfile_ff.register_file_i/U37/A1' in design 'ibex_wrapper' (PARA-124)
Error: Cannot find port/pin 'ibex_top_inst/gen_regfile_ff.register_file_i/U35/A1' in design 'ibex_wrapper' (PARA-124)
Error: Cannot find port/pin 'ibex_top_inst/gen_regfile_ff.register_file_i/U32/A3' in design 'ibex_wrapper' (PARA-124)
Error: Cannot find port/pin 'ibex_top_inst/gen_regfile_ff.register_file_i/g_rf_flops[31].rf_reg_q_reg[27]/RD' in design 'ibex_wrapper' (PARA-124)
Error: Cannot find port/pin 'ibex_top_inst/gen_regfile_ff.register_file_i/g_rf_flops[18].rf_reg_q_reg[23]/RD' in design 'ibex_wrapper' (PARA-124)
Error: Cannot find port/pin 'ibex_top_inst/gen_regfile_ff.register_file_i/g_rf_flops[15].rf_reg_q_reg[25]/RD' in design 'ibex_wrapper' (PARA-124)
Error: Cannot find port/pin 'ibex_top_inst/gen_regfile_ff.register_file_i/g_rf_flops[14].rf_reg_q_reg[23]/RD' in design 'ibex_wrapper' (PARA-124)
Error: Invalid capacitor (ibex_top_inst/gen_regfile_ff.register_file_i/U53:A2 4.25894e-05) on net n4340: node not found (PARA-044)
Error: Cannot find port/pin 'ibex_top_inst/gen_regfile_ff.register_file_i/g_rf_flops[7].rf_reg_q_reg[23]/RD' in design 'ibex_wrapper' (PARA-124)
Error: Invalid capacitor (ibex_top_inst/gen_regfile_ff.register_file_i/U54:A2 1e-06) on net n4340: node not found (PARA-044)
Error: Invalid capacitor (ibex_top_inst/gen_regfile_ff.register_file_i/U32:A3 1e-06) on net n4340: node not found (PARA-044)
Error: Invalid capacitor (ibex_top_inst/gen_regfile_ff.register_file_i/U35:A1 1e-06) on net n4340: node not found (PARA-044)
Error: Invalid capacitor (ibex_top_inst/gen_regfile_ff.register_file_i/U37:A1 2.42719e-05) on net n4340: node not found (PARA-044)
Error: Cannot find port/pin 'ibex_top_inst/gen_regfile_ff.register_file_i/g_rf_flops[7].rf_reg_q_reg[26]/RD' in design 'ibex_wrapper' (PARA-124)
Error: Cannot find port/pin 'ibex_top_inst/gen_regfile_ff.register_file_i/g_rf_flops[5].rf_reg_q_reg[22]/RD' in design 'ibex_wrapper' (PARA-124)
Error: Invalid capacitor (ibex_top_inst/gen_regfile_ff.register_file_i/U33:A1 1.45482e-05) on net n4340: node not found (PARA-044)
Error: Cannot find port/pin 'ibex_top_inst/gen_regfile_ff.register_file_i/g_rf_flops[4].rf_reg_q_reg[22]/RD' in design 'ibex_wrapper' (PARA-124)
Error: Invalid capacitor (ibex_top_inst/gen_regfile_ff.register_file_i/U582:A 1e-06) on net n4340: node not found (PARA-044)
Error: Invalid capacitor (ibex_top_inst/gen_regfile_ff.register_file_i/U44:A2 1e-06) on net n4340: node not found (PARA-044)
Error: Cannot find port/pin 'ibex_top_inst/gen_regfile_ff.register_file_i/g_rf_flops[1].rf_reg_q_reg[22]/RD' in design 'ibex_wrapper' (PARA-124)
Error: Cannot find port/pin 'ibex_top_inst/gen_regfile_ff.register_file_i/g_rf_flops[1].rf_reg_q_reg[24]/RD' in design 'ibex_wrapper' (PARA-124)
Error: Cannot find port/pin 'ibex_top_inst/gen_regfile_ff.register_file_i/g_rf_flops[31].rf_reg_q_reg[22]/RD' in design 'ibex_wrapper' (PARA-124)
Error: Cannot find port/pin 'ibex_top_inst/gen_regfile_ff.register_file_i/g_rf_flops[31].rf_reg_q_reg[23]/RD' in design 'ibex_wrapper' (PARA-124)
Error: Cannot find port/pin 'ibex_top_inst/gen_regfile_ff.register_file_i/g_rf_flops[31].rf_reg_q_reg[24]/RD' in design 'ibex_wrapper' (PARA-124)
Error: Cannot find port/pin 'ibex_top_inst/gen_regfile_ff.register_file_i/g_rf_flops[31].rf_reg_q_reg[26]/RD' in design 'ibex_wrapper' (PARA-124)
Error: Cannot find port/pin 'ibex_top_inst/gen_regfile_ff.register_file_i/g_rf_flops[31].rf_reg_q_reg[27]/RD' in design 'ibex_wrapper' (PARA-124)
Error: Cannot find port/pin 'ibex_top_inst/gen_regfile_ff.register_file_i/g_rf_flops[31].rf_reg_q_reg[28]/RD' in design 'ibex_wrapper' (PARA-124)
Error: Cannot find port/pin 'ibex_top_inst/gen_regfile_ff.register_file_i/g_rf_flops[20].rf_reg_q_reg[22]/RD' in design 'ibex_wrapper' (PARA-124)
Error: Cannot find port/pin 'ibex_top_inst/gen_regfile_ff.register_file_i/g_rf_flops[20].rf_reg_q_reg[23]/RD' in design 'ibex_wrapper' (PARA-124)
Error: Cannot find port/pin 'ibex_top_inst/gen_regfile_ff.register_file_i/g_rf_flops[20].rf_reg_q_reg[24]/RD' in design 'ibex_wrapper' (PARA-124)
Error: Cannot find port/pin 'ibex_top_inst/gen_regfile_ff.register_file_i/g_rf_flops[19].rf_reg_q_reg[24]/RD' in design 'ibex_wrapper' (PARA-124)
Error: Cannot find port/pin 'ibex_top_inst/gen_regfile_ff.register_file_i/g_rf_flops[18].rf_reg_q_reg[23]/RD' in design 'ibex_wrapper' (PARA-124)
Error: Cannot find port/pin 'ibex_top_inst/gen_regfile_ff.register_file_i/g_rf_flops[18].rf_reg_q_reg[24]/RD' in design 'ibex_wrapper' (PARA-124)
Error: Cannot find port/pin 'ibex_top_inst/gen_regfile_ff.register_file_i/g_rf_flops[15].rf_reg_q_reg[25]/RD' in design 'ibex_wrapper' (PARA-124)
Error: Cannot find port/pin 'ibex_top_inst/gen_regfile_ff.register_file_i/g_rf_flops[14].rf_reg_q_reg[23]/RD' in design 'ibex_wrapper' (PARA-124)
Error: Cannot find port/pin 'ibex_top_inst/gen_regfile_ff.register_file_i/g_rf_flops[14].rf_reg_q_reg[24]/RD' in design 'ibex_wrapper' (PARA-124)
Error: Cannot find port/pin 'ibex_top_inst/gen_regfile_ff.register_file_i/g_rf_flops[14].rf_reg_q_reg[25]/RD' in design 'ibex_wrapper' (PARA-124)
Error: Cannot find port/pin 'ibex_top_inst/gen_regfile_ff.register_file_i/g_rf_flops[7].rf_reg_q_reg[23]/RD' in design 'ibex_wrapper' (PARA-124)
Error: Cannot find port/pin 'ibex_top_inst/gen_regfile_ff.register_file_i/g_rf_flops[7].rf_reg_q_reg[24]/RD' in design 'ibex_wrapper' (PARA-124)
Error: Cannot find port/pin 'ibex_top_inst/gen_regfile_ff.register_file_i/g_rf_flops[4].rf_reg_q_reg[22]/RD' in design 'ibex_wrapper' (PARA-124)
Error: Cannot find port/pin 'ibex_top_inst/gen_regfile_ff.register_file_i/g_rf_flops[1].rf_reg_q_reg[22]/RD' in design 'ibex_wrapper' (PARA-124)
Error: Cannot find port/pin 'ibex_top_inst/gen_regfile_ff.register_file_i/g_rf_flops[1].rf_reg_q_reg[23]/RD' in design 'ibex_wrapper' (PARA-124)
Error: Cannot find port/pin 'ibex_top_inst/gen_regfile_ff.register_file_i/g_rf_flops[1].rf_reg_q_reg[24]/RD' in design 'ibex_wrapper' (PARA-124)
Error: Cannot find port/pin 'ibex_top_inst/gen_regfile_ff.register_file_i/g_rf_flops[31].rf_reg_q_reg[25]/RD' in design 'ibex_wrapper' (PARA-124)
Error: Cannot find port/pin 'ibex_top_inst/gen_regfile_ff.register_file_i/g_rf_flops[7].rf_reg_q_reg[22]/RD' in design 'ibex_wrapper' (PARA-124)
Error: Cannot find port/pin 'ibex_top_inst/gen_regfile_ff.register_file_i/g_rf_flops[7].rf_reg_q_reg[26]/RD' in design 'ibex_wrapper' (PARA-124)
Error: Cannot find port/pin 'ibex_top_inst/gen_regfile_ff.register_file_i/g_rf_flops[4].rf_reg_q_reg[23]/RD' in design 'ibex_wrapper' (PARA-124)
Error: Cannot find port/pin 'ibex_top_inst/gen_regfile_ff.register_file_i/g_rf_flops[20].rf_reg_q_reg[25]/RD' in design 'ibex_wrapper' (PARA-124)
Error: Cannot find port/pin 'ibex_top_inst/gen_regfile_ff.register_file_i/g_rf_flops[31].rf_reg_q_reg[29]/RD' in design 'ibex_wrapper' (PARA-124)
Error: Cannot find port/pin 'ibex_top_inst/gen_regfile_ff.register_file_i/g_rf_flops[5].rf_reg_q_reg[22]/RD' in design 'ibex_wrapper' (PARA-124)
Error: Invalid capacitor (ibex_top_inst/gen_regfile_ff.register_file_i/g_rf_flops[4].rf_reg_q_reg[22]:RD 0.000236973) on net rst_ni: node not found (PARA-044)
Error: Invalid capacitor (ibex_top_inst/gen_regfile_ff.register_file_i/g_rf_flops[31].rf_reg_q_reg[26]:RD 2.3286e-05) on net rst_ni: node not found (PARA-044)
Error: Invalid capacitor (ibex_top_inst/gen_regfile_ff.register_file_i/g_rf_flops[31].rf_reg_q_reg[24]:RD 1e-06) on net rst_ni: node not found (PARA-044)
Error: Invalid capacitor (ibex_top_inst/gen_regfile_ff.register_file_i/g_rf_flops[4].rf_reg_q_reg[23]:RD 4.21024e-06) on net rst_ni: node not found (PARA-044)
Error: Invalid capacitor (ibex_top_inst/gen_regfile_ff.register_file_i/g_rf_flops[31].rf_reg_q_reg[27]:RD 2.52479e-06) on net rst_ni: node not found (PARA-044)
Error: Invalid capacitor (ibex_top_inst/gen_regfile_ff.register_file_i/g_rf_flops[7].rf_reg_q_reg[23]:RD 1.35743e-05) on net rst_ni: node not found (PARA-044)
Error: Invalid capacitor (ibex_top_inst/gen_regfile_ff.register_file_i/g_rf_flops[1].rf_reg_q_reg[22]:RD 5.70521e-05) on net rst_ni: node not found (PARA-044)
Error: Invalid capacitor (ibex_top_inst/gen_regfile_ff.register_file_i/g_rf_flops[7].rf_reg_q_reg[26]:RD 9.78911e-06) on net rst_ni: node not found (PARA-044)
Error: Invalid capacitor (ibex_top_inst/gen_regfile_ff.register_file_i/g_rf_flops[7].rf_reg_q_reg[24]:RD 1e-06) on net rst_ni: node not found (PARA-044)
Error: Invalid capacitor (ibex_top_inst/gen_regfile_ff.register_file_i/g_rf_flops[1].rf_reg_q_reg[23]:RD 1e-06) on net rst_ni: node not found (PARA-044)
Error: Invalid capacitor (ibex_top_inst/gen_regfile_ff.register_file_i/g_rf_flops[31].rf_reg_q_reg[29]:RD 9.47311e-06) on net rst_ni: node not found (PARA-044)
Error: Invalid capacitor (ibex_top_inst/gen_regfile_ff.register_file_i/g_rf_flops[20].rf_reg_q_reg[23]:RD 1e-06) on net rst_ni: node not found (PARA-044)
Error: Invalid capacitor (ibex_top_inst/gen_regfile_ff.register_file_i/g_rf_flops[20].rf_reg_q_reg[25]:RD 1.24551e-05) on net rst_ni: node not found (PARA-044)
Error: Invalid capacitor (ibex_top_inst/gen_regfile_ff.register_file_i/g_rf_flops[1].rf_reg_q_reg[24]:RD 3.19985e-06) on net rst_ni: node not found (PARA-044)
Error: Invalid capacitor (ibex_top_inst/gen_regfile_ff.register_file_i/g_rf_flops[18].rf_reg_q_reg[23]:RD 3.30937e-05) on net rst_ni: node not found (PARA-044)
Error: Invalid capacitor (ibex_top_inst/gen_regfile_ff.register_file_i/g_rf_flops[18].rf_reg_q_reg[24]:RD 1e-06) on net rst_ni: node not found (PARA-044)
Error: Invalid capacitor (ibex_top_inst/gen_regfile_ff.register_file_i/g_rf_flops[20].rf_reg_q_reg[24]:RD 1e-06) on net rst_ni: node not found (PARA-044)
Error: Invalid capacitor (ibex_top_inst/gen_regfile_ff.register_file_i/g_rf_flops[5].rf_reg_q_reg[22]:RD 5.38641e-05) on net rst_ni: node not found (PARA-044)
Error: Invalid capacitor (ibex_top_inst/gen_regfile_ff.register_file_i/g_rf_flops[20].rf_reg_q_reg[22]:RD 1e-06) on net rst_ni: node not found (PARA-044)
Error: Invalid capacitor (ibex_top_inst/gen_regfile_ff.register_file_i/g_rf_flops[19].rf_reg_q_reg[24]:RD 2.76077e-05) on net rst_ni: node not found (PARA-044)
Error: Invalid capacitor (ibex_top_inst/gen_regfile_ff.register_file_i/g_rf_flops[14].rf_reg_q_reg[23]:RD 2.07115e-05) on net rst_ni: node not found (PARA-044)
Error: Invalid capacitor (ibex_top_inst/gen_regfile_ff.register_file_i/g_rf_flops[15].rf_reg_q_reg[25]:RD 5.31264e-05) on net rst_ni: node not found (PARA-044)
Error: Invalid capacitor (ibex_top_inst/gen_regfile_ff.register_file_i/g_rf_flops[14].rf_reg_q_reg[25]:RD 1e-06) on net rst_ni: node not found (PARA-044)
Error: Invalid capacitor (ibex_top_inst/gen_regfile_ff.register_file_i/g_rf_flops[14].rf_reg_q_reg[24]:RD 1e-06) on net rst_ni: node not found (PARA-044)
Error: Invalid capacitor (ibex_top_inst/gen_regfile_ff.register_file_i/g_rf_flops[31].rf_reg_q_reg[22]:RD 7.9909e-06) on net rst_ni: node not found (PARA-044)
Error: Invalid capacitor (ibex_top_inst/gen_regfile_ff.register_file_i/g_rf_flops[7].rf_reg_q_reg[22]:RD 1e-06) on net rst_ni: node not found (PARA-044)
Error: Invalid capacitor (ibex_top_inst/gen_regfile_ff.register_file_i/g_rf_flops[31].rf_reg_q_reg[23]:RD 3.41486e-05) on net rst_ni: node not found (PARA-044)
Error: Invalid capacitor (ibex_top_inst/gen_regfile_ff.register_file_i/g_rf_flops[31].rf_reg_q_reg[28]:RD 1e-06) on net rst_ni: node not found (PARA-044)
Error: Invalid capacitor (ibex_top_inst/gen_regfile_ff.register_file_i/g_rf_flops[31].rf_reg_q_reg[25]:RD 5.45053e-05) on net rst_ni: node not found (PARA-044)
Error: Cannot find port/pin 'ibex_top_inst/u_ibex_core/cs_registers_i/CTS_ropt_h_inst_12590/A' in design 'ibex_wrapper' (PARA-124)
Error: Cannot find port/pin 'ibex_top_inst/u_ibex_core/cs_registers_i/CTS_ropt_h_inst_12590/A' in design 'ibex_wrapper' (PARA-124)
Error: Invalid capacitor (ibex_top_inst/u_ibex_core/cs_registers_i/CTS_ropt_h_inst_12590:A 1e-06) on net hart_id_i[31]: node not found (PARA-044)
Error: Cannot find port/pin 'ibex_top_inst/u_ibex_core/cs_registers_i/CTS_ropt_h_inst_12630/A' in design 'ibex_wrapper' (PARA-124)
Error: Cannot find port/pin 'ibex_top_inst/u_ibex_core/cs_registers_i/CTS_ropt_h_inst_12630/A' in design 'ibex_wrapper' (PARA-124)
Error: Invalid capacitor (ibex_top_inst/u_ibex_core/cs_registers_i/CTS_ropt_h_inst_12630:A 1e-06) on net hart_id_i[30]: node not found (PARA-044)
Error: Cannot find port/pin 'ibex_top_inst/u_ibex_core/cs_registers_i/CTS_ropt_h_inst_12634/A' in design 'ibex_wrapper' (PARA-124)
Error: Cannot find port/pin 'ibex_top_inst/u_ibex_core/cs_registers_i/CTS_ropt_h_inst_12634/A' in design 'ibex_wrapper' (PARA-124)
Error: Invalid capacitor (ibex_top_inst/u_ibex_core/cs_registers_i/CTS_ropt_h_inst_12634:A 8.1435e-06) on net hart_id_i[29]: node not found (PARA-044)
Error: Cannot find port/pin 'ibex_top_inst/u_ibex_core/cs_registers_i/CTS_ropt_h_inst_12703/A' in design 'ibex_wrapper' (PARA-124)
Error: Cannot find port/pin 'ibex_top_inst/u_ibex_core/cs_registers_i/CTS_ropt_h_inst_12703/A' in design 'ibex_wrapper' (PARA-124)
Error: Invalid capacitor (ibex_top_inst/u_ibex_core/cs_registers_i/CTS_ropt_h_inst_12703:A 1.43485e-05) on net hart_id_i[28]: node not found (PARA-044)
Error: Cannot find port/pin 'ibex_top_inst/u_ibex_core/cs_registers_i/CTS_ropt_h_inst_12646/A' in design 'ibex_wrapper' (PARA-124)
Error: Cannot find port/pin 'ibex_top_inst/u_ibex_core/cs_registers_i/CTS_ropt_h_inst_12646/A' in design 'ibex_wrapper' (PARA-124)
Error: Invalid capacitor (ibex_top_inst/u_ibex_core/cs_registers_i/CTS_ropt_h_inst_12646:A 9.96355e-06) on net hart_id_i[27]: node not found (PARA-044)
Error: Cannot find port/pin 'ibex_top_inst/u_ibex_core/cs_registers_i/CTS_ropt_h_inst_12652/A' in design 'ibex_wrapper' (PARA-124)
Error: Cannot find port/pin 'ibex_top_inst/u_ibex_core/cs_registers_i/CTS_ropt_h_inst_12652/A' in design 'ibex_wrapper' (PARA-124)
Error: Invalid capacitor (ibex_top_inst/u_ibex_core/cs_registers_i/CTS_ropt_h_inst_12652:A 3.28364e-05) on net hart_id_i[26]: node not found (PARA-044)
Error: Cannot find port/pin 'ibex_top_inst/u_ibex_core/cs_registers_i/CTS_ropt_h_inst_12644/A' in design 'ibex_wrapper' (PARA-124)
Error: Cannot find port/pin 'ibex_top_inst/u_ibex_core/cs_registers_i/CTS_ropt_h_inst_12644/A' in design 'ibex_wrapper' (PARA-124)
Error: Invalid capacitor (ibex_top_inst/u_ibex_core/cs_registers_i/CTS_ropt_h_inst_12644:A 6.61094e-06) on net hart_id_i[25]: node not found (PARA-044)
Error: Cannot find port/pin 'ibex_top_inst/u_ibex_core/cs_registers_i/CTS_ropt_h_inst_12708/A' in design 'ibex_wrapper' (PARA-124)
Error: Cannot find port/pin 'ibex_top_inst/u_ibex_core/cs_registers_i/CTS_ropt_h_inst_12708/A' in design 'ibex_wrapper' (PARA-124)
Error: Invalid capacitor (ibex_top_inst/u_ibex_core/cs_registers_i/CTS_ropt_h_inst_12708:A 1e-06) on net hart_id_i[24]: node not found (PARA-044)
Note - message 'PARA-124' default limit (100) exceeded.  Remainder will be suppressed.
Error: Invalid capacitor (ibex_top_inst/u_ibex_core/cs_registers_i/CTS_ropt_h_inst_12679:A 1e-06) on net hart_id_i[23]: node not found (PARA-044)
Error: Invalid capacitor (ibex_top_inst/u_ibex_core/cs_registers_i/CTS_ropt_h_inst_12653:A 1e-06) on net hart_id_i[22]: node not found (PARA-044)
Error: Invalid capacitor (ibex_top_inst/u_ibex_core/cs_registers_i/CTS_ropt_h_inst_12668:A 1e-06) on net hart_id_i[21]: node not found (PARA-044)
Error: Invalid capacitor (ibex_top_inst/u_ibex_core/cs_registers_i/CTS_ropt_h_inst_12655:A 1e-06) on net hart_id_i[20]: node not found (PARA-044)
Error: Invalid capacitor (ibex_top_inst/u_ibex_core/cs_registers_i/U499:A2 7.20213e-06) on net hart_id_i[19]: node not found (PARA-044)
Error: Invalid capacitor (ibex_top_inst/u_ibex_core/cs_registers_i/CTS_ropt_h_inst_12663:A 1e-06) on net hart_id_i[18]: node not found (PARA-044)
Error: Invalid capacitor (ibex_top_inst/u_ibex_core/cs_registers_i/CTS_ropt_h_inst_12628:A 1e-06) on net hart_id_i[17]: node not found (PARA-044)
Error: Invalid capacitor (ibex_top_inst/u_ibex_core/cs_registers_i/CTS_ropt_h_inst_12709:A 1e-06) on net hart_id_i[16]: node not found (PARA-044)
Error: Invalid capacitor (ibex_top_inst/u_ibex_core/cs_registers_i/CTS_ropt_h_inst_12648:A 9.3399e-06) on net hart_id_i[15]: node not found (PARA-044)
Error: Invalid capacitor (ibex_top_inst/u_ibex_core/cs_registers_i/CTS_ropt_h_inst_12714:A 1e-06) on net hart_id_i[14]: node not found (PARA-044)
Error: Invalid capacitor (ibex_top_inst/u_ibex_core/cs_registers_i/CTS_ropt_h_inst_12629:A 1e-06) on net hart_id_i[13]: node not found (PARA-044)
Error: Invalid capacitor (ibex_top_inst/u_ibex_core/cs_registers_i/CTS_ropt_h_inst_12706:A 1e-06) on net hart_id_i[12]: node not found (PARA-044)
Error: Invalid capacitor (ibex_top_inst/u_ibex_core/cs_registers_i/CTS_ropt_h_inst_12715:A 1e-06) on net hart_id_i[11]: node not found (PARA-044)
Error: Invalid capacitor (ibex_top_inst/u_ibex_core/cs_registers_i/U1704:A2 8.50704e-06) on net hart_id_i[10]: node not found (PARA-044)
Error: Invalid capacitor (ibex_top_inst/u_ibex_core/cs_registers_i/U1548:A2 8.17679e-06) on net hart_id_i[9]: node not found (PARA-044)
Error: Invalid capacitor (ibex_top_inst/u_ibex_core/cs_registers_i/CTS_ropt_h_inst_12627:A 1e-06) on net hart_id_i[8]: node not found (PARA-044)
Error: Invalid capacitor (ibex_top_inst/u_ibex_core/cs_registers_i/CTS_ropt_h_inst_12623:A 1e-06) on net hart_id_i[7]: node not found (PARA-044)
Error: Invalid capacitor (ibex_top_inst/u_ibex_core/cs_registers_i/CTS_ropt_h_inst_12632:A 9.32369e-06) on net hart_id_i[6]: node not found (PARA-044)
Error: Invalid capacitor (ibex_top_inst/u_ibex_core/cs_registers_i/CTS_ropt_h_inst_12631:A 1e-06) on net hart_id_i[5]: node not found (PARA-044)
Error: Invalid capacitor (ibex_top_inst/u_ibex_core/cs_registers_i/CTS_ropt_h_inst_12712:A 1e-06) on net hart_id_i[4]: node not found (PARA-044)
Error: Invalid capacitor (ibex_top_inst/u_ibex_core/cs_registers_i/CTS_ropt_h_inst_12641:A 8.24036e-06) on net hart_id_i[3]: node not found (PARA-044)
Error: Invalid capacitor (ibex_top_inst/u_ibex_core/cs_registers_i/CTS_ropt_h_inst_12636:A 8.12225e-06) on net hart_id_i[2]: node not found (PARA-044)
Error: Invalid capacitor (ibex_top_inst/u_ibex_core/cs_registers_i/CTS_ropt_h_inst_12618:A 1e-06) on net hart_id_i[1]: node not found (PARA-044)
Error: Invalid capacitor (ibex_top_inst/u_ibex_core/cs_registers_i/CTS_ropt_h_inst_12613:A 1e-06) on net hart_id_i[0]: node not found (PARA-044)
Error: Invalid capacitor (ibex_top_inst/u_ibex_core/cs_registers_i/U953:A2 1e-06) on net PLACE_HFSNET_75: node not found (PARA-044)
Error: Invalid capacitor (ibex_top_inst/u_ibex_core/cs_registers_i/U557:A2 1e-06) on net PLACE_HFSNET_75: node not found (PARA-044)
Error: Invalid capacitor (ibex_top_inst/u_ibex_core/cs_registers_i/U1413:A2 6.04006e-06) on net PLACE_HFSNET_75: node not found (PARA-044)
Error: Invalid capacitor (ibex_top_inst/u_ibex_core/cs_registers_i/U1129:A2 1e-06) on net PLACE_HFSNET_75: node not found (PARA-044)
Error: Invalid capacitor (ibex_top_inst/u_ibex_core/cs_registers_i/U1347:A2 1e-06) on net PLACE_HFSNET_75: node not found (PARA-044)
Error: Invalid capacitor (ibex_top_inst/u_ibex_core/cs_registers_i/U1198:A2 1e-06) on net PLACE_HFSNET_75: node not found (PARA-044)
Error: Invalid capacitor (ibex_top_inst/u_ibex_core/cs_registers_i/U1219:A2 1e-06) on net PLACE_HFSNET_75: node not found (PARA-044)
Error: Invalid capacitor (ibex_top_inst/u_ibex_core/cs_registers_i/U1452:A2 1e-06) on net PLACE_HFSNET_75: node not found (PARA-044)
Error: Invalid capacitor (ibex_top_inst/u_ibex_core/cs_registers_i/U952:A2 9.17173e-06) on net PLACE_HFSNET_75: node not found (PARA-044)
Error: Invalid capacitor (ibex_top_inst/u_ibex_core/cs_registers_i/U1606:A2 1e-06) on net PLACE_HFSNET_75: node not found (PARA-044)
Error: Invalid capacitor (ibex_top_inst/u_ibex_core/cs_registers_i/U1471:A2 1e-06) on net PLACE_HFSNET_75: node not found (PARA-044)
Error: Invalid capacitor (ibex_top_inst/u_ibex_core/cs_registers_i/U1513:A2 1e-06) on net PLACE_HFSNET_75: node not found (PARA-044)
Error: Invalid capacitor (ibex_top_inst/u_ibex_core/cs_registers_i/U1806:A1 1e-06) on net PLACE_HFSNET_75: node not found (PARA-044)
Error: Invalid capacitor (ibex_top_inst/u_ibex_core/cs_registers_i/U1158:A1 1e-06) on net PLACE_HFSNET_75: node not found (PARA-044)
Error: Invalid capacitor (ibex_top_inst/u_ibex_core/cs_registers_i/U1132:A1 1.80921e-05) on net PLACE_HFSNET_75: node not found (PARA-044)
Error: Invalid capacitor (ibex_top_inst/u_ibex_core/cs_registers_i/U1110:A1 1e-06) on net PLACE_HFSNET_75: node not found (PARA-044)
Error: Invalid capacitor (ibex_top_inst/u_ibex_core/cs_registers_i/U545:A1 1e-06) on net PLACE_HFSNET_75: node not found (PARA-044)
Error: Invalid capacitor (ibex_top_inst/u_ibex_core/cs_registers_i/U1242:A2 1e-06) on net PLACE_HFSNET_75: node not found (PARA-044)
Error: Invalid capacitor (ibex_top_inst/u_ibex_core/cs_registers_i/U558:A2 1e-06) on net PLACE_HFSNET_75: node not found (PARA-044)
Error: Invalid capacitor (ibex_top_inst/u_ibex_core/cs_registers_i/U1176:A2 1e-06) on net PLACE_HFSNET_75: node not found (PARA-044)
Error: Invalid capacitor (ibex_top_inst/u_ibex_core/cs_registers_i/U951:A2 7.5001e-06) on net PLACE_HFSNET_75: node not found (PARA-044)
Error: Invalid capacitor (ibex_top_inst/u_ibex_core/cs_registers_i/U1715:A2 9.65876e-06) on net PLACE_HFSNET_75: node not found (PARA-044)
Error: Invalid capacitor (ibex_top_inst/u_ibex_core/cs_registers_i/U1647:A2 1e-06) on net PLACE_HFSNET_75: node not found (PARA-044)
Error: Invalid capacitor (ibex_top_inst/u_ibex_core/cs_registers_i/U1561:A2 7.66901e-06) on net PLACE_HFSNET_75: node not found (PARA-044)
Error: Invalid capacitor (ibex_top_inst/u_ibex_core/cs_registers_i/U1736:A2 1e-06) on net PLACE_HFSNET_75: node not found (PARA-044)
Error: Invalid capacitor (ibex_top_inst/u_ibex_core/cs_registers_i/U559:A2 1e-06) on net PLACE_HFSNET_75: node not found (PARA-044)
Error: Invalid capacitor (ibex_top_inst/u_ibex_core/cs_registers_i/U556:A2 1e-06) on net PLACE_HFSNET_75: node not found (PARA-044)
Error: Invalid capacitor (ibex_top_inst/u_ibex_core/cs_registers_i/U1687:A2 8.83824e-06) on net PLACE_HFSNET_75: node not found (PARA-044)
Error: Invalid capacitor (ibex_top_inst/u_ibex_core/cs_registers_i/U1327:A2 6.94532e-06) on net PLACE_HFSNET_75: node not found (PARA-044)
Error: Invalid capacitor (ibex_top_inst/u_ibex_core/cs_registers_i/U1631:A2 7.90776e-06) on net PLACE_HFSNET_75: node not found (PARA-044)
Error: Invalid capacitor (ibex_top_inst/u_ibex_core/cs_registers_i/U1294:A2 1e-06) on net PLACE_HFSNET_75: node not found (PARA-044)
Note - message 'PARA-044' default limit (100) exceeded.  Remainder will be suppressed.

****************************************
Report : read_parasitics /mnt/hgfs/0_GP/Final_2/4_ECO/0_ECO_2/output/ibex_wrapper.tlup_max_-40.spef
Design : ibex_wrapper
Version: O-2018.06-SP1
Date   : Tue Jul  8 07:41:57 2025
****************************************

        98676 error(s)
        Format is SPEF
        Annotated nets                   :        12300
        Annotated capacitances           :       192386
        Annotated resistances            :       180086
        Reduced coupling capacitances    :            0
        Annotated PI models              :            0
        Annotated Elmore delays          :            0

