 
****************************************
Report : power
        -analysis_effort low
Design : ibex_top
Version: O-2018.06-SP1
Date   : Tue Apr 29 15:06:32 2025
****************************************


Library(s) Used:

    saed14hvt_tt0p8v25c (File: /mnt/hgfs/0_GP/PDK/saed14_pdk/SAED14nm_EDK_CORE_HVT_v_062020/stdcell_hvt/db_ccs/saed14hvt_tt0p8v25c.db)


Operating Conditions: ss0p72vm40c   Library: saed14hvt_ss0p72vm40c
Wire Load Model Mode: top

Design        Wire Load Model            Library
------------------------------------------------
ibex_top               8000              saed14hvt_tt0p8v25c


Global Operating Voltage = 0.72 
Power-specific unit information :
    Voltage Units = 1V
    Capacitance Units = 1.000000ff
    Time Units = 1ns
    Dynamic Power Units = 1uW    (derived from V,C,T units)
    Leakage Power Units = 1pW


  Cell Internal Power  = 298.7461 uW   (73%)
  Net Switching Power  = 113.2512 uW   (27%)
                         ---------
Total Dynamic Power    = 411.9974 uW  (100%)

Cell Leakage Power     =   1.5709 uW


                 Internal         Switching           Leakage            Total
Power Group      Power            Power               Power              Power   (   %    )  Attrs
--------------------------------------------------------------------------------------------------
io_pad             0.0000            0.0000            0.0000            0.0000  (   0.00%)
memory             0.0000            0.0000            0.0000            0.0000  (   0.00%)
black_box          0.0000            0.0000            0.0000            0.0000  (   0.00%)
clock_network      0.4165           98.0891          546.3031           98.5061  (  23.82%)
register         293.6647            2.3151        5.5997e+05          296.5397  (  71.70%)
sequential         0.0000            0.0000            0.0000            0.0000  (   0.00%)
combinational      4.6651           12.8471        1.0087e+06           18.5209  (   4.48%)
--------------------------------------------------------------------------------------------------
Total            298.7463 uW       113.2513 uW     1.5693e+06 pW       413.5667 uW
1
