Information: The design specific attribute override for lib_cell 'saed14hvt:SAEDHVT14_FDPQ_V3_2.timing' is set in the current block 'ibex_hvt_cts', because the actual library setting may not be overwritten. (ATTR-12)
Information: The design specific attribute override for lib_cell 'saed14hvt:SAEDHVT14_AN2_2.timing' is set in the current block 'ibex_hvt_cts', because the actual library setting may not be overwritten. (ATTR-12)
Information: The design specific attribute override for lib_cell 'saed14hvt:SAEDHVT14_NR2_4.timing' is set in the current block 'ibex_hvt_cts', because the actual library setting may not be overwritten. (ATTR-12)
Information: The design specific attribute override for lib_cell 'saed14hvt:SAEDHVT14_MUXI2_2.timing' is set in the current block 'ibex_hvt_cts', because the actual library setting may not be overwritten. (ATTR-12)
Information: The design specific attribute override for lib_cell 'saed14hvt:SAEDHVT14_LDNR2PQ_2.timing' is set in the current block 'ibex_hvt_cts', because the actual library setting may not be overwritten. (ATTR-12)
Information: The design specific attribute override for lib_cell 'saed14hvt:SAEDHVT14_FDPRBQ_V2LP_2.timing' is set in the current block 'ibex_hvt_cts', because the actual library setting may not be overwritten. (ATTR-12)
Information: The design specific attribute override for lib_cell 'saed14hvt:SAEDHVT14_FDP_V2LP_2.timing' is set in the current block 'ibex_hvt_cts', because the actual library setting may not be overwritten. (ATTR-12)
Information: The design specific attribute override for lib_cell 'saed14hvt:SAEDHVT14_AN2B_MM_4.timing' is set in the current block 'ibex_hvt_cts', because the actual library setting may not be overwritten. (ATTR-12)
Information: The design specific attribute override for lib_cell 'saed14hvt:SAEDHVT14_AN3_2.timing' is set in the current block 'ibex_hvt_cts', because the actual library setting may not be overwritten. (ATTR-12)
Information: The design specific attribute override for lib_cell 'saed14hvt:SAEDHVT14_TIE1_V1_2.timing' is set in the current block 'ibex_hvt_cts', because the actual library setting may not be overwritten. (ATTR-12)
Information: The design specific attribute override for lib_cell 'saed14hvt:SAEDHVT14_ND2_CDC_2.timing' is set in the current block 'ibex_hvt_cts', because the actual library setting may not be overwritten. (ATTR-12)
Information: The design specific attribute override for lib_cell 'saed14hvt:SAEDHVT14_BUF_3.timing' is set in the current block 'ibex_hvt_cts', because the actual library setting may not be overwritten. (ATTR-12)
Information: The design specific attribute override for lib_cell 'saed14hvt:SAEDHVT14_INV_S_4.timing' is set in the current block 'ibex_hvt_cts', because the actual library setting may not be overwritten. (ATTR-12)
Information: The design specific attribute override for lib_cell 'saed14hvt:SAEDHVT14_ND2_2.timing' is set in the current block 'ibex_hvt_cts', because the actual library setting may not be overwritten. (ATTR-12)
Information: The design specific attribute override for lib_cell 'saed14hvt:SAEDHVT14_ND3_2.timing' is set in the current block 'ibex_hvt_cts', because the actual library setting may not be overwritten. (ATTR-12)
Information: The design specific attribute override for lib_cell 'saed14hvt:SAEDHVT14_EO2_2.timing' is set in the current block 'ibex_hvt_cts', because the actual library setting may not be overwritten. (ATTR-12)
Information: The design specific attribute override for lib_cell 'saed14hvt:SAEDHVT14_INV_PS_2.timing' is set in the current block 'ibex_hvt_cts', because the actual library setting may not be overwritten. (ATTR-12)
Information: The design specific attribute override for lib_cell 'saed14hvt:SAEDHVT14_INV_2.timing' is set in the current block 'ibex_hvt_cts', because the actual library setting may not be overwritten. (ATTR-12)
Information: The design specific attribute override for lib_cell 'saed14hvt:SAEDHVT14_INV_S_2.timing' is set in the current block 'ibex_hvt_cts', because the actual library setting may not be overwritten. (ATTR-12)
Information: The design specific attribute override for lib_cell 'saed14hvt:SAEDHVT14_TIE0_V1_2.timing' is set in the current block 'ibex_hvt_cts', because the actual library setting may not be overwritten. (ATTR-12)
Information: The design specific attribute override for lib_cell 'saed14hvt:SAEDHVT14_OR2_2.timing' is set in the current block 'ibex_hvt_cts', because the actual library setting may not be overwritten. (ATTR-12)
Information: The design specific attribute override for lib_cell 'saed14hvt:SAEDHVT14_NR3_2.timing' is set in the current block 'ibex_hvt_cts', because the actual library setting may not be overwritten. (ATTR-12)
Information: The design specific attribute override for lib_cell 'saed14hvt:SAEDHVT14_NR3B_2.timing' is set in the current block 'ibex_hvt_cts', because the actual library setting may not be overwritten. (ATTR-12)
Information: The design specific attribute override for lib_cell 'saed14hvt:SAEDHVT14_AN2_MM_2.timing' is set in the current block 'ibex_hvt_cts', because the actual library setting may not be overwritten. (ATTR-12)
Information: The design specific attribute override for lib_cell 'saed14hvt:SAEDHVT14_TIE0_4.timing' is set in the current block 'ibex_hvt_cts', because the actual library setting may not be overwritten. (ATTR-12)
Information: The design specific attribute override for lib_cell 'saed14hvt:SAEDHVT14_BUF_CDC_4.timing' is set in the current block 'ibex_hvt_cts', because the actual library setting may not be overwritten. (ATTR-12)
Information: The design specific attribute override for lib_cell 'saed14hvt:SAEDHVT14_INV_S_6.timing' is set in the current block 'ibex_hvt_cts', because the actual library setting may not be overwritten. (ATTR-12)
Information: The design specific attribute override for lib_cell 'saed14hvt:SAEDHVT14_BUF_S_6.timing' is set in the current block 'ibex_hvt_cts', because the actual library setting may not be overwritten. (ATTR-12)
Information: The design specific attribute override for lib_cell 'saed14hvt:SAEDHVT14_INV_3.timing' is set in the current block 'ibex_hvt_cts', because the actual library setting may not be overwritten. (ATTR-12)
Information: The design specific attribute override for lib_cell 'saed14hvt:SAEDHVT14_AN4_2.timing' is set in the current block 'ibex_hvt_cts', because the actual library setting may not be overwritten. (ATTR-12)
Information: The design specific attribute override for lib_cell 'saed14hvt:SAEDHVT14_OR2_MM_2.timing' is set in the current block 'ibex_hvt_cts', because the actual library setting may not be overwritten. (ATTR-12)
Information: The design specific attribute override for lib_cell 'saed14hvt:SAEDHVT14_MUX2_2.timing' is set in the current block 'ibex_hvt_cts', because the actual library setting may not be overwritten. (ATTR-12)
Information: The design specific attribute override for lib_cell 'saed14hvt:SAEDHVT14_BUF_S_2.timing' is set in the current block 'ibex_hvt_cts', because the actual library setting may not be overwritten. (ATTR-12)
Information: The design specific attribute override for lib_cell 'saed14hvt:SAEDHVT14_EN2_2.timing' is set in the current block 'ibex_hvt_cts', because the actual library setting may not be overwritten. (ATTR-12)
Information: The design specific attribute override for lib_cell 'saed14hvt:SAEDHVT14_AN2_MM_3.timing' is set in the current block 'ibex_hvt_cts', because the actual library setting may not be overwritten. (ATTR-12)
Information: The design specific attribute override for lib_cell 'saed14hvt:SAEDHVT14_OR2_MM_4.timing' is set in the current block 'ibex_hvt_cts', because the actual library setting may not be overwritten. (ATTR-12)
Information: The design specific attribute override for lib_cell 'saed14hvt:SAEDHVT14_AN3_4.timing' is set in the current block 'ibex_hvt_cts', because the actual library setting may not be overwritten. (ATTR-12)
Information: The design specific attribute override for lib_cell 'saed14hvt:SAEDHVT14_EO3_4.timing' is set in the current block 'ibex_hvt_cts', because the actual library setting may not be overwritten. (ATTR-12)
Information: The design specific attribute override for lib_cell 'saed14hvt:SAEDHVT14_OR4_2.timing' is set in the current block 'ibex_hvt_cts', because the actual library setting may not be overwritten. (ATTR-12)
Information: The design specific attribute override for lib_cell 'saed14hvt:SAEDHVT14_ND4_2.timing' is set in the current block 'ibex_hvt_cts', because the actual library setting may not be overwritten. (ATTR-12)
Information: The design specific attribute override for lib_cell 'saed14hvt:SAEDHVT14_OR3_2.timing' is set in the current block 'ibex_hvt_cts', because the actual library setting may not be overwritten. (ATTR-12)
Information: The design specific attribute override for lib_cell 'saed14hvt:SAEDHVT14_ND2_6.timing' is set in the current block 'ibex_hvt_cts', because the actual library setting may not be overwritten. (ATTR-12)
Information: The design specific attribute override for lib_cell 'saed14hvt:SAEDHVT14_MUX2_MM_2.timing' is set in the current block 'ibex_hvt_cts', because the actual library setting may not be overwritten. (ATTR-12)
Information: The design specific attribute override for lib_cell 'saed14hvt:SAEDHVT14_ADDF_V2_2.timing' is set in the current block 'ibex_hvt_cts', because the actual library setting may not be overwritten. (ATTR-12)
Information: The design specific attribute override for lib_cell 'saed14hvt:SAEDHVT14_ND2B_2.timing' is set in the current block 'ibex_hvt_cts', because the actual library setting may not be overwritten. (ATTR-12)
Information: The design specific attribute override for lib_cell 'saed14hvt:SAEDHVT14_ADDH_2.timing' is set in the current block 'ibex_hvt_cts', because the actual library setting may not be overwritten. (ATTR-12)
Information: The design specific attribute override for lib_cell 'saed14hvt:SAEDHVT14_EN2_3.timing' is set in the current block 'ibex_hvt_cts', because the actual library setting may not be overwritten. (ATTR-12)
Information: The design specific attribute override for lib_cell 'saed14hvt:SAEDHVT14_ND2_MM_4.timing' is set in the current block 'ibex_hvt_cts', because the actual library setting may not be overwritten. (ATTR-12)
Information: The design specific attribute override for lib_cell 'saed14hvt:SAEDHVT14_EO3_2.timing' is set in the current block 'ibex_hvt_cts', because the actual library setting may not be overwritten. (ATTR-12)
Information: The design specific attribute override for lib_cell 'saed14hvt:SAEDHVT14_ND2_CDC_4.timing' is set in the current block 'ibex_hvt_cts', because the actual library setting may not be overwritten. (ATTR-12)
Information: The design specific attribute override for lib_cell 'saed14hvt:SAEDHVT14_ND3B_2.timing' is set in the current block 'ibex_hvt_cts', because the actual library setting may not be overwritten. (ATTR-12)
Information: The design specific attribute override for lib_cell 'saed14hvt:SAEDHVT14_MUX4_V1M_2.timing' is set in the current block 'ibex_hvt_cts', because the actual library setting may not be overwritten. (ATTR-12)
Information: The design specific attribute override for lib_cell 'saed14hvt:SAEDHVT14_ND2_4.timing' is set in the current block 'ibex_hvt_cts', because the actual library setting may not be overwritten. (ATTR-12)
Information: The design specific attribute override for lib_cell 'saed14hvt:SAEDHVT14_EN3_2.timing' is set in the current block 'ibex_hvt_cts', because the actual library setting may not be overwritten. (ATTR-12)
Information: The design specific attribute override for lib_cell 'saed14hvt:SAEDHVT14_TAPDS.timing' is set in the current block 'ibex_hvt_cts', because the actual library setting may not be overwritten. (ATTR-12)
Information: The design specific attribute override for lib_cell 'saed14hvt:SAEDHVT14_NR2_2.timing' is set in the current block 'ibex_hvt_cts', because the actual library setting may not be overwritten. (ATTR-12)
Information: The design specific attribute override for lib_cell 'saed14hvt:SAEDHVT14_BUF_10.timing' is set in the current block 'ibex_hvt_cts', because the actual library setting may not be overwritten. (ATTR-12)
1
Information: The design specific attribute override for lib_cell 'saed14hvt:SAEDHVT14_INV_S_3.timing' is set in the current block 'ibex_hvt_cts', because the actual library setting may not be overwritten. (ATTR-12)
1
Information: The design specific attribute override for lib_cell 'saed14hvt:SAEDHVT14_INV_S_4.timing' is set in the current block 'ibex_hvt_cts', because the actual library setting may not be overwritten. (ATTR-12)
1
Information: The design specific attribute override for lib_cell 'saed14hvt:SAEDHVT14_INV_S_6.timing' is set in the current block 'ibex_hvt_cts', because the actual library setting may not be overwritten. (ATTR-12)
1
Information: The design specific attribute override for lib_cell 'saed14hvt:SAEDHVT14_INV_S_8.timing' is set in the current block 'ibex_hvt_cts', because the actual library setting may not be overwritten. (ATTR-12)
1
Information: The design specific attribute override for lib_cell 'saed14hvt:SAEDHVT14_DEL_L4D100_1.timing' is set in the current block 'ibex_hvt_cts', because the actual library setting may not be overwritten. (ATTR-12)
Information: The design specific attribute override for lib_cell 'saed14hvt:SAEDHVT14_DEL_L4D100_2.timing' is set in the current block 'ibex_hvt_cts', because the actual library setting may not be overwritten. (ATTR-12)
Information: The design specific attribute override for lib_cell 'saed14hvt:SAEDHVT14_DELPROGS4_12.timing' is set in the current block 'ibex_hvt_cts', because the actual library setting may not be overwritten. (ATTR-12)
Information: The design specific attribute override for lib_cell 'saed14hvt:SAEDHVT14_DELPROGS4_16.timing' is set in the current block 'ibex_hvt_cts', because the actual library setting may not be overwritten. (ATTR-12)
Information: The design specific attribute override for lib_cell 'saed14hvt:SAEDHVT14_DELPROGS4_4.timing' is set in the current block 'ibex_hvt_cts', because the actual library setting may not be overwritten. (ATTR-12)
Information: The design specific attribute override for lib_cell 'saed14hvt:SAEDHVT14_DELPROGS4_6.timing' is set in the current block 'ibex_hvt_cts', because the actual library setting may not be overwritten. (ATTR-12)
Information: The design specific attribute override for lib_cell 'saed14hvt:SAEDHVT14_DELPROGS4_8.timing' is set in the current block 'ibex_hvt_cts', because the actual library setting may not be overwritten. (ATTR-12)
Information: The design specific attribute override for lib_cell 'saed14hvt:SAEDHVT14_DELPROGS4_Y2_24.timing' is set in the current block 'ibex_hvt_cts', because the actual library setting may not be overwritten. (ATTR-12)
Information: The design specific attribute override for lib_cell 'saed14hvt:SAEDHVT14_DELPROGS9_V1_4.timing' is set in the current block 'ibex_hvt_cts', because the actual library setting may not be overwritten. (ATTR-12)
Information: The design specific attribute override for lib_cell 'saed14hvt:SAEDHVT14_DELPROGS9_V2_4.timing' is set in the current block 'ibex_hvt_cts', because the actual library setting may not be overwritten. (ATTR-12)
Information: The design specific attribute override for lib_cell 'saed14hvt:SAEDHVT14_DEL_R2V1_1.timing' is set in the current block 'ibex_hvt_cts', because the actual library setting may not be overwritten. (ATTR-12)
Information: The design specific attribute override for lib_cell 'saed14hvt:SAEDHVT14_DEL_R2V1_2.timing' is set in the current block 'ibex_hvt_cts', because the actual library setting may not be overwritten. (ATTR-12)
Information: The design specific attribute override for lib_cell 'saed14hvt:SAEDHVT14_DEL_R2V2_1.timing' is set in the current block 'ibex_hvt_cts', because the actual library setting may not be overwritten. (ATTR-12)
Information: The design specific attribute override for lib_cell 'saed14hvt:SAEDHVT14_DEL_R2V2_2.timing' is set in the current block 'ibex_hvt_cts', because the actual library setting may not be overwritten. (ATTR-12)
Information: The design specific attribute override for lib_cell 'saed14hvt:SAEDHVT14_DEL_R2V3_1.timing' is set in the current block 'ibex_hvt_cts', because the actual library setting may not be overwritten. (ATTR-12)
Information: The design specific attribute override for lib_cell 'saed14hvt:SAEDHVT14_DEL_R2V3_2.timing' is set in the current block 'ibex_hvt_cts', because the actual library setting may not be overwritten. (ATTR-12)
Information: The design specific attribute override for lib_cell 'saed14hvt:SAEDHVT14_DEL_PR2V2_1.timing' is set in the current block 'ibex_hvt_cts', because the actual library setting may not be overwritten. (ATTR-12)
1
Information: The design specific attribute override for lib_cell 'saed14hvt:SAEDHVT14_DEL_L4D100_1.timing' is set in the current block 'ibex_hvt_cts', because the actual library setting may not be overwritten. (ATTR-12)
Information: The design specific attribute override for lib_cell 'saed14hvt:SAEDHVT14_DEL_L4D100_2.timing' is set in the current block 'ibex_hvt_cts', because the actual library setting may not be overwritten. (ATTR-12)
Information: The design specific attribute override for lib_cell 'saed14hvt:SAEDHVT14_DELPROGS4_12.timing' is set in the current block 'ibex_hvt_cts', because the actual library setting may not be overwritten. (ATTR-12)
Information: The design specific attribute override for lib_cell 'saed14hvt:SAEDHVT14_DELPROGS4_16.timing' is set in the current block 'ibex_hvt_cts', because the actual library setting may not be overwritten. (ATTR-12)
Information: The design specific attribute override for lib_cell 'saed14hvt:SAEDHVT14_DELPROGS4_4.timing' is set in the current block 'ibex_hvt_cts', because the actual library setting may not be overwritten. (ATTR-12)
Information: The design specific attribute override for lib_cell 'saed14hvt:SAEDHVT14_DELPROGS4_6.timing' is set in the current block 'ibex_hvt_cts', because the actual library setting may not be overwritten. (ATTR-12)
Information: The design specific attribute override for lib_cell 'saed14hvt:SAEDHVT14_DELPROGS4_8.timing' is set in the current block 'ibex_hvt_cts', because the actual library setting may not be overwritten. (ATTR-12)
Information: The design specific attribute override for lib_cell 'saed14hvt:SAEDHVT14_DELPROGS4_Y2_24.timing' is set in the current block 'ibex_hvt_cts', because the actual library setting may not be overwritten. (ATTR-12)
Information: The design specific attribute override for lib_cell 'saed14hvt:SAEDHVT14_DELPROGS9_V1_4.timing' is set in the current block 'ibex_hvt_cts', because the actual library setting may not be overwritten. (ATTR-12)
Information: The design specific attribute override for lib_cell 'saed14hvt:SAEDHVT14_DELPROGS9_V2_4.timing' is set in the current block 'ibex_hvt_cts', because the actual library setting may not be overwritten. (ATTR-12)
Information: The design specific attribute override for lib_cell 'saed14hvt:SAEDHVT14_DEL_R2V1_1.timing' is set in the current block 'ibex_hvt_cts', because the actual library setting may not be overwritten. (ATTR-12)
Information: The design specific attribute override for lib_cell 'saed14hvt:SAEDHVT14_DEL_R2V1_2.timing' is set in the current block 'ibex_hvt_cts', because the actual library setting may not be overwritten. (ATTR-12)
Information: The design specific attribute override for lib_cell 'saed14hvt:SAEDHVT14_DEL_R2V2_1.timing' is set in the current block 'ibex_hvt_cts', because the actual library setting may not be overwritten. (ATTR-12)
Information: The design specific attribute override for lib_cell 'saed14hvt:SAEDHVT14_DEL_R2V2_2.timing' is set in the current block 'ibex_hvt_cts', because the actual library setting may not be overwritten. (ATTR-12)
Information: The design specific attribute override for lib_cell 'saed14hvt:SAEDHVT14_DEL_R2V3_1.timing' is set in the current block 'ibex_hvt_cts', because the actual library setting may not be overwritten. (ATTR-12)
Information: The design specific attribute override for lib_cell 'saed14hvt:SAEDHVT14_DEL_R2V3_2.timing' is set in the current block 'ibex_hvt_cts', because the actual library setting may not be overwritten. (ATTR-12)
Information: The design specific attribute override for lib_cell 'saed14hvt:SAEDHVT14_DEL_PR2V2_1.timing' is set in the current block 'ibex_hvt_cts', because the actual library setting may not be overwritten. (ATTR-12)
1
