****************************************
Report : timing
        -path_type full
        -delay_type max
        -max_paths 1
        -report_by design
Design : ibex_wrapper
Version: O-2018.06-SP1
Date   : Mon Jul  7 20:26:28 2025
****************************************

  Startpoint: ibex_top_inst/u_ibex_core/if_stage_i/instr_rdata_id_o_reg[17] (rising edge-triggered flip-flop clocked by cluster_clock_gating)
  Endpoint: instr_addr_o[13] (output port clocked by clk_i)
  Mode: Func
  Corner: Slow
  Scenario: Func_Slow
  Path Group: clk_i
  Path Type: max

  Point                                            Incr      Path  
  ------------------------------------------------------------------------
  clock cluster_clock_gating (rise edge)           0.00      0.00
  clock network delay (ideal)                      0.00      0.00

  ibex_top_inst/u_ibex_core/if_stage_i/instr_rdata_id_o_reg[17]/CK (SAEDHVT14_FSDPQ_V2_2)
                                                   0.00      0.00 r
  ibex_top_inst/u_ibex_core/if_stage_i/instr_rdata_id_o_reg[17]/Q (SAEDHVT14_FSDPQ_V2_2)
                                                   0.09      0.09 r
  U6310/X (SAEDHVT14_INV_2)                        0.04      0.14 f
  U6311/X (SAEDHVT14_INV_2)                        0.05      0.19 r
  ibex_top_inst/gen_regfile_ff.register_file_i/U582/X (SAEDHVT14_INV_2)
                                                   0.04      0.22 f
  ibex_top_inst/gen_regfile_ff.register_file_i/U45/X (SAEDHVT14_AN3_2)
                                                   0.04      0.26 f
  ibex_top_inst/gen_regfile_ff.register_file_i/U517/X (SAEDHVT14_AN2_4)
                                                   0.07      0.33 f
  ibex_top_inst/gen_regfile_ff.register_file_i/U654/X (SAEDHVT14_AN2_2)
                                                   0.05      0.38 f
  ibex_top_inst/gen_regfile_ff.register_file_i/U2072/X (SAEDHVT14_OR4_2)
                                                   0.03      0.42 f
  ibex_top_inst/gen_regfile_ff.register_file_i/U2074/X (SAEDHVT14_OR4_2)
                                                   0.04      0.46 f
  ibex_top_inst/gen_regfile_ff.register_file_i/U2075/X (SAEDHVT14_OR4_2)
                                                   0.06      0.52 f
  U6209/X (SAEDHVT14_MUXI2_2)                      0.07      0.59 r
  PLACE_HFSINV_1022_221/X (SAEDHVT14_INV_3)        0.06      0.66 f
  PLACE_HFSBUF_727_220/X (SAEDHVT14_BUF_S_6)       0.06      0.71 f
  U7966/X (SAEDHVT14_OR2_2)                        0.04      0.75 f
  U4413/X (SAEDHVT14_ND4_2)                        0.03      0.79 r
  U4528/X (SAEDHVT14_AN2_2)                        0.02      0.81 r
  U7970/X (SAEDHVT14_OR2_2)                        0.02      0.83 r
  U8035/CO (SAEDHVT14_ADDF_V2_2)                   0.04      0.87 r
  U8006/CO (SAEDHVT14_ADDF_V2_2)                   0.02      0.89 r
  U8005/CO (SAEDHVT14_ADDF_V2_2)                   0.02      0.91 r
  U8004/CO (SAEDHVT14_ADDF_V2_2)                   0.02      0.94 r
  U8003/CO (SAEDHVT14_ADDF_V2_2)                   0.02      0.96 r
  U8002/CO (SAEDHVT14_ADDF_V2_2)                   0.02      0.98 r
  U8001/CO (SAEDHVT14_ADDF_V2_2)                   0.02      1.01 r
  U8000/CO (SAEDHVT14_ADDF_V2_2)                   0.02      1.03 r
  U7999/CO (SAEDHVT14_ADDF_V2_2)                   0.02      1.06 r
  U7998/CO (SAEDHVT14_ADDF_V2_2)                   0.02      1.08 r
  U7997/CO (SAEDHVT14_ADDF_V2_2)                   0.02      1.10 r
  U7996/CO (SAEDHVT14_ADDF_V2_2)                   0.02      1.13 r
  U7995/CO (SAEDHVT14_ADDF_V2_2)                   0.02      1.15 r
  U7994/CO (SAEDHVT14_ADDF_V2_2)                   0.02      1.17 r
  U7993/CO (SAEDHVT14_ADDF_V2_2)                   0.02      1.20 r
  U7992/CO (SAEDHVT14_ADDF_V2_2)                   0.02      1.22 r
  U7991/CO (SAEDHVT14_ADDF_V2_2)                   0.02      1.24 r
  U7990/CO (SAEDHVT14_ADDF_V2_2)                   0.02      1.27 r
  U7989/CO (SAEDHVT14_ADDF_V2_2)                   0.02      1.29 r
  U7988/CO (SAEDHVT14_ADDF_V2_2)                   0.02      1.32 r
  U7987/CO (SAEDHVT14_ADDF_V2_2)                   0.02      1.34 r
  U7986/CO (SAEDHVT14_ADDF_V2_2)                   0.02      1.36 r
  U7985/CO (SAEDHVT14_ADDF_V2_2)                   0.02      1.39 r
  U7984/CO (SAEDHVT14_ADDF_V2_2)                   0.02      1.41 r
  U7983/CO (SAEDHVT14_ADDF_V2_2)                   0.02      1.44 r
  U7982/CO (SAEDHVT14_ADDF_V2_2)                   0.02      1.46 r
  U7981/CO (SAEDHVT14_ADDF_V2_2)                   0.02      1.48 r
  U7980/CO (SAEDHVT14_ADDF_V2_2)                   0.03      1.51 r
  U8018/CO (SAEDHVT14_ADDF_V2_2)                   0.03      1.54 r
  U8021/CO (SAEDHVT14_ADDF_V2_2)                   0.02      1.56 r
  U4466/X (SAEDHVT14_EO3_4)                        0.10      1.67 f
  U8109/X (SAEDHVT14_OR4_2)                        0.06      1.73 f
  U8110/X (SAEDHVT14_OR4_2)                        0.04      1.77 f
  U8111/X (SAEDHVT14_OR4_2)                        0.06      1.83 f
  U5202/X (SAEDHVT14_OR2_2)                        0.03      1.86 f
  U8112/X (SAEDHVT14_OR3_2)                        0.03      1.89 f
  U8115/X (SAEDHVT14_ND2_2)                        0.01      1.90 r
  U5978/X (SAEDHVT14_OR2_2)                        0.02      1.91 r
  U8117/X (SAEDHVT14_ND2_2)                        0.01      1.93 f
  U6255/X (SAEDHVT14_AN2_2)                        0.02      1.95 f
  U6257/X (SAEDHVT14_OR2_2)                        0.03      1.97 f
  U6306/X (SAEDHVT14_AN3_2)                        0.06      2.04 f
  U8120/CKOUTB (SAEDHVT14_CLKSPLT_8)               0.08      2.11 r
  U4409/X (SAEDHVT14_AN3_2)                        0.06      2.17 r
  U6821/X (SAEDHVT14_AN3_2)                        0.07      2.24 r
  U10379/X (SAEDHVT14_AN2_2)                       0.04      2.28 r
  U10380/X (SAEDHVT14_OR4_2)                       0.02      2.31 r
  U10384/X (SAEDHVT14_OR2_2)                       0.04      2.35 r
  U7337/X (SAEDHVT14_OR2_2)                        0.04      2.39 r
  U10386/X (SAEDHVT14_MUX2_2)                      0.06      2.45 r
  instr_addr_o[13] (out)                           0.00      2.45 r
  data arrival time                                          2.45

  clock clk_i (rise edge)                          5.00      5.00
  clock network delay (ideal)                      0.00      5.00
  clock uncertainty                               -0.20      4.80
  output external delay                           -1.50      3.30
  data required time                                         3.30
  ------------------------------------------------------------------------
  data required time                                         3.30
  data arrival time                                         -2.45
  ------------------------------------------------------------------------
  slack (MET)                                                0.85


1
