Warning: Cell contains tie connections which are not connected to real PG. (ZRT-511)
Turn off antenna since no rule is specified
Cell Min-Routing-Layer = M1
Cell Max-Routing-Layer = M9
Warning: There is no constraint to limit maximum number of secondary power and ground (PG) pins in a cluster. (ZRT-536)
Warning: There is no constraint to limit maximum number of secondary power and ground (PG) pins in a cluster. (ZRT-536)
Warning: There is no constraint to limit maximum number of secondary power and ground (PG) pins in a cluster. (ZRT-536)
Warning: There is no constraint to limit maximum number of secondary power and ground (PG) pins in a cluster. (ZRT-536)
Warning: There is no constraint to limit maximum number of secondary power and ground (PG) pins in a cluster. (ZRT-536)
Warning: There is no constraint to limit maximum number of secondary power and ground (PG) pins in a cluster. (ZRT-536)
Warning: There is no constraint to limit maximum number of secondary power and ground (PG) pins in a cluster. (ZRT-536)
Warning: There is no constraint to limit maximum number of secondary power and ground (PG) pins in a cluster. (ZRT-536)
Warning: There is no constraint to limit maximum number of secondary power and ground (PG) pins in a cluster. (ZRT-536)
Warning: There is no constraint to limit maximum number of secondary power and ground (PG) pins in a cluster. (ZRT-536)
Warning: There is no constraint to limit maximum number of secondary power and ground (PG) pins in a cluster. (ZRT-536)
Warning: There is no constraint to limit maximum number of secondary power and ground (PG) pins in a cluster. (ZRT-536)
Warning: There is no constraint to limit maximum number of secondary power and ground (PG) pins in a cluster. (ZRT-536)
Warning: There is no constraint to limit maximum number of secondary power and ground (PG) pins in a cluster. (ZRT-536)
Warning: There is no constraint to limit maximum number of secondary power and ground (PG) pins in a cluster. (ZRT-536)
Warning: There is no constraint to limit maximum number of secondary power and ground (PG) pins in a cluster. (ZRT-536)
Warning: There is no constraint to limit maximum number of secondary power and ground (PG) pins in a cluster. (ZRT-536)
Warning: There is no constraint to limit maximum number of secondary power and ground (PG) pins in a cluster. (ZRT-536)
Warning: There is no constraint to limit maximum number of secondary power and ground (PG) pins in a cluster. (ZRT-536)
Warning: There is no constraint to limit maximum number of secondary power and ground (PG) pins in a cluster. (ZRT-536)
Warning: There is no constraint to limit maximum number of secondary power and ground (PG) pins in a cluster. (ZRT-536)
Warning: There is no constraint to limit maximum number of secondary power and ground (PG) pins in a cluster. (ZRT-536)
Warning: There is no constraint to limit maximum number of secondary power and ground (PG) pins in a cluster. (ZRT-536)
Warning: There is no constraint to limit maximum number of secondary power and ground (PG) pins in a cluster. (ZRT-536)
Warning: There is no constraint to limit maximum number of secondary power and ground (PG) pins in a cluster. (ZRT-536)
Warning: There is no constraint to limit maximum number of secondary power and ground (PG) pins in a cluster. (ZRT-536)
Warning: Ignore 2 top cell ports with no pins. (ZRT-027)
Info: number of net_type_blockage: 0 
Via on layer (VIA1) needs more than one tracks
Warning: Layer M1 pitch 0.074 may be too small: wire/via-down 0.074, wire/via-up 0.098. (ZRT-026)
Via on layer (VIA1) needs more than one tracks
Warning: Layer M2 pitch 0.060 may be too small: wire/via-down 0.098, wire/via-up 0.060. (ZRT-026)
Via on layer (VIA3) needs more than one tracks
Warning: Layer M3 pitch 0.074 may be too small: wire/via-down 0.060, wire/via-up 0.080. (ZRT-026)
Wire on layer (M4) needs more than one tracks
Via on layer (VIA3) needs more than one tracks
Via on layer (VIA4) needs more than one tracks
Warning: Layer M4 pitch 0.074 may be too small: wire/via-down 0.107, wire/via-up 0.105. (ZRT-026)
Via on layer (VIA4) needs more than one tracks
Warning: Layer M5 pitch 0.120 may be too small: wire/via-down 0.135, wire/via-up 0.107. (ZRT-026)
Via on layer (VIA8) needs more than one tracks
Warning: Layer M8 pitch 0.120 may be too small: wire/via-down 0.107, wire/via-up 0.135. (ZRT-026)
Wire on layer (M9) needs more than one tracks
Via on layer (VIA8) needs more than one tracks
Via on layer (VIARDL) needs more than one tracks
Warning: Layer M9 pitch 0.120 may be too small: wire/via-down 0.135, wire/via-up 1.570. (ZRT-026)
Via on layer (VIARDL) needs more than one tracks
Warning: Layer MRDL pitch 0.600 may be too small: wire/via-down 4.500, wire/via-up 0.600. (ZRT-026)
Transition layer name: M3(2)
Warning: Standard cell pin SAEDHVT14_INV_PS_2/VDD has no valid via regions. (ZRT-044)
Warning: Standard cell pin SAEDHVT14_NR3B_2/B2 has no valid via regions. (ZRT-044)
Warning: Standard cell pin SAEDHVT14_NR2_2/A1 has no valid via regions. (ZRT-044)
Warning: Standard cell pin SAEDHVT14_NR2_2/X has no valid via regions. (ZRT-044)
Warning: Standard cell pin SAEDHVT14_BUF_PECO_12/VDD has no valid via regions. (ZRT-044)
Warning: Standard cell pin SAEDHVT14_BUF_PECO_2/VDD has no valid via regions. (ZRT-044)
Warning: Standard cell pin SAEDHVT14_BUF_PECO_4/VDD has no valid via regions. (ZRT-044)
Warning: Standard cell pin SAEDHVT14_BUF_PECO_8/VDD has no valid via regions. (ZRT-044)
Warning: Standard cell pin SAEDHVT14_BUF_PS_3/VDD has no valid via regions. (ZRT-044)
Warning: Standard cell pin SAEDHVT14_BUF_PS_6/VDD has no valid via regions. (ZRT-044)
Warning: Standard cell pin SAEDHVT14_INV_PECO_12/VDD has no valid via regions. (ZRT-044)
Warning: Standard cell pin SAEDHVT14_INV_PECO_2/VDD has no valid via regions. (ZRT-044)
Warning: Standard cell pin SAEDHVT14_INV_PECO_4/VDD has no valid via regions. (ZRT-044)
Warning: Standard cell pin SAEDHVT14_INV_PECO_8/VDD has no valid via regions. (ZRT-044)
Warning: Standard cell pin SAEDHVT14_INV_PS_3/VDD has no valid via regions. (ZRT-044)
Warning: Standard cell pin SAEDHVT14_INV_PS_6/VDD has no valid via regions. (ZRT-044)


Start checking for open nets ... 

net(rst_ni) has floating ports (dbId = 1 idx_ = 1 numNodes = 32 numEdges = 0 numCmps = 32)
net(test_en_i) has floating ports (dbId = 2 idx_ = 2 numNodes = 2 numEdges = 0 numCmps = 2)
net(hart_id_i[31]) has floating ports (dbId = 13 idx_ = 13 numNodes = 2 numEdges = 0 numCmps = 2)
net(hart_id_i[30]) has floating ports (dbId = 14 idx_ = 14 numNodes = 2 numEdges = 0 numCmps = 2)
net(hart_id_i[29]) has floating ports (dbId = 15 idx_ = 15 numNodes = 2 numEdges = 0 numCmps = 2)
net(hart_id_i[28]) has floating ports (dbId = 16 idx_ = 16 numNodes = 2 numEdges = 0 numCmps = 2)
net(hart_id_i[27]) has floating ports (dbId = 17 idx_ = 17 numNodes = 2 numEdges = 0 numCmps = 2)
net(hart_id_i[26]) has floating ports (dbId = 18 idx_ = 18 numNodes = 2 numEdges = 0 numCmps = 2)
net(hart_id_i[25]) has floating ports (dbId = 19 idx_ = 19 numNodes = 2 numEdges = 0 numCmps = 2)
net(hart_id_i[24]) has floating ports (dbId = 20 idx_ = 20 numNodes = 2 numEdges = 0 numCmps = 2)
net(hart_id_i[23]) has floating ports (dbId = 21 idx_ = 21 numNodes = 2 numEdges = 0 numCmps = 2)
net(hart_id_i[22]) has floating ports (dbId = 22 idx_ = 22 numNodes = 2 numEdges = 0 numCmps = 2)
net(hart_id_i[21]) has floating ports (dbId = 23 idx_ = 23 numNodes = 2 numEdges = 0 numCmps = 2)
net(hart_id_i[20]) has floating ports (dbId = 24 idx_ = 24 numNodes = 2 numEdges = 0 numCmps = 2)
net(hart_id_i[19]) has floating ports (dbId = 25 idx_ = 25 numNodes = 2 numEdges = 0 numCmps = 2)
net(hart_id_i[18]) has floating ports (dbId = 26 idx_ = 26 numNodes = 2 numEdges = 0 numCmps = 2)
net(hart_id_i[17]) has floating ports (dbId = 27 idx_ = 27 numNodes = 2 numEdges = 0 numCmps = 2)
net(hart_id_i[16]) has floating ports (dbId = 28 idx_ = 28 numNodes = 2 numEdges = 0 numCmps = 2)
net(hart_id_i[15]) has floating ports (dbId = 29 idx_ = 29 numNodes = 2 numEdges = 0 numCmps = 2)
net(hart_id_i[14]) has floating ports (dbId = 30 idx_ = 30 numNodes = 2 numEdges = 0 numCmps = 2)
net(hart_id_i[13]) has floating ports (dbId = 31 idx_ = 31 numNodes = 2 numEdges = 0 numCmps = 2)
net(hart_id_i[12]) has floating ports (dbId = 32 idx_ = 32 numNodes = 2 numEdges = 0 numCmps = 2)
net(hart_id_i[11]) has floating ports (dbId = 33 idx_ = 33 numNodes = 2 numEdges = 0 numCmps = 2)
net(hart_id_i[10]) has floating ports (dbId = 34 idx_ = 34 numNodes = 2 numEdges = 0 numCmps = 2)
net(hart_id_i[9]) has floating ports (dbId = 35 idx_ = 35 numNodes = 2 numEdges = 0 numCmps = 2)
net(hart_id_i[8]) has floating ports (dbId = 36 idx_ = 36 numNodes = 2 numEdges = 0 numCmps = 2)
net(hart_id_i[7]) has floating ports (dbId = 37 idx_ = 37 numNodes = 2 numEdges = 0 numCmps = 2)
net(hart_id_i[6]) has floating ports (dbId = 38 idx_ = 38 numNodes = 2 numEdges = 0 numCmps = 2)
net(hart_id_i[5]) has floating ports (dbId = 39 idx_ = 39 numNodes = 2 numEdges = 0 numCmps = 2)
net(hart_id_i[4]) has floating ports (dbId = 40 idx_ = 40 numNodes = 2 numEdges = 0 numCmps = 2)
net(hart_id_i[3]) has floating ports (dbId = 41 idx_ = 41 numNodes = 2 numEdges = 0 numCmps = 2)
net(hart_id_i[2]) has floating ports (dbId = 42 idx_ = 42 numNodes = 2 numEdges = 0 numCmps = 2)
net(hart_id_i[1]) has floating ports (dbId = 43 idx_ = 43 numNodes = 2 numEdges = 0 numCmps = 2)
net(hart_id_i[0]) has floating ports (dbId = 44 idx_ = 44 numNodes = 2 numEdges = 0 numCmps = 2)
net(boot_addr_i[31]) has floating ports (dbId = 45 idx_ = 45 numNodes = 3 numEdges = 0 numCmps = 3)
net(boot_addr_i[30]) has floating ports (dbId = 46 idx_ = 46 numNodes = 3 numEdges = 0 numCmps = 3)
net(boot_addr_i[29]) has floating ports (dbId = 47 idx_ = 47 numNodes = 3 numEdges = 0 numCmps = 3)
net(boot_addr_i[28]) has floating ports (dbId = 48 idx_ = 48 numNodes = 3 numEdges = 0 numCmps = 3)
net(boot_addr_i[27]) has floating ports (dbId = 49 idx_ = 49 numNodes = 3 numEdges = 0 numCmps = 3)
net(boot_addr_i[26]) has floating ports (dbId = 50 idx_ = 50 numNodes = 3 numEdges = 0 numCmps = 3)
net(boot_addr_i[25]) has floating ports (dbId = 51 idx_ = 51 numNodes = 3 numEdges = 0 numCmps = 3)
net(boot_addr_i[24]) has floating ports (dbId = 52 idx_ = 52 numNodes = 3 numEdges = 0 numCmps = 3)
net(boot_addr_i[23]) has floating ports (dbId = 53 idx_ = 53 numNodes = 3 numEdges = 0 numCmps = 3)
net(boot_addr_i[22]) has floating ports (dbId = 54 idx_ = 54 numNodes = 3 numEdges = 0 numCmps = 3)
net(boot_addr_i[21]) has floating ports (dbId = 55 idx_ = 55 numNodes = 3 numEdges = 0 numCmps = 3)
net(boot_addr_i[20]) has floating ports (dbId = 56 idx_ = 56 numNodes = 3 numEdges = 0 numCmps = 3)
net(boot_addr_i[19]) has floating ports (dbId = 57 idx_ = 57 numNodes = 3 numEdges = 0 numCmps = 3)
net(boot_addr_i[18]) has floating ports (dbId = 58 idx_ = 58 numNodes = 3 numEdges = 0 numCmps = 3)
net(boot_addr_i[17]) has floating ports (dbId = 59 idx_ = 59 numNodes = 3 numEdges = 0 numCmps = 3)
net(boot_addr_i[16]) has floating ports (dbId = 60 idx_ = 60 numNodes = 3 numEdges = 0 numCmps = 3)
net(boot_addr_i[15]) has floating ports (dbId = 61 idx_ = 61 numNodes = 3 numEdges = 0 numCmps = 3)
net(boot_addr_i[14]) has floating ports (dbId = 62 idx_ = 62 numNodes = 3 numEdges = 0 numCmps = 3)
net(boot_addr_i[13]) has floating ports (dbId = 63 idx_ = 63 numNodes = 3 numEdges = 0 numCmps = 3)
net(boot_addr_i[12]) has floating ports (dbId = 64 idx_ = 64 numNodes = 3 numEdges = 0 numCmps = 3)
net(boot_addr_i[11]) has floating ports (dbId = 65 idx_ = 65 numNodes = 3 numEdges = 0 numCmps = 3)
net(boot_addr_i[10]) has floating ports (dbId = 66 idx_ = 66 numNodes = 3 numEdges = 0 numCmps = 3)
net(boot_addr_i[9]) has floating ports (dbId = 67 idx_ = 67 numNodes = 3 numEdges = 0 numCmps = 3)
net(boot_addr_i[8]) has floating ports (dbId = 68 idx_ = 68 numNodes = 3 numEdges = 0 numCmps = 3)
net(instr_req_o) has floating ports (dbId = 77 idx_ = 77 numNodes = 5 numEdges = 0 numCmps = 5)
net(instr_gnt_i) has floating ports (dbId = 78 idx_ = 78 numNodes = 5 numEdges = 0 numCmps = 5)
net(instr_rvalid_i) has floating ports (dbId = 79 idx_ = 79 numNodes = 5 numEdges = 0 numCmps = 5)
net(instr_addr_o[31]) has floating ports (dbId = 80 idx_ = 80 numNodes = 2 numEdges = 0 numCmps = 2)
net(instr_addr_o[30]) has floating ports (dbId = 81 idx_ = 81 numNodes = 2 numEdges = 0 numCmps = 2)
net(instr_addr_o[29]) has floating ports (dbId = 82 idx_ = 82 numNodes = 2 numEdges = 0 numCmps = 2)
net(instr_addr_o[28]) has floating ports (dbId = 83 idx_ = 83 numNodes = 2 numEdges = 0 numCmps = 2)
net(instr_addr_o[27]) has floating ports (dbId = 84 idx_ = 84 numNodes = 2 numEdges = 0 numCmps = 2)
net(instr_addr_o[26]) has floating ports (dbId = 85 idx_ = 85 numNodes = 2 numEdges = 0 numCmps = 2)
net(instr_addr_o[25]) has floating ports (dbId = 86 idx_ = 86 numNodes = 2 numEdges = 0 numCmps = 2)
net(instr_addr_o[24]) has floating ports (dbId = 87 idx_ = 87 numNodes = 2 numEdges = 0 numCmps = 2)
net(instr_addr_o[23]) has floating ports (dbId = 88 idx_ = 88 numNodes = 2 numEdges = 0 numCmps = 2)
net(instr_addr_o[22]) has floating ports (dbId = 89 idx_ = 89 numNodes = 2 numEdges = 0 numCmps = 2)
net(instr_addr_o[21]) has floating ports (dbId = 90 idx_ = 90 numNodes = 2 numEdges = 0 numCmps = 2)
net(instr_addr_o[20]) has floating ports (dbId = 91 idx_ = 91 numNodes = 2 numEdges = 0 numCmps = 2)
net(instr_addr_o[19]) has floating ports (dbId = 92 idx_ = 92 numNodes = 2 numEdges = 0 numCmps = 2)
net(instr_addr_o[18]) has floating ports (dbId = 93 idx_ = 93 numNodes = 2 numEdges = 0 numCmps = 2)
net(instr_addr_o[17]) has floating ports (dbId = 94 idx_ = 94 numNodes = 2 numEdges = 0 numCmps = 2)
net(instr_addr_o[16]) has floating ports (dbId = 95 idx_ = 95 numNodes = 2 numEdges = 0 numCmps = 2)
net(instr_addr_o[15]) has floating ports (dbId = 96 idx_ = 96 numNodes = 2 numEdges = 0 numCmps = 2)
net(instr_addr_o[14]) has floating ports (dbId = 97 idx_ = 97 numNodes = 2 numEdges = 0 numCmps = 2)
net(instr_addr_o[13]) has floating ports (dbId = 98 idx_ = 98 numNodes = 2 numEdges = 0 numCmps = 2)
net(instr_addr_o[12]) has floating ports (dbId = 99 idx_ = 99 numNodes = 2 numEdges = 0 numCmps = 2)
net(instr_addr_o[11]) has floating ports (dbId = 100 idx_ = 100 numNodes = 2 numEdges = 0 numCmps = 2)
net(instr_addr_o[10]) has floating ports (dbId = 101 idx_ = 101 numNodes = 2 numEdges = 0 numCmps = 2)
net(instr_addr_o[9]) has floating ports (dbId = 102 idx_ = 102 numNodes = 2 numEdges = 0 numCmps = 2)
net(instr_addr_o[8]) has floating ports (dbId = 103 idx_ = 103 numNodes = 2 numEdges = 0 numCmps = 2)
net(instr_addr_o[7]) has floating ports (dbId = 104 idx_ = 104 numNodes = 2 numEdges = 0 numCmps = 2)
net(instr_addr_o[6]) has floating ports (dbId = 105 idx_ = 105 numNodes = 2 numEdges = 0 numCmps = 2)
net(instr_addr_o[5]) has floating ports (dbId = 106 idx_ = 106 numNodes = 2 numEdges = 0 numCmps = 2)
net(instr_addr_o[4]) has floating ports (dbId = 107 idx_ = 107 numNodes = 2 numEdges = 0 numCmps = 2)
net(instr_addr_o[3]) has floating ports (dbId = 108 idx_ = 108 numNodes = 2 numEdges = 0 numCmps = 2)
net(instr_addr_o[2]) has floating ports (dbId = 109 idx_ = 109 numNodes = 2 numEdges = 0 numCmps = 2)
net(instr_addr_o[1]) has floating ports (dbId = 110 idx_ = 110 numNodes = 2 numEdges = 0 numCmps = 2)
net(instr_addr_o[0]) has floating ports (dbId = 111 idx_ = 111 numNodes = 2 numEdges = 0 numCmps = 2)
net(instr_rdata_i[31]) has floating ports (dbId = 112 idx_ = 112 numNodes = 6 numEdges = 0 numCmps = 6)
net(instr_rdata_i[30]) has floating ports (dbId = 113 idx_ = 113 numNodes = 6 numEdges = 0 numCmps = 6)
net(instr_rdata_i[29]) has floating ports (dbId = 114 idx_ = 114 numNodes = 6 numEdges = 0 numCmps = 6)
net(instr_rdata_i[28]) has floating ports (dbId = 115 idx_ = 115 numNodes = 6 numEdges = 0 numCmps = 6)
net(instr_rdata_i[27]) has floating ports (dbId = 116 idx_ = 116 numNodes = 6 numEdges = 0 numCmps = 6)
net(instr_rdata_i[26]) has floating ports (dbId = 117 idx_ = 117 numNodes = 6 numEdges = 0 numCmps = 6)
net(instr_rdata_i[25]) has floating ports (dbId = 118 idx_ = 118 numNodes = 6 numEdges = 0 numCmps = 6)
net(instr_rdata_i[24]) has floating ports (dbId = 119 idx_ = 119 numNodes = 6 numEdges = 0 numCmps = 6)
net(instr_rdata_i[23]) has floating ports (dbId = 120 idx_ = 120 numNodes = 6 numEdges = 0 numCmps = 6)
net(instr_rdata_i[22]) has floating ports (dbId = 121 idx_ = 121 numNodes = 6 numEdges = 0 numCmps = 6)
net(instr_rdata_i[21]) has floating ports (dbId = 122 idx_ = 122 numNodes = 6 numEdges = 0 numCmps = 6)
net(instr_rdata_i[20]) has floating ports (dbId = 123 idx_ = 123 numNodes = 6 numEdges = 0 numCmps = 6)
net(instr_rdata_i[19]) has floating ports (dbId = 124 idx_ = 124 numNodes = 6 numEdges = 0 numCmps = 6)
net(instr_rdata_i[18]) has floating ports (dbId = 125 idx_ = 125 numNodes = 6 numEdges = 0 numCmps = 6)
net(instr_rdata_i[17]) has floating ports (dbId = 126 idx_ = 126 numNodes = 5 numEdges = 0 numCmps = 5)
net(instr_rdata_i[16]) has floating ports (dbId = 127 idx_ = 127 numNodes = 5 numEdges = 0 numCmps = 5)
net(instr_rdata_i[15]) has floating ports (dbId = 128 idx_ = 128 numNodes = 6 numEdges = 0 numCmps = 6)
net(instr_rdata_i[14]) has floating ports (dbId = 129 idx_ = 129 numNodes = 6 numEdges = 0 numCmps = 6)
net(instr_rdata_i[13]) has floating ports (dbId = 130 idx_ = 130 numNodes = 6 numEdges = 0 numCmps = 6)
net(instr_rdata_i[12]) has floating ports (dbId = 131 idx_ = 131 numNodes = 6 numEdges = 0 numCmps = 6)
net(instr_rdata_i[11]) has floating ports (dbId = 132 idx_ = 132 numNodes = 6 numEdges = 0 numCmps = 6)
net(instr_rdata_i[10]) has floating ports (dbId = 133 idx_ = 133 numNodes = 6 numEdges = 0 numCmps = 6)
net(instr_rdata_i[9]) has floating ports (dbId = 134 idx_ = 134 numNodes = 6 numEdges = 0 numCmps = 6)
net(instr_rdata_i[8]) has floating ports (dbId = 135 idx_ = 135 numNodes = 6 numEdges = 0 numCmps = 6)
net(instr_rdata_i[7]) has floating ports (dbId = 136 idx_ = 136 numNodes = 6 numEdges = 0 numCmps = 6)
net(instr_rdata_i[6]) has floating ports (dbId = 137 idx_ = 137 numNodes = 6 numEdges = 0 numCmps = 6)
net(instr_rdata_i[5]) has floating ports (dbId = 138 idx_ = 138 numNodes = 6 numEdges = 0 numCmps = 6)
net(instr_rdata_i[4]) has floating ports (dbId = 139 idx_ = 139 numNodes = 6 numEdges = 0 numCmps = 6)
net(instr_rdata_i[3]) has floating ports (dbId = 140 idx_ = 140 numNodes = 6 numEdges = 0 numCmps = 6)
net(instr_rdata_i[2]) has floating ports (dbId = 141 idx_ = 141 numNodes = 6 numEdges = 0 numCmps = 6)
net(instr_rdata_i[1]) has floating ports (dbId = 142 idx_ = 142 numNodes = 7 numEdges = 0 numCmps = 7)
net(instr_rdata_i[0]) has floating ports (dbId = 143 idx_ = 143 numNodes = 7 numEdges = 0 numCmps = 7)
net(instr_err_i) has floating ports (dbId = 151 idx_ = 151 numNodes = 8 numEdges = 0 numCmps = 8)
net(data_req_o) has floating ports (dbId = 152 idx_ = 152 numNodes = 3 numEdges = 0 numCmps = 3)
net(data_gnt_i) has floating ports (dbId = 153 idx_ = 153 numNodes = 4 numEdges = 0 numCmps = 4)
net(data_rvalid_i) has floating ports (dbId = 154 idx_ = 154 numNodes = 5 numEdges = 0 numCmps = 5)
net(data_we_o) has floating ports (dbId = 155 idx_ = 155 numNodes = 3 numEdges = 0 numCmps = 3)
net(data_be_o[3]) has floating ports (dbId = 156 idx_ = 156 numNodes = 2 numEdges = 0 numCmps = 2)
net(data_be_o[2]) has floating ports (dbId = 157 idx_ = 157 numNodes = 2 numEdges = 0 numCmps = 2)
net(data_be_o[1]) has floating ports (dbId = 158 idx_ = 158 numNodes = 2 numEdges = 0 numCmps = 2)
net(data_be_o[0]) has floating ports (dbId = 159 idx_ = 159 numNodes = 2 numEdges = 0 numCmps = 2)
net(data_addr_o[31]) has floating ports (dbId = 160 idx_ = 160 numNodes = 14 numEdges = 0 numCmps = 14)
net(data_addr_o[30]) has floating ports (dbId = 161 idx_ = 161 numNodes = 9 numEdges = 0 numCmps = 9)
net(data_addr_o[29]) has floating ports (dbId = 162 idx_ = 162 numNodes = 10 numEdges = 0 numCmps = 10)
net(data_addr_o[28]) has floating ports (dbId = 163 idx_ = 163 numNodes = 9 numEdges = 0 numCmps = 9)
net(data_addr_o[27]) has floating ports (dbId = 164 idx_ = 164 numNodes = 9 numEdges = 0 numCmps = 9)
net(data_addr_o[26]) has floating ports (dbId = 165 idx_ = 165 numNodes = 9 numEdges = 0 numCmps = 9)
net(data_addr_o[25]) has floating ports (dbId = 166 idx_ = 166 numNodes = 9 numEdges = 0 numCmps = 9)
net(data_addr_o[24]) has floating ports (dbId = 167 idx_ = 167 numNodes = 9 numEdges = 0 numCmps = 9)
net(data_addr_o[23]) has floating ports (dbId = 168 idx_ = 168 numNodes = 10 numEdges = 0 numCmps = 10)
net(data_addr_o[22]) has floating ports (dbId = 169 idx_ = 169 numNodes = 9 numEdges = 0 numCmps = 9)
net(data_addr_o[21]) has floating ports (dbId = 170 idx_ = 170 numNodes = 10 numEdges = 0 numCmps = 10)
net(data_addr_o[20]) has floating ports (dbId = 171 idx_ = 171 numNodes = 9 numEdges = 0 numCmps = 9)
net(data_addr_o[19]) has floating ports (dbId = 172 idx_ = 172 numNodes = 9 numEdges = 0 numCmps = 9)
net(data_addr_o[18]) has floating ports (dbId = 173 idx_ = 173 numNodes = 9 numEdges = 0 numCmps = 9)
net(data_addr_o[17]) has floating ports (dbId = 174 idx_ = 174 numNodes = 9 numEdges = 0 numCmps = 9)
net(data_addr_o[16]) has floating ports (dbId = 175 idx_ = 175 numNodes = 9 numEdges = 0 numCmps = 9)
net(data_addr_o[15]) has floating ports (dbId = 176 idx_ = 176 numNodes = 10 numEdges = 0 numCmps = 10)
net(data_addr_o[14]) has floating ports (dbId = 177 idx_ = 177 numNodes = 9 numEdges = 0 numCmps = 9)
net(data_addr_o[13]) has floating ports (dbId = 178 idx_ = 178 numNodes = 10 numEdges = 0 numCmps = 10)
net(data_addr_o[12]) has floating ports (dbId = 179 idx_ = 179 numNodes = 9 numEdges = 0 numCmps = 9)
net(data_addr_o[11]) has floating ports (dbId = 180 idx_ = 180 numNodes = 9 numEdges = 0 numCmps = 9)
net(data_addr_o[10]) has floating ports (dbId = 181 idx_ = 181 numNodes = 9 numEdges = 0 numCmps = 9)
net(data_addr_o[9]) has floating ports (dbId = 182 idx_ = 182 numNodes = 9 numEdges = 0 numCmps = 9)
net(data_addr_o[8]) has floating ports (dbId = 183 idx_ = 183 numNodes = 9 numEdges = 0 numCmps = 9)
net(data_addr_o[7]) has floating ports (dbId = 184 idx_ = 184 numNodes = 10 numEdges = 0 numCmps = 10)
net(data_addr_o[6]) has floating ports (dbId = 185 idx_ = 185 numNodes = 9 numEdges = 0 numCmps = 9)
net(data_addr_o[5]) has floating ports (dbId = 186 idx_ = 186 numNodes = 10 numEdges = 0 numCmps = 10)
net(data_addr_o[4]) has floating ports (dbId = 187 idx_ = 187 numNodes = 9 numEdges = 0 numCmps = 9)
net(data_addr_o[3]) has floating ports (dbId = 188 idx_ = 188 numNodes = 9 numEdges = 0 numCmps = 9)
net(data_addr_o[2]) has floating ports (dbId = 189 idx_ = 189 numNodes = 9 numEdges = 0 numCmps = 9)
net(data_addr_o[1]) has floating ports (dbId = 190 idx_ = 190 numNodes = 2 numEdges = 0 numCmps = 2)
net(data_addr_o[0]) has floating ports (dbId = 191 idx_ = 191 numNodes = 2 numEdges = 0 numCmps = 2)
net(data_wdata_o[31]) has floating ports (dbId = 192 idx_ = 192 numNodes = 2 numEdges = 0 numCmps = 2)
net(data_wdata_o[30]) has floating ports (dbId = 193 idx_ = 193 numNodes = 2 numEdges = 0 numCmps = 2)
net(data_wdata_o[29]) has floating ports (dbId = 194 idx_ = 194 numNodes = 2 numEdges = 0 numCmps = 2)
net(data_wdata_o[28]) has floating ports (dbId = 195 idx_ = 195 numNodes = 2 numEdges = 0 numCmps = 2)
net(data_wdata_o[27]) has floating ports (dbId = 196 idx_ = 196 numNodes = 2 numEdges = 0 numCmps = 2)
net(data_wdata_o[26]) has floating ports (dbId = 197 idx_ = 197 numNodes = 2 numEdges = 0 numCmps = 2)
net(data_wdata_o[25]) has floating ports (dbId = 198 idx_ = 198 numNodes = 2 numEdges = 0 numCmps = 2)
net(data_wdata_o[24]) has floating ports (dbId = 199 idx_ = 199 numNodes = 2 numEdges = 0 numCmps = 2)
net(data_wdata_o[23]) has floating ports (dbId = 200 idx_ = 200 numNodes = 2 numEdges = 0 numCmps = 2)
net(data_wdata_o[22]) has floating ports (dbId = 201 idx_ = 201 numNodes = 2 numEdges = 0 numCmps = 2)
net(data_wdata_o[21]) has floating ports (dbId = 202 idx_ = 202 numNodes = 2 numEdges = 0 numCmps = 2)
net(data_wdata_o[20]) has floating ports (dbId = 203 idx_ = 203 numNodes = 2 numEdges = 0 numCmps = 2)
net(data_wdata_o[19]) has floating ports (dbId = 204 idx_ = 204 numNodes = 2 numEdges = 0 numCmps = 2)
net(data_wdata_o[18]) has floating ports (dbId = 205 idx_ = 205 numNodes = 2 numEdges = 0 numCmps = 2)
net(data_wdata_o[17]) has floating ports (dbId = 206 idx_ = 206 numNodes = 2 numEdges = 0 numCmps = 2)
net(data_wdata_o[16]) has floating ports (dbId = 207 idx_ = 207 numNodes = 2 numEdges = 0 numCmps = 2)
net(data_wdata_o[15]) has floating ports (dbId = 208 idx_ = 208 numNodes = 2 numEdges = 0 numCmps = 2)
net(data_wdata_o[14]) has floating ports (dbId = 209 idx_ = 209 numNodes = 2 numEdges = 0 numCmps = 2)
net(data_wdata_o[13]) has floating ports (dbId = 210 idx_ = 210 numNodes = 2 numEdges = 0 numCmps = 2)
net(data_wdata_o[12]) has floating ports (dbId = 211 idx_ = 211 numNodes = 2 numEdges = 0 numCmps = 2)
net(data_wdata_o[11]) has floating ports (dbId = 212 idx_ = 212 numNodes = 2 numEdges = 0 numCmps = 2)
net(data_wdata_o[10]) has floating ports (dbId = 213 idx_ = 213 numNodes = 2 numEdges = 0 numCmps = 2)
net(data_wdata_o[9]) has floating ports (dbId = 214 idx_ = 214 numNodes = 2 numEdges = 0 numCmps = 2)
net(data_wdata_o[8]) has floating ports (dbId = 215 idx_ = 215 numNodes = 2 numEdges = 0 numCmps = 2)
net(data_wdata_o[7]) has floating ports (dbId = 216 idx_ = 216 numNodes = 2 numEdges = 0 numCmps = 2)
net(data_wdata_o[6]) has floating ports (dbId = 217 idx_ = 217 numNodes = 2 numEdges = 0 numCmps = 2)
net(data_wdata_o[5]) has floating ports (dbId = 218 idx_ = 218 numNodes = 2 numEdges = 0 numCmps = 2)
net(data_wdata_o[4]) has floating ports (dbId = 219 idx_ = 219 numNodes = 2 numEdges = 0 numCmps = 2)
net(data_wdata_o[3]) has floating ports (dbId = 220 idx_ = 220 numNodes = 2 numEdges = 0 numCmps = 2)
net(data_wdata_o[2]) has floating ports (dbId = 221 idx_ = 221 numNodes = 2 numEdges = 0 numCmps = 2)
net(data_wdata_o[1]) has floating ports (dbId = 222 idx_ = 222 numNodes = 2 numEdges = 0 numCmps = 2)
net(data_wdata_o[0]) has floating ports (dbId = 223 idx_ = 223 numNodes = 2 numEdges = 0 numCmps = 2)
net(data_wdata_intg_o[6]) has floating ports (dbId = 224 idx_ = 224 numNodes = 2 numEdges = 0 numCmps = 2)
net(data_wdata_intg_o[5]) has floating ports (dbId = 225 idx_ = 225 numNodes = 2 numEdges = 0 numCmps = 2)

... and 17377 more nets has floating ports 

Total number of nets = 17909, of which 0 are not extracted
Total number of open nets = 17577, of which 0 are frozen

Check 17909 nets, 17577 have Errors

[CHECK OPEN NETS] Elapsed real time: 0:00:00 
[CHECK OPEN NETS] Elapsed cpu  time: sys=0:00:00 usr=0:00:00 total=0:00:00
[CHECK OPEN NETS] Stage (MB): Used    0  Alloctr    0  Proc    0 
[CHECK OPEN NETS] Total (MB): Used  117  Alloctr  118  Proc 1912 
Printing options for 'route.common.*'

Printing options for 'route.detail.*'
detail.force_end_on_preferred_grid                      :	 true                

Printing options for 'route.auto_via_ladder.*'


Begin full DRC check ...

Information: Using 1 threads for routing. (ZRT-444)
Checked	1/64 Partitions, Violations =	0
Checked	2/64 Partitions, Violations =	0
Checked	4/64 Partitions, Violations =	0
Checked	6/64 Partitions, Violations =	0
Checked	9/64 Partitions, Violations =	0
Checked	10/64 Partitions, Violations =	0
Checked	12/64 Partitions, Violations =	2
Checked	14/64 Partitions, Violations =	2
Checked	17/64 Partitions, Violations =	2
Checked	18/64 Partitions, Violations =	2
Checked	20/64 Partitions, Violations =	2
Checked	22/64 Partitions, Violations =	2
Checked	25/64 Partitions, Violations =	2
Checked	26/64 Partitions, Violations =	2
Checked	28/64 Partitions, Violations =	2
Checked	30/64 Partitions, Violations =	3
Checked	33/64 Partitions, Violations =	3
Checked	34/64 Partitions, Violations =	3
Checked	36/64 Partitions, Violations =	4
Checked	38/64 Partitions, Violations =	5
Checked	41/64 Partitions, Violations =	5
Checked	42/64 Partitions, Violations =	5
Checked	44/64 Partitions, Violations =	6
Checked	46/64 Partitions, Violations =	6
Checked	49/64 Partitions, Violations =	6
Checked	50/64 Partitions, Violations =	6
Checked	52/64 Partitions, Violations =	6
Checked	54/64 Partitions, Violations =	6
Checked	62/64 Partitions, Violations =	6
[DRC CHECK] Elapsed real time: 0:00:01 
[DRC CHECK] Elapsed cpu  time: sys=0:00:00 usr=0:00:01 total=0:00:01
[DRC CHECK] Stage (MB): Used    0  Alloctr    0  Proc    0 
[DRC CHECK] Total (MB): Used  137  Alloctr  138  Proc 1912 
Warning: No antenna rules defined, Skip antenna analysis. (ZRT-309)

DRC-SUMMARY:
	@@@@@@@ TOTAL VIOLATIONS =	6
	Same net via-cut spacing : 6


Total Wire Length =                    8355 micron
Total Number of Contacts =             5347
Total Number of Wires =                6496
Total Number of PtConns =              1144
Total Number of Routed Wires =       6496
Total Routed Wire Length =           7305 micron
Total Number of Routed Contacts =       5347
	Layer                 M1 :          0 micron
	Layer                 M2 :        311 micron
	Layer                 M3 :       4576 micron
	Layer                 M4 :       3042 micron
	Layer                 M5 :        214 micron
	Layer                 M6 :        166 micron
	Layer                 M7 :         46 micron
	Layer                 M8 :          0 micron
	Layer                 M9 :          0 micron
	Layer               MRDL :          0 micron
	Via              VIA89_C :          1
	Via         VIA78SQ(rot) :          1
	Via            VIA67SQ_C :          3
	Via       VIA67SQ_C(rot) :          5
	Via       VIA56SQ_C(rot) :         16
	Via              VIA56SQ :         12
	Via              VIA45SQ :        200
	Via       VIA34SQ_C(rot) :       2342
	Via         VIA34SQ(rot) :         10
	Via     VIA3_34SQ_C(rot) :          1
	Via            VIA23SQ_C :       2382
	Via          VIA23BAR2_C :          1
	Via          VIA2_33SQ_C :          2
	Via          VIA23_3SQ_C :          1
	Via        VIA2_33_3SQ_C :          1
	Via       VIA12SQ_C(rot) :        271
	Via            VIA12LG_C :         16
	Via     VIA1_32SQ_C(rot) :         81
	Via   VIA1_32_3SQ_C(rot) :          1

 
Redundant via conversion report:
--------------------------------

  Total optimized via conversion rate =  0.00% (0 / 5347 vias)
 
    Layer VIA1       =  0.00% (0      / 369     vias)
        Un-optimized =  0.00% (0       vias)
        Un-mapped    = 100.00% (369     vias)
    Layer VIA2       =  0.00% (0      / 2387    vias)
        Un-optimized =  0.00% (0       vias)
        Un-mapped    = 100.00% (2387    vias)
    Layer VIA3       =  0.00% (0      / 2353    vias)
        Un-optimized =  0.00% (0       vias)
        Un-mapped    = 100.00% (2353    vias)
    Layer VIA4       =  0.00% (0      / 200     vias)
        Un-optimized =  0.00% (0       vias)
        Un-mapped    = 100.00% (200     vias)
    Layer VIA5       =  0.00% (0      / 28      vias)
        Un-optimized =  0.00% (0       vias)
        Un-mapped    = 100.00% (28      vias)
    Layer VIA6       =  0.00% (0      / 8       vias)
        Un-optimized =  0.00% (0       vias)
        Un-mapped    = 100.00% (8       vias)
    Layer VIA7       =  0.00% (0      / 1       vias)
        Un-optimized =  0.00% (0       vias)
        Un-mapped    = 100.00% (1       vias)
    Layer VIA8       =  0.00% (0      / 1       vias)
        Un-optimized =  0.00% (0       vias)
        Un-mapped    = 100.00% (1       vias)
 
  Total double via conversion rate    =  0.00% (0 / 5347 vias)
 
    Layer VIA1       =  0.00% (0      / 369     vias)
    Layer VIA2       =  0.00% (0      / 2387    vias)
    Layer VIA3       =  0.00% (0      / 2353    vias)
    Layer VIA4       =  0.00% (0      / 200     vias)
    Layer VIA5       =  0.00% (0      / 28      vias)
    Layer VIA6       =  0.00% (0      / 8       vias)
    Layer VIA7       =  0.00% (0      / 1       vias)
    Layer VIA8       =  0.00% (0      / 1       vias)
 
  The optimized via conversion rate based on total routed via count =  0.00% (0 / 5347 vias)
 
    Layer VIA1       =  0.00% (0      / 369     vias)
        Un-optimized =  0.00% (0       vias)
        Un-mapped    = 100.00% (369     vias)
    Layer VIA2       =  0.00% (0      / 2387    vias)
        Un-optimized =  0.00% (0       vias)
        Un-mapped    = 100.00% (2387    vias)
    Layer VIA3       =  0.00% (0      / 2353    vias)
        Un-optimized =  0.00% (0       vias)
        Un-mapped    = 100.00% (2353    vias)
    Layer VIA4       =  0.00% (0      / 200     vias)
        Un-optimized =  0.00% (0       vias)
        Un-mapped    = 100.00% (200     vias)
    Layer VIA5       =  0.00% (0      / 28      vias)
        Un-optimized =  0.00% (0       vias)
        Un-mapped    = 100.00% (28      vias)
    Layer VIA6       =  0.00% (0      / 8       vias)
        Un-optimized =  0.00% (0       vias)
        Un-mapped    = 100.00% (8       vias)
    Layer VIA7       =  0.00% (0      / 1       vias)
        Un-optimized =  0.00% (0       vias)
        Un-mapped    = 100.00% (1       vias)
    Layer VIA8       =  0.00% (0      / 1       vias)
        Un-optimized =  0.00% (0       vias)
        Un-mapped    = 100.00% (1       vias)
 


Verify Summary:

Total number of nets = 17909, of which 0 are not extracted
Total number of open nets = 17577, of which 0 are frozen
Total number of excluded ports = 0 ports of 0 unplaced cells connected to 0 nets
                                 0 ports without pins of 0 cells connected to 0 nets
                                 0 ports of 0 cover cells connected to 0 non-pg nets
Total number of DRCs = 6
Total number of antenna violations = no antenna rules defined
Total number of tie to rail violations = not checked
Total number of tie to rail directly violations = not checked


