****************************************
Report : timing
        -path_type full
        -delay_type min
        -max_paths 1
        -report_by design
Design : ibex_wrapper
Version: O-2018.06-SP1
Date   : Mon Jun 16 22:19:30 2025
****************************************

  Startpoint: test_en_i (input port clocked by cluster_clock_gating)
  Endpoint: ibex_top_inst/core_clock_gate_i/gen_generic.u_impl_generic/en_latch_reg (negative level-sensitive latch clocked by clk_i)
  Mode: Func
  Corner: Slow
  Scenario: Func_Slow
  Path Group: clk_i
  Path Type: min

  Point                                            Incr      Path  
  ------------------------------------------------------------------------
  clock cluster_clock_gating (rise edge)           0.00      0.00
  clock network delay (ideal)                      0.14      0.14
  input external delay                             0.00      0.14

  test_en_i (in)                                   0.01      0.15 f
  ibex_top_inst/core_clock_gate_i/gen_generic.u_impl_generic/en_latch_reg/EN (SAEDHVT14_LDNQOR2_2)
                                                   0.00      0.15 f
  data arrival time                                          0.15

  clock clk_i (rise edge)                          0.00      0.00
  clock network delay (propagated)                 0.83      0.83
  ibex_top_inst/core_clock_gate_i/gen_generic.u_impl_generic/en_latch_reg/G (SAEDHVT14_LDNQOR2_2)
                                                   0.00      0.83 r
  clock uncertainty                                0.10      0.93
  library hold time                               -0.01      0.92
  data required time                                         0.92
  ------------------------------------------------------------------------
  data required time                                         0.92
  data arrival time                                         -0.15
  ------------------------------------------------------------------------
  slack (VIOLATED)                                          -0.77


1
