Information: The stitching and editing of coupling caps is turned OFF for design 'ibex_hvt:ibex_hvt_cts.design'. (TIM-125)
Information: Design Average RC for design ibex_hvt_cts  (NEX-011)
Information: r = 2.181655 ohm/um, via_r = 1.041632 ohm/cut, c = 0.134747 ff/um, cc = 0.000000 ff/um (X dir) (NEX-017)
Information: r = 2.559083 ohm/um, via_r = 0.643520 ohm/cut, c = 0.136974 ff/um, cc = 0.000000 ff/um (Y dir) (NEX-017)
Information: Update timing completed net estimation for all the timing graph nets (TIM-111)
Information: Net estimation statistics: timing graph nets = 17678, routed nets = 102, across physical hierarchy nets = 0, parasitics cached nets = 824, delay annotated nets = 0, parasitics annotated nets = 0, multi-voltage nets = 0. (TIM-112)
****************************************
Report : clock timing
        -type summary
Design : ibex_wrapper
Version: O-2018.06-SP1
Date   : Mon Jun 16 22:19:29 2025
****************************************

  Mode: Func
  Clock: clk_i
                                                                                 Corner
------------------------------------------------------------------------------------------
  Maximum setup launch latency:
      ibex_top_inst/core_busy_q_reg[0]/CK                      0.76       rp-+       Slow

  Minimum setup capture latency:
      ibex_top_inst/core_busy_q_reg[0]/CK                      0.11       rp-+       Slow

  Minimum hold launch latency:
      ibex_top_inst/core_busy_q_reg[0]/CK                      0.11       rp-+       Slow

  Maximum hold capture latency:
      ibex_top_inst/core_busy_q_reg[0]/CK                      0.76       rp-+       Slow

  Maximum active transition:
      ibex_top_inst/core_clock_gate_i/gen_generic.u_impl_generic/en_latch_reg/G
                                                               0.03       fp-+       Slow

  Minimum active transition:
      ibex_top_inst/core_clock_gate_i/gen_generic.u_impl_generic/en_latch_reg/G
                                                               0.01       fp-+       Slow

  Maximum setup skew:
      ibex_top_inst/core_busy_q_reg[0]/CK                                 rp-+       Slow
      ibex_top_inst/core_clock_gate_i/gen_generic.u_impl_generic/en_latch_reg/G
                                                               0.60       fp-+       Slow

  Maximum hold skew:
      ibex_top_inst/core_busy_q_reg[0]/CK                                 rp-+       Slow
      ibex_top_inst/core_clock_gate_i/gen_generic.u_impl_generic/en_latch_reg/G
                                                               0.48       fp-+       Slow



  Mode: Func
  Clock: cluster_clock_gating
                                                                                 Corner
------------------------------------------------------------------------------------------
  Maximum setup launch latency:
      ibex_top_inst/gen_regfile_ff.register_file_i/g_rf_flops[26].rf_reg_q_reg[1]/CK
                                                               0.78       rp-+       Slow

  Minimum setup capture latency:
      ibex_top_inst/gen_regfile_ff.register_file_i/g_rf_flops[1].rf_reg_q_reg[26]/CK
                                                               0.13       rp-+       Slow

  Minimum hold launch latency:
      ibex_top_inst/gen_regfile_ff.register_file_i/g_rf_flops[1].rf_reg_q_reg[26]/CK
                                                               0.13       rp-+       Slow

  Maximum hold capture latency:
      ibex_top_inst/gen_regfile_ff.register_file_i/g_rf_flops[26].rf_reg_q_reg[1]/CK
                                                               0.78       rp-+       Slow

  Maximum active transition:
      ibex_top_inst/u_ibex_core/cs_registers_i/u_mie_csr/rdata_q_reg[17]/CK
                                                               0.03       rp-+       Slow

  Minimum active transition:
      ibex_top_inst/gen_regfile_ff.register_file_i/g_rf_flops[10].rf_reg_q_reg[17]/CK
                                                               0.01       rp-+       Slow

  Maximum setup skew:
      ibex_top_inst/gen_regfile_ff.register_file_i/g_rf_flops[31].rf_reg_q_reg[0]/CK
                                                                          rp-+       Slow
      ibex_top_inst/u_ibex_core/ex_block_i/gen_multdiv_fast.multdiv_i/op_numerator_q_reg[0]/CK
                                                               0.65       rp-+       Slow

  Maximum hold skew:
      ibex_top_inst/u_ibex_core/ex_block_i/gen_multdiv_fast.multdiv_i/md_state_q_reg[1]/CK
                                                                          rp-+       Slow
      ibex_top_inst/u_ibex_core/cs_registers_i/u_dscratch1_csr/rdata_q_reg[1]/CK
                                                               0.65       rp-+       Slow


1
