Warning: Design 'ibex_wrapper' contains 2 high-fanout nets. A fanout number of 1000 will be used for delay calculations involving these nets. (TIM-134)
  Information: Using test design rule information from previous dft_drc run.
  Architecting Scan Chains
  Inserting Scan Cells

                                  TOTAL                                      
   ELAPSED            WORST NEG   SETUP    DESIGN                            
    TIME      AREA      SLACK     COST    RULE COST         ENDPOINT         
  --------- --------- --------- --------- --------- -------------------------
    0:00:01   21256.8      0.00       0.0    1014.3                          
    0:00:01   21269.3      0.00       0.0    1014.3                          
  Routing Scan Chains
  Routing Global Signals
  Mapping New Logic
Resetting current test mode
Warning: Design 'ibex_wrapper' contains 3 high-fanout nets. A fanout number of 1000 will be used for delay calculations involving these nets. (TIM-134)
  Beginning Mapping Optimizations
  -------------------------------
    0:00:03   24049.1  90278.66 163459232.0 41483336.0 instr_addr_o[31]         
    0:00:03   24049.2  87460.36 160588144.0 41166984.0 instr_addr_o[31]         
    0:00:03   24049.8  87460.36 142078672.0 40808388.0 instr_addr_o[31]         
    0:00:03   24050.1  77700.42 134133488.0 40463184.0 instr_addr_o[31]         
    0:00:03   24050.6  77700.42 133988352.0 40161492.0 instr_addr_o[27]         
    0:00:03   24051.3  77700.42 133645504.0 39834580.0 instr_addr_o[31]         
    0:00:03   24051.4  77700.42 132275440.0 39532784.0 instr_addr_o[31]         
    0:00:03   24051.9  77700.42 130909992.0 39232080.0 instr_addr_o[31]         
    0:00:03   24052.4  77700.42 129508488.0 38931432.0 instr_addr_o[31]         
    0:00:03   24052.5  77700.42 128246384.0 38633584.0 instr_addr_o[31]         
    0:00:03   24052.6  77700.42 126986728.0 38335264.0 instr_addr_o[31]         
    0:00:03   24053.1  77700.42 125726272.0 38037152.0 instr_addr_o[31]         
    0:00:03   24053.1  77700.42 124955416.0 37695904.0 instr_addr_o[31]         
    0:00:03   24053.2  77700.42 123690144.0 37398184.0 instr_addr_o[31]         
    0:00:03   24053.8  77700.42 122442984.0 37100140.0 instr_addr_o[31]         
    0:00:03   24054.3  77700.42 121181096.0 36799104.0 instr_addr_o[31]         
    0:00:04   24054.8  77700.42 119900464.0 36504036.0 instr_addr_o[31]         
    0:00:04   24055.6  77700.42 119255136.0 36333816.0 instr_addr_o[31]         
    0:00:04   24055.6  77700.42 119136288.0 36050552.0 instr_addr_o[25]         
    0:00:04   24055.6  77700.42 119017440.0 35767292.0 instr_addr_o[23]         
    0:00:04   24055.6  77700.42 118898592.0 35484032.0 instr_addr_o[21]         
    0:00:04   24055.6  77700.42 118779744.0 35200768.0 instr_addr_o[19]         
    0:00:04   24055.6  77700.42 118660896.0 34917508.0 instr_addr_o[17]         
    0:00:04   24055.6  77700.42 118542048.0 34634248.0 instr_addr_o[15]         
    0:00:04   24055.6  77700.42 118423200.0 34350984.0 instr_addr_o[13]         
    0:00:04   24055.6  77700.42 118304352.0 34067724.0 instr_addr_o[11]         
    0:00:04   24055.6  77700.42 118185504.0 33784460.0 instr_addr_o[9]          
    0:00:04   24055.6  77700.42 118067128.0 33501220.0 instr_addr_o[7]          
    0:00:04   24055.6  77700.42 117948280.0 33217958.0 instr_addr_o[5]          
    0:00:04   24056.2  77700.42 117823384.0 32933716.0 instr_addr_o[3]          
    0:00:04   24056.7  77700.42 117705008.0 32650474.0 instr_addr_o[30]         
    0:00:04   24056.7  77700.42 117635688.0 32510270.0 instr_addr_o[31]         
    0:00:04   24058.8  76849.03 116614136.0 32198782.0 instr_addr_o[29]         
    0:00:04   24059.4  76651.73 116338408.0 31855326.0 instr_addr_o[29]         
    0:00:04   24060.2  75453.59 115451160.0 31707174.0 instr_addr_o[29]         
    0:00:04   24060.7  73952.88 113954008.0 31548002.0 instr_addr_o[29]         
    0:00:04   24061.3  73952.88 113532344.0 31227842.0 instr_addr_o[29]         
    0:00:04   24061.4  73952.88 113184120.0 30908598.0 instr_addr_o[29]         
    0:00:04   24062.2  73952.88 112692560.0 30745510.0 instr_addr_o[29]         
    0:00:04   24062.7  72878.07 111063016.0 30409360.0 instr_addr_o[28]         
    0:00:04   24064.5  72878.07 110866360.0 30114130.0 instr_addr_o[28]         
    0:00:04   24065.9  72878.07 109323320.0 29958572.0 instr_addr_o[28]         
    0:00:04   24066.0  72878.07 107625008.0 29789488.0 instr_addr_o[29]         
    0:00:04   24068.8  72878.07 105475784.0 29567180.0 instr_addr_o[29]         
    0:00:04   24068.9  72878.07 104779688.0 29303226.0 instr_addr_o[29]         
    0:00:04   24069.4  72878.07 103655912.0 29050802.0 instr_addr_o[29]         
    0:00:04   24069.9  72878.07 102553200.0 28885032.0 instr_addr_o[29]         
    0:00:04   24070.5  72878.07 101956408.0 28745454.0 instr_addr_o[29]         
    0:00:04   24072.4  72878.07 101754168.0 28703644.0 instr_addr_o[29]         
    0:00:04   24072.4  72878.07 101754168.0 28703644.0 instr_addr_o[29]         
    0:00:04   24073.2  72878.07 100916464.0 28584458.0 instr_addr_o[29]         
    0:00:04   24074.4  72878.07 99858136.0 28376818.0 instr_addr_o[29]         
    0:00:05   24076.2  72878.07 99504536.0 28082916.0 instr_addr_o[29]         
    0:00:05   24076.8  72878.07 99272328.0 27844514.0 instr_addr_o[28]         
    0:00:05   24076.6  72878.07 96476608.0 27746530.0 instr_addr_o[29]         
    0:00:05   24077.0  72878.07 96273048.0 27675286.0 instr_addr_o[28]         
    0:00:05   24077.1  72878.07 96057224.0 27517726.0 instr_addr_o[28]         
    0:00:05   24077.1  72878.07 96012368.0 27434560.0 instr_addr_o[8]          
    0:00:05   24077.6  72878.07 95940640.0 27264446.0 instr_addr_o[31]         
    0:00:05   24077.6  72878.07 95907408.0 27181266.0 instr_addr_o[27]         
    0:00:05   24077.8  72878.07 95906056.0 27181266.0 instr_addr_o[25]         
    0:00:05   24078.0  72878.07 95904704.0 27181266.0 instr_addr_o[24]         
    0:00:05   24078.2  72878.07 95903352.0 27181266.0 instr_addr_o[23]         
    0:00:05   24078.4  72878.07 95902008.0 27181266.0 instr_addr_o[22]         
    0:00:05   24078.5  72878.07 95900656.0 27181266.0 instr_addr_o[21]         
    0:00:05   24078.7  72878.07 95899304.0 27181266.0 instr_addr_o[20]         
    0:00:05   24078.9  72878.07 95897960.0 27181266.0 instr_addr_o[19]         
    0:00:05   24079.1  72878.07 95896608.0 27181266.0 instr_addr_o[18]         
    0:00:05   24079.2  72878.07 95895256.0 27181266.0 instr_addr_o[17]         
    0:00:05   24079.4  72878.07 95893904.0 27181266.0 instr_addr_o[16]         
    0:00:05   24079.6  72878.07 95892560.0 27181266.0 instr_addr_o[15]         
    0:00:05   24079.8  72878.07 95891208.0 27181266.0 instr_addr_o[14]         
    0:00:05   24080.0  72878.07 95889856.0 27181266.0 instr_addr_o[13]         
    0:00:05   24080.1  72878.07 95888504.0 27181266.0 instr_addr_o[12]         
    0:00:05   24080.3  72878.07 95887160.0 27181266.0 instr_addr_o[11]         
    0:00:05   24080.8  72878.07 95811880.0 27012988.0 instr_addr_o[10]         
    0:00:05   24081.0  72878.07 95810528.0 27012988.0 instr_addr_o[6]          
    0:00:05   24081.2  72878.07 95809176.0 27012988.0 instr_addr_o[5]          
    0:00:05   24081.4  72878.07 95807832.0 27012988.0 instr_addr_o[4]          
    0:00:05   24081.9  72878.07 95712608.0 26844708.0 instr_addr_o[3]          
    0:00:05   24082.5  72875.06 95579584.0 26475524.0 ibex_top_inst/u_ibex_core/if_stage_i/gen_prefetch_buffer.prefetch_buffer_i/fifo_i/rdata_q_reg[0][2]/D
    0:00:05   24082.6  72875.06 95447800.0 26106250.0 ibex_top_inst/u_ibex_core/if_stage_i/gen_prefetch_buffer.prefetch_buffer_i/fifo_i/rdata_q_reg[0][6]/D
    0:00:05   24083.2  72697.56 95414848.0 26022090.0 ibex_top_inst/u_ibex_core/if_stage_i/gen_prefetch_buffer.prefetch_buffer_i/fifo_i/rdata_q_reg[0][9]/D
    0:00:05   24083.8  72697.56 95283816.0 25680490.0 ibex_top_inst/u_ibex_core/if_stage_i/gen_prefetch_buffer.prefetch_buffer_i/fifo_i/rdata_q_reg[0][13]/D
    0:00:05   24084.3  71281.75 95140872.0 25311898.0 ibex_top_inst/u_ibex_core/if_stage_i/gen_prefetch_buffer.prefetch_buffer_i/fifo_i/rdata_q_reg[0][4]/D
    0:00:05   24084.3  70913.48 94889584.0 25015256.0 ibex_top_inst/u_ibex_core/if_stage_i/gen_prefetch_buffer.prefetch_buffer_i/fifo_i/valid_q_reg[0]/SI
    0:00:05   24084.7  70897.64 94857240.0 25007836.0 ibex_top_inst/u_ibex_core/if_stage_i/instr_rdata_c_id_o_reg[15]/D
    0:00:05   24085.3  70589.34 94048424.0 24704802.0 ibex_top_inst/u_ibex_core/if_stage_i/gen_prefetch_buffer.prefetch_buffer_i/fifo_i/rdata_q_reg[0][15]/D
    0:00:05   24085.3  70568.84 93968264.0 24546678.0 ibex_top_inst/u_ibex_core/if_stage_i/instr_rdata_c_id_o_reg[8]/D


  Beginning Phase 1 Design Rule Fixing  (max_transition)  (max_fanout)  (max_capacitance)
  ------------------------------------

                                  TOTAL                                      
   ELAPSED            WORST NEG   SETUP    DESIGN                            
    TIME      AREA      SLACK     COST    RULE COST         ENDPOINT         
  --------- --------- --------- --------- --------- -------------------------
    0:00:05   24085.6  70568.84 83096120.0 24208930.0 ibex_top_inst/gen_regfile_ff.register_file_i/n3991
    0:00:05   24085.6  70568.84 83096120.0 24208930.0 ibex_top_inst/gen_regfile_ff.register_file_i/n3991
    0:00:05   24085.2  70568.84 83078408.0 24169982.0 ibex_top_inst/u_ibex_core/cs_registers_i/n2950
    0:00:05   24090.4  70568.84 82798400.0 23975036.0 ibex_top_inst/gen_regfile_ff.register_file_i/n43
    0:00:05   24090.4  70568.84 82798400.0 23975036.0 ibex_top_inst/gen_regfile_ff.register_file_i/n43
    0:00:05   24090.4  70568.84 82798400.0 23975036.0 ibex_top_inst/gen_regfile_ff.register_file_i/n43
    0:00:05   24090.4  70568.84 82798400.0 23975036.0 ibex_top_inst/gen_regfile_ff.register_file_i/n43
    0:00:05   24091.0  70568.84 82789872.0 23936152.0 ibex_top_inst/gen_regfile_ff.register_file_i/n45
    0:00:05   24092.8  70568.84 82458552.0 23806962.0 ibex_top_inst/gen_regfile_ff.register_file_i/n4072
    0:00:05   24092.8  70568.84 82458552.0 23806962.0 ibex_top_inst/gen_regfile_ff.register_file_i/n4072
    0:00:05   24092.8  70568.84 82458552.0 23806962.0 ibex_top_inst/gen_regfile_ff.register_file_i/n4072
    0:00:05   24092.8  70568.84 82458552.0 23806962.0 ibex_top_inst/gen_regfile_ff.register_file_i/n4072
    0:00:05   24093.0  70568.84 82436568.0 23741290.0 ibex_top_inst/u_ibex_core/cs_registers_i/n1724
    0:00:05   24093.0  70568.84 82423304.0 23679540.0 ibex_top_inst/gen_regfile_ff.register_file_i/n1487
    0:00:05   24092.5  70568.84 82422744.0 23664630.0 ibex_top_inst/u_ibex_core/cs_registers_i/n2025
    0:00:05   24092.6  70568.84 82314320.0 23486808.0 ibex_top_inst/u_ibex_core/cs_registers_i/n515
    0:00:05   24093.5  70568.84 82275320.0 23449888.0 ibex_top_inst/u_ibex_core/cs_registers_i/n1797
    0:00:05   24093.5  70568.84 82275320.0 23449888.0 ibex_top_inst/u_ibex_core/cs_registers_i/n1797
    0:00:05   24094.3  70568.84 82236320.0 23412968.0 ibex_top_inst/u_ibex_core/cs_registers_i/n1914
    0:00:05   24094.3  70568.84 82236320.0 23412968.0 ibex_top_inst/u_ibex_core/cs_registers_i/n1914
    0:00:05   24095.2  70568.84 82197272.0 23376032.0 ibex_top_inst/u_ibex_core/cs_registers_i/n1769
    0:00:05   24095.2  70568.84 82197272.0 23376032.0 ibex_top_inst/u_ibex_core/cs_registers_i/n1769
    0:00:05   24096.1  70568.84 82158272.0 23339112.0 ibex_top_inst/u_ibex_core/cs_registers_i/n1847
    0:00:05   24096.1  70568.84 82158272.0 23339112.0 ibex_top_inst/u_ibex_core/cs_registers_i/n1847
    0:00:05   24096.9  70568.84 82119224.0 23302176.0 ibex_top_inst/u_ibex_core/cs_registers_i/n1893
    0:00:05   24096.9  70568.84 82119224.0 23302176.0 ibex_top_inst/u_ibex_core/cs_registers_i/n1893
    0:00:05   24096.9  70568.84 82011792.0 23125736.0 ibex_top_inst/u_ibex_core/cs_registers_i/n1928
    0:00:05   24097.8  70568.84 81973136.0 23088856.0 ibex_top_inst/u_ibex_core/cs_registers_i/n1871
    0:00:05   24097.8  70568.84 81973136.0 23088856.0 ibex_top_inst/u_ibex_core/cs_registers_i/n1871
    0:00:05   24098.6  70568.84 81934424.0 23051962.0 ibex_top_inst/u_ibex_core/cs_registers_i/n1775
    0:00:05   24098.6  70568.84 81934424.0 23051962.0 ibex_top_inst/u_ibex_core/cs_registers_i/n1775
    0:00:05   24099.5  70568.84 81895760.0 23015084.0 ibex_top_inst/u_ibex_core/cs_registers_i/n1789
    0:00:05   24099.5  70568.84 81895760.0 23015084.0 ibex_top_inst/u_ibex_core/cs_registers_i/n1789
    0:00:05   24100.4  70568.84 81857104.0 22978204.0 ibex_top_inst/u_ibex_core/cs_registers_i/n1811
    0:00:05   24100.4  70568.84 81857104.0 22978204.0 ibex_top_inst/u_ibex_core/cs_registers_i/n1811
    0:00:05   24101.2  70568.84 81818384.0 22941310.0 ibex_top_inst/u_ibex_core/cs_registers_i/n1818
    0:00:05   24101.2  70568.84 81818384.0 22941310.0 ibex_top_inst/u_ibex_core/cs_registers_i/n1818
    0:00:05   24101.2  70568.84 81711296.0 22764910.0 ibex_top_inst/u_ibex_core/cs_registers_i/n1825
    0:00:05   24102.1  70568.84 81672640.0 22728030.0 ibex_top_inst/u_ibex_core/cs_registers_i/n1853
    0:00:05   24102.1  70568.84 81672640.0 22728030.0 ibex_top_inst/u_ibex_core/cs_registers_i/n1853
    0:00:05   24102.2  70568.84 81569392.0 22551282.0 ibex_top_inst/u_ibex_core/cs_registers_i/n1864
    0:00:05   24102.3  70568.84 81466144.0 22374534.0 ibex_top_inst/u_ibex_core/cs_registers_i/n1878
    0:00:05   24103.1  70568.84 81427424.0 22337640.0 ibex_top_inst/u_ibex_core/cs_registers_i/n1899
    0:00:05   24103.1  70568.84 81427424.0 22337640.0 ibex_top_inst/u_ibex_core/cs_registers_i/n1899
    0:00:05   24104.0  70568.84 81388768.0 22300760.0 ibex_top_inst/u_ibex_core/cs_registers_i/n1934
    0:00:05   24104.0  70568.84 81388768.0 22300760.0 ibex_top_inst/u_ibex_core/cs_registers_i/n1934
    0:00:05   24104.9  70568.84 81349160.0 22250884.0 ibex_top_inst/u_ibex_core/cs_registers_i/n1627
    0:00:05   24104.9  70568.84 81349160.0 22250884.0 ibex_top_inst/u_ibex_core/cs_registers_i/n1627
    0:00:06   24105.9  70568.84 81309552.0 22201006.0 ibex_top_inst/u_ibex_core/cs_registers_i/n1642
    0:00:06   24105.9  70568.84 81309552.0 22201006.0 ibex_top_inst/u_ibex_core/cs_registers_i/n1642
    0:00:06   24106.0  70568.84 81212704.0 22023778.0 ibex_top_inst/u_ibex_core/cs_registers_i/n1960
    0:00:06   24106.1  70568.84 81115856.0 21846552.0 ibex_top_inst/u_ibex_core/cs_registers_i/n1981
    0:00:06   24107.0  70568.84 81076584.0 21796722.0 ibex_top_inst/u_ibex_core/cs_registers_i/n1526
    0:00:06   24107.0  70568.84 81076584.0 21796722.0 ibex_top_inst/u_ibex_core/cs_registers_i/n1526
    0:00:06   24107.1  70568.84 80976160.0 21619870.0 ibex_top_inst/u_ibex_core/cs_registers_i/n1807
    0:00:06   24107.2  70568.84 80875736.0 21443018.0 ibex_top_inst/u_ibex_core/cs_registers_i/n1785
    0:00:06   24107.3  70568.84 80775312.0 21266166.0 ibex_top_inst/u_ibex_core/cs_registers_i/n1888
    0:00:06   24107.4  70568.84 80674848.0 21089388.0 ibex_top_inst/u_ibex_core/cs_registers_i/n1909
    0:00:06   24107.5  70568.84 80574112.0 20912534.0 ibex_top_inst/u_ibex_core/cs_registers_i/n1923
    0:00:06   24107.5  70568.84 80464952.0 20736382.0 ibex_top_inst/u_ibex_core/cs_registers_i/n1950
    0:00:06   24107.6  70568.84 80362640.0 20566422.0 ibex_top_inst/u_ibex_core/cs_registers_i/n1841
    0:00:06   24107.6  70568.84 80349408.0 20529904.0 ibex_top_inst/u_ibex_core/cs_registers_i/n1763
    0:00:06   24108.2  70568.84 80339496.0 20509774.0 ibex_top_inst/u_ibex_core/cs_registers_i/n1567
    0:00:06   24108.8  70568.84 80329784.0 20489704.0 ibex_top_inst/u_ibex_core/cs_registers_i/n1464
    0:00:06   24109.4  70568.84 80320080.0 20469632.0 ibex_top_inst/u_ibex_core/cs_registers_i/n1476
    0:00:06   24110.0  70568.84 80310376.0 20449562.0 ibex_top_inst/u_ibex_core/cs_registers_i/n1539
    0:00:06   24110.6  70568.84 80300664.0 20429492.0 ibex_top_inst/u_ibex_core/cs_registers_i/n1608
    0:00:06   24111.2  70568.84 80290480.0 20409392.0 ibex_top_inst/u_ibex_core/cs_registers_i/n1497
    0:00:06   24111.2  70568.84 80290480.0 20409392.0 ibex_top_inst/u_ibex_core/cs_registers_i/n1497
    0:00:06   24111.8  70568.84 80280288.0 20389292.0 ibex_top_inst/u_ibex_core/cs_registers_i/n1515
    0:00:06   24111.8  70568.84 80280288.0 20389292.0 ibex_top_inst/u_ibex_core/cs_registers_i/n1515
    0:00:06   24112.4  70568.84 80270104.0 20369192.0 ibex_top_inst/u_ibex_core/cs_registers_i/n1521
    0:00:06   24112.4  70568.84 80270104.0 20369192.0 ibex_top_inst/u_ibex_core/cs_registers_i/n1521
    0:00:06   24113.0  70568.84 80259912.0 20349092.0 ibex_top_inst/u_ibex_core/cs_registers_i/n1660
    0:00:06   24113.0  70568.84 80259912.0 20349092.0 ibex_top_inst/u_ibex_core/cs_registers_i/n1660
    0:00:06   24113.6  70568.84 80249936.0 20329052.0 ibex_top_inst/u_ibex_core/cs_registers_i/n1548
    0:00:06   24113.6  70568.84 80249936.0 20329052.0 ibex_top_inst/u_ibex_core/cs_registers_i/n1548
    0:00:06   24114.2  70568.84 80239960.0 20309012.0 ibex_top_inst/u_ibex_core/cs_registers_i/n1560
    0:00:06   24114.2  70568.84 80239960.0 20309012.0 ibex_top_inst/u_ibex_core/cs_registers_i/n1560
    0:00:06   24114.8  70568.84 80229992.0 20288972.0 ibex_top_inst/u_ibex_core/cs_registers_i/n1594
    0:00:06   24114.8  70568.84 80229992.0 20288972.0 ibex_top_inst/u_ibex_core/cs_registers_i/n1594
    0:00:06   24115.4  70568.84 80220016.0 20268932.0 ibex_top_inst/u_ibex_core/cs_registers_i/n1620
    0:00:06   24115.4  70568.84 80220016.0 20268932.0 ibex_top_inst/u_ibex_core/cs_registers_i/n1620
    0:00:06   24116.0  70568.84 80210384.0 20251386.0 ibex_top_inst/u_ibex_core/cs_registers_i/n1977
    0:00:06   24117.1  70568.84 80168176.0 20171832.0 ibex_top_inst/u_ibex_core/cs_registers_i/n1970
    0:00:06   24117.1  70568.84 80168176.0 20171832.0 ibex_top_inst/u_ibex_core/cs_registers_i/n1970
    0:00:06   24118.2  70568.84 80125960.0 20092280.0 ibex_top_inst/u_ibex_core/cs_registers_i/n1997
    0:00:06   24118.2  70568.84 80125960.0 20092280.0 ibex_top_inst/u_ibex_core/cs_registers_i/n1997
    0:00:06   24118.6  70568.84 80096184.0 20031732.0 ibex_top_inst/u_ibex_core/cs_registers_i/n1526
    0:00:06   24118.6  70568.84 80091464.0 20021290.0 ibex_top_inst/u_ibex_core/cs_registers_i/n16
    0:00:06   24118.6  70568.84 80086752.0 20010900.0 ibex_top_inst/u_ibex_core/cs_registers_i/n5
    0:00:06   24119.6  70568.84 80084552.0 20006072.0 ibex_top_inst/u_ibex_core/cs_registers_i/n12
    0:00:06   24119.6  70568.84 80082360.0 20001236.0 ibex_top_inst/u_ibex_core/cs_registers_i/n10
    0:00:06   24119.6  70568.84 52455836.0 19921596.0 ibex_top_inst/gen_regfile_ff.register_file_i/n4067
    0:00:06   24119.7  70568.84 52436020.0 19874422.0 ibex_top_inst/u_ibex_core/cs_registers_i/n1627
    0:00:06   24119.8  70568.84 52428216.0 19856552.0 ibex_top_inst/u_ibex_core/cs_registers_i/n1642
    0:00:06   24119.1  70568.84 52428180.0 19856584.0 ibex_top_inst/u_ibex_core/cs_registers_i/n1970
    0:00:06   24119.0  70568.84 52369352.0 19737132.0 ibex_top_inst/u_ibex_core/cs_registers_i/n1567
    0:00:06   24119.0  70568.84 52369352.0 19737132.0 ibex_top_inst/u_ibex_core/cs_registers_i/n1567
    0:00:06   24118.8  70568.84 52310524.0 19617682.0 ibex_top_inst/u_ibex_core/cs_registers_i/n1464
    0:00:06   24118.8  70568.84 52310524.0 19617682.0 ibex_top_inst/u_ibex_core/cs_registers_i/n1464
    0:00:06   24118.6  70568.84 52251700.0 19498230.0 ibex_top_inst/u_ibex_core/cs_registers_i/n1476
    0:00:06   24118.6  70568.84 52251700.0 19498230.0 ibex_top_inst/u_ibex_core/cs_registers_i/n1476
    0:00:06   24118.4  70568.84 52192872.0 19378780.0 ibex_top_inst/u_ibex_core/cs_registers_i/n1539
    0:00:06   24118.4  70568.84 52192872.0 19378780.0 ibex_top_inst/u_ibex_core/cs_registers_i/n1539
    0:00:06   24118.2  70568.84 52134048.0 19259328.0 ibex_top_inst/u_ibex_core/cs_registers_i/n1608
    0:00:06   24118.2  70568.84 52134048.0 19259328.0 ibex_top_inst/u_ibex_core/cs_registers_i/n1608
    0:00:06   24118.1  70568.84 52071652.0 19140196.0 ibex_top_inst/u_ibex_core/cs_registers_i/n1497
    0:00:06   24118.1  70568.84 52071652.0 19140196.0 ibex_top_inst/u_ibex_core/cs_registers_i/n1497
    0:00:06   24117.9  70568.84 52009252.0 19021062.0 ibex_top_inst/u_ibex_core/cs_registers_i/n1515
    0:00:06   24117.9  70568.84 52009252.0 19021062.0 ibex_top_inst/u_ibex_core/cs_registers_i/n1515
    0:00:06   24117.7  70568.84 51946856.0 18901928.0 ibex_top_inst/u_ibex_core/cs_registers_i/n1521
    0:00:06   24117.7  70568.84 51946856.0 18901928.0 ibex_top_inst/u_ibex_core/cs_registers_i/n1521
    0:00:06   24117.5  70568.84 51884460.0 18782794.0 ibex_top_inst/u_ibex_core/cs_registers_i/n1660
    0:00:06   24117.5  70568.84 51884460.0 18782794.0 ibex_top_inst/u_ibex_core/cs_registers_i/n1660
    0:00:06   24117.4  70568.84 51822064.0 18663660.0 ibex_top_inst/u_ibex_core/cs_registers_i/n1548
    0:00:06   24117.4  70568.84 51822064.0 18663660.0 ibex_top_inst/u_ibex_core/cs_registers_i/n1548
    0:00:06   24117.2  70568.84 51759668.0 18544526.0 ibex_top_inst/u_ibex_core/cs_registers_i/n1560
    0:00:06   24117.2  70568.84 51759668.0 18544526.0 ibex_top_inst/u_ibex_core/cs_registers_i/n1560
    0:00:06   24117.0  70568.84 51697272.0 18425394.0 ibex_top_inst/u_ibex_core/cs_registers_i/n1594
    0:00:06   24117.0  70568.84 51697272.0 18425394.0 ibex_top_inst/u_ibex_core/cs_registers_i/n1594
    0:00:06   24116.8  70568.84 51634876.0 18306260.0 ibex_top_inst/u_ibex_core/cs_registers_i/n1620
    0:00:06   24116.8  70568.84 51634876.0 18306260.0 ibex_top_inst/u_ibex_core/cs_registers_i/n1620
    0:00:06   24131.9  70568.84 51634876.0 18305378.0 ibex_top_inst/u_ibex_core/cs_registers_i/n617
    0:00:06   24131.9  70568.84 51634876.0 18305378.0 ibex_top_inst/u_ibex_core/cs_registers_i/n617
    0:00:06   24131.9  70568.84 51634876.0 18305378.0 ibex_top_inst/u_ibex_core/cs_registers_i/n617
    0:00:06   24132.1  70568.84 51622904.0 18276040.0 ibex_top_inst/u_ibex_core/cs_registers_i/n1971
    0:00:06   24132.7  70568.84 50830580.0 17939342.0 ibex_top_inst/u_ibex_core/if_stage_i/gen_prefetch_buffer.prefetch_buffer_i/fifo_i/err_q[0]
    0:00:06   24132.6  70568.84 50454956.0 17786310.0 ibex_top_inst/u_ibex_core/instr_fetch_err_plus2
    0:00:06   24132.7  70568.84 50324316.0 17439184.0 ibex_top_inst/u_ibex_core/if_stage_i/gen_prefetch_buffer.prefetch_buffer_i/fifo_i/rdata_q[1][2]
    0:00:06   24132.8  70568.84 50197524.0 17120022.0 ibex_top_inst/u_ibex_core/if_stage_i/gen_prefetch_buffer.prefetch_buffer_i/fifo_i/rdata_q[1][15]
    0:00:06   24132.9  70568.84 50077068.0 16773214.0 ibex_top_inst/u_ibex_core/if_stage_i/gen_prefetch_buffer.prefetch_buffer_i/fifo_i/rdata_q[1][11]
    0:00:06   24133.0  70568.84 49961288.0 16445550.0 ibex_top_inst/u_ibex_core/if_stage_i/gen_prefetch_buffer.prefetch_buffer_i/fifo_i/rdata_q[0][27]
    0:00:06   24133.0  70568.84 49895288.0 16278180.0 ibex_top_inst/u_ibex_core/if_stage_i/gen_prefetch_buffer.prefetch_buffer_i/fifo_i/rdata_q[1][10]
    0:00:06   24133.1  70568.84 49765688.0 15900233.0 ibex_top_inst/u_ibex_core/if_stage_i/gen_prefetch_buffer.prefetch_buffer_i/fifo_i/rdata_q[1][5]
    0:00:06   24134.2  70568.84 49628068.0 15571973.0 ibex_top_inst/u_ibex_core/if_stage_i/gen_prefetch_buffer.prefetch_buffer_i/fifo_i/rdata_q[0][31]
    0:00:06   24134.2  70568.84 49628068.0 15571973.0 ibex_top_inst/u_ibex_core/if_stage_i/gen_prefetch_buffer.prefetch_buffer_i/fifo_i/rdata_q[0][31]
    0:00:06   24134.2  70568.84 49567260.0 15423233.0 ibex_top_inst/u_ibex_core/if_stage_i/gen_prefetch_buffer.prefetch_buffer_i/fifo_i/rdata_q[0][26]
    0:00:06   24134.2  70568.84 49430032.0 15065133.0 ibex_top_inst/u_ibex_core/if_stage_i/gen_prefetch_buffer.prefetch_buffer_i/fifo_i/rdata_q[1][13]
    0:00:06   24134.3  70568.84 49298872.0 14706515.0 ibex_top_inst/u_ibex_core/if_stage_i/gen_prefetch_buffer.prefetch_buffer_i/fifo_i/rdata_q[1][8]
    0:00:06   24134.2  70568.84 49227780.0 14527686.0 ibex_top_inst/u_ibex_core/if_stage_i/gen_prefetch_buffer.prefetch_buffer_i/fifo_i/rdata_q[1][7]
    0:00:06   24134.1  70568.84 49156684.0 14348827.0 ibex_top_inst/u_ibex_core/if_stage_i/gen_prefetch_buffer.prefetch_buffer_i/fifo_i/rdata_q[1][4]
    0:00:06   24134.0  70568.84 49085776.0 14169761.0 ibex_top_inst/u_ibex_core/if_stage_i/gen_prefetch_buffer.prefetch_buffer_i/fifo_i/rdata_q[1][1]
    0:00:06   24134.0  70568.84 47487944.0 13858712.0 ibex_top_inst/u_ibex_core/if_stage_i/gen_prefetch_buffer.prefetch_buffer_i/fifo_i/rdata_q[0][0]
    0:00:06   24134.1  70568.84 47357908.0 13526407.0 ibex_top_inst/u_ibex_core/if_stage_i/gen_prefetch_buffer.prefetch_buffer_i/fifo_i/rdata_q[0][24]
    0:00:06   24134.6  70568.84 47236712.0 13194048.0 ibex_top_inst/u_ibex_core/if_stage_i/gen_prefetch_buffer.prefetch_buffer_i/fifo_i/rdata_q[0][18]
    0:00:06   24134.6  70568.84 47141268.0 13033210.0 ibex_top_inst/u_ibex_core/if_stage_i/gen_prefetch_buffer.prefetch_buffer_i/fifo_i/rdata_q[0][30]
    0:00:06   24135.4  70568.84 36982108.0 12889236.0 ibex_top_inst/u_ibex_core/instr_rdata_id[2]
    0:00:06   24135.9  70568.84 36865460.0 12546178.0 ibex_top_inst/u_ibex_core/if_stage_i/gen_prefetch_buffer.prefetch_buffer_i/fifo_i/rdata_q[0][20]
    0:00:06   24135.9  70568.84 36744672.0 12203597.0 ibex_top_inst/u_ibex_core/if_stage_i/gen_prefetch_buffer.prefetch_buffer_i/fifo_i/rdata_q[0][22]
    0:00:06   24137.4  70568.84 36681348.0 12032180.0 ibex_top_inst/u_ibex_core/if_stage_i/gen_prefetch_buffer.prefetch_buffer_i/fifo_i/rdata_q[0][29]
    0:00:06   24139.0  70493.82 36549448.0 11873098.0 ibex_top_inst/u_ibex_core/if_stage_i/gen_prefetch_buffer.prefetch_buffer_i/fifo_i/rdata_q[0][12]
    0:00:06   24139.6  65961.56 35584752.0 11556534.0 ibex_top_inst/u_ibex_core/if_stage_i/gen_prefetch_buffer.prefetch_buffer_i/fifo_i/rdata_q[0][10]
    0:00:06   24140.6  65961.56 30046248.0 11444381.0 ibex_top_inst/u_ibex_core/id_stage_i/imm_i_type[9]
    0:00:06   24140.6  65961.56 29792376.0 11145360.0 ibex_top_inst/u_ibex_core/if_stage_i/gen_prefetch_buffer.prefetch_buffer_i/fifo_i/rdata_q[2][29]
    0:00:06   24140.6  65961.56 29538354.0 10846340.0 ibex_top_inst/u_ibex_core/if_stage_i/gen_prefetch_buffer.prefetch_buffer_i/fifo_i/rdata_q[2][27]
    0:00:06   24140.6  65961.56 29366056.0 10696829.0 ibex_top_inst/u_ibex_core/if_stage_i/gen_prefetch_buffer.prefetch_buffer_i/fifo_i/err_q[2]
    0:00:06   24142.2  65961.56 29239194.0 10547319.0 ibex_top_inst/u_ibex_core/if_stage_i/gen_prefetch_buffer.prefetch_buffer_i/fifo_i/rdata_q[2][24]
    0:00:06   24143.7  65961.56 29112182.0 10397809.0 ibex_top_inst/u_ibex_core/if_stage_i/gen_prefetch_buffer.prefetch_buffer_i/fifo_i/rdata_q[2][21]
    0:00:06   24145.3  65961.56 28985320.0 10248299.0 ibex_top_inst/u_ibex_core/if_stage_i/gen_prefetch_buffer.prefetch_buffer_i/fifo_i/rdata_q[2][19]
    0:00:06   24146.8  65961.56 28813022.0 10098788.0 ibex_top_inst/u_ibex_core/if_stage_i/gen_prefetch_buffer.prefetch_buffer_i/fifo_i/rdata_q[2][16]
    0:00:06   24148.3  65961.56 28640724.0 9949278.0 ibex_top_inst/u_ibex_core/if_stage_i/gen_prefetch_buffer.prefetch_buffer_i/fifo_i/rdata_q[2][15]
    0:00:06   24149.9  65961.56 28468276.0 9799768.0 ibex_top_inst/u_ibex_core/if_stage_i/gen_prefetch_buffer.prefetch_buffer_i/fifo_i/rdata_q[2][14]
    0:00:06   24151.4  65961.56 28295828.0 9650257.0 ibex_top_inst/u_ibex_core/if_stage_i/gen_prefetch_buffer.prefetch_buffer_i/fifo_i/rdata_q[2][13]
    0:00:06   24153.0  65961.56 28123530.0 9500747.0 ibex_top_inst/u_ibex_core/if_stage_i/gen_prefetch_buffer.prefetch_buffer_i/fifo_i/rdata_q[2][11]
    0:00:06   24154.5  65961.56 27951232.0 9351237.0 ibex_top_inst/u_ibex_core/if_stage_i/gen_prefetch_buffer.prefetch_buffer_i/fifo_i/rdata_q[2][10]
    0:00:06   24156.1  65961.56 27778934.0 9201726.0 ibex_top_inst/u_ibex_core/if_stage_i/gen_prefetch_buffer.prefetch_buffer_i/fifo_i/rdata_q[2][9]
    0:00:06   24157.6  65961.56 27606486.0 9052216.0 ibex_top_inst/u_ibex_core/if_stage_i/gen_prefetch_buffer.prefetch_buffer_i/fifo_i/rdata_q[2][8]
    0:00:06   24159.2  65961.56 27434188.0 8902706.0 ibex_top_inst/u_ibex_core/if_stage_i/gen_prefetch_buffer.prefetch_buffer_i/fifo_i/rdata_q[2][7]
    0:00:06   24160.7  65961.56 27261890.0 8753195.0 ibex_top_inst/u_ibex_core/if_stage_i/gen_prefetch_buffer.prefetch_buffer_i/fifo_i/rdata_q[2][6]
    0:00:06   24162.3  65961.56 27089592.0 8603685.0 ibex_top_inst/u_ibex_core/if_stage_i/gen_prefetch_buffer.prefetch_buffer_i/fifo_i/rdata_q[2][5]
    0:00:06   24163.8  65961.56 26917294.0 8454175.0 ibex_top_inst/u_ibex_core/if_stage_i/gen_prefetch_buffer.prefetch_buffer_i/fifo_i/rdata_q[2][4]
    0:00:06   24165.3  65961.56 26744996.0 8304664.5 ibex_top_inst/u_ibex_core/if_stage_i/gen_prefetch_buffer.prefetch_buffer_i/fifo_i/rdata_q[2][3]
    0:00:06   24165.9  65961.56 26404738.0 8003656.0 ibex_top_inst/u_ibex_core/if_stage_i/gen_prefetch_buffer.prefetch_buffer_i/fifo_i/rdata_q[2][2]
    0:00:06   24166.9  65961.56 24799360.0 7853204.5 ibex_top_inst/u_ibex_core/if_stage_i/gen_prefetch_buffer.prefetch_buffer_i/fifo_i/rdata_q[0][15]
    0:00:07   24166.9  65961.56 24517996.0 7550618.5 ibex_top_inst/u_ibex_core/if_stage_i/gen_prefetch_buffer.prefetch_buffer_i/fifo_i/rdata_q[1][27]
    0:00:07   24168.4  65961.56 24367724.0 7397765.0 ibex_top_inst/u_ibex_core/if_stage_i/gen_prefetch_buffer.prefetch_buffer_i/fifo_i/rdata_q[1][26]
    0:00:07   24169.0  65961.56 24275082.0 7243989.0 ibex_top_inst/u_ibex_core/if_stage_i/gen_prefetch_buffer.prefetch_buffer_i/fifo_i/rdata_q[1][25]
    0:00:07   24169.0  65961.56 23987036.0 6952873.0 ibex_top_inst/u_ibex_core/if_stage_i/gen_prefetch_buffer.prefetch_buffer_i/fifo_i/rdata_q[1][31]
    0:00:07   24170.5  65961.56 23836464.0 6800020.0 ibex_top_inst/u_ibex_core/if_stage_i/gen_prefetch_buffer.prefetch_buffer_i/fifo_i/rdata_q[1][30]
    0:00:07   24170.5  65961.56 23692926.0 6647947.0 ibex_top_inst/u_ibex_core/if_stage_i/gen_prefetch_buffer.prefetch_buffer_i/fifo_i/rdata_q[1][29]
    0:00:07   24172.1  65961.56 23594434.0 6496134.0 ibex_top_inst/u_ibex_core/if_stage_i/gen_prefetch_buffer.prefetch_buffer_i/fifo_i/rdata_q[1][23]
    0:00:07   24172.6  65961.56 23501798.0 6342354.5 ibex_top_inst/u_ibex_core/if_stage_i/gen_prefetch_buffer.prefetch_buffer_i/fifo_i/rdata_q[1][22]
    0:00:07   24174.1  65961.56 23403538.0 6190282.0 ibex_top_inst/u_ibex_core/if_stage_i/gen_prefetch_buffer.prefetch_buffer_i/fifo_i/rdata_q[1][20]
    0:00:07   24174.7  65961.56 23266344.0 6036246.5 ibex_top_inst/u_ibex_core/if_stage_i/gen_prefetch_buffer.prefetch_buffer_i/fifo_i/rdata_q[1][19]
    0:00:07   24174.7  65961.56 23167848.0 5884431.5 ibex_top_inst/u_ibex_core/if_stage_i/gen_prefetch_buffer.prefetch_buffer_i/fifo_i/rdata_q[1][17]
    0:00:07   24174.7  65961.56 23017920.0 5734581.0 ibex_top_inst/u_ibex_core/if_stage_i/gen_prefetch_buffer.prefetch_buffer_i/fifo_i/rdata_q[1][24]
    0:00:07   24174.7  65961.56 22868510.0 5584474.5 ibex_top_inst/u_ibex_core/if_stage_i/gen_prefetch_buffer.prefetch_buffer_i/fifo_i/rdata_q[1][21]
    0:00:07   24176.2  65961.56 22763362.0 5434624.0 ibex_top_inst/u_ibex_core/if_stage_i/gen_prefetch_buffer.prefetch_buffer_i/fifo_i/rdata_q[1][18]
    0:00:07   24176.2  65961.56 22666096.0 5302645.5 ibex_top_inst/u_ibex_core/wb_stage_i/g_writeback_stage.wb_compressed_q
    0:00:07   24177.8  65961.56 22537802.0 5161009.0 ibex_top_inst/u_ibex_core/instr_rdata_c_id[8]
    0:00:07   24179.3  65961.56 22409624.0 5018670.5 ibex_top_inst/u_ibex_core/instr_rdata_c_id[11]
    0:00:07   24180.8  65961.56 22281330.0 4877034.0 ibex_top_inst/u_ibex_core/instr_rdata_c_id[10]
    0:00:07   24182.4  65961.56 22152972.0 4734550.0 ibex_top_inst/u_ibex_core/instr_rdata_c_id[7]
    0:00:07   24182.9  65961.56 21896500.0 4450584.0 ibex_top_inst/u_ibex_core/instr_rdata_c_id[12]
    0:00:07   24184.5  65961.56 21768322.0 4308246.0 ibex_top_inst/u_ibex_core/instr_rdata_c_id[15]
    0:00:07   24185.0  65961.56 21640028.0 4166619.0 ibex_top_inst/u_ibex_core/instr_rdata_c_id[14]
    0:00:07   24186.5  65961.56 21524512.0 4024282.8 ibex_top_inst/u_ibex_core/instr_rdata_c_id[9]
    0:00:07   24188.1  65961.56 21396154.0 3881799.0 ibex_top_inst/u_ibex_core/instr_rdata_c_id[5]
    0:00:07   24189.6  65961.56 21267796.0 3739315.2 ibex_top_inst/u_ibex_core/instr_rdata_c_id[2]
    0:00:07   24190.7  65961.56 21139502.0 3597679.2 ibex_top_inst/u_ibex_core/instr_rdata_c_id[6]
    0:00:07   24192.2  65961.56 21011208.0 3456042.5 ibex_top_inst/u_ibex_core/instr_rdata_c_id[4]
    0:00:07   24193.2  65961.56 20882850.0 3313558.8 ibex_top_inst/u_ibex_core/instr_rdata_c_id[3]
    0:00:07   24193.7  65961.56 20754556.0 3171921.8 ibex_top_inst/u_ibex_core/instr_rdata_c_id[1]
    0:00:07   24193.5  65961.56 12041207.0 3116972.0 ibex_top_inst/u_ibex_core/id_stage_i/imm_s_type[2]
    0:00:07   24195.0  65961.56 11154732.0 3016922.8 ibex_top_inst/u_ibex_core/if_stage_i/gen_prefetch_buffer.prefetch_buffer_i/fifo_i/rdata_q[0][9]
    0:00:07   24196.0  65961.56 11108654.0 2967937.8 ibex_top_inst/u_ibex_core/pc_wb[4]
    0:00:07   24196.6  65961.56 10917343.0 2796893.5 ibex_top_inst/u_ibex_core/if_stage_i/gen_prefetch_buffer.prefetch_buffer_i/fetch_addr_q[26]
    0:00:07   24197.1  65961.56 10670931.0 2628615.2 ibex_top_inst/u_ibex_core/if_stage_i/gen_prefetch_buffer.prefetch_buffer_i/fetch_addr_q[4]
    0:00:07   24197.6  65961.56 10341912.0 2467628.5 ibex_top_inst/u_ibex_core/if_stage_i/gen_prefetch_buffer.prefetch_buffer_i/fetch_addr_q[6]
    0:00:07   24198.2  65961.56 10095501.0 2299350.2 ibex_top_inst/u_ibex_core/if_stage_i/gen_prefetch_buffer.prefetch_buffer_i/fetch_addr_q[11]
    0:00:07   24198.7  65961.56 9849091.0 2131072.0 ibex_top_inst/u_ibex_core/if_stage_i/gen_prefetch_buffer.prefetch_buffer_i/fetch_addr_q[13]
    0:00:07   24199.2  65961.56 9602681.0 1962793.6 ibex_top_inst/u_ibex_core/if_stage_i/gen_prefetch_buffer.prefetch_buffer_i/fetch_addr_q[15]
    0:00:07   24199.8  65961.56 9356271.0 1794515.4 ibex_top_inst/u_ibex_core/if_stage_i/gen_prefetch_buffer.prefetch_buffer_i/fetch_addr_q[17]
    0:00:07   24200.3  65961.56 9109861.0 1626237.0 ibex_top_inst/u_ibex_core/if_stage_i/gen_prefetch_buffer.prefetch_buffer_i/fetch_addr_q[19]
    0:00:07   24200.8  65961.56 8863451.0 1457958.8 ibex_top_inst/u_ibex_core/if_stage_i/gen_prefetch_buffer.prefetch_buffer_i/fetch_addr_q[21]
    0:00:07   24201.4  65961.56 8511573.0 1291488.2 ibex_top_inst/u_ibex_core/if_stage_i/gen_prefetch_buffer.prefetch_buffer_i/fetch_addr_q[23]
    0:00:07   24201.4  65961.56 6681014.0 1234321.8 ibex_top_inst/u_ibex_core/id_stage_i/imm_u_type[14]
    0:00:07   24202.0  65961.56 6395375.0 1084405.2 ibex_top_inst/u_ibex_core/if_stage_i/gen_prefetch_buffer.prefetch_buffer_i/fetch_addr_q[28]
    0:00:07   24204.9  65961.56 3535187.5 1064197.0 ibex_top_inst/u_ibex_core/instr_rdata_alu_id[5]
    0:00:07   24205.6  65961.56 2888710.8 1056942.8 ibex_top_inst/u_ibex_core/instr_rdata_id[6]
    0:00:07   24204.8  65961.56 1459397.1 1052702.5 ibex_top_inst/u_ibex_core/instr_rdata_alu_id[0]
    0:00:07   24204.8  65885.66 1263649.0  902222.7 n3857                    
    0:00:07   24205.2  65885.66 1226107.2  869205.4 n3855                    
    0:00:07   24205.2  65885.66 1036693.8  719695.1 n3854                    
    0:00:07   24205.2  65885.66  847280.2  570184.8 n3852                    
    0:00:07   24205.7  65885.66  809738.5  537167.6 n3850                    
    0:00:07   24205.7  65885.66  620325.0  387657.2 n3849                    
    0:00:07   24205.7  52907.76  430911.6  238147.0 n3844                    
    0:00:07   24205.2  52907.76  417694.3  238106.9 n11349                   
    0:00:07   24203.8  52907.76  417590.1  238049.7 n5603                    
    0:00:07   24204.2  52907.76  265705.0  121556.6 n3855                    
    0:00:07   24204.7    127.27  113819.8    5063.6 n3850                    
    0:00:07   24206.4    127.27  113808.1    5063.6 ibex_top_inst/u_ibex_core/cs_registers_i/n617
    0:00:07   24192.2    127.27  113808.1    5043.6 ibex_top_inst/u_ibex_core/cs_registers_i/net4427
    0:00:07   24192.2    127.27  113808.1    5043.6 ibex_top_inst/u_ibex_core/cs_registers_i/net4427
    0:00:07   24192.2    127.27  113808.1    5043.6 ibex_top_inst/u_ibex_core/cs_registers_i/net4427
    0:00:08   24191.8    127.27  113807.9    5042.6 ibex_top_inst/u_ibex_core/ex_block_i/gen_multdiv_fast.multdiv_i/md_state_q[2]
    0:00:08   24191.8    127.27  113807.9    5042.6 ibex_top_inst/u_ibex_core/ex_block_i/gen_multdiv_fast.multdiv_i/md_state_q[2]
    0:00:08   24191.3    127.27  113807.9    5041.6 ibex_top_inst/u_ibex_core/ex_block_i/gen_multdiv_fast.multdiv_i/gen_mult_single_cycle.mult_state_q
    0:00:08   24194.3    127.27  113805.2    5041.6 ibex_top_inst/u_ibex_core/id_stage_i/imm_i_type[31]
    0:00:08   24195.2    127.27  113805.2    5039.6 ibex_top_inst/u_ibex_core/cs_registers_i/net4432
    0:00:08   24195.2    127.27  113805.2    5039.6 ibex_top_inst/u_ibex_core/cs_registers_i/net4432
    0:00:08   24195.2    127.27  113805.2    5039.6 ibex_top_inst/u_ibex_core/cs_registers_i/net4432
    0:00:08   24195.2    127.27  113805.2    5039.6 ibex_top_inst/u_ibex_core/cs_registers_i/net4432
    0:00:08   24196.0    127.27  113805.2    5037.6 ibex_top_inst/u_ibex_core/cs_registers_i/net4431
    0:00:08   24196.0    127.27  113805.2    5037.6 ibex_top_inst/u_ibex_core/cs_registers_i/net4431
    0:00:08   24196.0    127.27  113805.2    5037.6 ibex_top_inst/u_ibex_core/cs_registers_i/net4431
    0:00:08   24196.0    127.27  113805.2    5037.6 ibex_top_inst/u_ibex_core/cs_registers_i/net4431
    0:00:08   24196.7    127.27  113805.2    5036.6 ibex_top_inst/u_ibex_core/id_stage_i/imm_u_type[18]
    0:00:08   24196.7    127.27  113805.2    5036.6 ibex_top_inst/u_ibex_core/id_stage_i/imm_u_type[18]
    0:00:08   24196.9    127.27  113805.2    5035.6 ibex_top_inst/u_ibex_core/id_stage_i/imm_i_type[8]
    0:00:08   24196.9    127.27  113805.2    5035.6 ibex_top_inst/u_ibex_core/id_stage_i/imm_i_type[8]
    0:00:08   24196.9    127.27  113805.2    5035.6 ibex_top_inst/u_ibex_core/id_stage_i/imm_i_type[8]
    0:00:08   24197.5    127.27  113805.2    5034.6 ibex_top_inst/u_ibex_core/id_stage_i/imm_u_type[14]
    0:00:08   24197.5    127.27  113805.2    5034.6 ibex_top_inst/u_ibex_core/id_stage_i/imm_u_type[14]
    0:00:08   24197.5    127.27  113805.2    5034.6 ibex_top_inst/u_ibex_core/id_stage_i/imm_u_type[14]
    0:00:08   24197.6    127.27  113805.2    5033.6 ibex_top_inst/u_ibex_core/id_stage_i/imm_u_type[16]
    0:00:08   24197.6    127.27  113805.2    5033.6 ibex_top_inst/u_ibex_core/id_stage_i/imm_u_type[16]
    0:00:08   24197.6    127.27  113805.2    5033.6 ibex_top_inst/u_ibex_core/id_stage_i/imm_u_type[16]
    0:00:09   24198.7    127.27  113805.2    5032.6 ibex_top_inst/u_ibex_core/id_stage_i/imm_u_type[19]
    0:00:09   24198.7    127.27  113805.2    5032.6 ibex_top_inst/u_ibex_core/id_stage_i/imm_u_type[19]
    0:00:09   24198.7    127.27  113805.2    5032.6 ibex_top_inst/u_ibex_core/id_stage_i/imm_u_type[19]
    0:00:09   24199.3    127.27  113805.2    5031.6 ibex_top_inst/u_ibex_core/id_stage_i/imm_u_type[17]
    0:00:09   24199.3    127.27  113805.2    5031.6 ibex_top_inst/u_ibex_core/id_stage_i/imm_u_type[17]
    0:00:09   24199.3    127.27  113805.2    5031.6 ibex_top_inst/u_ibex_core/id_stage_i/imm_u_type[17]
    0:00:09   24199.6    127.27  113805.2    5030.6 ibex_top_inst/u_ibex_core/id_stage_i/imm_i_type[3]
    0:00:09   24199.6    127.27  113805.2    5030.6 ibex_top_inst/u_ibex_core/id_stage_i/imm_i_type[3]
    0:00:09   24199.6    127.27  113805.2    5030.6 ibex_top_inst/u_ibex_core/id_stage_i/imm_i_type[3]
    0:00:09   24199.6    127.27  113805.2    5030.6 ibex_top_inst/u_ibex_core/id_stage_i/imm_i_type[3]
    0:00:09   24200.9    127.27  113805.1    5029.6 net4515                  
    0:00:09   24200.9    127.27  113805.1    5029.6 net4515                  
    0:00:09   24200.9    127.27  113805.1    5029.6 net4515                  
    0:00:09   24201.7    127.27  113805.1    5028.6 ibex_top_inst/u_ibex_core/id_stage_i/imm_i_type[0]
    0:00:09   24201.7    127.27  113805.1    5028.6 ibex_top_inst/u_ibex_core/id_stage_i/imm_i_type[0]
    0:00:09   24201.7    127.27  113805.1    5028.6 ibex_top_inst/u_ibex_core/id_stage_i/imm_i_type[0]
    0:00:09   24201.7    127.27  113805.1    5028.6 ibex_top_inst/u_ibex_core/id_stage_i/imm_i_type[0]
    0:00:09   24203.3    127.27  113805.1    5027.6 net4543                  
    0:00:09   24203.3    127.27  113805.1    5027.6 net4543                  
    0:00:09   24203.3    127.27  113805.1    5027.6 net4543                  
    0:00:09   24204.1    127.27  113804.8    5027.6 instr_addr_o[3]          
    0:00:09   24204.8    127.27  113804.7    5027.6 instr_addr_o[4]          
    0:00:09   24205.6    127.27  113804.6    5027.6 instr_addr_o[5]          
    0:00:09   24206.3    127.27  113802.1    5027.6 instr_addr_o[2]          
    0:00:09   24206.6    127.27  113802.0    5027.6 instr_addr_o[6]          
    0:00:09   24207.0      0.00       0.1    4671.5 instr_addr_o[23]         
    0:00:09   24207.0      0.00       0.1    4671.5 instr_addr_o[23]         
    0:00:09   24206.5      0.00       0.1    4670.5 ibex_top_inst/gen_regfile_ff.register_file_i/raddr_b_i[4]
    0:00:09   24206.6      0.00       0.1    4669.5 ibex_top_inst/u_ibex_core/cs_registers_i/csr_addr_i[5]
    0:00:09   24206.6      0.00       0.1    4669.5 ibex_top_inst/u_ibex_core/cs_registers_i/csr_addr_i[5]
    0:00:09   24206.7      0.00       0.1    4668.5 ibex_top_inst/u_ibex_core/cs_registers_i/csr_addr_i[1]
    0:00:09   24206.7      0.00       0.1    4668.5 ibex_top_inst/u_ibex_core/cs_registers_i/csr_addr_i[1]
    0:00:09   24207.9      0.00       0.1    4667.5 ibex_top_inst/gen_regfile_ff.register_file_i/raddr_a_i[0]
    0:00:09   24208.0      0.00       0.1    4666.5 ibex_top_inst/u_ibex_core/instr_rdata_id[6]


  Beginning Phase 2 Design Rule Fixing  (max_transition)  (max_fanout)  (max_capacitance)
  ------------------------------------

                                  TOTAL                                      
   ELAPSED            WORST NEG   SETUP    DESIGN                            
    TIME      AREA      SLACK     COST    RULE COST         ENDPOINT         
  --------- --------- --------- --------- --------- -------------------------
    0:00:09    9449.3      0.00       0.1    4666.6                          
    0:00:09    9450.5      0.00       0.1    4666.8                          
    0:00:09    9448.6      0.00       0.1    4666.8                          

1
