Information: The net parasitics of block ibex_wrapper are cleared. (TIM-123)
Warning: Cell contains tie connections which are not connected to real PG. (ZRT-511)
Turn off antenna since no rule is specified
Cell Min-Routing-Layer = M1
Cell Max-Routing-Layer = M9
Warning: There is no constraint to limit maximum number of secondary power and ground (PG) pins in a cluster. (ZRT-536)
Warning: There is no constraint to limit maximum number of secondary power and ground (PG) pins in a cluster. (ZRT-536)
Warning: Ignore 2 top cell ports with no pins. (ZRT-027)
Info: number of net_type_blockage: 0 
Via on layer (VIA1) needs more than one tracks
Warning: Layer M1 pitch 0.074 may be too small: wire/via-down 0.074, wire/via-up 0.098. (ZRT-026)
Via on layer (VIA1) needs more than one tracks
Warning: Layer M2 pitch 0.060 may be too small: wire/via-down 0.098, wire/via-up 0.060. (ZRT-026)
Via on layer (VIA3) needs more than one tracks
Warning: Layer M3 pitch 0.074 may be too small: wire/via-down 0.060, wire/via-up 0.080. (ZRT-026)
Wire on layer (M4) needs more than one tracks
Via on layer (VIA3) needs more than one tracks
Via on layer (VIA4) needs more than one tracks
Warning: Layer M4 pitch 0.074 may be too small: wire/via-down 0.107, wire/via-up 0.105. (ZRT-026)
Via on layer (VIA4) needs more than one tracks
Warning: Layer M5 pitch 0.120 may be too small: wire/via-down 0.135, wire/via-up 0.107. (ZRT-026)
Via on layer (VIA8) needs more than one tracks
Warning: Layer M8 pitch 0.120 may be too small: wire/via-down 0.107, wire/via-up 0.135. (ZRT-026)
Wire on layer (M9) needs more than one tracks
Via on layer (VIA8) needs more than one tracks
Via on layer (VIARDL) needs more than one tracks
Warning: Layer M9 pitch 0.120 may be too small: wire/via-down 0.135, wire/via-up 1.570. (ZRT-026)
Via on layer (VIARDL) needs more than one tracks
Warning: Layer MRDL pitch 0.600 may be too small: wire/via-down 4.500, wire/via-up 0.600. (ZRT-026)
Transition layer name: M3(2)
Warning: Standard cell pin SAEDHVT14_INV_PS_2/VDD has no valid via regions. (ZRT-044)
Warning: Standard cell pin SAEDHVT14_NR3B_2/B2 has no valid via regions. (ZRT-044)
Warning: Standard cell pin SAEDHVT14_NR2_2/A1 has no valid via regions. (ZRT-044)
Warning: Standard cell pin SAEDHVT14_NR2_2/X has no valid via regions. (ZRT-044)
Printing options for 'route.common.*'
common.verbose_level                                    :	 0                   

Printing options for 'route.detail.*'
detail.antenna                                          :	 true                
detail.force_end_on_preferred_grid                      :	 true                

Printing options for 'route.auto_via_ladder.*'


Begin full DRC check ...

Information: Using 1 threads for routing. (ZRT-444)
Checked	1/64 Partitions, Violations =	0
Checked	2/64 Partitions, Violations =	0
Checked	4/64 Partitions, Violations =	0
Checked	6/64 Partitions, Violations =	0
Checked	8/64 Partitions, Violations =	0
Checked	10/64 Partitions, Violations =	0
Checked	12/64 Partitions, Violations =	0
Checked	14/64 Partitions, Violations =	0
Checked	16/64 Partitions, Violations =	0
Checked	18/64 Partitions, Violations =	0
Checked	20/64 Partitions, Violations =	167
Checked	22/64 Partitions, Violations =	167
Checked	25/64 Partitions, Violations =	167
Checked	26/64 Partitions, Violations =	167
Checked	28/64 Partitions, Violations =	203
Checked	30/64 Partitions, Violations =	203
Checked	32/64 Partitions, Violations =	203
Checked	34/64 Partitions, Violations =	203
Checked	36/64 Partitions, Violations =	203
Checked	38/64 Partitions, Violations =	203
Checked	40/64 Partitions, Violations =	203
Checked	42/64 Partitions, Violations =	203
Checked	44/64 Partitions, Violations =	205
Checked	46/64 Partitions, Violations =	208
Checked	48/64 Partitions, Violations =	208
Checked	50/64 Partitions, Violations =	208
Checked	52/64 Partitions, Violations =	208
Checked	54/64 Partitions, Violations =	212
Checked	56/64 Partitions, Violations =	212
Checked	58/64 Partitions, Violations =	212
Checked	60/64 Partitions, Violations =	212
Checked	62/64 Partitions, Violations =	212
Checked	64/64 Partitions, Violations =	212
[DRC CHECK] Elapsed real time: 0:00:10 
[DRC CHECK] Elapsed cpu  time: sys=0:00:00 usr=0:00:10 total=0:00:10
[DRC CHECK] Stage (MB): Used    0  Alloctr    0  Proc    0 
[DRC CHECK] Total (MB): Used  140  Alloctr  147  Proc 2155 
Printing options for 'route.common.*'
common.verbose_level                                    :	 0                   

Printing options for 'route.detail.*'
detail.antenna                                          :	 true                
detail.force_end_on_preferred_grid                      :	 true                

Printing options for 'route.auto_via_ladder.*'

[Dr init] Elapsed real time: 0:00:14 
[Dr init] Elapsed cpu  time: sys=0:00:00 usr=0:00:14 total=0:00:14
[Dr init] Stage (MB): Used  130  Alloctr  136  Proc    0 
[Dr init] Total (MB): Used  131  Alloctr  137  Proc 2155 
Total number of nets = 25279, of which 0 are not extracted
Total number of open nets = 0, of which 0 are frozen
Information: Using 1 threads for routing. (ZRT-444)
Routing in incremental mode, starting from iteration 0

Start DR iteration 0: non-uniform partition
Routed	1/15 Partitions, Violations =	171
Routed	2/15 Partitions, Violations =	164
Routed	3/15 Partitions, Violations =	167
Routed	4/15 Partitions, Violations =	162
Routed	5/15 Partitions, Violations =	169
Routed	6/15 Partitions, Violations =	168
Routed	7/15 Partitions, Violations =	164
Routed	8/15 Partitions, Violations =	174
Routed	9/15 Partitions, Violations =	173
Routed	10/15 Partitions, Violations =	172
Routed	11/15 Partitions, Violations =	171
Routed	12/15 Partitions, Violations =	180
Routed	13/15 Partitions, Violations =	179
Routed	14/15 Partitions, Violations =	178
Routed	15/15 Partitions, Violations =	185

DRC-SUMMARY:
	@@@@@@@ TOTAL VIOLATIONS =	185
	Diff net spacing : 52
	Diff net via-cut spacing : 1
	Less than minimum area : 14
	Off-grid : 1
	Same net spacing : 5
	Same net via-cut spacing : 11
	Short : 88
	Internal-only types : 13

[Iter 0] Elapsed real time: 0:00:19 
[Iter 0] Elapsed cpu  time: sys=0:00:00 usr=0:00:18 total=0:00:19
[Iter 0] Stage (MB): Used  139  Alloctr  145  Proc    0 
[Iter 0] Total (MB): Used  140  Alloctr  147  Proc 2155 

End DR iteration 0 with 15 parts

Start DR iteration 1: non-uniform partition
Routed	1/12 Partitions, Violations =	173
Routed	2/12 Partitions, Violations =	175
Routed	3/12 Partitions, Violations =	141
Routed	4/12 Partitions, Violations =	94
Routed	5/12 Partitions, Violations =	120
Routed	6/12 Partitions, Violations =	123
Routed	7/12 Partitions, Violations =	118
Routed	8/12 Partitions, Violations =	115
Routed	9/12 Partitions, Violations =	114
Routed	10/12 Partitions, Violations =	111
Routed	11/12 Partitions, Violations =	114
Routed	12/12 Partitions, Violations =	112

DRC-SUMMARY:
	@@@@@@@ TOTAL VIOLATIONS =	112
	Diff net spacing : 45
	Less than minimum area : 11
	Off-grid : 1
	Same net spacing : 1
	Same net via-cut spacing : 4
	Short : 46
	Internal-only types : 4

[Iter 1] Elapsed real time: 0:00:23 
[Iter 1] Elapsed cpu  time: sys=0:00:00 usr=0:00:22 total=0:00:23
[Iter 1] Stage (MB): Used  139  Alloctr  145  Proc    0 
[Iter 1] Total (MB): Used  140  Alloctr  147  Proc 2155 

End DR iteration 1 with 12 parts

Start DR iteration 2: non-uniform partition
Routed	1/10 Partitions, Violations =	105
Routed	2/10 Partitions, Violations =	103
Routed	3/10 Partitions, Violations =	100
Routed	4/10 Partitions, Violations =	88
Routed	5/10 Partitions, Violations =	107
Routed	6/10 Partitions, Violations =	105
Routed	7/10 Partitions, Violations =	104
Routed	8/10 Partitions, Violations =	103
Routed	9/10 Partitions, Violations =	96
Routed	10/10 Partitions, Violations =	100

DRC-SUMMARY:
	@@@@@@@ TOTAL VIOLATIONS =	100
	Diff net spacing : 36
	Diff net via-cut spacing : 3
	Less than minimum area : 8
	Off-grid : 3
	Short : 33
	Internal-only types : 17

[Iter 2] Elapsed real time: 0:00:26 
[Iter 2] Elapsed cpu  time: sys=0:00:00 usr=0:00:26 total=0:00:26
[Iter 2] Stage (MB): Used  139  Alloctr  145  Proc    0 
[Iter 2] Total (MB): Used  140  Alloctr  147  Proc 2155 

End DR iteration 2 with 10 parts

Start DR iteration 3: non-uniform partition
Routed	1/11 Partitions, Violations =	129
Routed	2/11 Partitions, Violations =	120
Routed	3/11 Partitions, Violations =	128
Routed	4/11 Partitions, Violations =	117
Routed	5/11 Partitions, Violations =	111
Routed	6/11 Partitions, Violations =	105
Routed	7/11 Partitions, Violations =	105
Routed	8/11 Partitions, Violations =	93
Routed	9/11 Partitions, Violations =	113
Routed	10/11 Partitions, Violations =	110
Routed	11/11 Partitions, Violations =	76

DRC-SUMMARY:
	@@@@@@@ TOTAL VIOLATIONS =	76
	Diff net spacing : 32
	Diff net via-cut spacing : 2
	Less than minimum area : 7
	Off-grid : 2
	Same net spacing : 1
	Same net via-cut spacing : 2
	Short : 26
	Internal-only types : 4

[Iter 3] Elapsed real time: 0:00:30 
[Iter 3] Elapsed cpu  time: sys=0:00:00 usr=0:00:29 total=0:00:30
[Iter 3] Stage (MB): Used  139  Alloctr  145  Proc    0 
[Iter 3] Total (MB): Used  140  Alloctr  147  Proc 2155 

End DR iteration 3 with 11 parts

Start DR iteration 4: non-uniform partition
Routed	1/5 Partitions, Violations =	77
Routed	2/5 Partitions, Violations =	68
Routed	3/5 Partitions, Violations =	59
Routed	4/5 Partitions, Violations =	56
Routed	5/5 Partitions, Violations =	55

DRC-SUMMARY:
	@@@@@@@ TOTAL VIOLATIONS =	55
	Diff net spacing : 16
	Diff net via-cut spacing : 1
	Less than minimum area : 5
	Same net via-cut spacing : 1
	Short : 29
	Internal-only types : 3

[Iter 4] Elapsed real time: 0:00:32 
[Iter 4] Elapsed cpu  time: sys=0:00:00 usr=0:00:32 total=0:00:32
[Iter 4] Stage (MB): Used  139  Alloctr  145  Proc    0 
[Iter 4] Total (MB): Used  140  Alloctr  147  Proc 2155 

End DR iteration 4 with 5 parts

Start DR iteration 5: non-uniform partition
Routed	1/5 Partitions, Violations =	74
Routed	2/5 Partitions, Violations =	89
Routed	3/5 Partitions, Violations =	83
Routed	4/5 Partitions, Violations =	58
Routed	5/5 Partitions, Violations =	113

DRC-SUMMARY:
	@@@@@@@ TOTAL VIOLATIONS =	113
	Diff net spacing : 50
	End of line enclosure : 2
	Less than minimum area : 8
	Same net spacing : 1
	Same net via-cut spacing : 2
	Short : 42
	Internal-only types : 8

[Iter 5] Elapsed real time: 0:00:39 
[Iter 5] Elapsed cpu  time: sys=0:00:00 usr=0:00:38 total=0:00:38
[Iter 5] Stage (MB): Used  139  Alloctr  145  Proc    0 
[Iter 5] Total (MB): Used  140  Alloctr  147  Proc 2155 

End DR iteration 5 with 5 parts

Start DR iteration 6: non-uniform partition
Routed	1/4 Partitions, Violations =	88
Routed	2/4 Partitions, Violations =	52
Routed	3/4 Partitions, Violations =	41
Routed	4/4 Partitions, Violations =	38

DRC-SUMMARY:
	@@@@@@@ TOTAL VIOLATIONS =	38
	Diff net spacing : 16
	End of line enclosure : 2
	Less than minimum area : 1
	Off-grid : 2
	Short : 15
	Internal-only types : 2

[Iter 6] Elapsed real time: 0:00:40 
[Iter 6] Elapsed cpu  time: sys=0:00:00 usr=0:00:39 total=0:00:40
[Iter 6] Stage (MB): Used  139  Alloctr  145  Proc    0 
[Iter 6] Total (MB): Used  140  Alloctr  147  Proc 2155 

End DR iteration 6 with 4 parts

Start DR iteration 7: non-uniform partition
Routed	1/2 Partitions, Violations =	13
Routed	2/2 Partitions, Violations =	4

DRC-SUMMARY:
	@@@@@@@ TOTAL VIOLATIONS =	4
	Less than minimum area : 1
	Short : 3

[Iter 7] Elapsed real time: 0:00:41 
[Iter 7] Elapsed cpu  time: sys=0:00:00 usr=0:00:40 total=0:00:41
[Iter 7] Stage (MB): Used  139  Alloctr  145  Proc    0 
[Iter 7] Total (MB): Used  140  Alloctr  147  Proc 2155 

End DR iteration 7 with 2 parts

Start DR iteration 8: non-uniform partition
Routed	1/2 Partitions, Violations =	15
Routed	2/2 Partitions, Violations =	4

DRC-SUMMARY:
	@@@@@@@ TOTAL VIOLATIONS =	4
	Diff net spacing : 1
	Off-grid : 1
	Short : 2

[Iter 8] Elapsed real time: 0:00:42 
[Iter 8] Elapsed cpu  time: sys=0:00:00 usr=0:00:42 total=0:00:42
[Iter 8] Stage (MB): Used  139  Alloctr  145  Proc    0 
[Iter 8] Total (MB): Used  140  Alloctr  147  Proc 2155 

End DR iteration 8 with 2 parts

Start DR iteration 9: non-uniform partition
Routed	1/1 Partitions, Violations =	7

DRC-SUMMARY:
	@@@@@@@ TOTAL VIOLATIONS =	7
	Less than minimum area : 3
	Short : 4

[Iter 9] Elapsed real time: 0:00:43 
[Iter 9] Elapsed cpu  time: sys=0:00:00 usr=0:00:42 total=0:00:43
[Iter 9] Stage (MB): Used  139  Alloctr  145  Proc    0 
[Iter 9] Total (MB): Used  140  Alloctr  147  Proc 2155 

End DR iteration 9 with 1 parts

Start DR iteration 10: non-uniform partition
Routed	1/2 Partitions, Violations =	26
Routed	2/2 Partitions, Violations =	15

DRC-SUMMARY:
	@@@@@@@ TOTAL VIOLATIONS =	15
	Diff net spacing : 4
	Less than minimum area : 4
	Same net via-cut spacing : 1
	Short : 4
	Internal-only types : 2

[Iter 10] Elapsed real time: 0:00:43 
[Iter 10] Elapsed cpu  time: sys=0:00:00 usr=0:00:43 total=0:00:43
[Iter 10] Stage (MB): Used  139  Alloctr  145  Proc    0 
[Iter 10] Total (MB): Used  140  Alloctr  147  Proc 2155 

End DR iteration 10 with 2 parts

Start DR iteration 11: non-uniform partition
Routed	1/2 Partitions, Violations =	5
Routed	2/2 Partitions, Violations =	2

DRC-SUMMARY:
	@@@@@@@ TOTAL VIOLATIONS =	2
	Short : 2

[Iter 11] Elapsed real time: 0:00:44 
[Iter 11] Elapsed cpu  time: sys=0:00:00 usr=0:00:43 total=0:00:44
[Iter 11] Stage (MB): Used  139  Alloctr  145  Proc    0 
[Iter 11] Total (MB): Used  140  Alloctr  147  Proc 2155 

End DR iteration 11 with 2 parts

Start DR iteration 12: non-uniform partition
Routed	1/1 Partitions, Violations =	0

DRC-SUMMARY:
	@@@@@@@ TOTAL VIOLATIONS =	0

[Iter 12] Elapsed real time: 0:00:44 
[Iter 12] Elapsed cpu  time: sys=0:00:00 usr=0:00:43 total=0:00:44
[Iter 12] Stage (MB): Used  139  Alloctr  145  Proc    0 
[Iter 12] Total (MB): Used  140  Alloctr  147  Proc 2155 

End DR iteration 12 with 1 parts

Finish DR since reached 0 DRC

Information: Detail Routing terminated early because DRCs were not converging: false (ZRT-312)
[DR] Elapsed real time: 0:00:44 
[DR] Elapsed cpu  time: sys=0:00:00 usr=0:00:43 total=0:00:44
[DR] Stage (MB): Used  121  Alloctr  127  Proc    0 
[DR] Total (MB): Used  122  Alloctr  129  Proc 2155 
[DR: Done] Elapsed real time: 0:00:44 
[DR: Done] Elapsed cpu  time: sys=0:00:00 usr=0:00:43 total=0:00:44
[DR: Done] Stage (MB): Used  121  Alloctr  127  Proc    0 
[DR: Done] Total (MB): Used  122  Alloctr  129  Proc 2155 

DR finished with 0 open nets, of which 0 are frozen

DR finished with 0 violations

DRC-SUMMARY:
	@@@@@@@ TOTAL VIOLATIONS =	0



Total Wire Length =                    328108 micron
Total Number of Contacts =             173633
Total Number of Wires =                216265
Total Number of PtConns =              34403
Total Number of Routed Wires =       216265
Total Routed Wire Length =           304380 micron
Total Number of Routed Contacts =       173633
	Layer                 M1 :        856 micron
	Layer                 M2 :      85333 micron
	Layer                 M3 :      99045 micron
	Layer                 M4 :      44577 micron
	Layer                 M5 :      51035 micron
	Layer                 M6 :      29171 micron
	Layer                 M7 :      15760 micron
	Layer                 M8 :       2312 micron
	Layer                 M9 :         19 micron
	Layer               MRDL :          0 micron
	Via              VIA89_C :          4
	Via       VIA78SQ_C(rot) :        400
	Via            VIA67SQ_C :       2405
	Via       VIA67SQ_C(rot) :          4
	Via              VIA67SQ :        145
	Via         VIA67SQ(rot) :         37
	Via            VIA56SQ_C :         21
	Via       VIA56SQ_C(rot) :        150
	Via              VIA56SQ :       5160
	Via              VIA45SQ :      10575
	Via         VIA45SQ(rot) :          9
	Via            VIA34SQ_C :          2
	Via       VIA34SQ_C(rot) :      11676
	Via          VIA34BAR2_C :         19
	Via              VIA34SQ :        314
	Via         VIA34SQ(rot) :        946
	Via     VIA3_34SQ_C(rot) :         30
	Via            VIA3_34SQ :         70
	Via       VIA3_34SQ(rot) :         19
	Via            VIA23SQ_C :      81217
	Via       VIA23SQ_C(rot) :          4
	Via          VIA23BAR2_C :          7
	Via     VIA23BAR2_C(rot) :          1
	Via              VIA23SQ :         12
	Via         VIA23SQ(rot) :          3
	Via            VIA23BAR1 :          3
	Via       VIA23BAR1(rot) :          1
	Via          VIA2_33SQ_C :        390
	Via          VIA23_3SQ_C :        504
	Via        VIA2_33_3SQ_C :        162
	Via       VIA12SQ_C(rot) :      57808
	Via     VIA12BAR2_C(rot) :         65
	Via              VIA12SQ :          4
	Via         VIA12SQ(rot) :        567
	Via     VIA1_32SQ_C(rot) :        848
	Via     VIA12_3SQ_C(rot) :         24
	Via   VIA1_32_3SQ_C(rot) :         27

 
Redundant via conversion report:
--------------------------------

  Total optimized via conversion rate =  0.00% (0 / 173633 vias)
 
    Layer VIA1       =  0.00% (0      / 59343   vias)
        Un-optimized =  0.00% (0       vias)
        Un-mapped    = 100.00% (59343   vias)
    Layer VIA2       =  0.00% (0      / 82304   vias)
        Un-optimized =  0.00% (0       vias)
        Un-mapped    = 100.00% (82304   vias)
    Layer VIA3       =  0.00% (0      / 13076   vias)
        Un-optimized =  0.00% (0       vias)
        Un-mapped    = 100.00% (13076   vias)
    Layer VIA4       =  0.00% (0      / 10584   vias)
        Un-optimized =  0.00% (0       vias)
        Un-mapped    = 100.00% (10584   vias)
    Layer VIA5       =  0.00% (0      / 5331    vias)
        Un-optimized =  0.00% (0       vias)
        Un-mapped    = 100.00% (5331    vias)
    Layer VIA6       =  0.00% (0      / 2591    vias)
        Un-optimized =  0.00% (0       vias)
        Un-mapped    = 100.00% (2591    vias)
    Layer VIA7       =  0.00% (0      / 400     vias)
        Un-optimized =  0.00% (0       vias)
        Un-mapped    = 100.00% (400     vias)
    Layer VIA8       =  0.00% (0      / 4       vias)
        Un-optimized =  0.00% (0       vias)
        Un-mapped    = 100.00% (4       vias)
 
  Total double via conversion rate    =  0.00% (0 / 173633 vias)
 
    Layer VIA1       =  0.00% (0      / 59343   vias)
    Layer VIA2       =  0.00% (0      / 82304   vias)
    Layer VIA3       =  0.00% (0      / 13076   vias)
    Layer VIA4       =  0.00% (0      / 10584   vias)
    Layer VIA5       =  0.00% (0      / 5331    vias)
    Layer VIA6       =  0.00% (0      / 2591    vias)
    Layer VIA7       =  0.00% (0      / 400     vias)
    Layer VIA8       =  0.00% (0      / 4       vias)
 
  The optimized via conversion rate based on total routed via count =  0.00% (0 / 173633 vias)
 
    Layer VIA1       =  0.00% (0      / 59343   vias)
        Un-optimized =  0.00% (0       vias)
        Un-mapped    = 100.00% (59343   vias)
    Layer VIA2       =  0.00% (0      / 82304   vias)
        Un-optimized =  0.00% (0       vias)
        Un-mapped    = 100.00% (82304   vias)
    Layer VIA3       =  0.00% (0      / 13076   vias)
        Un-optimized =  0.00% (0       vias)
        Un-mapped    = 100.00% (13076   vias)
    Layer VIA4       =  0.00% (0      / 10584   vias)
        Un-optimized =  0.00% (0       vias)
        Un-mapped    = 100.00% (10584   vias)
    Layer VIA5       =  0.00% (0      / 5331    vias)
        Un-optimized =  0.00% (0       vias)
        Un-mapped    = 100.00% (5331    vias)
    Layer VIA6       =  0.00% (0      / 2591    vias)
        Un-optimized =  0.00% (0       vias)
        Un-mapped    = 100.00% (2591    vias)
    Layer VIA7       =  0.00% (0      / 400     vias)
        Un-optimized =  0.00% (0       vias)
        Un-mapped    = 100.00% (400     vias)
    Layer VIA8       =  0.00% (0      / 4       vias)
        Un-optimized =  0.00% (0       vias)
        Un-mapped    = 100.00% (4       vias)
 

Total number of nets = 25279
0 open nets, of which 0 are frozen
Total number of excluded ports = 0 ports of 0 unplaced cells connected to 0 nets
                                 0 ports without pins of 0 cells connected to 0 nets
                                 0 ports of 0 cover cells connected to 0 non-pg nets
Total number of DRCs = 0
Total number of antenna violations = antenna checking not active
Information: Routes in non-preferred voltage areas = 0 (ZRT-559)

Topology ECO not run, no qualifying violations or in frozen nets.
Updating the database ...
