 
****************************************
Report : qor
Design : ibex_wrapper
Version: O-2018.06-SP1
Date   : Mon Jul  7 17:06:11 2025
****************************************


  Timing Path Group 'clk_i'
  -----------------------------------
  Levels of Logic:              70.00
  Critical Path Length:          3.40
  Critical Path Slack:           0.78
  Critical Path Clk Period:      6.25
  Total Negative Slack:          0.00
  No. of Violating Paths:        0.00
  Worst Hold Violation:       -124.02
  Total Hold Violation:      -8222.60
  No. of Hold Violations:      102.00
  -----------------------------------

  Timing Path Group 'cluster_clock_gating'
  -----------------------------------
  Levels of Logic:              66.00
  Critical Path Length:          2.71
  Critical Path Slack:           1.47
  Critical Path Clk Period:      6.25
  Total Negative Slack:          0.00
  No. of Violating Paths:        0.00
  Worst Hold Violation:       -144.11
  Total Hold Violation:    -151107.28
  No. of Hold Violations:     3939.00
  -----------------------------------


  Cell Count
  -----------------------------------
  Hierarchical Cell Count:          2
  Hierarchical Port Count:        817
  Leaf Cell Count:              17772
  Buf/Inv Cell Count:            1882
  Buf Cell Count:                1022
  Inv Cell Count:                 863
  CT Buf/Inv Cell Count:            0
  Combinational Cell Count:     15752
  Sequential Cell Count:         2020
  Macro Count:                      0
  -----------------------------------


  Area
  -----------------------------------
  Combinational Area:     6936.656231
  Noncombinational Area:  2627.103625
  Buf/Inv Area:            585.635993
  Total Buffer Area:           366.88
  Total Inverter Area:         223.69
  Macro/Black Box Area:      0.000000
  Net Area:              13230.693846
  -----------------------------------
  Cell Area:              9563.759856
  Design Area:           22794.453702


  Design Rules
  -----------------------------------
  Total Number of Nets:         18628
  Nets With Violations:             1
  Max Trans Violations:             1
  Max Cap Violations:               1
  Max Fanout Violations:            1
  -----------------------------------


  Hostname: IC_EDA

  Compile CPU Statistics
  -----------------------------------------
  Resource Sharing:                    0.01
  Logic Optimization:                  0.41
  Mapping Optimization:               11.70
  -----------------------------------------
  Overall Compile Time:               30.03
  Overall Compile Wall Clock Time:    34.35

  --------------------------------------------------------------------

  Design  WNS: 0.00  TNS: 0.00  Number of Violating Paths: 0


  Design (Hold)  WNS: 144.11  TNS: 159325.88  Number of Violating Paths: 4041

  --------------------------------------------------------------------


1
