****************************************************

Info:  Net i:/WORK/ibex_register_file_ff_0_00000020_0_0_0_00000000/err_o is undriven.
Info:  Net i:/WORK/ibex_cs_registers_0_00000001_0_0_0_0_00000000_00000028_0_00000000_00000004_0_0_3_0/csr_mtvec_o[7] is undriven.
Info:  Net i:/WORK/ibex_cs_registers_0_00000001_0_0_0_0_00000000_00000028_0_00000000_00000004_0_0_3_0/csr_mtvec_o[6] is undriven.
Info:  Net i:/WORK/ibex_cs_registers_0_00000001_0_0_0_0_00000000_00000028_0_00000000_00000004_0_0_3_0/csr_mtvec_o[5] is undriven.
Info:  Net i:/WORK/ibex_cs_registers_0_00000001_0_0_0_0_00000000_00000028_0_00000000_00000004_0_0_3_0/csr_mtvec_o[4] is undriven.
Info:  Net i:/WORK/ibex_cs_registers_0_00000001_0_0_0_0_00000000_00000028_0_00000000_00000004_0_0_3_0/csr_mtvec_o[3] is undriven.
Info:  Net i:/WORK/ibex_cs_registers_0_00000001_0_0_0_0_00000000_00000028_0_00000000_00000004_0_0_3_0/csr_mtvec_o[2] is undriven.
Info:  Net i:/WORK/ibex_cs_registers_0_00000001_0_0_0_0_00000000_00000028_0_00000000_00000004_0_0_3_0/csr_mtvec_o[1] is undriven.
Info:  Net i:/WORK/ibex_cs_registers_0_00000001_0_0_0_0_00000000_00000028_0_00000000_00000004_0_0_3_0/csr_mtvec_o[0] is undriven.
Info:  Net i:/WORK/ibex_cs_registers_0_00000001_0_0_0_0_00000000_00000028_0_00000000_00000004_0_0_3_0/csr_mepc_o[0] is undriven.
Info:  Net i:/WORK/ibex_cs_registers_0_00000001_0_0_0_0_00000000_00000028_0_00000000_00000004_0_0_3_0/csr_pmp_cfg_o[0]\[lock] is undriven.
Info:  Net i:/WORK/ibex_cs_registers_0_00000001_0_0_0_0_00000000_00000028_0_00000000_00000004_0_0_3_0/csr_pmp_cfg_o[0]\[mode][1] is undriven.
Info:  Net i:/WORK/ibex_cs_registers_0_00000001_0_0_0_0_00000000_00000028_0_00000000_00000004_0_0_3_0/csr_pmp_cfg_o[0]\[mode][0] is undriven.
Info:  Net i:/WORK/ibex_cs_registers_0_00000001_0_0_0_0_00000000_00000028_0_00000000_00000004_0_0_3_0/csr_pmp_cfg_o[0]\[exec] is undriven.
Info:  Net i:/WORK/ibex_cs_registers_0_00000001_0_0_0_0_00000000_00000028_0_00000000_00000004_0_0_3_0/csr_pmp_cfg_o[0]\[write] is undriven.
Info:  Net i:/WORK/ibex_cs_registers_0_00000001_0_0_0_0_00000000_00000028_0_00000000_00000004_0_0_3_0/csr_pmp_cfg_o[0]\[read] is undriven.
Info:  Net i:/WORK/ibex_cs_registers_0_00000001_0_0_0_0_00000000_00000028_0_00000000_00000004_0_0_3_0/csr_pmp_cfg_o[1]\[lock] is undriven.
Info:  Net i:/WORK/ibex_cs_registers_0_00000001_0_0_0_0_00000000_00000028_0_00000000_00000004_0_0_3_0/csr_pmp_cfg_o[1]\[mode][1] is undriven.
Info:  Net i:/WORK/ibex_cs_registers_0_00000001_0_0_0_0_00000000_00000028_0_00000000_00000004_0_0_3_0/csr_pmp_cfg_o[1]\[mode][0] is undriven.
Info:  Net i:/WORK/ibex_cs_registers_0_00000001_0_0_0_0_00000000_00000028_0_00000000_00000004_0_0_3_0/csr_pmp_cfg_o[1]\[exec] is undriven.
Info:  Net i:/WORK/ibex_cs_registers_0_00000001_0_0_0_0_00000000_00000028_0_00000000_00000004_0_0_3_0/csr_pmp_cfg_o[1]\[write] is undriven.
Info:  Net i:/WORK/ibex_cs_registers_0_00000001_0_0_0_0_00000000_00000028_0_00000000_00000004_0_0_3_0/csr_pmp_cfg_o[1]\[read] is undriven.
Info:  Net i:/WORK/ibex_cs_registers_0_00000001_0_0_0_0_00000000_00000028_0_00000000_00000004_0_0_3_0/csr_pmp_cfg_o[2]\[lock] is undriven.
Info:  Net i:/WORK/ibex_cs_registers_0_00000001_0_0_0_0_00000000_00000028_0_00000000_00000004_0_0_3_0/csr_pmp_cfg_o[2]\[mode][1] is undriven.
Info:  Net i:/WORK/ibex_cs_registers_0_00000001_0_0_0_0_00000000_00000028_0_00000000_00000004_0_0_3_0/csr_pmp_cfg_o[2]\[mode][0] is undriven.
Info:  Net i:/WORK/ibex_cs_registers_0_00000001_0_0_0_0_00000000_00000028_0_00000000_00000004_0_0_3_0/csr_pmp_cfg_o[2]\[exec] is undriven.
Info:  Net i:/WORK/ibex_cs_registers_0_00000001_0_0_0_0_00000000_00000028_0_00000000_00000004_0_0_3_0/csr_pmp_cfg_o[2]\[write] is undriven.
Info:  Net i:/WORK/ibex_cs_registers_0_00000001_0_0_0_0_00000000_00000028_0_00000000_00000004_0_0_3_0/csr_pmp_cfg_o[2]\[read] is undriven.
Info:  Net i:/WORK/ibex_cs_registers_0_00000001_0_0_0_0_00000000_00000028_0_00000000_00000004_0_0_3_0/csr_pmp_cfg_o[3]\[lock] is undriven.
Info:  Net i:/WORK/ibex_cs_registers_0_00000001_0_0_0_0_00000000_00000028_0_00000000_00000004_0_0_3_0/csr_pmp_cfg_o[3]\[mode][1] is undriven.
Info:  Net i:/WORK/ibex_cs_registers_0_00000001_0_0_0_0_00000000_00000028_0_00000000_00000004_0_0_3_0/csr_pmp_cfg_o[3]\[mode][0] is undriven.
Info:  Net i:/WORK/ibex_cs_registers_0_00000001_0_0_0_0_00000000_00000028_0_00000000_00000004_0_0_3_0/csr_pmp_cfg_o[3]\[exec] is undriven.
Info:  Net i:/WORK/ibex_cs_registers_0_00000001_0_0_0_0_00000000_00000028_0_00000000_00000004_0_0_3_0/csr_pmp_cfg_o[3]\[write] is undriven.
Info:  Net i:/WORK/ibex_cs_registers_0_00000001_0_0_0_0_00000000_00000028_0_00000000_00000004_0_0_3_0/csr_pmp_cfg_o[3]\[read] is undriven.
Info:  Net i:/WORK/ibex_cs_registers_0_00000001_0_0_0_0_00000000_00000028_0_00000000_00000004_0_0_3_0/csr_pmp_addr_o[0][33] is undriven.
Info:  Net i:/WORK/ibex_cs_registers_0_00000001_0_0_0_0_00000000_00000028_0_00000000_00000004_0_0_3_0/csr_pmp_addr_o[0][32] is undriven.
Info:  Net i:/WORK/ibex_cs_registers_0_00000001_0_0_0_0_00000000_00000028_0_00000000_00000004_0_0_3_0/csr_pmp_addr_o[0][31] is undriven.
Info:  Net i:/WORK/ibex_cs_registers_0_00000001_0_0_0_0_00000000_00000028_0_00000000_00000004_0_0_3_0/csr_pmp_addr_o[0][30] is undriven.
Info:  Net i:/WORK/ibex_cs_registers_0_00000001_0_0_0_0_00000000_00000028_0_00000000_00000004_0_0_3_0/csr_pmp_addr_o[0][29] is undriven.
Info:  Net i:/WORK/ibex_cs_registers_0_00000001_0_0_0_0_00000000_00000028_0_00000000_00000004_0_0_3_0/csr_pmp_addr_o[0][28] is undriven.
Info:  Net i:/WORK/ibex_cs_registers_0_00000001_0_0_0_0_00000000_00000028_0_00000000_00000004_0_0_3_0/csr_pmp_addr_o[0][27] is undriven.
Info:  Net i:/WORK/ibex_cs_registers_0_00000001_0_0_0_0_00000000_00000028_0_00000000_00000004_0_0_3_0/csr_pmp_addr_o[0][26] is undriven.
Info:  Net i:/WORK/ibex_cs_registers_0_00000001_0_0_0_0_00000000_00000028_0_00000000_00000004_0_0_3_0/csr_pmp_addr_o[0][25] is undriven.
Info:  Net i:/WORK/ibex_cs_registers_0_00000001_0_0_0_0_00000000_00000028_0_00000000_00000004_0_0_3_0/csr_pmp_addr_o[0][24] is undriven.
Info:  Net i:/WORK/ibex_cs_registers_0_00000001_0_0_0_0_00000000_00000028_0_00000000_00000004_0_0_3_0/csr_pmp_addr_o[0][23] is undriven.
Info:  Net i:/WORK/ibex_cs_registers_0_00000001_0_0_0_0_00000000_00000028_0_00000000_00000004_0_0_3_0/csr_pmp_addr_o[0][22] is undriven.
Info:  Net i:/WORK/ibex_cs_registers_0_00000001_0_0_0_0_00000000_00000028_0_00000000_00000004_0_0_3_0/csr_pmp_addr_o[0][21] is undriven.
Info:  Net i:/WORK/ibex_cs_registers_0_00000001_0_0_0_0_00000000_00000028_0_00000000_00000004_0_0_3_0/csr_pmp_addr_o[0][20] is undriven.
Info:  Net i:/WORK/ibex_cs_registers_0_00000001_0_0_0_0_00000000_00000028_0_00000000_00000004_0_0_3_0/csr_pmp_addr_o[0][19] is undriven.
Info:  Net i:/WORK/ibex_cs_registers_0_00000001_0_0_0_0_00000000_00000028_0_00000000_00000004_0_0_3_0/csr_pmp_addr_o[0][18] is undriven.
Info:  Net i:/WORK/ibex_cs_registers_0_00000001_0_0_0_0_00000000_00000028_0_00000000_00000004_0_0_3_0/csr_pmp_addr_o[0][17] is undriven.
Info:  Net i:/WORK/ibex_cs_registers_0_00000001_0_0_0_0_00000000_00000028_0_00000000_00000004_0_0_3_0/csr_pmp_addr_o[0][16] is undriven.
Info:  Net i:/WORK/ibex_cs_registers_0_00000001_0_0_0_0_00000000_00000028_0_00000000_00000004_0_0_3_0/csr_pmp_addr_o[0][15] is undriven.
Info:  Net i:/WORK/ibex_cs_registers_0_00000001_0_0_0_0_00000000_00000028_0_00000000_00000004_0_0_3_0/csr_pmp_addr_o[0][14] is undriven.
Info:  Net i:/WORK/ibex_cs_registers_0_00000001_0_0_0_0_00000000_00000028_0_00000000_00000004_0_0_3_0/csr_pmp_addr_o[0][13] is undriven.
Info:  Net i:/WORK/ibex_cs_registers_0_00000001_0_0_0_0_00000000_00000028_0_00000000_00000004_0_0_3_0/csr_pmp_addr_o[0][12] is undriven.
Info:  Net i:/WORK/ibex_cs_registers_0_00000001_0_0_0_0_00000000_00000028_0_00000000_00000004_0_0_3_0/csr_pmp_addr_o[0][11] is undriven.
Info:  Net i:/WORK/ibex_cs_registers_0_00000001_0_0_0_0_00000000_00000028_0_00000000_00000004_0_0_3_0/csr_pmp_addr_o[0][10] is undriven.
Info:  Net i:/WORK/ibex_cs_registers_0_00000001_0_0_0_0_00000000_00000028_0_00000000_00000004_0_0_3_0/csr_pmp_addr_o[0][9] is undriven.
Info:  Net i:/WORK/ibex_cs_registers_0_00000001_0_0_0_0_00000000_00000028_0_00000000_00000004_0_0_3_0/csr_pmp_addr_o[0][8] is undriven.
Info:  Net i:/WORK/ibex_cs_registers_0_00000001_0_0_0_0_00000000_00000028_0_00000000_00000004_0_0_3_0/csr_pmp_addr_o[0][7] is undriven.
Info:  Net i:/WORK/ibex_cs_registers_0_00000001_0_0_0_0_00000000_00000028_0_00000000_00000004_0_0_3_0/csr_pmp_addr_o[0][6] is undriven.
Info:  Net i:/WORK/ibex_cs_registers_0_00000001_0_0_0_0_00000000_00000028_0_00000000_00000004_0_0_3_0/csr_pmp_addr_o[0][5] is undriven.
Info:  Net i:/WORK/ibex_cs_registers_0_00000001_0_0_0_0_00000000_00000028_0_00000000_00000004_0_0_3_0/csr_pmp_addr_o[0][4] is undriven.
Info:  Net i:/WORK/ibex_cs_registers_0_00000001_0_0_0_0_00000000_00000028_0_00000000_00000004_0_0_3_0/csr_pmp_addr_o[0][3] is undriven.
Info:  Net i:/WORK/ibex_cs_registers_0_00000001_0_0_0_0_00000000_00000028_0_00000000_00000004_0_0_3_0/csr_pmp_addr_o[0][2] is undriven.
Info:  Net i:/WORK/ibex_cs_registers_0_00000001_0_0_0_0_00000000_00000028_0_00000000_00000004_0_0_3_0/csr_pmp_addr_o[0][1] is undriven.
Info:  Net i:/WORK/ibex_cs_registers_0_00000001_0_0_0_0_00000000_00000028_0_00000000_00000004_0_0_3_0/csr_pmp_addr_o[0][0] is undriven.
Info:  Net i:/WORK/ibex_cs_registers_0_00000001_0_0_0_0_00000000_00000028_0_00000000_00000004_0_0_3_0/csr_pmp_addr_o[1][33] is undriven.
Info:  Net i:/WORK/ibex_cs_registers_0_00000001_0_0_0_0_00000000_00000028_0_00000000_00000004_0_0_3_0/csr_pmp_addr_o[1][32] is undriven.
Info:  Net i:/WORK/ibex_cs_registers_0_00000001_0_0_0_0_00000000_00000028_0_00000000_00000004_0_0_3_0/csr_pmp_addr_o[1][31] is undriven.
Info:  Net i:/WORK/ibex_cs_registers_0_00000001_0_0_0_0_00000000_00000028_0_00000000_00000004_0_0_3_0/csr_pmp_addr_o[1][30] is undriven.
Info:  Net i:/WORK/ibex_cs_registers_0_00000001_0_0_0_0_00000000_00000028_0_00000000_00000004_0_0_3_0/csr_pmp_addr_o[1][29] is undriven.
Info:  Net i:/WORK/ibex_cs_registers_0_00000001_0_0_0_0_00000000_00000028_0_00000000_00000004_0_0_3_0/csr_pmp_addr_o[1][28] is undriven.
Info:  Net i:/WORK/ibex_cs_registers_0_00000001_0_0_0_0_00000000_00000028_0_00000000_00000004_0_0_3_0/csr_pmp_addr_o[1][27] is undriven.
Info:  Net i:/WORK/ibex_cs_registers_0_00000001_0_0_0_0_00000000_00000028_0_00000000_00000004_0_0_3_0/csr_pmp_addr_o[1][26] is undriven.
Info:  Net i:/WORK/ibex_cs_registers_0_00000001_0_0_0_0_00000000_00000028_0_00000000_00000004_0_0_3_0/csr_pmp_addr_o[1][25] is undriven.
Info:  Net i:/WORK/ibex_cs_registers_0_00000001_0_0_0_0_00000000_00000028_0_00000000_00000004_0_0_3_0/csr_pmp_addr_o[1][24] is undriven.
Info:  Net i:/WORK/ibex_cs_registers_0_00000001_0_0_0_0_00000000_00000028_0_00000000_00000004_0_0_3_0/csr_pmp_addr_o[1][23] is undriven.
Info:  Net i:/WORK/ibex_cs_registers_0_00000001_0_0_0_0_00000000_00000028_0_00000000_00000004_0_0_3_0/csr_pmp_addr_o[1][22] is undriven.
Info:  Net i:/WORK/ibex_cs_registers_0_00000001_0_0_0_0_00000000_00000028_0_00000000_00000004_0_0_3_0/csr_pmp_addr_o[1][21] is undriven.
Info:  Net i:/WORK/ibex_cs_registers_0_00000001_0_0_0_0_00000000_00000028_0_00000000_00000004_0_0_3_0/csr_pmp_addr_o[1][20] is undriven.
Info:  Net i:/WORK/ibex_cs_registers_0_00000001_0_0_0_0_00000000_00000028_0_00000000_00000004_0_0_3_0/csr_pmp_addr_o[1][19] is undriven.
Info:  Net i:/WORK/ibex_cs_registers_0_00000001_0_0_0_0_00000000_00000028_0_00000000_00000004_0_0_3_0/csr_pmp_addr_o[1][18] is undriven.
Info:  Net i:/WORK/ibex_cs_registers_0_00000001_0_0_0_0_00000000_00000028_0_00000000_00000004_0_0_3_0/csr_pmp_addr_o[1][17] is undriven.
Info:  Net i:/WORK/ibex_cs_registers_0_00000001_0_0_0_0_00000000_00000028_0_00000000_00000004_0_0_3_0/csr_pmp_addr_o[1][16] is undriven.
Info:  Net i:/WORK/ibex_cs_registers_0_00000001_0_0_0_0_00000000_00000028_0_00000000_00000004_0_0_3_0/csr_pmp_addr_o[1][15] is undriven.
Info:  Net i:/WORK/ibex_cs_registers_0_00000001_0_0_0_0_00000000_00000028_0_00000000_00000004_0_0_3_0/csr_pmp_addr_o[1][14] is undriven.
Info:  Net i:/WORK/ibex_cs_registers_0_00000001_0_0_0_0_00000000_00000028_0_00000000_00000004_0_0_3_0/csr_pmp_addr_o[1][13] is undriven.
Info:  Net i:/WORK/ibex_cs_registers_0_00000001_0_0_0_0_00000000_00000028_0_00000000_00000004_0_0_3_0/csr_pmp_addr_o[1][12] is undriven.
Info:  Net i:/WORK/ibex_cs_registers_0_00000001_0_0_0_0_00000000_00000028_0_00000000_00000004_0_0_3_0/csr_pmp_addr_o[1][11] is undriven.
Info:  Net i:/WORK/ibex_cs_registers_0_00000001_0_0_0_0_00000000_00000028_0_00000000_00000004_0_0_3_0/csr_pmp_addr_o[1][10] is undriven.
Info:  Net i:/WORK/ibex_cs_registers_0_00000001_0_0_0_0_00000000_00000028_0_00000000_00000004_0_0_3_0/csr_pmp_addr_o[1][9] is undriven.
Info:  Net i:/WORK/ibex_cs_registers_0_00000001_0_0_0_0_00000000_00000028_0_00000000_00000004_0_0_3_0/csr_pmp_addr_o[1][8] is undriven.
Info:  Net i:/WORK/ibex_cs_registers_0_00000001_0_0_0_0_00000000_00000028_0_00000000_00000004_0_0_3_0/csr_pmp_addr_o[1][7] is undriven.
Info:  Net i:/WORK/ibex_cs_registers_0_00000001_0_0_0_0_00000000_00000028_0_00000000_00000004_0_0_3_0/csr_pmp_addr_o[1][6] is undriven.
Info:  Net i:/WORK/ibex_cs_registers_0_00000001_0_0_0_0_00000000_00000028_0_00000000_00000004_0_0_3_0/csr_pmp_addr_o[1][5] is undriven.
Info:  Net i:/WORK/ibex_cs_registers_0_00000001_0_0_0_0_00000000_00000028_0_00000000_00000004_0_0_3_0/csr_pmp_addr_o[1][4] is undriven.
Info:  Net i:/WORK/ibex_cs_registers_0_00000001_0_0_0_0_00000000_00000028_0_00000000_00000004_0_0_3_0/csr_pmp_addr_o[1][3] is undriven.
Info:  Net i:/WORK/ibex_cs_registers_0_00000001_0_0_0_0_00000000_00000028_0_00000000_00000004_0_0_3_0/csr_pmp_addr_o[1][2] is undriven.
Info:  Net i:/WORK/ibex_cs_registers_0_00000001_0_0_0_0_00000000_00000028_0_00000000_00000004_0_0_3_0/csr_pmp_addr_o[1][1] is undriven.
Info:  Net i:/WORK/ibex_cs_registers_0_00000001_0_0_0_0_00000000_00000028_0_00000000_00000004_0_0_3_0/csr_pmp_addr_o[1][0] is undriven.
Info:  Net i:/WORK/ibex_cs_registers_0_00000001_0_0_0_0_00000000_00000028_0_00000000_00000004_0_0_3_0/csr_pmp_addr_o[2][33] is undriven.
Info:  Net i:/WORK/ibex_cs_registers_0_00000001_0_0_0_0_00000000_00000028_0_00000000_00000004_0_0_3_0/csr_pmp_addr_o[2][32] is undriven.
Info:  Net i:/WORK/ibex_cs_registers_0_00000001_0_0_0_0_00000000_00000028_0_00000000_00000004_0_0_3_0/csr_pmp_addr_o[2][31] is undriven.
Info:  Net i:/WORK/ibex_cs_registers_0_00000001_0_0_0_0_00000000_00000028_0_00000000_00000004_0_0_3_0/csr_pmp_addr_o[2][30] is undriven.
Info:  Net i:/WORK/ibex_cs_registers_0_00000001_0_0_0_0_00000000_00000028_0_00000000_00000004_0_0_3_0/csr_pmp_addr_o[2][29] is undriven.
Info:  Net i:/WORK/ibex_cs_registers_0_00000001_0_0_0_0_00000000_00000028_0_00000000_00000004_0_0_3_0/csr_pmp_addr_o[2][28] is undriven.
Info:  Net i:/WORK/ibex_cs_registers_0_00000001_0_0_0_0_00000000_00000028_0_00000000_00000004_0_0_3_0/csr_pmp_addr_o[2][27] is undriven.
Info:  Net i:/WORK/ibex_cs_registers_0_00000001_0_0_0_0_00000000_00000028_0_00000000_00000004_0_0_3_0/csr_pmp_addr_o[2][26] is undriven.
Info:  Net i:/WORK/ibex_cs_registers_0_00000001_0_0_0_0_00000000_00000028_0_00000000_00000004_0_0_3_0/csr_pmp_addr_o[2][25] is undriven.
Info:  Net i:/WORK/ibex_cs_registers_0_00000001_0_0_0_0_00000000_00000028_0_00000000_00000004_0_0_3_0/csr_pmp_addr_o[2][24] is undriven.
Info:  Net i:/WORK/ibex_cs_registers_0_00000001_0_0_0_0_00000000_00000028_0_00000000_00000004_0_0_3_0/csr_pmp_addr_o[2][23] is undriven.
Info:  Net i:/WORK/ibex_cs_registers_0_00000001_0_0_0_0_00000000_00000028_0_00000000_00000004_0_0_3_0/csr_pmp_addr_o[2][22] is undriven.
Info:  Net i:/WORK/ibex_cs_registers_0_00000001_0_0_0_0_00000000_00000028_0_00000000_00000004_0_0_3_0/csr_pmp_addr_o[2][21] is undriven.
Info:  Net i:/WORK/ibex_cs_registers_0_00000001_0_0_0_0_00000000_00000028_0_00000000_00000004_0_0_3_0/csr_pmp_addr_o[2][20] is undriven.
Info:  Net i:/WORK/ibex_cs_registers_0_00000001_0_0_0_0_00000000_00000028_0_00000000_00000004_0_0_3_0/csr_pmp_addr_o[2][19] is undriven.
Info:  Net i:/WORK/ibex_cs_registers_0_00000001_0_0_0_0_00000000_00000028_0_00000000_00000004_0_0_3_0/csr_pmp_addr_o[2][18] is undriven.
Info:  Net i:/WORK/ibex_cs_registers_0_00000001_0_0_0_0_00000000_00000028_0_00000000_00000004_0_0_3_0/csr_pmp_addr_o[2][17] is undriven.
Info:  Net i:/WORK/ibex_cs_registers_0_00000001_0_0_0_0_00000000_00000028_0_00000000_00000004_0_0_3_0/csr_pmp_addr_o[2][16] is undriven.
Info:  Net i:/WORK/ibex_cs_registers_0_00000001_0_0_0_0_00000000_00000028_0_00000000_00000004_0_0_3_0/csr_pmp_addr_o[2][15] is undriven.
Info:  Net i:/WORK/ibex_cs_registers_0_00000001_0_0_0_0_00000000_00000028_0_00000000_00000004_0_0_3_0/csr_pmp_addr_o[2][14] is undriven.
Info:  Net i:/WORK/ibex_cs_registers_0_00000001_0_0_0_0_00000000_00000028_0_00000000_00000004_0_0_3_0/csr_pmp_addr_o[2][13] is undriven.
Info:  Net i:/WORK/ibex_cs_registers_0_00000001_0_0_0_0_00000000_00000028_0_00000000_00000004_0_0_3_0/csr_pmp_addr_o[2][12] is undriven.
Info:  Net i:/WORK/ibex_cs_registers_0_00000001_0_0_0_0_00000000_00000028_0_00000000_00000004_0_0_3_0/csr_pmp_addr_o[2][11] is undriven.
Info:  Net i:/WORK/ibex_cs_registers_0_00000001_0_0_0_0_00000000_00000028_0_00000000_00000004_0_0_3_0/csr_pmp_addr_o[2][10] is undriven.
Info:  Net i:/WORK/ibex_cs_registers_0_00000001_0_0_0_0_00000000_00000028_0_00000000_00000004_0_0_3_0/csr_pmp_addr_o[2][9] is undriven.
Info:  Net i:/WORK/ibex_cs_registers_0_00000001_0_0_0_0_00000000_00000028_0_00000000_00000004_0_0_3_0/csr_pmp_addr_o[2][8] is undriven.
Info:  Net i:/WORK/ibex_cs_registers_0_00000001_0_0_0_0_00000000_00000028_0_00000000_00000004_0_0_3_0/csr_pmp_addr_o[2][7] is undriven.
Info:  Net i:/WORK/ibex_cs_registers_0_00000001_0_0_0_0_00000000_00000028_0_00000000_00000004_0_0_3_0/csr_pmp_addr_o[2][6] is undriven.
Info:  Net i:/WORK/ibex_cs_registers_0_00000001_0_0_0_0_00000000_00000028_0_00000000_00000004_0_0_3_0/csr_pmp_addr_o[2][5] is undriven.
Info:  Net i:/WORK/ibex_cs_registers_0_00000001_0_0_0_0_00000000_00000028_0_00000000_00000004_0_0_3_0/csr_pmp_addr_o[2][4] is undriven.
Info:  Net i:/WORK/ibex_cs_registers_0_00000001_0_0_0_0_00000000_00000028_0_00000000_00000004_0_0_3_0/csr_pmp_addr_o[2][3] is undriven.
Info:  Net i:/WORK/ibex_cs_registers_0_00000001_0_0_0_0_00000000_00000028_0_00000000_00000004_0_0_3_0/csr_pmp_addr_o[2][2] is undriven.
Info:  Net i:/WORK/ibex_cs_registers_0_00000001_0_0_0_0_00000000_00000028_0_00000000_00000004_0_0_3_0/csr_pmp_addr_o[2][1] is undriven.
Info:  Net i:/WORK/ibex_cs_registers_0_00000001_0_0_0_0_00000000_00000028_0_00000000_00000004_0_0_3_0/csr_pmp_addr_o[2][0] is undriven.
Info:  Net i:/WORK/ibex_cs_registers_0_00000001_0_0_0_0_00000000_00000028_0_00000000_00000004_0_0_3_0/csr_pmp_addr_o[3][33] is undriven.
Info:  Net i:/WORK/ibex_cs_registers_0_00000001_0_0_0_0_00000000_00000028_0_00000000_00000004_0_0_3_0/csr_pmp_addr_o[3][32] is undriven.
Info:  Net i:/WORK/ibex_cs_registers_0_00000001_0_0_0_0_00000000_00000028_0_00000000_00000004_0_0_3_0/csr_pmp_addr_o[3][31] is undriven.
Info:  Net i:/WORK/ibex_cs_registers_0_00000001_0_0_0_0_00000000_00000028_0_00000000_00000004_0_0_3_0/csr_pmp_addr_o[3][30] is undriven.
Info:  Net i:/WORK/ibex_cs_registers_0_00000001_0_0_0_0_00000000_00000028_0_00000000_00000004_0_0_3_0/csr_pmp_addr_o[3][29] is undriven.
Info:  Net i:/WORK/ibex_cs_registers_0_00000001_0_0_0_0_00000000_00000028_0_00000000_00000004_0_0_3_0/csr_pmp_addr_o[3][28] is undriven.
Info:  Net i:/WORK/ibex_cs_registers_0_00000001_0_0_0_0_00000000_00000028_0_00000000_00000004_0_0_3_0/csr_pmp_addr_o[3][27] is undriven.
Info:  Net i:/WORK/ibex_cs_registers_0_00000001_0_0_0_0_00000000_00000028_0_00000000_00000004_0_0_3_0/csr_pmp_addr_o[3][26] is undriven.
Info:  Net i:/WORK/ibex_cs_registers_0_00000001_0_0_0_0_00000000_00000028_0_00000000_00000004_0_0_3_0/csr_pmp_addr_o[3][25] is undriven.
Info:  Net i:/WORK/ibex_cs_registers_0_00000001_0_0_0_0_00000000_00000028_0_00000000_00000004_0_0_3_0/csr_pmp_addr_o[3][24] is undriven.
Info:  Net i:/WORK/ibex_cs_registers_0_00000001_0_0_0_0_00000000_00000028_0_00000000_00000004_0_0_3_0/csr_pmp_addr_o[3][23] is undriven.
Info:  Net i:/WORK/ibex_cs_registers_0_00000001_0_0_0_0_00000000_00000028_0_00000000_00000004_0_0_3_0/csr_pmp_addr_o[3][22] is undriven.
Info:  Net i:/WORK/ibex_cs_registers_0_00000001_0_0_0_0_00000000_00000028_0_00000000_00000004_0_0_3_0/csr_pmp_addr_o[3][21] is undriven.
Info:  Net i:/WORK/ibex_cs_registers_0_00000001_0_0_0_0_00000000_00000028_0_00000000_00000004_0_0_3_0/csr_pmp_addr_o[3][20] is undriven.
Info:  Net i:/WORK/ibex_cs_registers_0_00000001_0_0_0_0_00000000_00000028_0_00000000_00000004_0_0_3_0/csr_pmp_addr_o[3][19] is undriven.
Info:  Net i:/WORK/ibex_cs_registers_0_00000001_0_0_0_0_00000000_00000028_0_00000000_00000004_0_0_3_0/csr_pmp_addr_o[3][18] is undriven.
Info:  Net i:/WORK/ibex_cs_registers_0_00000001_0_0_0_0_00000000_00000028_0_00000000_00000004_0_0_3_0/csr_pmp_addr_o[3][17] is undriven.
Info:  Net i:/WORK/ibex_cs_registers_0_00000001_0_0_0_0_00000000_00000028_0_00000000_00000004_0_0_3_0/csr_pmp_addr_o[3][16] is undriven.
Info:  Net i:/WORK/ibex_cs_registers_0_00000001_0_0_0_0_00000000_00000028_0_00000000_00000004_0_0_3_0/csr_pmp_addr_o[3][15] is undriven.
Info:  Net i:/WORK/ibex_cs_registers_0_00000001_0_0_0_0_00000000_00000028_0_00000000_00000004_0_0_3_0/csr_pmp_addr_o[3][14] is undriven.
Info:  Net i:/WORK/ibex_cs_registers_0_00000001_0_0_0_0_00000000_00000028_0_00000000_00000004_0_0_3_0/csr_pmp_addr_o[3][13] is undriven.
Info:  Net i:/WORK/ibex_cs_registers_0_00000001_0_0_0_0_00000000_00000028_0_00000000_00000004_0_0_3_0/csr_pmp_addr_o[3][12] is undriven.
Info:  Net i:/WORK/ibex_cs_registers_0_00000001_0_0_0_0_00000000_00000028_0_00000000_00000004_0_0_3_0/csr_pmp_addr_o[3][11] is undriven.
Info:  Net i:/WORK/ibex_cs_registers_0_00000001_0_0_0_0_00000000_00000028_0_00000000_00000004_0_0_3_0/csr_pmp_addr_o[3][10] is undriven.
Info:  Net i:/WORK/ibex_cs_registers_0_00000001_0_0_0_0_00000000_00000028_0_00000000_00000004_0_0_3_0/csr_pmp_addr_o[3][9] is undriven.
Info:  Net i:/WORK/ibex_cs_registers_0_00000001_0_0_0_0_00000000_00000028_0_00000000_00000004_0_0_3_0/csr_pmp_addr_o[3][8] is undriven.
Info:  Net i:/WORK/ibex_cs_registers_0_00000001_0_0_0_0_00000000_00000028_0_00000000_00000004_0_0_3_0/csr_pmp_addr_o[3][7] is undriven.
Info:  Net i:/WORK/ibex_cs_registers_0_00000001_0_0_0_0_00000000_00000028_0_00000000_00000004_0_0_3_0/csr_pmp_addr_o[3][6] is undriven.
Info:  Net i:/WORK/ibex_cs_registers_0_00000001_0_0_0_0_00000000_00000028_0_00000000_00000004_0_0_3_0/csr_pmp_addr_o[3][5] is undriven.
Info:  Net i:/WORK/ibex_cs_registers_0_00000001_0_0_0_0_00000000_00000028_0_00000000_00000004_0_0_3_0/csr_pmp_addr_o[3][4] is undriven.
Info:  Net i:/WORK/ibex_cs_registers_0_00000001_0_0_0_0_00000000_00000028_0_00000000_00000004_0_0_3_0/csr_pmp_addr_o[3][3] is undriven.
Info:  Net i:/WORK/ibex_cs_registers_0_00000001_0_0_0_0_00000000_00000028_0_00000000_00000004_0_0_3_0/csr_pmp_addr_o[3][2] is undriven.
Info:  Net i:/WORK/ibex_cs_registers_0_00000001_0_0_0_0_00000000_00000028_0_00000000_00000004_0_0_3_0/csr_pmp_addr_o[3][1] is undriven.
Info:  Net i:/WORK/ibex_cs_registers_0_00000001_0_0_0_0_00000000_00000028_0_00000000_00000004_0_0_3_0/csr_pmp_addr_o[3][0] is undriven.
Info:  Net i:/WORK/ibex_cs_registers_0_00000001_0_0_0_0_00000000_00000028_0_00000000_00000004_0_0_3_0/csr_pmp_mseccfg_o\[rlb] is undriven.
Info:  Net i:/WORK/ibex_cs_registers_0_00000001_0_0_0_0_00000000_00000028_0_00000000_00000004_0_0_3_0/csr_pmp_mseccfg_o\[mmwp] is undriven.
Info:  Net i:/WORK/ibex_cs_registers_0_00000001_0_0_0_0_00000000_00000028_0_00000000_00000004_0_0_3_0/csr_pmp_mseccfg_o\[mml] is undriven.
Info:  Net i:/WORK/ibex_cs_registers_0_00000001_0_0_0_0_00000000_00000028_0_00000000_00000004_0_0_3_0/csr_depc_o[0] is undriven.
Info:  Net i:/WORK/ibex_cs_registers_0_00000001_0_0_0_0_00000000_00000028_0_00000000_00000004_0_0_3_0/trigger_match_o is undriven.
Info:  Net i:/WORK/ibex_cs_registers_0_00000001_0_0_0_0_00000000_00000028_0_00000000_00000004_0_0_3_0/data_ind_timing_o is undriven.
Info:  Net i:/WORK/ibex_cs_registers_0_00000001_0_0_0_0_00000000_00000028_0_00000000_00000004_0_0_3_0/dummy_instr_en_o is undriven.
Info:  Net i:/WORK/ibex_cs_registers_0_00000001_0_0_0_0_00000000_00000028_0_00000000_00000004_0_0_3_0/dummy_instr_mask_o[2] is undriven.
Info:  Net i:/WORK/ibex_cs_registers_0_00000001_0_0_0_0_00000000_00000028_0_00000000_00000004_0_0_3_0/dummy_instr_mask_o[1] is undriven.
Info:  Net i:/WORK/ibex_cs_registers_0_00000001_0_0_0_0_00000000_00000028_0_00000000_00000004_0_0_3_0/dummy_instr_mask_o[0] is undriven.
Info:  Net i:/WORK/ibex_cs_registers_0_00000001_0_0_0_0_00000000_00000028_0_00000000_00000004_0_0_3_0/dummy_instr_seed_en_o is undriven.
Info:  Net i:/WORK/ibex_cs_registers_0_00000001_0_0_0_0_00000000_00000028_0_00000000_00000004_0_0_3_0/dummy_instr_seed_o[31] is undriven.
Info:  Net i:/WORK/ibex_cs_registers_0_00000001_0_0_0_0_00000000_00000028_0_00000000_00000004_0_0_3_0/dummy_instr_seed_o[30] is undriven.
Info:  Net i:/WORK/ibex_cs_registers_0_00000001_0_0_0_0_00000000_00000028_0_00000000_00000004_0_0_3_0/dummy_instr_seed_o[29] is undriven.
Info:  Net i:/WORK/ibex_cs_registers_0_00000001_0_0_0_0_00000000_00000028_0_00000000_00000004_0_0_3_0/dummy_instr_seed_o[28] is undriven.
Info:  Net i:/WORK/ibex_cs_registers_0_00000001_0_0_0_0_00000000_00000028_0_00000000_00000004_0_0_3_0/dummy_instr_seed_o[27] is undriven.
Info:  Net i:/WORK/ibex_cs_registers_0_00000001_0_0_0_0_00000000_00000028_0_00000000_00000004_0_0_3_0/dummy_instr_seed_o[26] is undriven.
Info:  Net i:/WORK/ibex_cs_registers_0_00000001_0_0_0_0_00000000_00000028_0_00000000_00000004_0_0_3_0/dummy_instr_seed_o[25] is undriven.
Info:  Net i:/WORK/ibex_cs_registers_0_00000001_0_0_0_0_00000000_00000028_0_00000000_00000004_0_0_3_0/dummy_instr_seed_o[24] is undriven.
Info:  Net i:/WORK/ibex_cs_registers_0_00000001_0_0_0_0_00000000_00000028_0_00000000_00000004_0_0_3_0/dummy_instr_seed_o[23] is undriven.
Info:  Net i:/WORK/ibex_cs_registers_0_00000001_0_0_0_0_00000000_00000028_0_00000000_00000004_0_0_3_0/dummy_instr_seed_o[22] is undriven.
Info:  Net i:/WORK/ibex_cs_registers_0_00000001_0_0_0_0_00000000_00000028_0_00000000_00000004_0_0_3_0/dummy_instr_seed_o[21] is undriven.
Info:  Net i:/WORK/ibex_cs_registers_0_00000001_0_0_0_0_00000000_00000028_0_00000000_00000004_0_0_3_0/dummy_instr_seed_o[20] is undriven.
Info:  Net i:/WORK/ibex_cs_registers_0_00000001_0_0_0_0_00000000_00000028_0_00000000_00000004_0_0_3_0/dummy_instr_seed_o[19] is undriven.
Info:  Net i:/WORK/ibex_cs_registers_0_00000001_0_0_0_0_00000000_00000028_0_00000000_00000004_0_0_3_0/dummy_instr_seed_o[18] is undriven.
Info:  Net i:/WORK/ibex_cs_registers_0_00000001_0_0_0_0_00000000_00000028_0_00000000_00000004_0_0_3_0/dummy_instr_seed_o[17] is undriven.
Info:  Net i:/WORK/ibex_cs_registers_0_00000001_0_0_0_0_00000000_00000028_0_00000000_00000004_0_0_3_0/dummy_instr_seed_o[16] is undriven.
Info:  Net i:/WORK/ibex_cs_registers_0_00000001_0_0_0_0_00000000_00000028_0_00000000_00000004_0_0_3_0/dummy_instr_seed_o[15] is undriven.
Info:  Net i:/WORK/ibex_cs_registers_0_00000001_0_0_0_0_00000000_00000028_0_00000000_00000004_0_0_3_0/dummy_instr_seed_o[14] is undriven.
Info:  Net i:/WORK/ibex_cs_registers_0_00000001_0_0_0_0_00000000_00000028_0_00000000_00000004_0_0_3_0/dummy_instr_seed_o[13] is undriven.
Info:  Net i:/WORK/ibex_cs_registers_0_00000001_0_0_0_0_00000000_00000028_0_00000000_00000004_0_0_3_0/dummy_instr_seed_o[12] is undriven.
Info:  Net i:/WORK/ibex_cs_registers_0_00000001_0_0_0_0_00000000_00000028_0_00000000_00000004_0_0_3_0/dummy_instr_seed_o[11] is undriven.
Info:  Net i:/WORK/ibex_cs_registers_0_00000001_0_0_0_0_00000000_00000028_0_00000000_00000004_0_0_3_0/dummy_instr_seed_o[10] is undriven.
Info:  Net i:/WORK/ibex_cs_registers_0_00000001_0_0_0_0_00000000_00000028_0_00000000_00000004_0_0_3_0/dummy_instr_seed_o[9] is undriven.
Info:  Net i:/WORK/ibex_cs_registers_0_00000001_0_0_0_0_00000000_00000028_0_00000000_00000004_0_0_3_0/dummy_instr_seed_o[8] is undriven.
Info:  Net i:/WORK/ibex_cs_registers_0_00000001_0_0_0_0_00000000_00000028_0_00000000_00000004_0_0_3_0/dummy_instr_seed_o[7] is undriven.
Info:  Net i:/WORK/ibex_cs_registers_0_00000001_0_0_0_0_00000000_00000028_0_00000000_00000004_0_0_3_0/dummy_instr_seed_o[6] is undriven.
Info:  Net i:/WORK/ibex_cs_registers_0_00000001_0_0_0_0_00000000_00000028_0_00000000_00000004_0_0_3_0/dummy_instr_seed_o[5] is undriven.
Info:  Net i:/WORK/ibex_cs_registers_0_00000001_0_0_0_0_00000000_00000028_0_00000000_00000004_0_0_3_0/dummy_instr_seed_o[4] is undriven.
Info:  Net i:/WORK/ibex_cs_registers_0_00000001_0_0_0_0_00000000_00000028_0_00000000_00000004_0_0_3_0/dummy_instr_seed_o[3] is undriven.
Info:  Net i:/WORK/ibex_cs_registers_0_00000001_0_0_0_0_00000000_00000028_0_00000000_00000004_0_0_3_0/dummy_instr_seed_o[2] is undriven.
Info:  Net i:/WORK/ibex_cs_registers_0_00000001_0_0_0_0_00000000_00000028_0_00000000_00000004_0_0_3_0/dummy_instr_seed_o[1] is undriven.
Info:  Net i:/WORK/ibex_cs_registers_0_00000001_0_0_0_0_00000000_00000028_0_00000000_00000004_0_0_3_0/dummy_instr_seed_o[0] is undriven.
Info:  Net i:/WORK/ibex_cs_registers_0_00000001_0_0_0_0_00000000_00000028_0_00000000_00000004_0_0_3_0/icache_enable_o is undriven.
Info:  Net i:/WORK/ibex_cs_registers_0_00000001_0_0_0_0_00000000_00000028_0_00000000_00000004_0_0_3_0/csr_shadow_err_o is undriven.
Info:  Net i:/WORK/ibex_csr_6_0_10/rd_error_o is undriven.
Info:  Net i:/WORK/ibex_csr_32_0_0_test_3/rd_data_o[0] is undriven.
Info:  Net i:/WORK/ibex_csr_32_0_0_test_3/rd_error_o is undriven.
Info:  Net i:/WORK/ibex_csr_18_0_0/rd_error_o is undriven.
Info:  Net i:/WORK/ibex_csr_32_0_0_test_4/rd_error_o is undriven.
Info:  Net i:/WORK/ibex_csr_7_0_0_test_0/rd_error_o is undriven.
Info:  Net i:/WORK/ibex_csr_32_0_0_test_6/rd_error_o is undriven.
Info:  Net i:/WORK/ibex_csr_32_0_00000001/rd_data_o[7] is undriven.
Info:  Net i:/WORK/ibex_csr_32_0_00000001/rd_data_o[6] is undriven.
Info:  Net i:/WORK/ibex_csr_32_0_00000001/rd_data_o[5] is undriven.
Info:  Net i:/WORK/ibex_csr_32_0_00000001/rd_data_o[4] is undriven.
Info:  Net i:/WORK/ibex_csr_32_0_00000001/rd_data_o[3] is undriven.
Info:  Net i:/WORK/ibex_csr_32_0_00000001/rd_data_o[2] is undriven.
Info:  Net i:/WORK/ibex_csr_32_0_00000001/rd_data_o[1] is undriven.
Info:  Net i:/WORK/ibex_csr_32_0_00000001/rd_data_o[0] is undriven.
Info:  Net i:/WORK/ibex_csr_32_0_00000001/rd_error_o is undriven.
Info:  Net i:/WORK/ibex_csr_32_0_40000003/rd_data_o[31] is undriven.
Info:  Net i:/WORK/ibex_csr_32_0_40000003/rd_data_o[30] is undriven.
Info:  Net i:/WORK/ibex_csr_32_0_40000003/rd_data_o[29] is undriven.
Info:  Net i:/WORK/ibex_csr_32_0_40000003/rd_data_o[28] is undriven.
Info:  Net i:/WORK/ibex_csr_32_0_40000003/rd_data_o[27] is undriven.
Info:  Net i:/WORK/ibex_csr_32_0_40000003/rd_data_o[26] is undriven.
Info:  Net i:/WORK/ibex_csr_32_0_40000003/rd_data_o[25] is undriven.
Info:  Net i:/WORK/ibex_csr_32_0_40000003/rd_data_o[24] is undriven.
Info:  Net i:/WORK/ibex_csr_32_0_40000003/rd_data_o[23] is undriven.
Info:  Net i:/WORK/ibex_csr_32_0_40000003/rd_data_o[22] is undriven.
Info:  Net i:/WORK/ibex_csr_32_0_40000003/rd_data_o[21] is undriven.
Info:  Net i:/WORK/ibex_csr_32_0_40000003/rd_data_o[20] is undriven.
Info:  Net i:/WORK/ibex_csr_32_0_40000003/rd_data_o[19] is undriven.
Info:  Net i:/WORK/ibex_csr_32_0_40000003/rd_data_o[18] is undriven.
Info:  Net i:/WORK/ibex_csr_32_0_40000003/rd_data_o[17] is undriven.
Info:  Net i:/WORK/ibex_csr_32_0_40000003/rd_data_o[16] is undriven.
Info:  Net i:/WORK/ibex_csr_32_0_40000003/rd_data_o[14] is undriven.
Info:  Net i:/WORK/ibex_csr_32_0_40000003/rd_data_o[11] is undriven.
Info:  Net i:/WORK/ibex_csr_32_0_40000003/rd_data_o[10] is undriven.
Info:  Net i:/WORK/ibex_csr_32_0_40000003/rd_data_o[9] is undriven.
Info:  Net i:/WORK/ibex_csr_32_0_40000003/rd_data_o[5] is undriven.
Info:  Net i:/WORK/ibex_csr_32_0_40000003/rd_data_o[4] is undriven.
Info:  Net i:/WORK/ibex_csr_32_0_40000003/rd_data_o[3] is undriven.
Info:  Net i:/WORK/ibex_csr_32_0_40000003/rd_error_o is undriven.
Info:  Net i:/WORK/ibex_csr_32_0_0_test_0/rd_data_o[0] is undriven.
Info:  Net i:/WORK/ibex_csr_32_0_0_test_0/rd_error_o is undriven.
Info:  Net i:/WORK/ibex_csr_32_0_0_test_1/rd_error_o is undriven.
Info:  Net i:/WORK/ibex_csr_32_0_0_test_2/rd_error_o is undriven.
Info:  Net i:/WORK/ibex_csr_3_0_4/rd_error_o is undriven.
Info:  Net i:/WORK/ibex_csr_32_0_0_test_5/rd_data_o[0] is undriven.
Info:  Net i:/WORK/ibex_csr_32_0_0_test_5/rd_error_o is undriven.
Info:  Net i:/WORK/ibex_csr_7_0_0_test_1/rd_error_o is undriven.
Info:  Net i:/WORK/ibex_counter_CounterWidth64/counter_val_upd_o[63] is undriven.
Info:  Net i:/WORK/ibex_counter_CounterWidth64/counter_val_upd_o[62] is undriven.
Info:  Net i:/WORK/ibex_counter_CounterWidth64/counter_val_upd_o[61] is undriven.
Info:  Net i:/WORK/ibex_counter_CounterWidth64/counter_val_upd_o[60] is undriven.
Info:  Net i:/WORK/ibex_counter_CounterWidth64/counter_val_upd_o[59] is undriven.
Info:  Net i:/WORK/ibex_counter_CounterWidth64/counter_val_upd_o[58] is undriven.
Info:  Net i:/WORK/ibex_counter_CounterWidth64/counter_val_upd_o[57] is undriven.
Info:  Net i:/WORK/ibex_counter_CounterWidth64/counter_val_upd_o[56] is undriven.
Info:  Net i:/WORK/ibex_counter_CounterWidth64/counter_val_upd_o[55] is undriven.
Info:  Net i:/WORK/ibex_counter_CounterWidth64/counter_val_upd_o[54] is undriven.
Info:  Net i:/WORK/ibex_counter_CounterWidth64/counter_val_upd_o[53] is undriven.
Info:  Net i:/WORK/ibex_counter_CounterWidth64/counter_val_upd_o[52] is undriven.
Info:  Net i:/WORK/ibex_counter_CounterWidth64/counter_val_upd_o[51] is undriven.
Info:  Net i:/WORK/ibex_counter_CounterWidth64/counter_val_upd_o[50] is undriven.
Info:  Net i:/WORK/ibex_counter_CounterWidth64/counter_val_upd_o[49] is undriven.
Info:  Net i:/WORK/ibex_counter_CounterWidth64/counter_val_upd_o[48] is undriven.
Info:  Net i:/WORK/ibex_counter_CounterWidth64/counter_val_upd_o[47] is undriven.
Info:  Net i:/WORK/ibex_counter_CounterWidth64/counter_val_upd_o[46] is undriven.
Info:  Net i:/WORK/ibex_counter_CounterWidth64/counter_val_upd_o[45] is undriven.
Info:  Net i:/WORK/ibex_counter_CounterWidth64/counter_val_upd_o[44] is undriven.
Info:  Net i:/WORK/ibex_counter_CounterWidth64/counter_val_upd_o[43] is undriven.
Info:  Net i:/WORK/ibex_counter_CounterWidth64/counter_val_upd_o[42] is undriven.
Info:  Net i:/WORK/ibex_counter_CounterWidth64/counter_val_upd_o[41] is undriven.
Info:  Net i:/WORK/ibex_counter_CounterWidth64/counter_val_upd_o[40] is undriven.
Info:  Net i:/WORK/ibex_counter_CounterWidth64/counter_val_upd_o[39] is undriven.
Info:  Net i:/WORK/ibex_counter_CounterWidth64/counter_val_upd_o[38] is undriven.
Info:  Net i:/WORK/ibex_counter_CounterWidth64/counter_val_upd_o[37] is undriven.
Info:  Net i:/WORK/ibex_counter_CounterWidth64/counter_val_upd_o[36] is undriven.
Info:  Net i:/WORK/ibex_counter_CounterWidth64/counter_val_upd_o[35] is undriven.
Info:  Net i:/WORK/ibex_counter_CounterWidth64/counter_val_upd_o[34] is undriven.
Info:  Net i:/WORK/ibex_counter_CounterWidth64/counter_val_upd_o[33] is undriven.
Info:  Net i:/WORK/ibex_counter_CounterWidth64/counter_val_upd_o[32] is undriven.
Info:  Net i:/WORK/ibex_counter_CounterWidth64/counter_val_upd_o[31] is undriven.
Info:  Net i:/WORK/ibex_counter_CounterWidth64/counter_val_upd_o[30] is undriven.
Info:  Net i:/WORK/ibex_counter_CounterWidth64/counter_val_upd_o[29] is undriven.
Info:  Net i:/WORK/ibex_counter_CounterWidth64/counter_val_upd_o[28] is undriven.
Info:  Net i:/WORK/ibex_counter_CounterWidth64/counter_val_upd_o[27] is undriven.
Info:  Net i:/WORK/ibex_counter_CounterWidth64/counter_val_upd_o[26] is undriven.
Info:  Net i:/WORK/ibex_counter_CounterWidth64/counter_val_upd_o[25] is undriven.
Info:  Net i:/WORK/ibex_counter_CounterWidth64/counter_val_upd_o[24] is undriven.
Info:  Net i:/WORK/ibex_counter_CounterWidth64/counter_val_upd_o[23] is undriven.
Info:  Net i:/WORK/ibex_counter_CounterWidth64/counter_val_upd_o[22] is undriven.
Info:  Net i:/WORK/ibex_counter_CounterWidth64/counter_val_upd_o[21] is undriven.
Info:  Net i:/WORK/ibex_counter_CounterWidth64/counter_val_upd_o[20] is undriven.
Info:  Net i:/WORK/ibex_counter_CounterWidth64/counter_val_upd_o[19] is undriven.
Info:  Net i:/WORK/ibex_counter_CounterWidth64/counter_val_upd_o[18] is undriven.
Info:  Net i:/WORK/ibex_counter_CounterWidth64/counter_val_upd_o[17] is undriven.
Info:  Net i:/WORK/ibex_counter_CounterWidth64/counter_val_upd_o[16] is undriven.
Info:  Net i:/WORK/ibex_counter_CounterWidth64/counter_val_upd_o[15] is undriven.
Info:  Net i:/WORK/ibex_counter_CounterWidth64/counter_val_upd_o[14] is undriven.
Info:  Net i:/WORK/ibex_counter_CounterWidth64/counter_val_upd_o[13] is undriven.
Info:  Net i:/WORK/ibex_counter_CounterWidth64/counter_val_upd_o[12] is undriven.
Info:  Net i:/WORK/ibex_counter_CounterWidth64/counter_val_upd_o[11] is undriven.
Info:  Net i:/WORK/ibex_counter_CounterWidth64/counter_val_upd_o[10] is undriven.
Info:  Net i:/WORK/ibex_counter_CounterWidth64/counter_val_upd_o[9] is undriven.
Info:  Net i:/WORK/ibex_counter_CounterWidth64/counter_val_upd_o[8] is undriven.
Info:  Net i:/WORK/ibex_counter_CounterWidth64/counter_val_upd_o[7] is undriven.
Info:  Net i:/WORK/ibex_counter_CounterWidth64/counter_val_upd_o[6] is undriven.
Info:  Net i:/WORK/ibex_counter_CounterWidth64/counter_val_upd_o[5] is undriven.
Info:  Net i:/WORK/ibex_counter_CounterWidth64/counter_val_upd_o[4] is undriven.
Info:  Net i:/WORK/ibex_counter_CounterWidth64/counter_val_upd_o[3] is undriven.
Info:  Net i:/WORK/ibex_counter_CounterWidth64/counter_val_upd_o[2] is undriven.
Info:  Net i:/WORK/ibex_counter_CounterWidth64/counter_val_upd_o[1] is undriven.
Info:  Net i:/WORK/ibex_counter_CounterWidth64/counter_val_upd_o[0] is undriven.
Info:  Net i:/WORK/ibex_csr_8_0_0/rd_data_o[5] is undriven.
Info:  Net i:/WORK/ibex_csr_8_0_0/rd_data_o[4] is undriven.
Info:  Net i:/WORK/ibex_csr_8_0_0/rd_data_o[3] is undriven.
Info:  Net i:/WORK/ibex_csr_8_0_0/rd_data_o[2] is undriven.
Info:  Net i:/WORK/ibex_csr_8_0_0/rd_data_o[1] is undriven.
Info:  Net i:/WORK/ibex_csr_8_0_0/rd_data_o[0] is undriven.
Info:  Net i:/WORK/ibex_csr_8_0_0/rd_error_o is undriven.
Info:  Net i:/WORK/ibex_multdiv_fast_RV32M3/alu_operand_a_o[0] is undriven.
Info:  Net i:/WORK/ibex_multdiv_fast_RV32M3/alu_operand_b_o[0] is undriven.
Info:  Net i:/WORK/ibex_multdiv_fast_RV32M3/imd_val_d_o[1][33] is undriven.
Info:  Net i:/WORK/ibex_multdiv_fast_RV32M3/imd_val_d_o[1][32] is undriven.
Info:  Net i:/WORK/ibex_multdiv_fast_RV32M3_DP_OP_75_122_1549_0/O1[31] is undriven.
Info:  Net i:/WORK/ibex_multdiv_fast_RV32M3_DP_OP_75_122_1549_0/O1[30] is undriven.
Info:  Net i:/WORK/ibex_multdiv_fast_RV32M3_DP_OP_75_122_1549_0/O1[29] is undriven.
Info:  Net i:/WORK/ibex_multdiv_fast_RV32M3_DP_OP_75_122_1549_0/O1[28] is undriven.
Info:  Net i:/WORK/ibex_multdiv_fast_RV32M3_DP_OP_75_122_1549_0/O1[27] is undriven.
Info:  Net i:/WORK/ibex_multdiv_fast_RV32M3_DP_OP_75_122_1549_0/O1[26] is undriven.
Info:  Net i:/WORK/ibex_multdiv_fast_RV32M3_DP_OP_75_122_1549_0/O1[25] is undriven.
Info:  Net i:/WORK/ibex_multdiv_fast_RV32M3_DP_OP_75_122_1549_0/O1[24] is undriven.
Info:  Net i:/WORK/ibex_multdiv_fast_RV32M3_DP_OP_75_122_1549_0/O1[23] is undriven.
Info:  Net i:/WORK/ibex_multdiv_fast_RV32M3_DP_OP_75_122_1549_0/O1[22] is undriven.
Info:  Net i:/WORK/ibex_multdiv_fast_RV32M3_DP_OP_75_122_1549_0/O1[21] is undriven.
Info:  Net i:/WORK/ibex_multdiv_fast_RV32M3_DP_OP_75_122_1549_0/O1[20] is undriven.
Info:  Net i:/WORK/ibex_multdiv_fast_RV32M3_DP_OP_75_122_1549_0/O1[19] is undriven.
Info:  Net i:/WORK/ibex_multdiv_fast_RV32M3_DP_OP_75_122_1549_0/O1[18] is undriven.
Info:  Net i:/WORK/ibex_multdiv_fast_RV32M3_DP_OP_75_122_1549_0/O1[17] is undriven.
Info:  Net i:/WORK/ibex_multdiv_fast_RV32M3_DP_OP_75_122_1549_0/O1[16] is undriven.
Info:  guide_instance_map 7 (Line: 72)  Cannot find instance reference 'u_ibex_core/cs_registers_i'.
Info:  SVF Operation 7 (Line: 72) - instance_map.  Status: rejected

Info:  guide_instance_map 11 (Line: 88)  Cannot find instance reference 'u_ibex_core/ex_block_i/gen_multdiv_fast.multdiv_i'.
Info:  SVF Operation 11 (Line: 88) - instance_map.  Status: rejected

Info:  guide_instance_map 16 (Line: 109)  Cannot find design reference 'ibex_cs_registers_0_00000001_0_0_0_0_00000000_00000028_0_00000000_00000004_0_0_3_0'.
Info:  SVF Operation 16 (Line: 109) - instance_map.  Status: rejected

Info:  guide_instance_map 17 (Line: 114)  Cannot find design reference 'ibex_cs_registers_0_00000001_0_0_0_0_00000000_00000028_0_00000000_00000004_0_0_3_0'.
Info:  SVF Operation 17 (Line: 114) - instance_map.  Status: rejected

Info:  guide_instance_map 18 (Line: 119)  Cannot find design reference 'ibex_cs_registers_0_00000001_0_0_0_0_00000000_00000028_0_00000000_00000004_0_0_3_0'.
Info:  SVF Operation 18 (Line: 119) - instance_map.  Status: rejected

Info:  guide_instance_map 19 (Line: 124)  Cannot find design reference 'ibex_cs_registers_0_00000001_0_0_0_0_00000000_00000028_0_00000000_00000004_0_0_3_0'.
Info:  SVF Operation 19 (Line: 124) - instance_map.  Status: rejected

Info:  guide_instance_map 20 (Line: 129)  Cannot find design reference 'ibex_cs_registers_0_00000001_0_0_0_0_00000000_00000028_0_00000000_00000004_0_0_3_0'.
Info:  SVF Operation 20 (Line: 129) - instance_map.  Status: rejected

Info:  guide_instance_map 21 (Line: 134)  Cannot find design reference 'ibex_cs_registers_0_00000001_0_0_0_0_00000000_00000028_0_00000000_00000004_0_0_3_0'.
Info:  SVF Operation 21 (Line: 134) - instance_map.  Status: rejected

Info:  guide_instance_map 22 (Line: 139)  Cannot find design reference 'ibex_cs_registers_0_00000001_0_0_0_0_00000000_00000028_0_00000000_00000004_0_0_3_0'.
Info:  SVF Operation 22 (Line: 139) - instance_map.  Status: rejected

Info:  guide_instance_map 23 (Line: 144)  Cannot find design reference 'ibex_cs_registers_0_00000001_0_0_0_0_00000000_00000028_0_00000000_00000004_0_0_3_0'.
Info:  SVF Operation 23 (Line: 144) - instance_map.  Status: rejected

Info:  guide_instance_map 27 (Line: 160)  Cannot find design reference 'ibex_cs_registers_0_00000001_0_0_0_0_00000000_00000028_0_00000000_00000004_0_0_3_0'.
Info:  SVF Operation 27 (Line: 160) - instance_map.  Status: rejected

Info:  guide_instance_map 31 (Line: 176)  Cannot find design reference 'ibex_cs_registers_0_00000001_0_0_0_0_00000000_00000028_0_00000000_00000004_0_0_3_0'.
Info:  SVF Operation 31 (Line: 176) - instance_map.  Status: rejected

Info:  guide_replace 45 (Line: 305)  Could not find pre_resource 'U4' in design 'ibex_multdiv_fast_RV32M3'.
Info:  guide_replace 45 (Line: 305)  Could not find pre_resource 'U3' in design 'ibex_multdiv_fast_RV32M3'.
Info:  SVF Operation 45 (Line: 305) - replace.  Status: rejected

Info:  guide_merge 46 (Line: 319)  Could not find pre_resource 'U7' in design 'ibex_multdiv_fast_RV32M3'.
Info:  guide_merge 46 (Line: 319)  Could not find pre_resource 'EXTRA_ADD_74_1' in design 'ibex_multdiv_fast_RV32M3'.
Info:  guide_merge 46 (Line: 319)  Could not find pre_resource 'EXTRA_ADD_74' in design 'ibex_multdiv_fast_RV32M3'.
Info:  guide_merge 46 (Line: 319)  Could not find pre_resource 'U8' in design 'ibex_multdiv_fast_RV32M3'.
Info:  guide_merge 46 (Line: 319)  Could not find pre_resource 'U5' in design 'ibex_multdiv_fast_RV32M3'.
Info:  SVF Operation 46 (Line: 319) - merge.  Status: rejected

Info:  guide_change_names 47 (Line: 343)  Cannot find or apply name change to cell 'U9' in design 'ibex_multdiv_fast_RV32M3'.
Info:  SVF Operation 47 (Line: 343) - change_names.  Status: rejected

Info:  guide_change_names 48 (Line: 347)  Cannot find or apply name change to cell 'U6' in design 'ibex_multdiv_fast_RV32M3'.
Info:  SVF Operation 48 (Line: 347) - change_names.  Status: rejected

Info:  guide_change_names 49 (Line: 351)  Cannot find or apply name change to cell 'U3' in design 'ibex_counter_CounterWidth64_ProvideValUpd1'.
Info:  SVF Operation 49 (Line: 351) - change_names.  Status: rejected

Info:  guide_change_names 50 (Line: 355)  Cannot find or apply name change to cell 'U3' in design 'ibex_counter_CounterWidth64'.
Info:  SVF Operation 50 (Line: 355) - change_names.  Status: rejected

Info:  guide_change_names 51 (Line: 359)  Cannot find reference design 'ibex_cs_registers_0_00000001_0_0_0_0_00000000_00000028_0_00000000_00000004_0_0_3_0'.
Info:  SVF Operation 51 (Line: 359) - change_names.  Status: rejected

Info:  guide_reg_constant 52 (Line: 363) Cannot find reference design 'ibex_cs_registers_0_00000001_0_0_0_0_00000000_00000028_0_00000000_00000004_0_0_3_0'.
Info:  SVF Operation 52 (Line: 363) - reg_constant.  Status: rejected

Info:  guide_uniquify 54 (Line: 379)  Cannot find object "u_ibex_core/ex_block_i/gen_multdiv_fast.multdiv_i/DP_OP_75_122_1549" in design 'ibex_top'.
Info:  guide_datapath 100 (Line: 1096) Cannot find reference cell for instance 'u_ibex_core/ex_block_i/gen_multdiv_fast.multdiv_i/DP_OP_75_122_1549' in design 'ibex_top'.
Info:  SVF Operation 100 (Line: 1096) - datapath.  Status: rejected

Info:  guide_constraints 98 (Line: 967) -body 'ibex_multdiv_fast_RV32M3_DP_OP_75_122_1549_0' not applied.
Info:  SVF Operation 98 (Line: 967) - constraints.  Status: rejected
****************************************************

