****************************************
Report : timing
	-path_type full
	-delay_type min
	-slack_lesser_than 0.00
	-max_paths 500
	-sort_by slack
Design : multi-scenario design
Version: O-2018.06-SP1
Date   : Tue Jul  8 04:39:20 2025
****************************************


Start of Master/Slave Task Processing
-------------------------------------
Started    : Command execution in scenario 'Func_Fast'
Started    : Command execution in scenario 'Func_Slow'
Succeeded  : Command execution in scenario 'Func_Fast'
Succeeded  : Command execution in scenario 'Func_Slow'
-----------------------------------
End of Master/Slave Task Processing


  Startpoint: ibex_top_inst/u_ibex_core/if_stage_i/pc_id_o_reg[30]
               (rising edge-triggered flip-flop clocked by cluster_clock_gating)
  Endpoint: ibex_top_inst/u_ibex_core/wb_stage_i/g_writeback_stage.wb_pc_q_reg[30]
               (rising edge-triggered flip-flop clocked by cluster_clock_gating)
  Last common pin: ibex_top_inst/core_clock_gate_i/U2/X
  Path Group: cluster_clock_gating
  Path Type: min
  Scenario: Func_Fast

  Point                                                   Incr       Path
  ------------------------------------------------------------------------------
  clock cluster_clock_gating (rise edge)                  0.00       0.00
  clock network delay (propagated)                        0.07       0.07
  ibex_top_inst/u_ibex_core/if_stage_i/pc_id_o_reg[30]/CK (SAEDHVT14_FSDP_V2_2)
                                                          0.00       0.07 r
  ibex_top_inst/u_ibex_core/if_stage_i/pc_id_o_reg[30]/Q (SAEDHVT14_FSDP_V2_2)
                                                          0.04 &     0.11 r
  CTS_ropt_h_inst_12362/X (SAEDHVT14_DEL_R2V1_2)          0.02 &     0.13 r
  CTS_copt_h_inst_12022/X (SAEDHVT14_DEL_R2V3_2)          0.03 H     0.16 r
  U12058/X (SAEDHVT14_MUX2_2)                             0.03 H     0.18 r
  ibex_top_inst/u_ibex_core/wb_stage_i/g_writeback_stage.wb_pc_q_reg[30]/D (SAEDHVT14_FSDPQ_V2_2)
                                                          0.00 &     0.18 r
  data arrival time                                                  0.18

  clock cluster_clock_gating (rise edge)                  0.00       0.00
  clock network delay (propagated)                        0.43       0.43
  clock reconvergence pessimism                          -0.34       0.09
  clock uncertainty                                       0.10       0.19
  ibex_top_inst/u_ibex_core/wb_stage_i/g_writeback_stage.wb_pc_q_reg[30]/CK (SAEDHVT14_FSDPQ_V2_2)
                                                                     0.19 r
  library hold time                                      -0.01       0.18
  data required time                                                 0.18
  ------------------------------------------------------------------------------
  data required time                                                 0.18
  data arrival time                                                 -0.18
  ------------------------------------------------------------------------------
  slack (MET)                                                        0.00


1
