****************************************
Report : qor
Design : multi-scenario design
Version: O-2018.06-SP1
Date   : Tue Jul  8 04:05:14 2025
****************************************


Start of Master/Slave Task Processing
-------------------------------------
Started    : Command execution in scenario 'Func_Fast'
Started    : Command execution in scenario 'Func_Slow'
Succeeded  : Command execution in scenario 'Func_Fast'
Succeeded  : Command execution in scenario 'Func_Slow'
-----------------------------------
End of Master/Slave Task Processing

  Timing Path Group '**clock_gating_default**' (max_delay/setup)
  ---------------------------------------------
  Levels of Logic:                            1 (Func_Slow)
  Critical Path Length:                    0.08 (Func_Slow)
  Critical Path Slack:                     2.90 (Func_Slow)
  Total Negative Slack:                    0.00
  No. of Violating Paths:                     0
  ---------------------------------------------

  Timing Path Group 'clk_i' (max_delay/setup)
  ---------------------------------------------
  Levels of Logic:                           63 (Func_Slow)
  Critical Path Length:                    3.61 (Func_Slow)
  Critical Path Slack:                     0.74 (Func_Slow)
  Total Negative Slack:                    0.00
  No. of Violating Paths:                     0
  ---------------------------------------------

  Timing Path Group 'cluster_clock_gating' (max_delay/setup)
  ---------------------------------------------
  Levels of Logic:                           89 (Func_Slow)
  Critical Path Length:                    3.96 (Func_Slow)
  Critical Path Slack:                     2.59 (Func_Slow)
  Total Negative Slack:                    0.00
  No. of Violating Paths:                     0
  ---------------------------------------------

  Timing Path Group '**clock_gating_default**' (min_delay/hold)
  ---------------------------------------------
  Levels of Logic:                            1 (Func_Fast)
  Critical Path Length:                    0.03 (Func_Fast)
  Critical Path Slack:                    -0.10 (Func_Fast)
  Total Negative Slack:                   -0.10
  No. of Violating Paths:                     1
  ---------------------------------------------

  Timing Path Group 'clk_i' (min_delay/hold)
  ---------------------------------------------
  Levels of Logic:                            4 (Func_Fast)
  Critical Path Length:                    0.10 (Func_Fast)
  Critical Path Slack:                     0.01 (Func_Fast)
  Total Negative Slack:                    0.00
  No. of Violating Paths:                     0
  ---------------------------------------------

  Timing Path Group 'cluster_clock_gating' (min_delay/hold)
  ---------------------------------------------
  Levels of Logic:                            5 (Func_Fast)
  Critical Path Length:                    0.15 (Func_Fast)
  Critical Path Slack:                    -0.04 (Func_Fast)
  Total Negative Slack:                   -1.70
  No. of Violating Paths:                   210
  ---------------------------------------------

  Cell Count
  ---------------------------------------------
  Hierarchical Cell Count:                    2 (Func_Fast, Func_Slow)
  Hierarchical Port Count:                  689 (Func_Fast, Func_Slow)
  Leaf Cell Count:                        11265 (Func_Fast, Func_Slow)
  ---------------------------------------------


  Area
  ---------------------------------------------
  Net Interconnect Area:                6051.50 (Func_Fast, Func_Slow)
  Total Cell Area:                      5707.66 (Func_Fast, Func_Slow)
  Design Area:                         11759.16 (Func_Fast, Func_Slow)
  ---------------------------------------------


  Design Rule Violations
  ---------------------------------------------
  Total No. of Pins in Design:            35775
  min_capacitance Count:                    405
  clock_gating_hold Count:                    1
  min_capacitance Cost:                   60.61
  clock_gating_hold Cost:                  0.10
  Total DRC Cost:                         60.71
  ---------------------------------------------
1
