#@ # 
#@ # Running icc2_lm_shell Version O-2018.06-SP1 for linux64 -- Jul 17, 2018
#@ # Date:   Mon Jul  7 19:20:23 2025
#@ # Run by: ICer@IC_EDA
#@ 

start_gui
gui_set_pref_value -category {SelectByNamePalette} -key {ObjectType} -value {Logical Cells}
open_lib /mnt/hgfs/0_GP/Final_1/2_PnR/0_NDM/saed14hvt.ndm
change_selection [get_lib_cells -include_subcells {saed14hvt/SAEDHVT14_ND2_CDC_2/frame}]
current_block saed14hvt:SAEDHVT14_ND2_CDC_2.frame
win_set_filter -visible -class cell -filter {hard_macro_margin hard_margin route_blockage_margin soft_margin}
win_set_filter -visible -class placement_blockage -filter {wiring} -layer {0-73}
win_set_filter -expand_cell_types {soft_macro  }
win_set_select_class -visible {cell port bound routing_blockage shaping_blockage pg_region pin_blockage block_shielding topology_node topology_edge core_area die_area edit_group shape via terminal fill_cell placement_blockage }
win_set_filter -class cell -filter {cell_array hard_macro_margin hard_margin route_blockage_margin soft_margin}
win_set_filter -class placement_blockage -filter {wiring} -layer {0-73}
win_set_select_class {cell port bound routing_blockage shaping_blockage pg_region pin_blockage topology_node topology_edge edit_group shape via placement_blockage }
change_selection 
gui_mouse_tool -window [gui_get_current_window -types Layout -mru] -start RulerTool
gui_mouse_tool -window [gui_get_current_window -types Layout -mru] -add_point {-0.039 0.642} -scale 0.0008
gui_mouse_tool -window [gui_get_current_window -types Layout -mru] -add_point {-0.049 -0.052} -scale 0.0008
gui_mouse_tool -window [gui_get_current_window -types Layout -mru] -reset
gui_set_mouse_tool_option -tool SELECT -option {Operation} -value {Replace}
gui_set_setting -window [gui_get_current_window -types Layout -mru] -setting showLayer_NWELL -value false
gui_set_setting -window [gui_get_current_window -types Layout -mru] -setting showLayer_LVTIMP -value false
gui_set_setting -window [gui_get_current_window -types Layout -mru] -setting showLayer_PO -value false
gui_set_setting -window [gui_get_current_window -types Layout -mru] -setting showLayer_M1DMY -value false
gui_set_setting -window [gui_get_current_window -types Layout -mru] -setting showLayer_VIA1 -value false
gui_set_setting -window [gui_get_current_window -types Layout -mru] -setting showLayer_M2 -value false
gui_set_setting -window [gui_get_current_window -types Layout -mru] -setting showLayer_M2DMY -value false
gui_set_setting -window [gui_get_current_window -types Layout -mru] -setting showLayer_VIA2 -value false
gui_set_setting -window [gui_get_current_window -types Layout -mru] -setting showLayer_M3 -value false
gui_set_setting -window [gui_get_current_window -types Layout -mru] -setting showLayer_M3DMY -value false
gui_set_setting -window [gui_get_current_window -types Layout -mru] -setting showLayer_VIA3 -value false
gui_set_setting -window [gui_get_current_window -types Layout -mru] -setting showLayer_M4 -value false
gui_set_setting -window [gui_get_current_window -types Layout -mru] -setting showLayer_M4DMY -value false
gui_set_setting -window [gui_get_current_window -types Layout -mru] -setting showLayer_VIA4 -value false
gui_set_setting -window [gui_get_current_window -types Layout -mru] -setting showLayer_M5 -value false
gui_set_setting -window [gui_get_current_window -types Layout -mru] -setting showLayer_M5DMY -value false
gui_set_setting -window [gui_get_current_window -types Layout -mru] -setting showLayer_VIA5 -value false
gui_set_setting -window [gui_get_current_window -types Layout -mru] -setting showLayer_M6 -value false
gui_set_setting -window [gui_get_current_window -types Layout -mru] -setting showLayer_M6DMY -value false
gui_set_setting -window [gui_get_current_window -types Layout -mru] -setting showLayer_VIA6 -value false
gui_set_setting -window [gui_get_current_window -types Layout -mru] -setting showLayer_M7 -value false
gui_set_setting -window [gui_get_current_window -types Layout -mru] -setting showLayer_M7DMY -value false
gui_set_setting -window [gui_get_current_window -types Layout -mru] -setting showLayer_VIA7 -value false
gui_set_setting -window [gui_get_current_window -types Layout -mru] -setting showLayer_M8 -value false
gui_set_setting -window [gui_get_current_window -types Layout -mru] -setting showLayer_M8DMY -value false
gui_set_setting -window [gui_get_current_window -types Layout -mru] -setting showLayer_VIA8 -value false
gui_set_setting -window [gui_get_current_window -types Layout -mru] -setting showLayer_M9 -value false
gui_set_setting -window [gui_get_current_window -types Layout -mru] -setting showLayer_M9DMY -value false
gui_set_setting -window [gui_get_current_window -types Layout -mru] -setting showLayer_VIARDL -value false
gui_set_setting -window [gui_get_current_window -types Layout -mru] -setting showLayer_MRDL -value false
gui_set_setting -window [gui_get_current_window -types Layout -mru] -setting showLayer_DIFF -value false
gui_set_setting -window [gui_get_current_window -types Layout -mru] -setting showLayer_BJTDMY -value false
gui_set_setting -window [gui_get_current_window -types Layout -mru] -setting showLayer_CPO -value false
gui_set_setting -window [gui_get_current_window -types Layout -mru] -setting showLayer_CTM1 -value false
gui_set_setting -window [gui_get_current_window -types Layout -mru] -setting showLayer_DIFF_15 -value false
gui_set_setting -window [gui_get_current_window -types Layout -mru] -setting showLayer_DIFF_25 -value false
gui_set_setting -window [gui_get_current_window -types Layout -mru] -setting showLayer_DIOD -value false
gui_set_setting -window [gui_get_current_window -types Layout -mru] -setting showLayer_DNW -value false
gui_set_setting -window [gui_get_current_window -types Layout -mru] -setting showLayer_ESD -value false
gui_set_setting -window [gui_get_current_window -types Layout -mru] -setting showLayer_FIN -value false
gui_set_setting -window [gui_get_current_window -types Layout -mru] -setting showLayer_HOTNWL -value false
gui_set_setting -window [gui_get_current_window -types Layout -mru] -setting showLayer_HVTIMP -value false
gui_set_setting -window [gui_get_current_window -types Layout -mru] -setting showLayer_IP -value false
gui_set_setting -window [gui_get_current_window -types Layout -mru] -setting showLayer_LOGO -value false
gui_set_setting -window [gui_get_current_window -types Layout -mru] -setting showLayer_M1PIN -value false
gui_set_setting -window [gui_get_current_window -types Layout -mru] -setting showLayer_M2PIN -value false
gui_set_setting -window [gui_get_current_window -types Layout -mru] -setting showLayer_M3PIN -value false
gui_set_setting -window [gui_get_current_window -types Layout -mru] -setting showLayer_M4PIN -value false
gui_set_setting -window [gui_get_current_window -types Layout -mru] -setting showLayer_M5PIN -value false
gui_set_setting -window [gui_get_current_window -types Layout -mru] -setting showLayer_M6PIN -value false
gui_set_setting -window [gui_get_current_window -types Layout -mru] -setting showLayer_M7PIN -value false
gui_set_setting -window [gui_get_current_window -types Layout -mru] -setting showLayer_M8PIN -value false
gui_set_setting -window [gui_get_current_window -types Layout -mru] -setting showLayer_M9PIN -value false
gui_set_setting -window [gui_get_current_window -types Layout -mru] -setting showLayer_MRPIN -value false
gui_set_setting -window [gui_get_current_window -types Layout -mru] -setting showLayer_NIMP -value false
gui_set_setting -window [gui_get_current_window -types Layout -mru] -setting showLayer_PAD -value false
gui_set_setting -window [gui_get_current_window -types Layout -mru] -setting showLayer_PIMP -value false
gui_set_setting -window [gui_get_current_window -types Layout -mru] -setting showLayer_RM1 -value false
gui_set_setting -window [gui_get_current_window -types Layout -mru] -setting showLayer_RM2 -value false
gui_set_setting -window [gui_get_current_window -types Layout -mru] -setting showLayer_RM3 -value false
gui_set_setting -window [gui_get_current_window -types Layout -mru] -setting showLayer_RM4 -value false
gui_set_setting -window [gui_get_current_window -types Layout -mru] -setting showLayer_RM5 -value false
gui_set_setting -window [gui_get_current_window -types Layout -mru] -setting showLayer_RM6 -value false
gui_set_setting -window [gui_get_current_window -types Layout -mru] -setting showLayer_RM7 -value false
gui_set_setting -window [gui_get_current_window -types Layout -mru] -setting showLayer_RM8 -value false
gui_set_setting -window [gui_get_current_window -types Layout -mru] -setting showLayer_RM9 -value false
gui_set_setting -window [gui_get_current_window -types Layout -mru] -setting showLayer_RMARK -value false
gui_set_setting -window [gui_get_current_window -types Layout -mru] -setting showLayer_RNW -value false
gui_set_setting -window [gui_get_current_window -types Layout -mru] -setting showLayer_SBLK -value false
gui_set_setting -window [gui_get_current_window -types Layout -mru] -setting showLayer_SLVTIMP -value false
gui_set_setting -window [gui_get_current_window -types Layout -mru] -setting showLayer_VIA0 -value false
gui_set_setting -window [gui_get_current_window -types Layout -mru] -setting showLayer_prBoundary -value false
gui_set_setting -window [gui_get_current_window -types Layout -mru] -setting showLayer_UNASSIGNED -value false
gui_set_setting -window [gui_get_current_window -types Layout -mru] -setting showLayer_VIA1 -value true
gui_set_setting -window [gui_get_current_window -types Layout -mru] -setting showLayer_M2 -value true
gui_set_setting -window [gui_get_current_window -types Layout -mru] -setting showLayer_VIA2 -value true
win_set_filter -visible -class routing_blockage -layer {0-2 4 7 9-73}
win_set_filter -visible -class shape -filter {} -layer {0-2 4 7 9-73}
win_set_filter -visible -class via -filter {} -layer {0-2 4 7 9-73}
win_set_filter -visible -class terminal -filter {}  -layer {0-2 4 7 9-73}
win_set_filter -class routing_blockage -layer {0-2 4 7 9-73}
win_set_filter -class shape -filter {} -layer {0-2 4 7 9-73}
win_set_filter -class via -filter {} -layer {0-2 4 7 9-73}
change_selection [get_lib_cells -include_subcells {saed14hvt/SAEDHVT14_ND2_CDC_4/frame}]
current_block saed14hvt:SAEDHVT14_ND2_CDC_4.frame
win_set_filter -visible -class routing_blockage -layer {}
win_set_filter -visible -class shape -filter {} -layer {}
win_set_filter -visible -class via -filter {} -layer {}
win_set_filter -visible -class terminal -filter {}  -layer {}
win_set_filter -class routing_blockage -layer {}
win_set_filter -class shape -filter {} -layer {}
win_set_filter -class via -filter {} -layer {}
change_selection [get_lib_cells -include_subcells {saed14hvt/SAEDHVT14_ND2_CDC_1/frame}]
current_block saed14hvt:SAEDHVT14_ND2_CDC_1.frame
set_working_design_stack saed14hvt:SAEDHVT14_ND2_CDC_4.frame
set_working_design_stack saed14hvt:SAEDHVT14_ND2_CDC_2.frame
exit
