Information: Derived library resistance unit is 999.999939 Kohm (Time unit is 1 ns, and Capacitance unit is 0.001000 pF). (DES-028)
Error: Cannot find port/pin 'ibex_top_inst/gen_regfile_ff.register_file_i/g_rf_flops[4].rf_reg_q_reg[22]/RD' in design 'ibex_wrapper' (PARA-124)
Error: Cannot find port/pin 'ibex_top_inst/gen_regfile_ff.register_file_i/g_rf_flops[31].rf_reg_q_reg[26]/RD' in design 'ibex_wrapper' (PARA-124)
Error: Cannot find port/pin 'ibex_top_inst/gen_regfile_ff.register_file_i/g_rf_flops[31].rf_reg_q_reg[24]/RD' in design 'ibex_wrapper' (PARA-124)
Error: Cannot find port/pin 'ibex_top_inst/gen_regfile_ff.register_file_i/g_rf_flops[4].rf_reg_q_reg[23]/RD' in design 'ibex_wrapper' (PARA-124)
Error: Cannot find port/pin 'ibex_top_inst/gen_regfile_ff.register_file_i/g_rf_flops[31].rf_reg_q_reg[27]/RD' in design 'ibex_wrapper' (PARA-124)
Error: Cannot find port/pin 'ibex_top_inst/gen_regfile_ff.register_file_i/g_rf_flops[7].rf_reg_q_reg[23]/RD' in design 'ibex_wrapper' (PARA-124)
Error: Cannot find port/pin 'ibex_top_inst/gen_regfile_ff.register_file_i/g_rf_flops[1].rf_reg_q_reg[22]/RD' in design 'ibex_wrapper' (PARA-124)
Error: Cannot find port/pin 'ibex_top_inst/gen_regfile_ff.register_file_i/g_rf_flops[7].rf_reg_q_reg[26]/RD' in design 'ibex_wrapper' (PARA-124)
Error: Cannot find port/pin 'ibex_top_inst/gen_regfile_ff.register_file_i/g_rf_flops[7].rf_reg_q_reg[24]/RD' in design 'ibex_wrapper' (PARA-124)
Error: Cannot find port/pin 'ibex_top_inst/gen_regfile_ff.register_file_i/g_rf_flops[1].rf_reg_q_reg[23]/RD' in design 'ibex_wrapper' (PARA-124)
Error: Cannot find port/pin 'ibex_top_inst/gen_regfile_ff.register_file_i/g_rf_flops[31].rf_reg_q_reg[29]/RD' in design 'ibex_wrapper' (PARA-124)
Error: Cannot find port/pin 'ibex_top_inst/gen_regfile_ff.register_file_i/g_rf_flops[20].rf_reg_q_reg[23]/RD' in design 'ibex_wrapper' (PARA-124)
Error: Cannot find port/pin 'ibex_top_inst/gen_regfile_ff.register_file_i/g_rf_flops[20].rf_reg_q_reg[25]/RD' in design 'ibex_wrapper' (PARA-124)
Error: Cannot find port/pin 'ibex_top_inst/gen_regfile_ff.register_file_i/g_rf_flops[1].rf_reg_q_reg[24]/RD' in design 'ibex_wrapper' (PARA-124)
Error: Cannot find port/pin 'ibex_top_inst/gen_regfile_ff.register_file_i/g_rf_flops[18].rf_reg_q_reg[23]/RD' in design 'ibex_wrapper' (PARA-124)
Error: Cannot find port/pin 'ibex_top_inst/gen_regfile_ff.register_file_i/g_rf_flops[18].rf_reg_q_reg[24]/RD' in design 'ibex_wrapper' (PARA-124)
Error: Cannot find port/pin 'ibex_top_inst/gen_regfile_ff.register_file_i/g_rf_flops[20].rf_reg_q_reg[24]/RD' in design 'ibex_wrapper' (PARA-124)
Error: Cannot find port/pin 'ibex_top_inst/gen_regfile_ff.register_file_i/g_rf_flops[5].rf_reg_q_reg[22]/RD' in design 'ibex_wrapper' (PARA-124)
Error: Cannot find port/pin 'ibex_top_inst/gen_regfile_ff.register_file_i/g_rf_flops[20].rf_reg_q_reg[22]/RD' in design 'ibex_wrapper' (PARA-124)
Error: Cannot find port/pin 'ibex_top_inst/gen_regfile_ff.register_file_i/g_rf_flops[19].rf_reg_q_reg[24]/RD' in design 'ibex_wrapper' (PARA-124)
Error: Cannot find port/pin 'ibex_top_inst/gen_regfile_ff.register_file_i/g_rf_flops[14].rf_reg_q_reg[23]/RD' in design 'ibex_wrapper' (PARA-124)
Error: Cannot find port/pin 'ibex_top_inst/gen_regfile_ff.register_file_i/g_rf_flops[15].rf_reg_q_reg[25]/RD' in design 'ibex_wrapper' (PARA-124)
Error: Cannot find port/pin 'ibex_top_inst/gen_regfile_ff.register_file_i/g_rf_flops[14].rf_reg_q_reg[25]/RD' in design 'ibex_wrapper' (PARA-124)
Error: Cannot find port/pin 'ibex_top_inst/gen_regfile_ff.register_file_i/g_rf_flops[14].rf_reg_q_reg[24]/RD' in design 'ibex_wrapper' (PARA-124)
Error: Cannot find port/pin 'ibex_top_inst/gen_regfile_ff.register_file_i/g_rf_flops[31].rf_reg_q_reg[22]/RD' in design 'ibex_wrapper' (PARA-124)
Error: Cannot find port/pin 'ibex_top_inst/gen_regfile_ff.register_file_i/g_rf_flops[7].rf_reg_q_reg[22]/RD' in design 'ibex_wrapper' (PARA-124)
Error: Cannot find port/pin 'ibex_top_inst/gen_regfile_ff.register_file_i/g_rf_flops[31].rf_reg_q_reg[23]/RD' in design 'ibex_wrapper' (PARA-124)
Error: Cannot find port/pin 'ibex_top_inst/gen_regfile_ff.register_file_i/g_rf_flops[31].rf_reg_q_reg[28]/RD' in design 'ibex_wrapper' (PARA-124)
Error: Cannot find port/pin 'ibex_top_inst/gen_regfile_ff.register_file_i/g_rf_flops[31].rf_reg_q_reg[25]/RD' in design 'ibex_wrapper' (PARA-124)
Error: Cannot find port/pin 'ibex_top_inst/gen_regfile_ff.register_file_i/g_rf_flops[31].rf_reg_q_reg[27]/RD' in design 'ibex_wrapper' (PARA-124)
Error: Cannot find port/pin 'ibex_top_inst/gen_regfile_ff.register_file_i/g_rf_flops[18].rf_reg_q_reg[23]/RD' in design 'ibex_wrapper' (PARA-124)
Error: Cannot find port/pin 'ibex_top_inst/gen_regfile_ff.register_file_i/g_rf_flops[15].rf_reg_q_reg[25]/RD' in design 'ibex_wrapper' (PARA-124)
Error: Cannot find port/pin 'ibex_top_inst/gen_regfile_ff.register_file_i/g_rf_flops[14].rf_reg_q_reg[23]/RD' in design 'ibex_wrapper' (PARA-124)
Error: Cannot find port/pin 'ibex_top_inst/gen_regfile_ff.register_file_i/g_rf_flops[7].rf_reg_q_reg[23]/RD' in design 'ibex_wrapper' (PARA-124)
Error: Cannot find port/pin 'ibex_top_inst/gen_regfile_ff.register_file_i/g_rf_flops[7].rf_reg_q_reg[26]/RD' in design 'ibex_wrapper' (PARA-124)
Error: Cannot find port/pin 'ibex_top_inst/gen_regfile_ff.register_file_i/g_rf_flops[5].rf_reg_q_reg[22]/RD' in design 'ibex_wrapper' (PARA-124)
Error: Cannot find port/pin 'ibex_top_inst/gen_regfile_ff.register_file_i/g_rf_flops[4].rf_reg_q_reg[22]/RD' in design 'ibex_wrapper' (PARA-124)
Error: Cannot find port/pin 'ibex_top_inst/gen_regfile_ff.register_file_i/g_rf_flops[1].rf_reg_q_reg[22]/RD' in design 'ibex_wrapper' (PARA-124)
Error: Cannot find port/pin 'ibex_top_inst/gen_regfile_ff.register_file_i/g_rf_flops[1].rf_reg_q_reg[24]/RD' in design 'ibex_wrapper' (PARA-124)
Error: Cannot find port/pin 'ibex_top_inst/gen_regfile_ff.register_file_i/g_rf_flops[31].rf_reg_q_reg[22]/RD' in design 'ibex_wrapper' (PARA-124)
Error: Cannot find port/pin 'ibex_top_inst/gen_regfile_ff.register_file_i/g_rf_flops[31].rf_reg_q_reg[23]/RD' in design 'ibex_wrapper' (PARA-124)
Error: Cannot find port/pin 'ibex_top_inst/gen_regfile_ff.register_file_i/g_rf_flops[31].rf_reg_q_reg[24]/RD' in design 'ibex_wrapper' (PARA-124)
Error: Cannot find port/pin 'ibex_top_inst/gen_regfile_ff.register_file_i/g_rf_flops[31].rf_reg_q_reg[26]/RD' in design 'ibex_wrapper' (PARA-124)
Error: Cannot find port/pin 'ibex_top_inst/gen_regfile_ff.register_file_i/g_rf_flops[31].rf_reg_q_reg[27]/RD' in design 'ibex_wrapper' (PARA-124)
Error: Cannot find port/pin 'ibex_top_inst/gen_regfile_ff.register_file_i/g_rf_flops[31].rf_reg_q_reg[28]/RD' in design 'ibex_wrapper' (PARA-124)
Error: Cannot find port/pin 'ibex_top_inst/gen_regfile_ff.register_file_i/g_rf_flops[20].rf_reg_q_reg[22]/RD' in design 'ibex_wrapper' (PARA-124)
Error: Cannot find port/pin 'ibex_top_inst/gen_regfile_ff.register_file_i/g_rf_flops[20].rf_reg_q_reg[23]/RD' in design 'ibex_wrapper' (PARA-124)
Error: Cannot find port/pin 'ibex_top_inst/gen_regfile_ff.register_file_i/g_rf_flops[20].rf_reg_q_reg[24]/RD' in design 'ibex_wrapper' (PARA-124)
Error: Cannot find port/pin 'ibex_top_inst/gen_regfile_ff.register_file_i/g_rf_flops[19].rf_reg_q_reg[24]/RD' in design 'ibex_wrapper' (PARA-124)
Error: Cannot find port/pin 'ibex_top_inst/gen_regfile_ff.register_file_i/g_rf_flops[18].rf_reg_q_reg[23]/RD' in design 'ibex_wrapper' (PARA-124)
Error: Cannot find port/pin 'ibex_top_inst/gen_regfile_ff.register_file_i/g_rf_flops[18].rf_reg_q_reg[24]/RD' in design 'ibex_wrapper' (PARA-124)
Error: Cannot find port/pin 'ibex_top_inst/gen_regfile_ff.register_file_i/g_rf_flops[15].rf_reg_q_reg[25]/RD' in design 'ibex_wrapper' (PARA-124)
Error: Cannot find port/pin 'ibex_top_inst/gen_regfile_ff.register_file_i/g_rf_flops[14].rf_reg_q_reg[23]/RD' in design 'ibex_wrapper' (PARA-124)
Error: Cannot find port/pin 'ibex_top_inst/gen_regfile_ff.register_file_i/g_rf_flops[14].rf_reg_q_reg[24]/RD' in design 'ibex_wrapper' (PARA-124)
Error: Cannot find port/pin 'ibex_top_inst/gen_regfile_ff.register_file_i/g_rf_flops[14].rf_reg_q_reg[25]/RD' in design 'ibex_wrapper' (PARA-124)
Error: Cannot find port/pin 'ibex_top_inst/gen_regfile_ff.register_file_i/g_rf_flops[7].rf_reg_q_reg[23]/RD' in design 'ibex_wrapper' (PARA-124)
Error: Cannot find port/pin 'ibex_top_inst/gen_regfile_ff.register_file_i/g_rf_flops[7].rf_reg_q_reg[24]/RD' in design 'ibex_wrapper' (PARA-124)
Error: Cannot find port/pin 'ibex_top_inst/gen_regfile_ff.register_file_i/g_rf_flops[4].rf_reg_q_reg[22]/RD' in design 'ibex_wrapper' (PARA-124)
Error: Cannot find port/pin 'ibex_top_inst/gen_regfile_ff.register_file_i/g_rf_flops[1].rf_reg_q_reg[22]/RD' in design 'ibex_wrapper' (PARA-124)
Error: Cannot find port/pin 'ibex_top_inst/gen_regfile_ff.register_file_i/g_rf_flops[1].rf_reg_q_reg[23]/RD' in design 'ibex_wrapper' (PARA-124)
Error: Cannot find port/pin 'ibex_top_inst/gen_regfile_ff.register_file_i/g_rf_flops[1].rf_reg_q_reg[24]/RD' in design 'ibex_wrapper' (PARA-124)
Error: Cannot find port/pin 'ibex_top_inst/gen_regfile_ff.register_file_i/g_rf_flops[31].rf_reg_q_reg[25]/RD' in design 'ibex_wrapper' (PARA-124)
Error: Cannot find port/pin 'ibex_top_inst/gen_regfile_ff.register_file_i/g_rf_flops[7].rf_reg_q_reg[22]/RD' in design 'ibex_wrapper' (PARA-124)
Error: Cannot find port/pin 'ibex_top_inst/gen_regfile_ff.register_file_i/g_rf_flops[7].rf_reg_q_reg[26]/RD' in design 'ibex_wrapper' (PARA-124)
Error: Cannot find port/pin 'ibex_top_inst/gen_regfile_ff.register_file_i/g_rf_flops[4].rf_reg_q_reg[23]/RD' in design 'ibex_wrapper' (PARA-124)
Error: Cannot find port/pin 'ibex_top_inst/gen_regfile_ff.register_file_i/g_rf_flops[20].rf_reg_q_reg[25]/RD' in design 'ibex_wrapper' (PARA-124)
Error: Cannot find port/pin 'ibex_top_inst/gen_regfile_ff.register_file_i/g_rf_flops[31].rf_reg_q_reg[29]/RD' in design 'ibex_wrapper' (PARA-124)
Error: Cannot find port/pin 'ibex_top_inst/gen_regfile_ff.register_file_i/g_rf_flops[5].rf_reg_q_reg[22]/RD' in design 'ibex_wrapper' (PARA-124)
Error: Invalid capacitor (ibex_top_inst/gen_regfile_ff.register_file_i/g_rf_flops[4].rf_reg_q_reg[22]:RD 0.000203855) on net rst_ni: node not found (PARA-044)
Error: Invalid capacitor (ibex_top_inst/gen_regfile_ff.register_file_i/g_rf_flops[31].rf_reg_q_reg[26]:RD 1.9688e-05) on net rst_ni: node not found (PARA-044)
Error: Invalid capacitor (ibex_top_inst/gen_regfile_ff.register_file_i/g_rf_flops[31].rf_reg_q_reg[24]:RD 1e-06) on net rst_ni: node not found (PARA-044)
Error: Invalid capacitor (ibex_top_inst/gen_regfile_ff.register_file_i/g_rf_flops[4].rf_reg_q_reg[23]:RD 3.61499e-06) on net rst_ni: node not found (PARA-044)
Error: Invalid capacitor (ibex_top_inst/gen_regfile_ff.register_file_i/g_rf_flops[31].rf_reg_q_reg[27]:RD 2.27619e-06) on net rst_ni: node not found (PARA-044)
Error: Invalid capacitor (ibex_top_inst/gen_regfile_ff.register_file_i/g_rf_flops[7].rf_reg_q_reg[23]:RD 1.16372e-05) on net rst_ni: node not found (PARA-044)
Error: Invalid capacitor (ibex_top_inst/gen_regfile_ff.register_file_i/g_rf_flops[1].rf_reg_q_reg[22]:RD 4.87833e-05) on net rst_ni: node not found (PARA-044)
Error: Invalid capacitor (ibex_top_inst/gen_regfile_ff.register_file_i/g_rf_flops[7].rf_reg_q_reg[26]:RD 8.66895e-06) on net rst_ni: node not found (PARA-044)
Error: Invalid capacitor (ibex_top_inst/gen_regfile_ff.register_file_i/g_rf_flops[7].rf_reg_q_reg[24]:RD 1e-06) on net rst_ni: node not found (PARA-044)
Error: Invalid capacitor (ibex_top_inst/gen_regfile_ff.register_file_i/g_rf_flops[1].rf_reg_q_reg[23]:RD 1e-06) on net rst_ni: node not found (PARA-044)
Error: Invalid capacitor (ibex_top_inst/gen_regfile_ff.register_file_i/g_rf_flops[31].rf_reg_q_reg[29]:RD 8.35751e-06) on net rst_ni: node not found (PARA-044)
Error: Invalid capacitor (ibex_top_inst/gen_regfile_ff.register_file_i/g_rf_flops[20].rf_reg_q_reg[23]:RD 1e-06) on net rst_ni: node not found (PARA-044)
Error: Invalid capacitor (ibex_top_inst/gen_regfile_ff.register_file_i/g_rf_flops[20].rf_reg_q_reg[25]:RD 1.06679e-05) on net rst_ni: node not found (PARA-044)
Error: Invalid capacitor (ibex_top_inst/gen_regfile_ff.register_file_i/g_rf_flops[1].rf_reg_q_reg[24]:RD 2.87887e-06) on net rst_ni: node not found (PARA-044)
Error: Invalid capacitor (ibex_top_inst/gen_regfile_ff.register_file_i/g_rf_flops[18].rf_reg_q_reg[23]:RD 2.86947e-05) on net rst_ni: node not found (PARA-044)
Error: Invalid capacitor (ibex_top_inst/gen_regfile_ff.register_file_i/g_rf_flops[18].rf_reg_q_reg[24]:RD 1e-06) on net rst_ni: node not found (PARA-044)
Error: Invalid capacitor (ibex_top_inst/gen_regfile_ff.register_file_i/g_rf_flops[20].rf_reg_q_reg[24]:RD 1e-06) on net rst_ni: node not found (PARA-044)
Error: Invalid capacitor (ibex_top_inst/gen_regfile_ff.register_file_i/g_rf_flops[5].rf_reg_q_reg[22]:RD 4.59905e-05) on net rst_ni: node not found (PARA-044)
Error: Invalid capacitor (ibex_top_inst/gen_regfile_ff.register_file_i/g_rf_flops[20].rf_reg_q_reg[22]:RD 1e-06) on net rst_ni: node not found (PARA-044)
Error: Invalid capacitor (ibex_top_inst/gen_regfile_ff.register_file_i/g_rf_flops[19].rf_reg_q_reg[24]:RD 2.32433e-05) on net rst_ni: node not found (PARA-044)
Error: Invalid capacitor (ibex_top_inst/gen_regfile_ff.register_file_i/g_rf_flops[14].rf_reg_q_reg[23]:RD 1.76125e-05) on net rst_ni: node not found (PARA-044)
Error: Invalid capacitor (ibex_top_inst/gen_regfile_ff.register_file_i/g_rf_flops[15].rf_reg_q_reg[25]:RD 4.50994e-05) on net rst_ni: node not found (PARA-044)
Error: Invalid capacitor (ibex_top_inst/gen_regfile_ff.register_file_i/g_rf_flops[14].rf_reg_q_reg[25]:RD 1e-06) on net rst_ni: node not found (PARA-044)
Error: Invalid capacitor (ibex_top_inst/gen_regfile_ff.register_file_i/g_rf_flops[14].rf_reg_q_reg[24]:RD 1e-06) on net rst_ni: node not found (PARA-044)
Error: Invalid capacitor (ibex_top_inst/gen_regfile_ff.register_file_i/g_rf_flops[31].rf_reg_q_reg[22]:RD 6.97602e-06) on net rst_ni: node not found (PARA-044)
Error: Invalid capacitor (ibex_top_inst/gen_regfile_ff.register_file_i/g_rf_flops[7].rf_reg_q_reg[22]:RD 1e-06) on net rst_ni: node not found (PARA-044)
Error: Invalid capacitor (ibex_top_inst/gen_regfile_ff.register_file_i/g_rf_flops[31].rf_reg_q_reg[23]:RD 2.92454e-05) on net rst_ni: node not found (PARA-044)
Error: Invalid capacitor (ibex_top_inst/gen_regfile_ff.register_file_i/g_rf_flops[31].rf_reg_q_reg[28]:RD 1e-06) on net rst_ni: node not found (PARA-044)
Error: Invalid capacitor (ibex_top_inst/gen_regfile_ff.register_file_i/g_rf_flops[31].rf_reg_q_reg[25]:RD 4.62281e-05) on net rst_ni: node not found (PARA-044)
Error: Cannot find port/pin 'ibex_top_inst/u_ibex_core/cs_registers_i/CTS_ropt_h_inst_12590/A' in design 'ibex_wrapper' (PARA-124)
Error: Cannot find port/pin 'ibex_top_inst/u_ibex_core/cs_registers_i/CTS_ropt_h_inst_12590/A' in design 'ibex_wrapper' (PARA-124)
Error: Invalid capacitor (ibex_top_inst/u_ibex_core/cs_registers_i/CTS_ropt_h_inst_12590:A 1e-06) on net hart_id_i[31]: node not found (PARA-044)
Error: Cannot find port/pin 'ibex_top_inst/u_ibex_core/cs_registers_i/CTS_ropt_h_inst_12630/A' in design 'ibex_wrapper' (PARA-124)
Error: Cannot find port/pin 'ibex_top_inst/u_ibex_core/cs_registers_i/CTS_ropt_h_inst_12630/A' in design 'ibex_wrapper' (PARA-124)
Error: Invalid capacitor (ibex_top_inst/u_ibex_core/cs_registers_i/CTS_ropt_h_inst_12630:A 1e-06) on net hart_id_i[30]: node not found (PARA-044)
Error: Cannot find port/pin 'ibex_top_inst/u_ibex_core/cs_registers_i/U513/A2' in design 'ibex_wrapper' (PARA-124)
Error: Cannot find port/pin 'ibex_top_inst/u_ibex_core/cs_registers_i/U554/A2' in design 'ibex_wrapper' (PARA-124)
Error: Cannot find port/pin 'ibex_top_inst/u_ibex_core/cs_registers_i/U554/A2' in design 'ibex_wrapper' (PARA-124)
Error: Cannot find port/pin 'ibex_top_inst/u_ibex_core/cs_registers_i/U513/A2' in design 'ibex_wrapper' (PARA-124)
Error: Cannot find port/pin 'ibex_top_inst/u_ibex_core/cs_registers_i/CTS_ropt_h_inst_12634/A' in design 'ibex_wrapper' (PARA-124)
Error: Invalid capacitor (ibex_top_inst/u_ibex_core/cs_registers_i/U513:A2 1e-06) on net irq_fast_i[7]: node not found (PARA-044)
Error: Cannot find port/pin 'ibex_top_inst/u_ibex_core/cs_registers_i/CTS_ropt_h_inst_12634/A' in design 'ibex_wrapper' (PARA-124)
Error: Invalid capacitor (ibex_top_inst/u_ibex_core/cs_registers_i/U554:A2 1e-06) on net irq_fast_i[7]: node not found (PARA-044)
Error: Invalid capacitor (ibex_top_inst/u_ibex_core/cs_registers_i/CTS_ropt_h_inst_12634:A 6.99391e-06) on net hart_id_i[29]: node not found (PARA-044)
Error: Cannot find port/pin 'ibex_top_inst/u_ibex_core/cs_registers_i/CTS_ropt_h_inst_12703/A' in design 'ibex_wrapper' (PARA-124)
Error: Cannot find port/pin 'ibex_top_inst/u_ibex_core/cs_registers_i/U437/A2' in design 'ibex_wrapper' (PARA-124)
Error: Cannot find port/pin 'ibex_top_inst/u_ibex_core/cs_registers_i/U551/A1' in design 'ibex_wrapper' (PARA-124)
Error: Cannot find port/pin 'ibex_top_inst/u_ibex_core/cs_registers_i/CTS_ropt_h_inst_12703/A' in design 'ibex_wrapper' (PARA-124)
Error: Invalid capacitor (ibex_top_inst/u_ibex_core/cs_registers_i/CTS_ropt_h_inst_12703:A 1.23047e-05) on net hart_id_i[28]: node not found (PARA-044)
Error: Cannot find port/pin 'ibex_top_inst/u_ibex_core/cs_registers_i/U551/A1' in design 'ibex_wrapper' (PARA-124)
Error: Cannot find port/pin 'ibex_top_inst/u_ibex_core/cs_registers_i/U437/A2' in design 'ibex_wrapper' (PARA-124)
Error: Cannot find port/pin 'ibex_top_inst/u_ibex_core/cs_registers_i/CTS_ropt_h_inst_12646/A' in design 'ibex_wrapper' (PARA-124)
Error: Invalid capacitor (ibex_top_inst/u_ibex_core/cs_registers_i/U437:A2 1e-06) on net irq_fast_i[6]: node not found (PARA-044)
Error: Invalid capacitor (ibex_top_inst/u_ibex_core/cs_registers_i/U551:A1 1e-06) on net irq_fast_i[6]: node not found (PARA-044)
Error: Cannot find port/pin 'ibex_top_inst/u_ibex_core/cs_registers_i/CTS_ropt_h_inst_12646/A' in design 'ibex_wrapper' (PARA-124)
Error: Invalid capacitor (ibex_top_inst/u_ibex_core/cs_registers_i/CTS_ropt_h_inst_12646:A 8.52823e-06) on net hart_id_i[27]: node not found (PARA-044)
Error: Cannot find port/pin 'ibex_top_inst/u_ibex_core/cs_registers_i/U939/A2' in design 'ibex_wrapper' (PARA-124)
Error: Cannot find port/pin 'ibex_top_inst/u_ibex_core/cs_registers_i/CTS_ropt_h_inst_12652/A' in design 'ibex_wrapper' (PARA-124)
Error: Cannot find port/pin 'ibex_top_inst/u_ibex_core/cs_registers_i/U548/A1' in design 'ibex_wrapper' (PARA-124)
Error: Cannot find port/pin 'ibex_top_inst/u_ibex_core/cs_registers_i/CTS_ropt_h_inst_12652/A' in design 'ibex_wrapper' (PARA-124)
Error: Cannot find port/pin 'ibex_top_inst/u_ibex_core/cs_registers_i/U939/A2' in design 'ibex_wrapper' (PARA-124)
Error: Cannot find port/pin 'ibex_top_inst/u_ibex_core/cs_registers_i/U548/A1' in design 'ibex_wrapper' (PARA-124)
Error: Invalid capacitor (ibex_top_inst/u_ibex_core/cs_registers_i/CTS_ropt_h_inst_12652:A 2.81362e-05) on net hart_id_i[26]: node not found (PARA-044)
Error: Invalid capacitor (ibex_top_inst/u_ibex_core/cs_registers_i/U939:A2 1e-06) on net irq_fast_i[5]: node not found (PARA-044)
Error: Invalid capacitor (ibex_top_inst/u_ibex_core/cs_registers_i/U548:A1 6.40029e-06) on net irq_fast_i[5]: node not found (PARA-044)
Error: Cannot find port/pin 'ibex_top_inst/u_ibex_core/cs_registers_i/CTS_ropt_h_inst_12644/A' in design 'ibex_wrapper' (PARA-124)
Error: Cannot find port/pin 'ibex_top_inst/u_ibex_core/cs_registers_i/CTS_ropt_h_inst_12644/A' in design 'ibex_wrapper' (PARA-124)
Error: Invalid capacitor (ibex_top_inst/u_ibex_core/cs_registers_i/CTS_ropt_h_inst_12644:A 5.68906e-06) on net hart_id_i[25]: node not found (PARA-044)
Error: Cannot find port/pin 'ibex_top_inst/u_ibex_core/cs_registers_i/U481/A2' in design 'ibex_wrapper' (PARA-124)
Error: Cannot find port/pin 'ibex_top_inst/u_ibex_core/cs_registers_i/U946/A1' in design 'ibex_wrapper' (PARA-124)
Error: Cannot find port/pin 'ibex_top_inst/u_ibex_core/cs_registers_i/CTS_ropt_h_inst_12708/A' in design 'ibex_wrapper' (PARA-124)
Error: Cannot find port/pin 'ibex_top_inst/u_ibex_core/cs_registers_i/CTS_ropt_h_inst_12708/A' in design 'ibex_wrapper' (PARA-124)
Error: Cannot find port/pin 'ibex_top_inst/u_ibex_core/cs_registers_i/U946/A1' in design 'ibex_wrapper' (PARA-124)
Error: Invalid capacitor (ibex_top_inst/u_ibex_core/cs_registers_i/CTS_ropt_h_inst_12708:A 1e-06) on net hart_id_i[24]: node not found (PARA-044)
Error: Cannot find port/pin 'ibex_top_inst/u_ibex_core/cs_registers_i/U481/A2' in design 'ibex_wrapper' (PARA-124)
Note - message 'PARA-124' default limit (100) exceeded.  Remainder will be suppressed.
Error: Invalid capacitor (ibex_top_inst/u_ibex_core/cs_registers_i/U481:A2 8.20361e-06) on net irq_fast_i[4]: node not found (PARA-044)
Error: Invalid capacitor (ibex_top_inst/u_ibex_core/cs_registers_i/U946:A1 1e-06) on net irq_fast_i[4]: node not found (PARA-044)
Error: Invalid capacitor (ibex_top_inst/u_ibex_core/cs_registers_i/CTS_ropt_h_inst_12679:A 1e-06) on net hart_id_i[23]: node not found (PARA-044)
Error: Invalid capacitor (ibex_top_inst/u_ibex_core/cs_registers_i/CTS_ropt_h_inst_12653:A 1e-06) on net hart_id_i[22]: node not found (PARA-044)
Error: Invalid capacitor (ibex_top_inst/u_ibex_core/cs_registers_i/U271:A2 1e-06) on net irq_fast_i[3]: node not found (PARA-044)
Error: Invalid capacitor (ibex_top_inst/u_ibex_core/cs_registers_i/U549:A2 8.59653e-06) on net irq_fast_i[3]: node not found (PARA-044)
Error: Invalid capacitor (ibex_top_inst/u_ibex_core/cs_registers_i/CTS_ropt_h_inst_12668:A 1e-06) on net hart_id_i[21]: node not found (PARA-044)
Error: Invalid capacitor (ibex_top_inst/u_ibex_core/cs_registers_i/CTS_ropt_h_inst_12655:A 1e-06) on net hart_id_i[20]: node not found (PARA-044)
Error: Invalid capacitor (ibex_top_inst/u_ibex_core/cs_registers_i/U508:A2 9.63176e-06) on net irq_fast_i[2]: node not found (PARA-044)
Error: Invalid capacitor (ibex_top_inst/u_ibex_core/cs_registers_i/U550:A1 1e-06) on net irq_fast_i[2]: node not found (PARA-044)
Error: Invalid capacitor (ibex_top_inst/u_ibex_core/cs_registers_i/U499:A2 6.13818e-06) on net hart_id_i[19]: node not found (PARA-044)
Error: Invalid capacitor (ibex_top_inst/u_ibex_core/cs_registers_i/CTS_ropt_h_inst_12663:A 1e-06) on net hart_id_i[18]: node not found (PARA-044)
Error: Invalid capacitor (ibex_top_inst/u_ibex_core/cs_registers_i/CTS_ropt_h_inst_12628:A 1e-06) on net hart_id_i[17]: node not found (PARA-044)
Error: Invalid capacitor (ibex_top_inst/u_ibex_core/cs_registers_i/U448:A2 1e-06) on net irq_fast_i[1]: node not found (PARA-044)
Error: Invalid capacitor (ibex_top_inst/u_ibex_core/cs_registers_i/U305:A2 1e-06) on net irq_fast_i[1]: node not found (PARA-044)
Error: Invalid capacitor (ibex_top_inst/u_ibex_core/cs_registers_i/CTS_ropt_h_inst_12709:A 1e-06) on net hart_id_i[16]: node not found (PARA-044)
Error: Invalid capacitor (ibex_top_inst/u_ibex_core/cs_registers_i/CTS_ropt_h_inst_12648:A 8.01158e-06) on net hart_id_i[15]: node not found (PARA-044)
Error: Invalid capacitor (ibex_top_inst/u_ibex_core/cs_registers_i/U298:A1 1e-06) on net irq_fast_i[0]: node not found (PARA-044)
Error: Invalid capacitor (ibex_top_inst/u_ibex_core/cs_registers_i/U455:A2 1e-06) on net irq_fast_i[0]: node not found (PARA-044)
Error: Invalid capacitor (ibex_top_inst/u_ibex_core/cs_registers_i/CTS_ropt_h_inst_12714:A 1e-06) on net hart_id_i[14]: node not found (PARA-044)
Error: Invalid capacitor (ibex_top_inst/u_ibex_core/cs_registers_i/CTS_ropt_h_inst_12629:A 1e-06) on net hart_id_i[13]: node not found (PARA-044)
Error: Invalid capacitor (ibex_top_inst/u_ibex_core/cs_registers_i/CTS_ropt_h_inst_12706:A 1e-06) on net hart_id_i[12]: node not found (PARA-044)
Error: Invalid capacitor (ibex_top_inst/u_ibex_core/cs_registers_i/CTS_ropt_h_inst_12715:A 1e-06) on net hart_id_i[11]: node not found (PARA-044)
Error: Invalid capacitor (ibex_top_inst/u_ibex_core/cs_registers_i/CTS_copt_h_inst_11723:A 1e-06) on net next_pc[30]: node not found (PARA-044)
Error: Invalid capacitor (ibex_top_inst/u_ibex_core/cs_registers_i/U1704:A2 8.2467e-06) on net hart_id_i[10]: node not found (PARA-044)
Error: Invalid capacitor (ibex_top_inst/u_ibex_core/cs_registers_i/U1548:A2 7.99146e-06) on net hart_id_i[9]: node not found (PARA-044)
Error: Invalid capacitor (ibex_top_inst/u_ibex_core/cs_registers_i/CTS_ropt_h_inst_12627:A 1e-06) on net hart_id_i[8]: node not found (PARA-044)
Error: Invalid capacitor (ibex_top_inst/u_ibex_core/cs_registers_i/CTS_ropt_h_inst_12623:A 1e-06) on net hart_id_i[7]: node not found (PARA-044)
Error: Invalid capacitor (ibex_top_inst/u_ibex_core/cs_registers_i/CTS_ropt_h_inst_12632:A 8.00423e-06) on net hart_id_i[6]: node not found (PARA-044)
Error: Invalid capacitor (ibex_top_inst/u_ibex_core/cs_registers_i/CTS_ropt_h_inst_12631:A 1e-06) on net hart_id_i[5]: node not found (PARA-044)
Error: Invalid capacitor (ibex_top_inst/u_ibex_core/cs_registers_i/CTS_ropt_h_inst_12712:A 1e-06) on net hart_id_i[4]: node not found (PARA-044)
Error: Invalid capacitor (ibex_top_inst/u_ibex_core/cs_registers_i/CTS_ropt_h_inst_12641:A 7.09365e-06) on net hart_id_i[3]: node not found (PARA-044)
Error: Invalid capacitor (ibex_top_inst/u_ibex_core/cs_registers_i/CTS_ropt_h_inst_12636:A 7.008e-06) on net hart_id_i[2]: node not found (PARA-044)
Error: Invalid capacitor (ibex_top_inst/u_ibex_core/cs_registers_i/CTS_ropt_h_inst_12618:A 1e-06) on net hart_id_i[1]: node not found (PARA-044)
Error: Invalid capacitor (ibex_top_inst/u_ibex_core/cs_registers_i/CTS_ropt_h_inst_12613:A 1e-06) on net hart_id_i[0]: node not found (PARA-044)
Error: Invalid capacitor (ibex_top_inst/u_ibex_core/cs_registers_i/CTS_copt_h_inst_11559:X 1e-06) on net exception_pc[31]: node not found (PARA-044)
Error: Invalid capacitor (ibex_top_inst/u_ibex_core/cs_registers_i/U2795:A1 7.65463e-06) on net exception_pc[31]: node not found (PARA-044)
Error: Invalid capacitor (ibex_top_inst/u_ibex_core/cs_registers_i/U2801:D0 1e-06) on net exception_pc[31]: node not found (PARA-044)
Error: Invalid capacitor (ibex_top_inst/u_ibex_core/cs_registers_i/U917:A2 1e-06) on net exception_pc[31]: node not found (PARA-044)
Error: Invalid capacitor (ibex_top_inst/u_ibex_core/cs_registers_i/u_mie_csr/rdata_q_reg[0]:SI 3.58515e-05) on net exception_pc[31]: node not found (PARA-044)
Error: Invalid capacitor (ibex_top_inst/u_ibex_core/cs_registers_i/u_mepc_csr/rdata_q_reg[30]:Q 1e-06) on net exception_pc[30]: node not found (PARA-044)
Error: Invalid capacitor (ibex_top_inst/u_ibex_core/cs_registers_i/CTS_copt_h_inst_11515:A 1e-06) on net exception_pc[30]: node not found (PARA-044)
Error: Invalid capacitor (ibex_top_inst/u_ibex_core/cs_registers_i/CTS_copt_h_inst_11514:A 1e-06) on net exception_pc[30]: node not found (PARA-044)
Error: Invalid capacitor (ibex_top_inst/u_ibex_core/cs_registers_i/CTS_copt_h_inst_11513:A 1e-06) on net exception_pc[30]: node not found (PARA-044)
Error: Invalid capacitor (ibex_top_inst/u_ibex_core/cs_registers_i/U255:A2 8.66438e-06) on net exception_pc[30]: node not found (PARA-044)
Error: Invalid capacitor (ibex_top_inst/u_ibex_core/cs_registers_i/u_mepc_csr/rdata_q_reg[29]:Q 1e-06) on net exception_pc[29]: node not found (PARA-044)
Error: Invalid capacitor (ibex_top_inst/u_ibex_core/cs_registers_i/U916:A2 8.6916e-06) on net exception_pc[29]: node not found (PARA-044)
Error: Invalid capacitor (ibex_top_inst/u_ibex_core/cs_registers_i/CTS_copt_h_inst_11605:A 1e-06) on net exception_pc[29]: node not found (PARA-044)
Error: Invalid capacitor (ibex_top_inst/u_ibex_core/cs_registers_i/CTS_copt_h_inst_11604:A 1e-06) on net exception_pc[29]: node not found (PARA-044)
Error: Invalid capacitor (ibex_top_inst/u_ibex_core/cs_registers_i/CTS_copt_h_inst_11603:A 1e-06) on net exception_pc[29]: node not found (PARA-044)
Error: Invalid capacitor (ibex_top_inst/u_ibex_core/cs_registers_i/CTS_copt_h_inst_11532:X 1e-06) on net exception_pc[28]: node not found (PARA-044)
Error: Invalid capacitor (ibex_top_inst/u_ibex_core/cs_registers_i/u_mepc_csr/rdata_q_reg[29]:SI 2.43118e-06) on net exception_pc[28]: node not found (PARA-044)
Error: Invalid capacitor (ibex_top_inst/u_ibex_core/cs_registers_i/U2187:D0 1e-06) on net exception_pc[28]: node not found (PARA-044)
Error: Invalid capacitor (ibex_top_inst/u_ibex_core/cs_registers_i/U2130:A1 1e-06) on net exception_pc[28]: node not found (PARA-044)
Error: Invalid capacitor (ibex_top_inst/u_ibex_core/cs_registers_i/U1505:A2 6.6059e-06) on net exception_pc[28]: node not found (PARA-044)
Error: Invalid capacitor (ibex_top_inst/u_ibex_core/cs_registers_i/u_mepc_csr/rdata_q_reg[27]:Q 1e-06) on net exception_pc[27]: node not found (PARA-044)
Error: Invalid capacitor (ibex_top_inst/u_ibex_core/cs_registers_i/CTS_copt_h_inst_11584:A 1e-06) on net exception_pc[27]: node not found (PARA-044)
Note - message 'PARA-044' default limit (100) exceeded.  Remainder will be suppressed.

****************************************
Report : read_parasitics /mnt/hgfs/0_GP/Final_2/5_Finishing/output/ibex_wrapper_finishing.tlup_min_125.spef
Design : ibex_wrapper
Version: O-2018.06-SP1
Date   : Wed Jul  9 03:53:30 2025
****************************************

        98675 error(s)
        Format is SPEF
        Annotated nets                   :        12336
        Annotated capacitances           :       193170
        Annotated resistances            :       180834
        Reduced coupling capacitances    :            0
        Annotated PI models              :            0
        Annotated Elmore delays          :            0

