Information: Derived library resistance unit is 999.999939 Kohm (Time unit is 1 ns, and Capacitance unit is 0.001000 pF). (DES-028)
Error: Cannot find port/pin 'ibex_top_inst/gen_regfile_ff.register_file_i/g_rf_flops[4].rf_reg_q_reg[22]/RD' in design 'ibex_wrapper' (PARA-124)
Error: Cannot find port/pin 'ibex_top_inst/gen_regfile_ff.register_file_i/g_rf_flops[31].rf_reg_q_reg[26]/RD' in design 'ibex_wrapper' (PARA-124)
Error: Cannot find port/pin 'ibex_top_inst/gen_regfile_ff.register_file_i/g_rf_flops[31].rf_reg_q_reg[24]/RD' in design 'ibex_wrapper' (PARA-124)
Error: Cannot find port/pin 'ibex_top_inst/gen_regfile_ff.register_file_i/g_rf_flops[4].rf_reg_q_reg[23]/RD' in design 'ibex_wrapper' (PARA-124)
Error: Cannot find port/pin 'ibex_top_inst/gen_regfile_ff.register_file_i/g_rf_flops[31].rf_reg_q_reg[27]/RD' in design 'ibex_wrapper' (PARA-124)
Error: Cannot find port/pin 'ibex_top_inst/gen_regfile_ff.register_file_i/g_rf_flops[7].rf_reg_q_reg[23]/RD' in design 'ibex_wrapper' (PARA-124)
Error: Cannot find port/pin 'ibex_top_inst/gen_regfile_ff.register_file_i/g_rf_flops[1].rf_reg_q_reg[22]/RD' in design 'ibex_wrapper' (PARA-124)
Error: Cannot find port/pin 'ibex_top_inst/gen_regfile_ff.register_file_i/g_rf_flops[7].rf_reg_q_reg[26]/RD' in design 'ibex_wrapper' (PARA-124)
Error: Cannot find port/pin 'ibex_top_inst/gen_regfile_ff.register_file_i/g_rf_flops[7].rf_reg_q_reg[24]/RD' in design 'ibex_wrapper' (PARA-124)
Error: Cannot find port/pin 'ibex_top_inst/gen_regfile_ff.register_file_i/g_rf_flops[1].rf_reg_q_reg[23]/RD' in design 'ibex_wrapper' (PARA-124)
Error: Cannot find port/pin 'ibex_top_inst/gen_regfile_ff.register_file_i/g_rf_flops[31].rf_reg_q_reg[29]/RD' in design 'ibex_wrapper' (PARA-124)
Error: Cannot find port/pin 'ibex_top_inst/gen_regfile_ff.register_file_i/g_rf_flops[20].rf_reg_q_reg[23]/RD' in design 'ibex_wrapper' (PARA-124)
Error: Cannot find port/pin 'ibex_top_inst/gen_regfile_ff.register_file_i/g_rf_flops[20].rf_reg_q_reg[25]/RD' in design 'ibex_wrapper' (PARA-124)
Error: Cannot find port/pin 'ibex_top_inst/gen_regfile_ff.register_file_i/g_rf_flops[1].rf_reg_q_reg[24]/RD' in design 'ibex_wrapper' (PARA-124)
Error: Cannot find port/pin 'ibex_top_inst/gen_regfile_ff.register_file_i/g_rf_flops[18].rf_reg_q_reg[23]/RD' in design 'ibex_wrapper' (PARA-124)
Error: Cannot find port/pin 'ibex_top_inst/gen_regfile_ff.register_file_i/g_rf_flops[18].rf_reg_q_reg[24]/RD' in design 'ibex_wrapper' (PARA-124)
Error: Cannot find port/pin 'ibex_top_inst/gen_regfile_ff.register_file_i/g_rf_flops[20].rf_reg_q_reg[24]/RD' in design 'ibex_wrapper' (PARA-124)
Error: Cannot find port/pin 'ibex_top_inst/gen_regfile_ff.register_file_i/g_rf_flops[5].rf_reg_q_reg[22]/RD' in design 'ibex_wrapper' (PARA-124)
Error: Cannot find port/pin 'ibex_top_inst/gen_regfile_ff.register_file_i/g_rf_flops[20].rf_reg_q_reg[22]/RD' in design 'ibex_wrapper' (PARA-124)
Error: Cannot find port/pin 'ibex_top_inst/gen_regfile_ff.register_file_i/g_rf_flops[19].rf_reg_q_reg[24]/RD' in design 'ibex_wrapper' (PARA-124)
Error: Cannot find port/pin 'ibex_top_inst/gen_regfile_ff.register_file_i/g_rf_flops[14].rf_reg_q_reg[23]/RD' in design 'ibex_wrapper' (PARA-124)
Error: Cannot find port/pin 'ibex_top_inst/gen_regfile_ff.register_file_i/g_rf_flops[15].rf_reg_q_reg[25]/RD' in design 'ibex_wrapper' (PARA-124)
Error: Cannot find port/pin 'ibex_top_inst/gen_regfile_ff.register_file_i/g_rf_flops[14].rf_reg_q_reg[25]/RD' in design 'ibex_wrapper' (PARA-124)
Error: Cannot find port/pin 'ibex_top_inst/gen_regfile_ff.register_file_i/g_rf_flops[14].rf_reg_q_reg[24]/RD' in design 'ibex_wrapper' (PARA-124)
Error: Cannot find port/pin 'ibex_top_inst/gen_regfile_ff.register_file_i/g_rf_flops[31].rf_reg_q_reg[22]/RD' in design 'ibex_wrapper' (PARA-124)
Error: Cannot find port/pin 'ibex_top_inst/gen_regfile_ff.register_file_i/g_rf_flops[7].rf_reg_q_reg[22]/RD' in design 'ibex_wrapper' (PARA-124)
Error: Cannot find port/pin 'ibex_top_inst/gen_regfile_ff.register_file_i/g_rf_flops[31].rf_reg_q_reg[23]/RD' in design 'ibex_wrapper' (PARA-124)
Error: Cannot find port/pin 'ibex_top_inst/gen_regfile_ff.register_file_i/g_rf_flops[31].rf_reg_q_reg[28]/RD' in design 'ibex_wrapper' (PARA-124)
Error: Cannot find port/pin 'ibex_top_inst/gen_regfile_ff.register_file_i/g_rf_flops[31].rf_reg_q_reg[25]/RD' in design 'ibex_wrapper' (PARA-124)
Error: Cannot find port/pin 'ibex_top_inst/gen_regfile_ff.register_file_i/g_rf_flops[31].rf_reg_q_reg[27]/RD' in design 'ibex_wrapper' (PARA-124)
Error: Cannot find port/pin 'ibex_top_inst/gen_regfile_ff.register_file_i/g_rf_flops[18].rf_reg_q_reg[23]/RD' in design 'ibex_wrapper' (PARA-124)
Error: Cannot find port/pin 'ibex_top_inst/gen_regfile_ff.register_file_i/g_rf_flops[15].rf_reg_q_reg[25]/RD' in design 'ibex_wrapper' (PARA-124)
Error: Cannot find port/pin 'ibex_top_inst/gen_regfile_ff.register_file_i/g_rf_flops[14].rf_reg_q_reg[23]/RD' in design 'ibex_wrapper' (PARA-124)
Error: Cannot find port/pin 'ibex_top_inst/gen_regfile_ff.register_file_i/g_rf_flops[7].rf_reg_q_reg[23]/RD' in design 'ibex_wrapper' (PARA-124)
Error: Cannot find port/pin 'ibex_top_inst/gen_regfile_ff.register_file_i/g_rf_flops[7].rf_reg_q_reg[26]/RD' in design 'ibex_wrapper' (PARA-124)
Error: Cannot find port/pin 'ibex_top_inst/gen_regfile_ff.register_file_i/g_rf_flops[5].rf_reg_q_reg[22]/RD' in design 'ibex_wrapper' (PARA-124)
Error: Cannot find port/pin 'ibex_top_inst/gen_regfile_ff.register_file_i/g_rf_flops[4].rf_reg_q_reg[22]/RD' in design 'ibex_wrapper' (PARA-124)
Error: Cannot find port/pin 'ibex_top_inst/gen_regfile_ff.register_file_i/g_rf_flops[1].rf_reg_q_reg[22]/RD' in design 'ibex_wrapper' (PARA-124)
Error: Cannot find port/pin 'ibex_top_inst/gen_regfile_ff.register_file_i/g_rf_flops[1].rf_reg_q_reg[24]/RD' in design 'ibex_wrapper' (PARA-124)
Error: Cannot find port/pin 'ibex_top_inst/gen_regfile_ff.register_file_i/g_rf_flops[31].rf_reg_q_reg[22]/RD' in design 'ibex_wrapper' (PARA-124)
Error: Cannot find port/pin 'ibex_top_inst/gen_regfile_ff.register_file_i/g_rf_flops[31].rf_reg_q_reg[23]/RD' in design 'ibex_wrapper' (PARA-124)
Error: Cannot find port/pin 'ibex_top_inst/gen_regfile_ff.register_file_i/g_rf_flops[31].rf_reg_q_reg[24]/RD' in design 'ibex_wrapper' (PARA-124)
Error: Cannot find port/pin 'ibex_top_inst/gen_regfile_ff.register_file_i/g_rf_flops[31].rf_reg_q_reg[26]/RD' in design 'ibex_wrapper' (PARA-124)
Error: Cannot find port/pin 'ibex_top_inst/gen_regfile_ff.register_file_i/g_rf_flops[31].rf_reg_q_reg[27]/RD' in design 'ibex_wrapper' (PARA-124)
Error: Cannot find port/pin 'ibex_top_inst/gen_regfile_ff.register_file_i/g_rf_flops[31].rf_reg_q_reg[28]/RD' in design 'ibex_wrapper' (PARA-124)
Error: Cannot find port/pin 'ibex_top_inst/gen_regfile_ff.register_file_i/g_rf_flops[20].rf_reg_q_reg[22]/RD' in design 'ibex_wrapper' (PARA-124)
Error: Cannot find port/pin 'ibex_top_inst/gen_regfile_ff.register_file_i/g_rf_flops[20].rf_reg_q_reg[23]/RD' in design 'ibex_wrapper' (PARA-124)
Error: Cannot find port/pin 'ibex_top_inst/gen_regfile_ff.register_file_i/g_rf_flops[20].rf_reg_q_reg[24]/RD' in design 'ibex_wrapper' (PARA-124)
Error: Cannot find port/pin 'ibex_top_inst/gen_regfile_ff.register_file_i/g_rf_flops[19].rf_reg_q_reg[24]/RD' in design 'ibex_wrapper' (PARA-124)
Error: Cannot find port/pin 'ibex_top_inst/gen_regfile_ff.register_file_i/g_rf_flops[18].rf_reg_q_reg[23]/RD' in design 'ibex_wrapper' (PARA-124)
Error: Cannot find port/pin 'ibex_top_inst/gen_regfile_ff.register_file_i/g_rf_flops[18].rf_reg_q_reg[24]/RD' in design 'ibex_wrapper' (PARA-124)
Error: Cannot find port/pin 'ibex_top_inst/gen_regfile_ff.register_file_i/g_rf_flops[15].rf_reg_q_reg[25]/RD' in design 'ibex_wrapper' (PARA-124)
Error: Cannot find port/pin 'ibex_top_inst/gen_regfile_ff.register_file_i/g_rf_flops[14].rf_reg_q_reg[23]/RD' in design 'ibex_wrapper' (PARA-124)
Error: Cannot find port/pin 'ibex_top_inst/gen_regfile_ff.register_file_i/g_rf_flops[14].rf_reg_q_reg[24]/RD' in design 'ibex_wrapper' (PARA-124)
Error: Cannot find port/pin 'ibex_top_inst/gen_regfile_ff.register_file_i/g_rf_flops[14].rf_reg_q_reg[25]/RD' in design 'ibex_wrapper' (PARA-124)
Error: Cannot find port/pin 'ibex_top_inst/gen_regfile_ff.register_file_i/g_rf_flops[7].rf_reg_q_reg[23]/RD' in design 'ibex_wrapper' (PARA-124)
Error: Cannot find port/pin 'ibex_top_inst/gen_regfile_ff.register_file_i/g_rf_flops[7].rf_reg_q_reg[24]/RD' in design 'ibex_wrapper' (PARA-124)
Error: Cannot find port/pin 'ibex_top_inst/gen_regfile_ff.register_file_i/g_rf_flops[4].rf_reg_q_reg[22]/RD' in design 'ibex_wrapper' (PARA-124)
Error: Cannot find port/pin 'ibex_top_inst/gen_regfile_ff.register_file_i/g_rf_flops[1].rf_reg_q_reg[22]/RD' in design 'ibex_wrapper' (PARA-124)
Error: Cannot find port/pin 'ibex_top_inst/gen_regfile_ff.register_file_i/g_rf_flops[1].rf_reg_q_reg[23]/RD' in design 'ibex_wrapper' (PARA-124)
Error: Cannot find port/pin 'ibex_top_inst/gen_regfile_ff.register_file_i/g_rf_flops[1].rf_reg_q_reg[24]/RD' in design 'ibex_wrapper' (PARA-124)
Error: Cannot find port/pin 'ibex_top_inst/gen_regfile_ff.register_file_i/g_rf_flops[31].rf_reg_q_reg[25]/RD' in design 'ibex_wrapper' (PARA-124)
Error: Cannot find port/pin 'ibex_top_inst/gen_regfile_ff.register_file_i/g_rf_flops[7].rf_reg_q_reg[22]/RD' in design 'ibex_wrapper' (PARA-124)
Error: Cannot find port/pin 'ibex_top_inst/gen_regfile_ff.register_file_i/g_rf_flops[7].rf_reg_q_reg[26]/RD' in design 'ibex_wrapper' (PARA-124)
Error: Cannot find port/pin 'ibex_top_inst/gen_regfile_ff.register_file_i/g_rf_flops[4].rf_reg_q_reg[23]/RD' in design 'ibex_wrapper' (PARA-124)
Error: Cannot find port/pin 'ibex_top_inst/gen_regfile_ff.register_file_i/g_rf_flops[20].rf_reg_q_reg[25]/RD' in design 'ibex_wrapper' (PARA-124)
Error: Cannot find port/pin 'ibex_top_inst/gen_regfile_ff.register_file_i/g_rf_flops[31].rf_reg_q_reg[29]/RD' in design 'ibex_wrapper' (PARA-124)
Error: Cannot find port/pin 'ibex_top_inst/gen_regfile_ff.register_file_i/g_rf_flops[5].rf_reg_q_reg[22]/RD' in design 'ibex_wrapper' (PARA-124)
Error: Invalid capacitor (ibex_top_inst/gen_regfile_ff.register_file_i/g_rf_flops[4].rf_reg_q_reg[22]:RD 0.000236994) on net rst_ni: node not found (PARA-044)
Error: Invalid capacitor (ibex_top_inst/gen_regfile_ff.register_file_i/g_rf_flops[31].rf_reg_q_reg[26]:RD 2.3286e-05) on net rst_ni: node not found (PARA-044)
Error: Invalid capacitor (ibex_top_inst/gen_regfile_ff.register_file_i/g_rf_flops[31].rf_reg_q_reg[24]:RD 1e-06) on net rst_ni: node not found (PARA-044)
Error: Invalid capacitor (ibex_top_inst/gen_regfile_ff.register_file_i/g_rf_flops[4].rf_reg_q_reg[23]:RD 4.21024e-06) on net rst_ni: node not found (PARA-044)
Error: Invalid capacitor (ibex_top_inst/gen_regfile_ff.register_file_i/g_rf_flops[31].rf_reg_q_reg[27]:RD 2.52479e-06) on net rst_ni: node not found (PARA-044)
Error: Invalid capacitor (ibex_top_inst/gen_regfile_ff.register_file_i/g_rf_flops[7].rf_reg_q_reg[23]:RD 1.35743e-05) on net rst_ni: node not found (PARA-044)
Error: Invalid capacitor (ibex_top_inst/gen_regfile_ff.register_file_i/g_rf_flops[1].rf_reg_q_reg[22]:RD 5.70681e-05) on net rst_ni: node not found (PARA-044)
Error: Invalid capacitor (ibex_top_inst/gen_regfile_ff.register_file_i/g_rf_flops[7].rf_reg_q_reg[26]:RD 9.86849e-06) on net rst_ni: node not found (PARA-044)
Error: Invalid capacitor (ibex_top_inst/gen_regfile_ff.register_file_i/g_rf_flops[7].rf_reg_q_reg[24]:RD 1e-06) on net rst_ni: node not found (PARA-044)
Error: Invalid capacitor (ibex_top_inst/gen_regfile_ff.register_file_i/g_rf_flops[1].rf_reg_q_reg[23]:RD 1e-06) on net rst_ni: node not found (PARA-044)
Error: Invalid capacitor (ibex_top_inst/gen_regfile_ff.register_file_i/g_rf_flops[31].rf_reg_q_reg[29]:RD 9.55459e-06) on net rst_ni: node not found (PARA-044)
Error: Invalid capacitor (ibex_top_inst/gen_regfile_ff.register_file_i/g_rf_flops[20].rf_reg_q_reg[23]:RD 1e-06) on net rst_ni: node not found (PARA-044)
Error: Invalid capacitor (ibex_top_inst/gen_regfile_ff.register_file_i/g_rf_flops[20].rf_reg_q_reg[25]:RD 1.24724e-05) on net rst_ni: node not found (PARA-044)
Error: Invalid capacitor (ibex_top_inst/gen_regfile_ff.register_file_i/g_rf_flops[1].rf_reg_q_reg[24]:RD 3.21132e-06) on net rst_ni: node not found (PARA-044)
Error: Invalid capacitor (ibex_top_inst/gen_regfile_ff.register_file_i/g_rf_flops[18].rf_reg_q_reg[23]:RD 3.31096e-05) on net rst_ni: node not found (PARA-044)
Error: Invalid capacitor (ibex_top_inst/gen_regfile_ff.register_file_i/g_rf_flops[18].rf_reg_q_reg[24]:RD 1e-06) on net rst_ni: node not found (PARA-044)
Error: Invalid capacitor (ibex_top_inst/gen_regfile_ff.register_file_i/g_rf_flops[20].rf_reg_q_reg[24]:RD 1e-06) on net rst_ni: node not found (PARA-044)
Error: Invalid capacitor (ibex_top_inst/gen_regfile_ff.register_file_i/g_rf_flops[5].rf_reg_q_reg[22]:RD 5.39029e-05) on net rst_ni: node not found (PARA-044)
Error: Invalid capacitor (ibex_top_inst/gen_regfile_ff.register_file_i/g_rf_flops[20].rf_reg_q_reg[22]:RD 1e-06) on net rst_ni: node not found (PARA-044)
Error: Invalid capacitor (ibex_top_inst/gen_regfile_ff.register_file_i/g_rf_flops[19].rf_reg_q_reg[24]:RD 2.76077e-05) on net rst_ni: node not found (PARA-044)
Error: Invalid capacitor (ibex_top_inst/gen_regfile_ff.register_file_i/g_rf_flops[14].rf_reg_q_reg[23]:RD 2.07141e-05) on net rst_ni: node not found (PARA-044)
Error: Invalid capacitor (ibex_top_inst/gen_regfile_ff.register_file_i/g_rf_flops[15].rf_reg_q_reg[25]:RD 5.31387e-05) on net rst_ni: node not found (PARA-044)
Error: Invalid capacitor (ibex_top_inst/gen_regfile_ff.register_file_i/g_rf_flops[14].rf_reg_q_reg[25]:RD 1e-06) on net rst_ni: node not found (PARA-044)
Error: Invalid capacitor (ibex_top_inst/gen_regfile_ff.register_file_i/g_rf_flops[14].rf_reg_q_reg[24]:RD 1e-06) on net rst_ni: node not found (PARA-044)
Error: Invalid capacitor (ibex_top_inst/gen_regfile_ff.register_file_i/g_rf_flops[31].rf_reg_q_reg[22]:RD 7.99935e-06) on net rst_ni: node not found (PARA-044)
Error: Invalid capacitor (ibex_top_inst/gen_regfile_ff.register_file_i/g_rf_flops[7].rf_reg_q_reg[22]:RD 1e-06) on net rst_ni: node not found (PARA-044)
Error: Invalid capacitor (ibex_top_inst/gen_regfile_ff.register_file_i/g_rf_flops[31].rf_reg_q_reg[23]:RD 3.41486e-05) on net rst_ni: node not found (PARA-044)
Error: Invalid capacitor (ibex_top_inst/gen_regfile_ff.register_file_i/g_rf_flops[31].rf_reg_q_reg[28]:RD 1e-06) on net rst_ni: node not found (PARA-044)
Error: Invalid capacitor (ibex_top_inst/gen_regfile_ff.register_file_i/g_rf_flops[31].rf_reg_q_reg[25]:RD 5.45065e-05) on net rst_ni: node not found (PARA-044)
Error: Cannot find port/pin 'ibex_top_inst/u_ibex_core/cs_registers_i/CTS_ropt_h_inst_12590/A' in design 'ibex_wrapper' (PARA-124)
Error: Cannot find port/pin 'ibex_top_inst/u_ibex_core/cs_registers_i/CTS_ropt_h_inst_12590/A' in design 'ibex_wrapper' (PARA-124)
Error: Invalid capacitor (ibex_top_inst/u_ibex_core/cs_registers_i/CTS_ropt_h_inst_12590:A 1e-06) on net hart_id_i[31]: node not found (PARA-044)
Error: Cannot find port/pin 'ibex_top_inst/u_ibex_core/cs_registers_i/CTS_ropt_h_inst_12630/A' in design 'ibex_wrapper' (PARA-124)
Error: Cannot find port/pin 'ibex_top_inst/u_ibex_core/cs_registers_i/CTS_ropt_h_inst_12630/A' in design 'ibex_wrapper' (PARA-124)
Error: Invalid capacitor (ibex_top_inst/u_ibex_core/cs_registers_i/CTS_ropt_h_inst_12630:A 1e-06) on net hart_id_i[30]: node not found (PARA-044)
Error: Cannot find port/pin 'ibex_top_inst/u_ibex_core/cs_registers_i/CTS_ropt_h_inst_12634/A' in design 'ibex_wrapper' (PARA-124)
Error: Cannot find port/pin 'ibex_top_inst/u_ibex_core/cs_registers_i/CTS_ropt_h_inst_12634/A' in design 'ibex_wrapper' (PARA-124)
Error: Invalid capacitor (ibex_top_inst/u_ibex_core/cs_registers_i/CTS_ropt_h_inst_12634:A 8.1435e-06) on net hart_id_i[29]: node not found (PARA-044)
Error: Cannot find port/pin 'ibex_top_inst/u_ibex_core/cs_registers_i/CTS_ropt_h_inst_12703/A' in design 'ibex_wrapper' (PARA-124)
Error: Cannot find port/pin 'ibex_top_inst/u_ibex_core/cs_registers_i/CTS_ropt_h_inst_12703/A' in design 'ibex_wrapper' (PARA-124)
Error: Invalid capacitor (ibex_top_inst/u_ibex_core/cs_registers_i/CTS_ropt_h_inst_12703:A 1.43485e-05) on net hart_id_i[28]: node not found (PARA-044)
Error: Cannot find port/pin 'ibex_top_inst/u_ibex_core/cs_registers_i/CTS_ropt_h_inst_12646/A' in design 'ibex_wrapper' (PARA-124)
Error: Cannot find port/pin 'ibex_top_inst/u_ibex_core/cs_registers_i/CTS_ropt_h_inst_12646/A' in design 'ibex_wrapper' (PARA-124)
Error: Invalid capacitor (ibex_top_inst/u_ibex_core/cs_registers_i/CTS_ropt_h_inst_12646:A 9.96356e-06) on net hart_id_i[27]: node not found (PARA-044)
Error: Cannot find port/pin 'ibex_top_inst/u_ibex_core/cs_registers_i/CTS_ropt_h_inst_12652/A' in design 'ibex_wrapper' (PARA-124)
Error: Cannot find port/pin 'ibex_top_inst/u_ibex_core/cs_registers_i/CTS_ropt_h_inst_12652/A' in design 'ibex_wrapper' (PARA-124)
Error: Invalid capacitor (ibex_top_inst/u_ibex_core/cs_registers_i/CTS_ropt_h_inst_12652:A 3.28364e-05) on net hart_id_i[26]: node not found (PARA-044)
Error: Cannot find port/pin 'ibex_top_inst/u_ibex_core/cs_registers_i/CTS_ropt_h_inst_12644/A' in design 'ibex_wrapper' (PARA-124)
Error: Cannot find port/pin 'ibex_top_inst/u_ibex_core/cs_registers_i/CTS_ropt_h_inst_12644/A' in design 'ibex_wrapper' (PARA-124)
Error: Invalid capacitor (ibex_top_inst/u_ibex_core/cs_registers_i/CTS_ropt_h_inst_12644:A 6.61094e-06) on net hart_id_i[25]: node not found (PARA-044)
Error: Cannot find port/pin 'ibex_top_inst/u_ibex_core/cs_registers_i/U513/A2' in design 'ibex_wrapper' (PARA-124)
Error: Cannot find port/pin 'ibex_top_inst/u_ibex_core/cs_registers_i/CTS_ropt_h_inst_12708/A' in design 'ibex_wrapper' (PARA-124)
Error: Cannot find port/pin 'ibex_top_inst/u_ibex_core/cs_registers_i/U554/A2' in design 'ibex_wrapper' (PARA-124)
Error: Cannot find port/pin 'ibex_top_inst/u_ibex_core/cs_registers_i/CTS_ropt_h_inst_12708/A' in design 'ibex_wrapper' (PARA-124)
Error: Invalid capacitor (ibex_top_inst/u_ibex_core/cs_registers_i/CTS_ropt_h_inst_12708:A 1e-06) on net hart_id_i[24]: node not found (PARA-044)
Error: Cannot find port/pin 'ibex_top_inst/u_ibex_core/cs_registers_i/U554/A2' in design 'ibex_wrapper' (PARA-124)
Error: Cannot find port/pin 'ibex_top_inst/u_ibex_core/cs_registers_i/U513/A2' in design 'ibex_wrapper' (PARA-124)
Error: Cannot find port/pin 'ibex_top_inst/u_ibex_core/cs_registers_i/CTS_ropt_h_inst_12679/A' in design 'ibex_wrapper' (PARA-124)
Error: Cannot find port/pin 'ibex_top_inst/u_ibex_core/cs_registers_i/CTS_ropt_h_inst_12679/A' in design 'ibex_wrapper' (PARA-124)
Error: Invalid capacitor (ibex_top_inst/u_ibex_core/cs_registers_i/U513:A2 1e-06) on net irq_fast_i[7]: node not found (PARA-044)
Error: Invalid capacitor (ibex_top_inst/u_ibex_core/cs_registers_i/U554:A2 1e-06) on net irq_fast_i[7]: node not found (PARA-044)
Error: Invalid capacitor (ibex_top_inst/u_ibex_core/cs_registers_i/CTS_ropt_h_inst_12679:A 1e-06) on net hart_id_i[23]: node not found (PARA-044)
Error: Cannot find port/pin 'ibex_top_inst/u_ibex_core/cs_registers_i/CTS_ropt_h_inst_12653/A' in design 'ibex_wrapper' (PARA-124)
Error: Cannot find port/pin 'ibex_top_inst/u_ibex_core/cs_registers_i/CTS_ropt_h_inst_12653/A' in design 'ibex_wrapper' (PARA-124)
Error: Cannot find port/pin 'ibex_top_inst/u_ibex_core/cs_registers_i/U437/A2' in design 'ibex_wrapper' (PARA-124)
Error: Cannot find port/pin 'ibex_top_inst/u_ibex_core/cs_registers_i/U551/A1' in design 'ibex_wrapper' (PARA-124)
Error: Invalid capacitor (ibex_top_inst/u_ibex_core/cs_registers_i/CTS_ropt_h_inst_12653:A 1e-06) on net hart_id_i[22]: node not found (PARA-044)
Error: Cannot find port/pin 'ibex_top_inst/u_ibex_core/cs_registers_i/U551/A1' in design 'ibex_wrapper' (PARA-124)
Error: Cannot find port/pin 'ibex_top_inst/u_ibex_core/cs_registers_i/U437/A2' in design 'ibex_wrapper' (PARA-124)
Error: Cannot find port/pin 'ibex_top_inst/u_ibex_core/cs_registers_i/CTS_ropt_h_inst_12668/A' in design 'ibex_wrapper' (PARA-124)
Error: Invalid capacitor (ibex_top_inst/u_ibex_core/cs_registers_i/U437:A2 1e-06) on net irq_fast_i[6]: node not found (PARA-044)
Error: Invalid capacitor (ibex_top_inst/u_ibex_core/cs_registers_i/U551:A1 1e-06) on net irq_fast_i[6]: node not found (PARA-044)
Error: Cannot find port/pin 'ibex_top_inst/u_ibex_core/cs_registers_i/CTS_ropt_h_inst_12668/A' in design 'ibex_wrapper' (PARA-124)
Error: Invalid capacitor (ibex_top_inst/u_ibex_core/cs_registers_i/CTS_ropt_h_inst_12668:A 1e-06) on net hart_id_i[21]: node not found (PARA-044)
Error: Cannot find port/pin 'ibex_top_inst/u_ibex_core/cs_registers_i/U939/A2' in design 'ibex_wrapper' (PARA-124)
Error: Cannot find port/pin 'ibex_top_inst/u_ibex_core/cs_registers_i/U548/A1' in design 'ibex_wrapper' (PARA-124)
Note - message 'PARA-124' default limit (100) exceeded.  Remainder will be suppressed.
Error: Invalid capacitor (ibex_top_inst/u_ibex_core/cs_registers_i/U939:A2 1e-06) on net irq_fast_i[5]: node not found (PARA-044)
Error: Invalid capacitor (ibex_top_inst/u_ibex_core/cs_registers_i/U548:A1 7.48314e-06) on net irq_fast_i[5]: node not found (PARA-044)
Error: Invalid capacitor (ibex_top_inst/u_ibex_core/cs_registers_i/CTS_ropt_h_inst_12655:A 1e-06) on net hart_id_i[20]: node not found (PARA-044)
Error: Invalid capacitor (ibex_top_inst/u_ibex_core/cs_registers_i/U499:A2 7.20213e-06) on net hart_id_i[19]: node not found (PARA-044)
Error: Invalid capacitor (ibex_top_inst/u_ibex_core/cs_registers_i/U481:A2 9.56059e-06) on net irq_fast_i[4]: node not found (PARA-044)
Error: Invalid capacitor (ibex_top_inst/u_ibex_core/cs_registers_i/U946:A1 1e-06) on net irq_fast_i[4]: node not found (PARA-044)
Error: Invalid capacitor (ibex_top_inst/u_ibex_core/cs_registers_i/CTS_ropt_h_inst_12663:A 1e-06) on net hart_id_i[18]: node not found (PARA-044)
Error: Invalid capacitor (ibex_top_inst/u_ibex_core/cs_registers_i/CTS_ropt_h_inst_12628:A 1e-06) on net hart_id_i[17]: node not found (PARA-044)
Error: Invalid capacitor (ibex_top_inst/u_ibex_core/cs_registers_i/U271:A2 1e-06) on net irq_fast_i[3]: node not found (PARA-044)
Error: Invalid capacitor (ibex_top_inst/u_ibex_core/cs_registers_i/U549:A2 9.97911e-06) on net irq_fast_i[3]: node not found (PARA-044)
Error: Invalid capacitor (ibex_top_inst/u_ibex_core/cs_registers_i/CTS_ropt_h_inst_12709:A 1e-06) on net hart_id_i[16]: node not found (PARA-044)
Error: Invalid capacitor (ibex_top_inst/u_ibex_core/cs_registers_i/CTS_ropt_h_inst_12648:A 9.3399e-06) on net hart_id_i[15]: node not found (PARA-044)
Error: Invalid capacitor (ibex_top_inst/u_ibex_core/cs_registers_i/U508:A2 1.11858e-05) on net irq_fast_i[2]: node not found (PARA-044)
Error: Invalid capacitor (ibex_top_inst/u_ibex_core/cs_registers_i/U550:A1 1e-06) on net irq_fast_i[2]: node not found (PARA-044)
Error: Invalid capacitor (ibex_top_inst/u_ibex_core/cs_registers_i/CTS_ropt_h_inst_12714:A 1e-06) on net hart_id_i[14]: node not found (PARA-044)
Error: Invalid capacitor (ibex_top_inst/u_ibex_core/cs_registers_i/CTS_ropt_h_inst_12629:A 1e-06) on net hart_id_i[13]: node not found (PARA-044)
Error: Invalid capacitor (ibex_top_inst/u_ibex_core/cs_registers_i/U448:A2 1e-06) on net irq_fast_i[1]: node not found (PARA-044)
Error: Invalid capacitor (ibex_top_inst/u_ibex_core/cs_registers_i/CTS_ropt_h_inst_12706:A 1e-06) on net hart_id_i[12]: node not found (PARA-044)
Error: Invalid capacitor (ibex_top_inst/u_ibex_core/cs_registers_i/U305:A2 1e-06) on net irq_fast_i[1]: node not found (PARA-044)
Error: Invalid capacitor (ibex_top_inst/u_ibex_core/cs_registers_i/CTS_ropt_h_inst_12715:A 1e-06) on net hart_id_i[11]: node not found (PARA-044)
Error: Invalid capacitor (ibex_top_inst/u_ibex_core/cs_registers_i/U1704:A2 9.6066e-06) on net hart_id_i[10]: node not found (PARA-044)
Error: Invalid capacitor (ibex_top_inst/u_ibex_core/cs_registers_i/U298:A1 1e-06) on net irq_fast_i[0]: node not found (PARA-044)
Error: Invalid capacitor (ibex_top_inst/u_ibex_core/cs_registers_i/U455:A2 1e-06) on net irq_fast_i[0]: node not found (PARA-044)
Error: Invalid capacitor (ibex_top_inst/u_ibex_core/cs_registers_i/U1548:A2 9.23483e-06) on net hart_id_i[9]: node not found (PARA-044)
Error: Invalid capacitor (ibex_top_inst/u_ibex_core/cs_registers_i/CTS_ropt_h_inst_12627:A 1e-06) on net hart_id_i[8]: node not found (PARA-044)
Error: Invalid capacitor (ibex_top_inst/u_ibex_core/cs_registers_i/CTS_ropt_h_inst_12623:A 1e-06) on net hart_id_i[7]: node not found (PARA-044)
Error: Invalid capacitor (ibex_top_inst/u_ibex_core/cs_registers_i/CTS_ropt_h_inst_12632:A 9.32369e-06) on net hart_id_i[6]: node not found (PARA-044)
Error: Invalid capacitor (ibex_top_inst/u_ibex_core/cs_registers_i/CTS_ropt_h_inst_12631:A 1e-06) on net hart_id_i[5]: node not found (PARA-044)
Error: Invalid capacitor (ibex_top_inst/u_ibex_core/cs_registers_i/CTS_copt_h_inst_11723:A 1e-06) on net next_pc[30]: node not found (PARA-044)
Error: Invalid capacitor (ibex_top_inst/u_ibex_core/cs_registers_i/CTS_ropt_h_inst_12712:A 1e-06) on net hart_id_i[4]: node not found (PARA-044)
Error: Invalid capacitor (ibex_top_inst/u_ibex_core/cs_registers_i/CTS_ropt_h_inst_12641:A 8.24036e-06) on net hart_id_i[3]: node not found (PARA-044)
Error: Invalid capacitor (ibex_top_inst/u_ibex_core/cs_registers_i/CTS_ropt_h_inst_12636:A 8.12225e-06) on net hart_id_i[2]: node not found (PARA-044)
Error: Invalid capacitor (ibex_top_inst/u_ibex_core/cs_registers_i/CTS_ropt_h_inst_12618:A 1e-06) on net hart_id_i[1]: node not found (PARA-044)
Error: Invalid capacitor (ibex_top_inst/u_ibex_core/cs_registers_i/CTS_ropt_h_inst_12613:A 1e-06) on net hart_id_i[0]: node not found (PARA-044)
Error: Invalid capacitor (ibex_top_inst/u_ibex_core/cs_registers_i/CTS_copt_h_inst_11559:X 1e-06) on net exception_pc[31]: node not found (PARA-044)
Error: Invalid capacitor (ibex_top_inst/u_ibex_core/cs_registers_i/U2795:A1 8.80292e-06) on net exception_pc[31]: node not found (PARA-044)
Error: Invalid capacitor (ibex_top_inst/u_ibex_core/cs_registers_i/U2801:D0 1e-06) on net exception_pc[31]: node not found (PARA-044)
Error: Invalid capacitor (ibex_top_inst/u_ibex_core/cs_registers_i/U917:A2 1e-06) on net exception_pc[31]: node not found (PARA-044)
Error: Invalid capacitor (ibex_top_inst/u_ibex_core/cs_registers_i/u_mie_csr/rdata_q_reg[0]:SI 4.21119e-05) on net exception_pc[31]: node not found (PARA-044)
Error: Invalid capacitor (ibex_top_inst/u_ibex_core/cs_registers_i/u_mepc_csr/rdata_q_reg[30]:Q 1e-06) on net exception_pc[30]: node not found (PARA-044)
Error: Invalid capacitor (ibex_top_inst/u_ibex_core/cs_registers_i/CTS_copt_h_inst_11515:A 1e-06) on net exception_pc[30]: node not found (PARA-044)
Error: Invalid capacitor (ibex_top_inst/u_ibex_core/cs_registers_i/CTS_copt_h_inst_11514:A 1e-06) on net exception_pc[30]: node not found (PARA-044)
Error: Invalid capacitor (ibex_top_inst/u_ibex_core/cs_registers_i/CTS_copt_h_inst_11513:A 1e-06) on net exception_pc[30]: node not found (PARA-044)
Error: Invalid capacitor (ibex_top_inst/u_ibex_core/cs_registers_i/U255:A2 1.00478e-05) on net exception_pc[30]: node not found (PARA-044)
Error: Invalid capacitor (ibex_top_inst/u_ibex_core/cs_registers_i/u_mepc_csr/rdata_q_reg[29]:Q 1e-06) on net exception_pc[29]: node not found (PARA-044)
Error: Invalid capacitor (ibex_top_inst/u_ibex_core/cs_registers_i/U916:A2 1.00703e-05) on net exception_pc[29]: node not found (PARA-044)
Error: Invalid capacitor (ibex_top_inst/u_ibex_core/cs_registers_i/CTS_copt_h_inst_11605:A 1e-06) on net exception_pc[29]: node not found (PARA-044)
Error: Invalid capacitor (ibex_top_inst/u_ibex_core/cs_registers_i/CTS_copt_h_inst_11604:A 1e-06) on net exception_pc[29]: node not found (PARA-044)
Error: Invalid capacitor (ibex_top_inst/u_ibex_core/cs_registers_i/CTS_copt_h_inst_11603:A 1e-06) on net exception_pc[29]: node not found (PARA-044)
Error: Invalid capacitor (ibex_top_inst/u_ibex_core/cs_registers_i/CTS_copt_h_inst_11532:X 1e-06) on net exception_pc[28]: node not found (PARA-044)
Error: Invalid capacitor (ibex_top_inst/u_ibex_core/cs_registers_i/u_mepc_csr/rdata_q_reg[29]:SI 2.59205e-06) on net exception_pc[28]: node not found (PARA-044)
Error: Invalid capacitor (ibex_top_inst/u_ibex_core/cs_registers_i/U2187:D0 1e-06) on net exception_pc[28]: node not found (PARA-044)
Error: Invalid capacitor (ibex_top_inst/u_ibex_core/cs_registers_i/U2130:A1 1e-06) on net exception_pc[28]: node not found (PARA-044)
Error: Invalid capacitor (ibex_top_inst/u_ibex_core/cs_registers_i/U1505:A2 7.90579e-06) on net exception_pc[28]: node not found (PARA-044)
Error: Invalid capacitor (ibex_top_inst/u_ibex_core/cs_registers_i/u_mepc_csr/rdata_q_reg[27]:Q 1e-06) on net exception_pc[27]: node not found (PARA-044)
Error: Invalid capacitor (ibex_top_inst/u_ibex_core/cs_registers_i/CTS_copt_h_inst_11584:A 1e-06) on net exception_pc[27]: node not found (PARA-044)
Note - message 'PARA-044' default limit (100) exceeded.  Remainder will be suppressed.

****************************************
Report : read_parasitics /mnt/hgfs/0_GP/Final_2/5_Finishing/output/ibex_wrapper_finishing.tlup_max_-40.spef
Design : ibex_wrapper
Version: O-2018.06-SP1
Date   : Wed Jul  9 03:53:30 2025
****************************************

        98675 error(s)
        Format is SPEF
        Annotated nets                   :        12336
        Annotated capacitances           :       193170
        Annotated resistances            :       180834
        Reduced coupling capacitances    :            0
        Annotated PI models              :            0
        Annotated Elmore delays          :            0

