****************************************
Report : timing
	-path_type full
	-delay_type min
	-max_paths 1
	-sort_by slack
Design : multi-scenario design
Version: O-2018.06-SP1
Date   : Tue Jul  8 08:04:10 2025
****************************************


Start of Master/Slave Task Processing
-------------------------------------
Started    : Command execution in scenario 'Func_Slow'
Started    : Command execution in scenario 'Func_Fast'
Succeeded  : Command execution in scenario 'Func_Fast'
Succeeded  : Command execution in scenario 'Func_Slow'
-----------------------------------
End of Master/Slave Task Processing


  Startpoint: ibex_top_inst/core_clock_gate_i/gen_generic.u_impl_generic/en_latch_reg
               (negative level-sensitive latch clocked by clk_i)
  Endpoint: ibex_top_inst/core_clock_gate_i/U2
               (rising clock gating-check end-point clocked by clk_i)
  Last common pin: clk_i
  Path Group: **clock_gating_default**
  Path Type: min
  Scenario: Func_Fast

  Point                                                   Incr       Path
  ------------------------------------------------------------------------------
  clock clk_i (fall edge)                                 3.12       3.12
  clock network delay (propagated)                        0.00       3.13
  ibex_top_inst/core_clock_gate_i/gen_generic.u_impl_generic/en_latch_reg/G (SAEDHVT14_LDNQOR2_4)
                                                          0.00       3.13 f
  ibex_top_inst/core_clock_gate_i/gen_generic.u_impl_generic/en_latch_reg/Q (SAEDHVT14_LDNQOR2_4)
                                                          0.02 &     3.15 r
  U216/X (SAEDHVT14_BUF_2)                                0.01 &     3.15 r
  U215/X (SAEDHVT14_BUF_2)                                0.01 &     3.16 r
  U214/X (SAEDHVT14_BUF_2)                                0.01 &     3.16 r
  U213/X (SAEDHVT14_BUF_2)                                0.01 &     3.17 r
  U161/X (SAEDHVT14_BUF_2)                                0.01 &     3.18 r
  U160/X (SAEDHVT14_BUF_2)                                0.01 &     3.18 r
  U159/X (SAEDHVT14_BUF_2)                                0.01 &     3.19 r
  U158/X (SAEDHVT14_BUF_2)                                0.01 &     3.20 r
  U157/X (SAEDHVT14_BUF_2)                                0.01 &     3.20 r
  U156/X (SAEDHVT14_BUF_2)                                0.01 &     3.21 r
  U155/X (SAEDHVT14_BUF_2)                                0.01 &     3.22 r
  U154/X (SAEDHVT14_BUF_2)                                0.01 &     3.23 r
  U153/X (SAEDHVT14_BUF_2)                                0.01 &     3.24 r
  U152/X (SAEDHVT14_BUF_2)                                0.01 &     3.24 r
  U151/X (SAEDHVT14_BUF_2)                                0.01 &     3.25 r
  U150/X (SAEDHVT14_BUF_2)                                0.01 &     3.26 r
  ibex_top_inst/core_clock_gate_i/U2/A1 (SAEDHVT14_AN2_2)
                                                          0.00 &     3.26 r
  data arrival time                                                  3.26

  clock clk_i (fall edge)                                 3.12       3.12
  clock network delay (propagated)                        0.03       3.16
  clock reconvergence pessimism                           0.00       3.16
  clock uncertainty                                       0.10       3.26
  ibex_top_inst/core_clock_gate_i/U2/A2 (SAEDHVT14_AN2_2)            3.26 f
  clock gating hold time                                  0.00       3.26
  data required time                                                 3.26
  ------------------------------------------------------------------------------
  data required time                                                 3.26
  data arrival time                                                 -3.26
  ------------------------------------------------------------------------------
  slack (VIOLATED: increase significant digits)                      0.00


1
