****************************************
Report : qor
Design : multi-scenario design
Version: O-2018.06-SP1
Date   : Tue Jul  8 07:59:26 2025
****************************************


Start of Master/Slave Task Processing
-------------------------------------
Started    : Command execution in scenario 'Func_Fast'
Started    : Command execution in scenario 'Func_Slow'
Succeeded  : Command execution in scenario 'Func_Fast'
Succeeded  : Command execution in scenario 'Func_Slow'
-----------------------------------
End of Master/Slave Task Processing

  Timing Path Group '**clock_gating_default**' (max_delay/setup)
  ---------------------------------------------
  Levels of Logic:                           17 (Func_Slow)
  Critical Path Length:                    0.29 (Func_Slow)
  Critical Path Slack:                     2.69 (Func_Slow)
  Total Negative Slack:                    0.00
  No. of Violating Paths:                     0
  ---------------------------------------------

  Timing Path Group 'clk_i' (max_delay/setup)
  ---------------------------------------------
  Levels of Logic:                           62 (Func_Slow)
  Critical Path Length:                    3.86 (Func_Slow)
  Critical Path Slack:                     0.49 (Func_Slow)
  Total Negative Slack:                    0.00
  No. of Violating Paths:                     0
  ---------------------------------------------

  Timing Path Group 'cluster_clock_gating' (max_delay/setup)
  ---------------------------------------------
  Levels of Logic:                           89 (Func_Slow)
  Critical Path Length:                    4.17 (Func_Slow)
  Critical Path Slack:                     2.53 (Func_Slow)
  Total Negative Slack:                    0.00
  No. of Violating Paths:                     0
  ---------------------------------------------

  Timing Path Group '**clock_gating_default**' (min_delay/hold)
  ---------------------------------------------
  Levels of Logic:                           17 (Func_Fast)
  Critical Path Length:                    0.13 (Func_Fast)
  Critical Path Slack:                    -0.00 (Func_Fast)
  Total Negative Slack:                   -0.00
  No. of Violating Paths:                     1
  ---------------------------------------------

  Timing Path Group 'clk_i' (min_delay/hold)
  ---------------------------------------------
  Levels of Logic:                            4 (Func_Fast)
  Critical Path Length:                    0.10 (Func_Fast)
  Critical Path Slack:                     0.01 (Func_Fast)
  Total Negative Slack:                    0.00
  No. of Violating Paths:                     0
  ---------------------------------------------

  Timing Path Group 'cluster_clock_gating' (min_delay/hold)
  ---------------------------------------------
  Levels of Logic:                            7 (Func_Fast)
  Critical Path Length:                    0.17 (Func_Fast)
  Critical Path Slack:                    -0.02 (Func_Fast)
  Total Negative Slack:                   -0.14
  No. of Violating Paths:                    23
  ---------------------------------------------

  Cell Count
  ---------------------------------------------
  Hierarchical Cell Count:                    2 (Func_Fast, Func_Slow)
  Hierarchical Port Count:                  689 (Func_Fast, Func_Slow)
  Leaf Cell Count:                        11485 (Func_Fast, Func_Slow)
  ---------------------------------------------


  Area
  ---------------------------------------------
  Net Interconnect Area:                6082.41 (Func_Fast, Func_Slow)
  Total Cell Area:                      5833.00 (Func_Fast, Func_Slow)
  Design Area:                         11915.41 (Func_Fast, Func_Slow)
  ---------------------------------------------


  Design Rule Violations
  ---------------------------------------------
  Total No. of Pins in Design:            36215
  min_capacitance Count:                    405
  max_transition Count:                       9
  clock_gating_hold Count:                    1
  min_capacitance Cost:                   60.61
  max_transition Cost:                    15.95
  clock_gating_hold Cost:                  0.00
  Total DRC Cost:                         76.55
  ---------------------------------------------
1
