Warning: Cell contains tie connections which are not connected to real PG. (ZRT-511)
Turn off antenna since no rule is specified
Cell Min-Routing-Layer = M1
Cell Max-Routing-Layer = M9
Warning: There is no constraint to limit maximum number of secondary power and ground (PG) pins in a cluster. (ZRT-536)
Warning: There is no constraint to limit maximum number of secondary power and ground (PG) pins in a cluster. (ZRT-536)
Warning: There is no constraint to limit maximum number of secondary power and ground (PG) pins in a cluster. (ZRT-536)
Warning: There is no constraint to limit maximum number of secondary power and ground (PG) pins in a cluster. (ZRT-536)
Warning: There is no constraint to limit maximum number of secondary power and ground (PG) pins in a cluster. (ZRT-536)
Warning: There is no constraint to limit maximum number of secondary power and ground (PG) pins in a cluster. (ZRT-536)
Warning: There is no constraint to limit maximum number of secondary power and ground (PG) pins in a cluster. (ZRT-536)
Warning: There is no constraint to limit maximum number of secondary power and ground (PG) pins in a cluster. (ZRT-536)
Warning: There is no constraint to limit maximum number of secondary power and ground (PG) pins in a cluster. (ZRT-536)
Warning: There is no constraint to limit maximum number of secondary power and ground (PG) pins in a cluster. (ZRT-536)
Warning: There is no constraint to limit maximum number of secondary power and ground (PG) pins in a cluster. (ZRT-536)
Warning: There is no constraint to limit maximum number of secondary power and ground (PG) pins in a cluster. (ZRT-536)
Warning: Ignore 11 top cell ports with no pins. (ZRT-027)
Info: number of net_type_blockage: 0 
Via on layer (VIA1) needs more than one tracks
Warning: Layer M1 pitch 0.074 may be too small: wire/via-down 0.074, wire/via-up 0.098. (ZRT-026)
Via on layer (VIA1) needs more than one tracks
Warning: Layer M2 pitch 0.060 may be too small: wire/via-down 0.098, wire/via-up 0.060. (ZRT-026)
Via on layer (VIA3) needs more than one tracks
Warning: Layer M3 pitch 0.074 may be too small: wire/via-down 0.060, wire/via-up 0.080. (ZRT-026)
Wire on layer (M4) needs more than one tracks
Via on layer (VIA3) needs more than one tracks
Via on layer (VIA4) needs more than one tracks
Warning: Layer M4 pitch 0.074 may be too small: wire/via-down 0.107, wire/via-up 0.105. (ZRT-026)
Via on layer (VIA4) needs more than one tracks
Warning: Layer M5 pitch 0.120 may be too small: wire/via-down 0.135, wire/via-up 0.107. (ZRT-026)
Via on layer (VIA8) needs more than one tracks
Warning: Layer M8 pitch 0.120 may be too small: wire/via-down 0.107, wire/via-up 0.135. (ZRT-026)
Wire on layer (M9) needs more than one tracks
Via on layer (VIA8) needs more than one tracks
Via on layer (VIARDL) needs more than one tracks
Warning: Layer M9 pitch 0.120 may be too small: wire/via-down 0.135, wire/via-up 1.570. (ZRT-026)
Via on layer (VIARDL) needs more than one tracks
Warning: Layer MRDL pitch 0.600 may be too small: wire/via-down 4.500, wire/via-up 0.600. (ZRT-026)
Transition layer name: M3(2)
Warning: Standard cell pin SAEDHVT14_FSDPQ_V2LP_2/Q has no valid via regions. (ZRT-044)
Warning: Standard cell pin SAEDHVT14_NR3B_2/B2 has no valid via regions. (ZRT-044)
Warning: Standard cell pin SAEDHVT14_NR2_2/A1 has no valid via regions. (ZRT-044)
Warning: Standard cell pin SAEDHVT14_NR2_2/X has no valid via regions. (ZRT-044)
Warning: Standard cell pin SAEDHVT14_DCAP_PV1ECO_15/VDD has no valid via regions. (ZRT-044)
Warning: Standard cell pin SAEDHVT14_DCAP_PV1ECO_18/VDD has no valid via regions. (ZRT-044)
Warning: Standard cell pin SAEDHVT14_DCAP_PV1ECO_6/VDD has no valid via regions. (ZRT-044)
Warning: Standard cell pin SAEDHVT14_DCAP_PV1ECO_9/VDD has no valid via regions. (ZRT-044)
Warning: Standard cell pin SAEDHVT14_DCAP_PV3_3/VDD has no valid via regions. (ZRT-044)


Start checking for open nets ... 

Total number of nets = 25738, of which 0 are not extracted
Total number of open nets = 0, of which 0 are frozen

Check 25738 nets, 0 have Errors

[CHECK OPEN NETS] Elapsed real time: 0:00:00 
[CHECK OPEN NETS] Elapsed cpu  time: sys=0:00:00 usr=0:00:00 total=0:00:00
[CHECK OPEN NETS] Stage (MB): Used    0  Alloctr    0  Proc    0 
[CHECK OPEN NETS] Total (MB): Used  145  Alloctr  152  Proc 2043 
Printing options for 'route.common.*'
common.verbose_level                                    :	 0                   

Printing options for 'route.detail.*'
detail.antenna                                          :	 true                
detail.force_end_on_preferred_grid                      :	 true                

Printing options for 'route.auto_via_ladder.*'


Begin full DRC check ...

Information: Using 1 threads for routing. (ZRT-444)
Checked	1/81 Partitions, Violations =	0
Checked	3/81 Partitions, Violations =	0
Checked	6/81 Partitions, Violations =	0
Checked	9/81 Partitions, Violations =	0
Checked	12/81 Partitions, Violations =	0
Checked	15/81 Partitions, Violations =	0
Checked	18/81 Partitions, Violations =	0
Checked	21/81 Partitions, Violations =	0
Checked	24/81 Partitions, Violations =	0
Checked	28/81 Partitions, Violations =	0
Checked	30/81 Partitions, Violations =	0
Checked	33/81 Partitions, Violations =	0
Checked	36/81 Partitions, Violations =	0
Checked	39/81 Partitions, Violations =	0
Checked	42/81 Partitions, Violations =	0
Checked	45/81 Partitions, Violations =	0
Checked	48/81 Partitions, Violations =	0
Checked	51/81 Partitions, Violations =	0
Checked	54/81 Partitions, Violations =	0
Checked	57/81 Partitions, Violations =	0
Checked	60/81 Partitions, Violations =	0
Checked	63/81 Partitions, Violations =	0
Checked	66/81 Partitions, Violations =	0
Checked	69/81 Partitions, Violations =	0
Checked	72/81 Partitions, Violations =	0
Checked	75/81 Partitions, Violations =	0
Checked	78/81 Partitions, Violations =	0
Checked	81/81 Partitions, Violations =	0
[DRC CHECK] Elapsed real time: 0:00:09 
[DRC CHECK] Elapsed cpu  time: sys=0:00:00 usr=0:00:09 total=0:00:09
[DRC CHECK] Stage (MB): Used    0  Alloctr    0  Proc    7 
[DRC CHECK] Total (MB): Used  167  Alloctr  174  Proc 2050 
Warning: No antenna rules defined, Skip antenna analysis. (ZRT-309)

DRC-SUMMARY:
	@@@@@@@ TOTAL VIOLATIONS =	0


Total Wire Length =                    299334 micron
Total Number of Contacts =             163924
Total Number of Wires =                201272
Total Number of PtConns =              31396
Total Number of Routed Wires =       201272
Total Routed Wire Length =           277206 micron
Total Number of Routed Contacts =       163924
	Layer                 M1 :        855 micron
	Layer                 M2 :     107305 micron
	Layer                 M3 :     110318 micron
	Layer                 M4 :      28366 micron
	Layer                 M5 :      33551 micron
	Layer                 M6 :      11738 micron
	Layer                 M7 :       7189 micron
	Layer                 M8 :         12 micron
	Layer                 M9 :          0 micron
	Layer               MRDL :          0 micron
	Via              VIA89_C :          2
	Via       VIA78SQ_C(rot) :          3
	Via         VIA78SQ(rot) :          1
	Via            VIA67SQ_C :        547
	Via       VIA67SQ_C(rot) :         32
	Via              VIA67SQ :          4
	Via         VIA67SQ(rot) :          2
	Via            VIA56SQ_C :          4
	Via       VIA56SQ_C(rot) :         72
	Via              VIA56SQ :       1323
	Via              VIA45SQ :       5137
	Via            VIA34SQ_C :         30
	Via       VIA34SQ_C(rot) :       8256
	Via          VIA34BAR2_C :         21
	Via              VIA34SQ :        156
	Via         VIA34SQ(rot) :        661
	Via     VIA3_34SQ_C(rot) :         12
	Via            VIA3_34SQ :         11
	Via       VIA3_34SQ(rot) :          4
	Via            VIA23SQ_C :      86899
	Via       VIA23SQ_C(rot) :          6
	Via          VIA23BAR2_C :          4
	Via     VIA23BAR2_C(rot) :          2
	Via            VIA23LG_C :          2
	Via              VIA23SQ :          8
	Via         VIA23SQ(rot) :          2
	Via          VIA2_33SQ_C :        380
	Via          VIA23_3SQ_C :         60
	Via        VIA2_33_3SQ_C :         94
	Via            VIA12SQ_C :          3
	Via       VIA12SQ_C(rot) :      58689
	Via     VIA12BAR2_C(rot) :         51
	Via            VIA12LG_C :          2
	Via              VIA12SQ :          2
	Via         VIA12SQ(rot) :        498
	Via     VIA1_32SQ_C(rot) :        797
	Via     VIA12_3SQ_C(rot) :         40
	Via   VIA1_32_3SQ_C(rot) :        107

 
Redundant via conversion report:
--------------------------------

  Total optimized via conversion rate =  0.00% (0 / 163924 vias)
 
    Layer VIA1       =  0.00% (0      / 60189   vias)
        Un-optimized =  0.00% (0       vias)
        Un-mapped    = 100.00% (60189   vias)
    Layer VIA2       =  0.00% (0      / 87457   vias)
        Un-optimized =  0.00% (0       vias)
        Un-mapped    = 100.00% (87457   vias)
    Layer VIA3       =  0.00% (0      / 9151    vias)
        Un-optimized =  0.00% (0       vias)
        Un-mapped    = 100.00% (9151    vias)
    Layer VIA4       =  0.00% (0      / 5137    vias)
        Un-optimized =  0.00% (0       vias)
        Un-mapped    = 100.00% (5137    vias)
    Layer VIA5       =  0.00% (0      / 1399    vias)
        Un-optimized =  0.00% (0       vias)
        Un-mapped    = 100.00% (1399    vias)
    Layer VIA6       =  0.00% (0      / 585     vias)
        Un-optimized =  0.00% (0       vias)
        Un-mapped    = 100.00% (585     vias)
    Layer VIA7       =  0.00% (0      / 4       vias)
        Un-optimized =  0.00% (0       vias)
        Un-mapped    = 100.00% (4       vias)
    Layer VIA8       =  0.00% (0      / 2       vias)
        Un-optimized =  0.00% (0       vias)
        Un-mapped    = 100.00% (2       vias)
 
  Total double via conversion rate    =  0.00% (0 / 163924 vias)
 
    Layer VIA1       =  0.00% (0      / 60189   vias)
    Layer VIA2       =  0.00% (0      / 87457   vias)
    Layer VIA3       =  0.00% (0      / 9151    vias)
    Layer VIA4       =  0.00% (0      / 5137    vias)
    Layer VIA5       =  0.00% (0      / 1399    vias)
    Layer VIA6       =  0.00% (0      / 585     vias)
    Layer VIA7       =  0.00% (0      / 4       vias)
    Layer VIA8       =  0.00% (0      / 2       vias)
 
  The optimized via conversion rate based on total routed via count =  0.00% (0 / 163924 vias)
 
    Layer VIA1       =  0.00% (0      / 60189   vias)
        Un-optimized =  0.00% (0       vias)
        Un-mapped    = 100.00% (60189   vias)
    Layer VIA2       =  0.00% (0      / 87457   vias)
        Un-optimized =  0.00% (0       vias)
        Un-mapped    = 100.00% (87457   vias)
    Layer VIA3       =  0.00% (0      / 9151    vias)
        Un-optimized =  0.00% (0       vias)
        Un-mapped    = 100.00% (9151    vias)
    Layer VIA4       =  0.00% (0      / 5137    vias)
        Un-optimized =  0.00% (0       vias)
        Un-mapped    = 100.00% (5137    vias)
    Layer VIA5       =  0.00% (0      / 1399    vias)
        Un-optimized =  0.00% (0       vias)
        Un-mapped    = 100.00% (1399    vias)
    Layer VIA6       =  0.00% (0      / 585     vias)
        Un-optimized =  0.00% (0       vias)
        Un-mapped    = 100.00% (585     vias)
    Layer VIA7       =  0.00% (0      / 4       vias)
        Un-optimized =  0.00% (0       vias)
        Un-mapped    = 100.00% (4       vias)
    Layer VIA8       =  0.00% (0      / 2       vias)
        Un-optimized =  0.00% (0       vias)
        Un-mapped    = 100.00% (2       vias)
 


Verify Summary:

Total number of nets = 25738, of which 0 are not extracted
Total number of open nets = 0, of which 0 are frozen
Total number of excluded ports = 0 ports of 0 unplaced cells connected to 0 nets
                                 0 ports without pins of 0 cells connected to 0 nets
                                 0 ports of 0 cover cells connected to 0 non-pg nets
Total number of DRCs = 0
Total number of antenna violations = no antenna rules defined
Total number of tie to rail violations = not checked
Total number of tie to rail directly violations = not checked


