Information: Derived library resistance unit is 999.999939 Kohm (Time unit is 1 ns, and Capacitance unit is 0.001000 pF). (DES-028)
Error: Cannot find port/pin 'ibex_top_inst/gen_regfile_ff.register_file_i/g_rf_flops[4].rf_reg_q_reg[22]/RD' in design 'ibex_wrapper' (PARA-124)
Error: Cannot find port/pin 'ibex_top_inst/gen_regfile_ff.register_file_i/g_rf_flops[31].rf_reg_q_reg[26]/RD' in design 'ibex_wrapper' (PARA-124)
Error: Cannot find port/pin 'ibex_top_inst/gen_regfile_ff.register_file_i/g_rf_flops[31].rf_reg_q_reg[24]/RD' in design 'ibex_wrapper' (PARA-124)
Error: Cannot find port/pin 'ibex_top_inst/gen_regfile_ff.register_file_i/g_rf_flops[4].rf_reg_q_reg[23]/RD' in design 'ibex_wrapper' (PARA-124)
Error: Cannot find port/pin 'ibex_top_inst/gen_regfile_ff.register_file_i/g_rf_flops[31].rf_reg_q_reg[27]/RD' in design 'ibex_wrapper' (PARA-124)
Error: Cannot find port/pin 'ibex_top_inst/gen_regfile_ff.register_file_i/g_rf_flops[7].rf_reg_q_reg[23]/RD' in design 'ibex_wrapper' (PARA-124)
Error: Cannot find port/pin 'ibex_top_inst/gen_regfile_ff.register_file_i/g_rf_flops[1].rf_reg_q_reg[22]/RD' in design 'ibex_wrapper' (PARA-124)
Error: Cannot find port/pin 'ibex_top_inst/gen_regfile_ff.register_file_i/g_rf_flops[7].rf_reg_q_reg[26]/RD' in design 'ibex_wrapper' (PARA-124)
Error: Cannot find port/pin 'ibex_top_inst/gen_regfile_ff.register_file_i/g_rf_flops[7].rf_reg_q_reg[24]/RD' in design 'ibex_wrapper' (PARA-124)
Error: Cannot find port/pin 'ibex_top_inst/gen_regfile_ff.register_file_i/g_rf_flops[1].rf_reg_q_reg[23]/RD' in design 'ibex_wrapper' (PARA-124)
Error: Cannot find port/pin 'ibex_top_inst/gen_regfile_ff.register_file_i/g_rf_flops[31].rf_reg_q_reg[29]/RD' in design 'ibex_wrapper' (PARA-124)
Error: Cannot find port/pin 'ibex_top_inst/gen_regfile_ff.register_file_i/g_rf_flops[20].rf_reg_q_reg[23]/RD' in design 'ibex_wrapper' (PARA-124)
Error: Cannot find port/pin 'ibex_top_inst/gen_regfile_ff.register_file_i/g_rf_flops[20].rf_reg_q_reg[25]/RD' in design 'ibex_wrapper' (PARA-124)
Error: Cannot find port/pin 'ibex_top_inst/gen_regfile_ff.register_file_i/g_rf_flops[1].rf_reg_q_reg[24]/RD' in design 'ibex_wrapper' (PARA-124)
Error: Cannot find port/pin 'ibex_top_inst/gen_regfile_ff.register_file_i/g_rf_flops[18].rf_reg_q_reg[23]/RD' in design 'ibex_wrapper' (PARA-124)
Error: Cannot find port/pin 'ibex_top_inst/gen_regfile_ff.register_file_i/g_rf_flops[18].rf_reg_q_reg[24]/RD' in design 'ibex_wrapper' (PARA-124)
Error: Cannot find port/pin 'ibex_top_inst/gen_regfile_ff.register_file_i/g_rf_flops[20].rf_reg_q_reg[24]/RD' in design 'ibex_wrapper' (PARA-124)
Error: Cannot find port/pin 'ibex_top_inst/gen_regfile_ff.register_file_i/g_rf_flops[5].rf_reg_q_reg[22]/RD' in design 'ibex_wrapper' (PARA-124)
Error: Cannot find port/pin 'ibex_top_inst/gen_regfile_ff.register_file_i/g_rf_flops[20].rf_reg_q_reg[22]/RD' in design 'ibex_wrapper' (PARA-124)
Error: Cannot find port/pin 'ibex_top_inst/gen_regfile_ff.register_file_i/g_rf_flops[19].rf_reg_q_reg[24]/RD' in design 'ibex_wrapper' (PARA-124)
Error: Cannot find port/pin 'ibex_top_inst/gen_regfile_ff.register_file_i/g_rf_flops[14].rf_reg_q_reg[23]/RD' in design 'ibex_wrapper' (PARA-124)
Error: Cannot find port/pin 'ibex_top_inst/gen_regfile_ff.register_file_i/g_rf_flops[15].rf_reg_q_reg[25]/RD' in design 'ibex_wrapper' (PARA-124)
Error: Cannot find port/pin 'ibex_top_inst/gen_regfile_ff.register_file_i/g_rf_flops[14].rf_reg_q_reg[25]/RD' in design 'ibex_wrapper' (PARA-124)
Error: Cannot find port/pin 'ibex_top_inst/gen_regfile_ff.register_file_i/g_rf_flops[14].rf_reg_q_reg[24]/RD' in design 'ibex_wrapper' (PARA-124)
Error: Cannot find port/pin 'ibex_top_inst/gen_regfile_ff.register_file_i/g_rf_flops[31].rf_reg_q_reg[22]/RD' in design 'ibex_wrapper' (PARA-124)
Error: Cannot find port/pin 'ibex_top_inst/gen_regfile_ff.register_file_i/g_rf_flops[7].rf_reg_q_reg[22]/RD' in design 'ibex_wrapper' (PARA-124)
Error: Cannot find port/pin 'ibex_top_inst/gen_regfile_ff.register_file_i/g_rf_flops[31].rf_reg_q_reg[23]/RD' in design 'ibex_wrapper' (PARA-124)
Error: Cannot find port/pin 'ibex_top_inst/gen_regfile_ff.register_file_i/g_rf_flops[31].rf_reg_q_reg[28]/RD' in design 'ibex_wrapper' (PARA-124)
Error: Cannot find port/pin 'ibex_top_inst/gen_regfile_ff.register_file_i/g_rf_flops[31].rf_reg_q_reg[25]/RD' in design 'ibex_wrapper' (PARA-124)
Error: Cannot find port/pin 'ibex_top_inst/gen_regfile_ff.register_file_i/g_rf_flops[31].rf_reg_q_reg[27]/RD' in design 'ibex_wrapper' (PARA-124)
Error: Cannot find port/pin 'ibex_top_inst/gen_regfile_ff.register_file_i/g_rf_flops[18].rf_reg_q_reg[23]/RD' in design 'ibex_wrapper' (PARA-124)
Error: Cannot find port/pin 'ibex_top_inst/gen_regfile_ff.register_file_i/g_rf_flops[15].rf_reg_q_reg[25]/RD' in design 'ibex_wrapper' (PARA-124)
Error: Cannot find port/pin 'ibex_top_inst/gen_regfile_ff.register_file_i/g_rf_flops[14].rf_reg_q_reg[23]/RD' in design 'ibex_wrapper' (PARA-124)
Error: Cannot find port/pin 'ibex_top_inst/gen_regfile_ff.register_file_i/g_rf_flops[7].rf_reg_q_reg[23]/RD' in design 'ibex_wrapper' (PARA-124)
Error: Cannot find port/pin 'ibex_top_inst/gen_regfile_ff.register_file_i/g_rf_flops[7].rf_reg_q_reg[26]/RD' in design 'ibex_wrapper' (PARA-124)
Error: Cannot find port/pin 'ibex_top_inst/gen_regfile_ff.register_file_i/g_rf_flops[5].rf_reg_q_reg[22]/RD' in design 'ibex_wrapper' (PARA-124)
Error: Cannot find port/pin 'ibex_top_inst/gen_regfile_ff.register_file_i/g_rf_flops[4].rf_reg_q_reg[22]/RD' in design 'ibex_wrapper' (PARA-124)
Error: Cannot find port/pin 'ibex_top_inst/gen_regfile_ff.register_file_i/g_rf_flops[1].rf_reg_q_reg[22]/RD' in design 'ibex_wrapper' (PARA-124)
Error: Cannot find port/pin 'ibex_top_inst/gen_regfile_ff.register_file_i/g_rf_flops[1].rf_reg_q_reg[24]/RD' in design 'ibex_wrapper' (PARA-124)
Error: Cannot find port/pin 'ibex_top_inst/gen_regfile_ff.register_file_i/g_rf_flops[31].rf_reg_q_reg[22]/RD' in design 'ibex_wrapper' (PARA-124)
Error: Cannot find port/pin 'ibex_top_inst/gen_regfile_ff.register_file_i/g_rf_flops[31].rf_reg_q_reg[23]/RD' in design 'ibex_wrapper' (PARA-124)
Error: Cannot find port/pin 'ibex_top_inst/gen_regfile_ff.register_file_i/g_rf_flops[31].rf_reg_q_reg[24]/RD' in design 'ibex_wrapper' (PARA-124)
Error: Cannot find port/pin 'ibex_top_inst/gen_regfile_ff.register_file_i/g_rf_flops[31].rf_reg_q_reg[26]/RD' in design 'ibex_wrapper' (PARA-124)
Error: Cannot find port/pin 'ibex_top_inst/gen_regfile_ff.register_file_i/g_rf_flops[31].rf_reg_q_reg[27]/RD' in design 'ibex_wrapper' (PARA-124)
Error: Cannot find port/pin 'ibex_top_inst/gen_regfile_ff.register_file_i/g_rf_flops[31].rf_reg_q_reg[28]/RD' in design 'ibex_wrapper' (PARA-124)
Error: Cannot find port/pin 'ibex_top_inst/gen_regfile_ff.register_file_i/g_rf_flops[20].rf_reg_q_reg[22]/RD' in design 'ibex_wrapper' (PARA-124)
Error: Cannot find port/pin 'ibex_top_inst/gen_regfile_ff.register_file_i/g_rf_flops[20].rf_reg_q_reg[23]/RD' in design 'ibex_wrapper' (PARA-124)
Error: Cannot find port/pin 'ibex_top_inst/gen_regfile_ff.register_file_i/g_rf_flops[20].rf_reg_q_reg[24]/RD' in design 'ibex_wrapper' (PARA-124)
Error: Cannot find port/pin 'ibex_top_inst/gen_regfile_ff.register_file_i/g_rf_flops[19].rf_reg_q_reg[24]/RD' in design 'ibex_wrapper' (PARA-124)
Error: Cannot find port/pin 'ibex_top_inst/gen_regfile_ff.register_file_i/g_rf_flops[18].rf_reg_q_reg[23]/RD' in design 'ibex_wrapper' (PARA-124)
Error: Cannot find port/pin 'ibex_top_inst/gen_regfile_ff.register_file_i/g_rf_flops[18].rf_reg_q_reg[24]/RD' in design 'ibex_wrapper' (PARA-124)
Error: Cannot find port/pin 'ibex_top_inst/gen_regfile_ff.register_file_i/g_rf_flops[15].rf_reg_q_reg[25]/RD' in design 'ibex_wrapper' (PARA-124)
Error: Cannot find port/pin 'ibex_top_inst/gen_regfile_ff.register_file_i/g_rf_flops[14].rf_reg_q_reg[23]/RD' in design 'ibex_wrapper' (PARA-124)
Error: Cannot find port/pin 'ibex_top_inst/gen_regfile_ff.register_file_i/g_rf_flops[14].rf_reg_q_reg[24]/RD' in design 'ibex_wrapper' (PARA-124)
Error: Cannot find port/pin 'ibex_top_inst/gen_regfile_ff.register_file_i/g_rf_flops[14].rf_reg_q_reg[25]/RD' in design 'ibex_wrapper' (PARA-124)
Error: Cannot find port/pin 'ibex_top_inst/gen_regfile_ff.register_file_i/g_rf_flops[7].rf_reg_q_reg[23]/RD' in design 'ibex_wrapper' (PARA-124)
Error: Cannot find port/pin 'ibex_top_inst/gen_regfile_ff.register_file_i/g_rf_flops[7].rf_reg_q_reg[24]/RD' in design 'ibex_wrapper' (PARA-124)
Error: Cannot find port/pin 'ibex_top_inst/gen_regfile_ff.register_file_i/g_rf_flops[4].rf_reg_q_reg[22]/RD' in design 'ibex_wrapper' (PARA-124)
Error: Cannot find port/pin 'ibex_top_inst/gen_regfile_ff.register_file_i/g_rf_flops[1].rf_reg_q_reg[22]/RD' in design 'ibex_wrapper' (PARA-124)
Error: Cannot find port/pin 'ibex_top_inst/gen_regfile_ff.register_file_i/g_rf_flops[1].rf_reg_q_reg[23]/RD' in design 'ibex_wrapper' (PARA-124)
Error: Cannot find port/pin 'ibex_top_inst/gen_regfile_ff.register_file_i/g_rf_flops[1].rf_reg_q_reg[24]/RD' in design 'ibex_wrapper' (PARA-124)
Error: Cannot find port/pin 'ibex_top_inst/gen_regfile_ff.register_file_i/g_rf_flops[31].rf_reg_q_reg[25]/RD' in design 'ibex_wrapper' (PARA-124)
Error: Cannot find port/pin 'ibex_top_inst/gen_regfile_ff.register_file_i/g_rf_flops[7].rf_reg_q_reg[22]/RD' in design 'ibex_wrapper' (PARA-124)
Error: Cannot find port/pin 'ibex_top_inst/gen_regfile_ff.register_file_i/g_rf_flops[7].rf_reg_q_reg[26]/RD' in design 'ibex_wrapper' (PARA-124)
Error: Cannot find port/pin 'ibex_top_inst/gen_regfile_ff.register_file_i/g_rf_flops[4].rf_reg_q_reg[23]/RD' in design 'ibex_wrapper' (PARA-124)
Error: Cannot find port/pin 'ibex_top_inst/gen_regfile_ff.register_file_i/g_rf_flops[20].rf_reg_q_reg[25]/RD' in design 'ibex_wrapper' (PARA-124)
Error: Cannot find port/pin 'ibex_top_inst/gen_regfile_ff.register_file_i/g_rf_flops[31].rf_reg_q_reg[29]/RD' in design 'ibex_wrapper' (PARA-124)
Error: Cannot find port/pin 'ibex_top_inst/gen_regfile_ff.register_file_i/g_rf_flops[5].rf_reg_q_reg[22]/RD' in design 'ibex_wrapper' (PARA-124)
Error: Invalid capacitor (ibex_top_inst/gen_regfile_ff.register_file_i/g_rf_flops[4].rf_reg_q_reg[22]:RD 0.000203846) on net rst_ni: node not found (PARA-044)
Error: Invalid capacitor (ibex_top_inst/gen_regfile_ff.register_file_i/g_rf_flops[31].rf_reg_q_reg[26]:RD 1.9688e-05) on net rst_ni: node not found (PARA-044)
Error: Invalid capacitor (ibex_top_inst/gen_regfile_ff.register_file_i/g_rf_flops[31].rf_reg_q_reg[24]:RD 1e-06) on net rst_ni: node not found (PARA-044)
Error: Invalid capacitor (ibex_top_inst/gen_regfile_ff.register_file_i/g_rf_flops[4].rf_reg_q_reg[23]:RD 3.61499e-06) on net rst_ni: node not found (PARA-044)
Error: Invalid capacitor (ibex_top_inst/gen_regfile_ff.register_file_i/g_rf_flops[31].rf_reg_q_reg[27]:RD 2.27619e-06) on net rst_ni: node not found (PARA-044)
Error: Invalid capacitor (ibex_top_inst/gen_regfile_ff.register_file_i/g_rf_flops[7].rf_reg_q_reg[23]:RD 1.16372e-05) on net rst_ni: node not found (PARA-044)
Error: Invalid capacitor (ibex_top_inst/gen_regfile_ff.register_file_i/g_rf_flops[1].rf_reg_q_reg[22]:RD 4.87745e-05) on net rst_ni: node not found (PARA-044)
Error: Invalid capacitor (ibex_top_inst/gen_regfile_ff.register_file_i/g_rf_flops[7].rf_reg_q_reg[26]:RD 8.62711e-06) on net rst_ni: node not found (PARA-044)
Error: Invalid capacitor (ibex_top_inst/gen_regfile_ff.register_file_i/g_rf_flops[7].rf_reg_q_reg[24]:RD 1e-06) on net rst_ni: node not found (PARA-044)
Error: Invalid capacitor (ibex_top_inst/gen_regfile_ff.register_file_i/g_rf_flops[1].rf_reg_q_reg[23]:RD 1e-06) on net rst_ni: node not found (PARA-044)
Error: Invalid capacitor (ibex_top_inst/gen_regfile_ff.register_file_i/g_rf_flops[31].rf_reg_q_reg[29]:RD 8.3131e-06) on net rst_ni: node not found (PARA-044)
Error: Invalid capacitor (ibex_top_inst/gen_regfile_ff.register_file_i/g_rf_flops[20].rf_reg_q_reg[23]:RD 1e-06) on net rst_ni: node not found (PARA-044)
Error: Invalid capacitor (ibex_top_inst/gen_regfile_ff.register_file_i/g_rf_flops[20].rf_reg_q_reg[25]:RD 1.06577e-05) on net rst_ni: node not found (PARA-044)
Error: Invalid capacitor (ibex_top_inst/gen_regfile_ff.register_file_i/g_rf_flops[1].rf_reg_q_reg[24]:RD 2.87281e-06) on net rst_ni: node not found (PARA-044)
Error: Invalid capacitor (ibex_top_inst/gen_regfile_ff.register_file_i/g_rf_flops[18].rf_reg_q_reg[23]:RD 2.86858e-05) on net rst_ni: node not found (PARA-044)
Error: Invalid capacitor (ibex_top_inst/gen_regfile_ff.register_file_i/g_rf_flops[18].rf_reg_q_reg[24]:RD 1e-06) on net rst_ni: node not found (PARA-044)
Error: Invalid capacitor (ibex_top_inst/gen_regfile_ff.register_file_i/g_rf_flops[20].rf_reg_q_reg[24]:RD 1e-06) on net rst_ni: node not found (PARA-044)
Error: Invalid capacitor (ibex_top_inst/gen_regfile_ff.register_file_i/g_rf_flops[5].rf_reg_q_reg[22]:RD 4.59696e-05) on net rst_ni: node not found (PARA-044)
Error: Invalid capacitor (ibex_top_inst/gen_regfile_ff.register_file_i/g_rf_flops[20].rf_reg_q_reg[22]:RD 1e-06) on net rst_ni: node not found (PARA-044)
Error: Invalid capacitor (ibex_top_inst/gen_regfile_ff.register_file_i/g_rf_flops[19].rf_reg_q_reg[24]:RD 2.32433e-05) on net rst_ni: node not found (PARA-044)
Error: Invalid capacitor (ibex_top_inst/gen_regfile_ff.register_file_i/g_rf_flops[14].rf_reg_q_reg[23]:RD 1.76107e-05) on net rst_ni: node not found (PARA-044)
Error: Invalid capacitor (ibex_top_inst/gen_regfile_ff.register_file_i/g_rf_flops[15].rf_reg_q_reg[25]:RD 4.5091e-05) on net rst_ni: node not found (PARA-044)
Error: Invalid capacitor (ibex_top_inst/gen_regfile_ff.register_file_i/g_rf_flops[14].rf_reg_q_reg[25]:RD 1e-06) on net rst_ni: node not found (PARA-044)
Error: Invalid capacitor (ibex_top_inst/gen_regfile_ff.register_file_i/g_rf_flops[14].rf_reg_q_reg[24]:RD 1e-06) on net rst_ni: node not found (PARA-044)
Error: Invalid capacitor (ibex_top_inst/gen_regfile_ff.register_file_i/g_rf_flops[31].rf_reg_q_reg[22]:RD 6.97131e-06) on net rst_ni: node not found (PARA-044)
Error: Invalid capacitor (ibex_top_inst/gen_regfile_ff.register_file_i/g_rf_flops[7].rf_reg_q_reg[22]:RD 1e-06) on net rst_ni: node not found (PARA-044)
Error: Invalid capacitor (ibex_top_inst/gen_regfile_ff.register_file_i/g_rf_flops[31].rf_reg_q_reg[23]:RD 2.92454e-05) on net rst_ni: node not found (PARA-044)
Error: Invalid capacitor (ibex_top_inst/gen_regfile_ff.register_file_i/g_rf_flops[31].rf_reg_q_reg[28]:RD 1e-06) on net rst_ni: node not found (PARA-044)
Error: Invalid capacitor (ibex_top_inst/gen_regfile_ff.register_file_i/g_rf_flops[31].rf_reg_q_reg[25]:RD 4.62272e-05) on net rst_ni: node not found (PARA-044)
Error: Cannot find port/pin 'ibex_top_inst/u_ibex_core/cs_registers_i/CTS_ropt_h_inst_12590/A' in design 'ibex_wrapper' (PARA-124)
Error: Cannot find port/pin 'ibex_top_inst/u_ibex_core/cs_registers_i/CTS_ropt_h_inst_12590/A' in design 'ibex_wrapper' (PARA-124)
Error: Invalid capacitor (ibex_top_inst/u_ibex_core/cs_registers_i/CTS_ropt_h_inst_12590:A 1e-06) on net hart_id_i[31]: node not found (PARA-044)
Error: Cannot find port/pin 'ibex_top_inst/u_ibex_core/cs_registers_i/CTS_ropt_h_inst_12630/A' in design 'ibex_wrapper' (PARA-124)
Error: Cannot find port/pin 'ibex_top_inst/u_ibex_core/cs_registers_i/CTS_ropt_h_inst_12630/A' in design 'ibex_wrapper' (PARA-124)
Error: Invalid capacitor (ibex_top_inst/u_ibex_core/cs_registers_i/CTS_ropt_h_inst_12630:A 1e-06) on net hart_id_i[30]: node not found (PARA-044)
Error: Cannot find port/pin 'ibex_top_inst/u_ibex_core/cs_registers_i/CTS_ropt_h_inst_12634/A' in design 'ibex_wrapper' (PARA-124)
Error: Cannot find port/pin 'ibex_top_inst/u_ibex_core/cs_registers_i/CTS_ropt_h_inst_12634/A' in design 'ibex_wrapper' (PARA-124)
Error: Invalid capacitor (ibex_top_inst/u_ibex_core/cs_registers_i/CTS_ropt_h_inst_12634:A 6.99391e-06) on net hart_id_i[29]: node not found (PARA-044)
Error: Cannot find port/pin 'ibex_top_inst/u_ibex_core/cs_registers_i/CTS_ropt_h_inst_12703/A' in design 'ibex_wrapper' (PARA-124)
Error: Cannot find port/pin 'ibex_top_inst/u_ibex_core/cs_registers_i/CTS_ropt_h_inst_12703/A' in design 'ibex_wrapper' (PARA-124)
Error: Invalid capacitor (ibex_top_inst/u_ibex_core/cs_registers_i/CTS_ropt_h_inst_12703:A 1.23047e-05) on net hart_id_i[28]: node not found (PARA-044)
Error: Cannot find port/pin 'ibex_top_inst/u_ibex_core/cs_registers_i/CTS_ropt_h_inst_12646/A' in design 'ibex_wrapper' (PARA-124)
Error: Cannot find port/pin 'ibex_top_inst/u_ibex_core/cs_registers_i/CTS_ropt_h_inst_12646/A' in design 'ibex_wrapper' (PARA-124)
Error: Invalid capacitor (ibex_top_inst/u_ibex_core/cs_registers_i/CTS_ropt_h_inst_12646:A 8.52823e-06) on net hart_id_i[27]: node not found (PARA-044)
Error: Cannot find port/pin 'ibex_top_inst/u_ibex_core/cs_registers_i/CTS_ropt_h_inst_12652/A' in design 'ibex_wrapper' (PARA-124)
Error: Cannot find port/pin 'ibex_top_inst/u_ibex_core/cs_registers_i/CTS_ropt_h_inst_12652/A' in design 'ibex_wrapper' (PARA-124)
Error: Invalid capacitor (ibex_top_inst/u_ibex_core/cs_registers_i/CTS_ropt_h_inst_12652:A 2.81362e-05) on net hart_id_i[26]: node not found (PARA-044)
Error: Cannot find port/pin 'ibex_top_inst/u_ibex_core/cs_registers_i/CTS_ropt_h_inst_12644/A' in design 'ibex_wrapper' (PARA-124)
Error: Cannot find port/pin 'ibex_top_inst/u_ibex_core/cs_registers_i/CTS_ropt_h_inst_12644/A' in design 'ibex_wrapper' (PARA-124)
Error: Invalid capacitor (ibex_top_inst/u_ibex_core/cs_registers_i/CTS_ropt_h_inst_12644:A 5.68906e-06) on net hart_id_i[25]: node not found (PARA-044)
Error: Cannot find port/pin 'ibex_top_inst/u_ibex_core/cs_registers_i/CTS_ropt_h_inst_12708/A' in design 'ibex_wrapper' (PARA-124)
Error: Cannot find port/pin 'ibex_top_inst/u_ibex_core/cs_registers_i/CTS_ropt_h_inst_12708/A' in design 'ibex_wrapper' (PARA-124)
Error: Invalid capacitor (ibex_top_inst/u_ibex_core/cs_registers_i/CTS_ropt_h_inst_12708:A 1e-06) on net hart_id_i[24]: node not found (PARA-044)
Error: Cannot find port/pin 'ibex_top_inst/u_ibex_core/cs_registers_i/CTS_ropt_h_inst_12679/A' in design 'ibex_wrapper' (PARA-124)
Error: Cannot find port/pin 'ibex_top_inst/u_ibex_core/cs_registers_i/CTS_ropt_h_inst_12679/A' in design 'ibex_wrapper' (PARA-124)
Error: Invalid capacitor (ibex_top_inst/u_ibex_core/cs_registers_i/CTS_ropt_h_inst_12679:A 1e-06) on net hart_id_i[23]: node not found (PARA-044)
Error: Cannot find port/pin 'ibex_top_inst/u_ibex_core/cs_registers_i/CTS_ropt_h_inst_12653/A' in design 'ibex_wrapper' (PARA-124)
Error: Cannot find port/pin 'ibex_top_inst/u_ibex_core/cs_registers_i/CTS_ropt_h_inst_12653/A' in design 'ibex_wrapper' (PARA-124)
Error: Invalid capacitor (ibex_top_inst/u_ibex_core/cs_registers_i/CTS_ropt_h_inst_12653:A 1e-06) on net hart_id_i[22]: node not found (PARA-044)
Error: Cannot find port/pin 'ibex_top_inst/u_ibex_core/cs_registers_i/CTS_ropt_h_inst_12668/A' in design 'ibex_wrapper' (PARA-124)
Error: Cannot find port/pin 'ibex_top_inst/u_ibex_core/cs_registers_i/CTS_ropt_h_inst_12668/A' in design 'ibex_wrapper' (PARA-124)
Error: Invalid capacitor (ibex_top_inst/u_ibex_core/cs_registers_i/CTS_ropt_h_inst_12668:A 1e-06) on net hart_id_i[21]: node not found (PARA-044)
Error: Cannot find port/pin 'ibex_top_inst/u_ibex_core/cs_registers_i/CTS_ropt_h_inst_12655/A' in design 'ibex_wrapper' (PARA-124)
Error: Cannot find port/pin 'ibex_top_inst/u_ibex_core/cs_registers_i/CTS_ropt_h_inst_12655/A' in design 'ibex_wrapper' (PARA-124)
Error: Invalid capacitor (ibex_top_inst/u_ibex_core/cs_registers_i/CTS_ropt_h_inst_12655:A 1e-06) on net hart_id_i[20]: node not found (PARA-044)
Error: Cannot find port/pin 'ibex_top_inst/u_ibex_core/cs_registers_i/U499/A2' in design 'ibex_wrapper' (PARA-124)
Error: Cannot find port/pin 'ibex_top_inst/u_ibex_core/cs_registers_i/U499/A2' in design 'ibex_wrapper' (PARA-124)
Error: Invalid capacitor (ibex_top_inst/u_ibex_core/cs_registers_i/U499:A2 6.13818e-06) on net hart_id_i[19]: node not found (PARA-044)
Error: Cannot find port/pin 'ibex_top_inst/u_ibex_core/cs_registers_i/CTS_ropt_h_inst_12663/A' in design 'ibex_wrapper' (PARA-124)
Error: Cannot find port/pin 'ibex_top_inst/u_ibex_core/cs_registers_i/CTS_ropt_h_inst_12663/A' in design 'ibex_wrapper' (PARA-124)
Error: Invalid capacitor (ibex_top_inst/u_ibex_core/cs_registers_i/CTS_ropt_h_inst_12663:A 1e-06) on net hart_id_i[18]: node not found (PARA-044)
Error: Cannot find port/pin 'ibex_top_inst/u_ibex_core/cs_registers_i/CTS_ropt_h_inst_12628/A' in design 'ibex_wrapper' (PARA-124)
Error: Cannot find port/pin 'ibex_top_inst/u_ibex_core/cs_registers_i/CTS_ropt_h_inst_12628/A' in design 'ibex_wrapper' (PARA-124)
Error: Invalid capacitor (ibex_top_inst/u_ibex_core/cs_registers_i/CTS_ropt_h_inst_12628:A 1e-06) on net hart_id_i[17]: node not found (PARA-044)
Error: Cannot find port/pin 'ibex_top_inst/u_ibex_core/cs_registers_i/CTS_ropt_h_inst_12709/A' in design 'ibex_wrapper' (PARA-124)
Error: Cannot find port/pin 'ibex_top_inst/u_ibex_core/cs_registers_i/CTS_ropt_h_inst_12709/A' in design 'ibex_wrapper' (PARA-124)
Error: Invalid capacitor (ibex_top_inst/u_ibex_core/cs_registers_i/CTS_ropt_h_inst_12709:A 1e-06) on net hart_id_i[16]: node not found (PARA-044)
Note - message 'PARA-124' default limit (100) exceeded.  Remainder will be suppressed.
Error: Invalid capacitor (ibex_top_inst/u_ibex_core/cs_registers_i/CTS_ropt_h_inst_12648:A 8.01158e-06) on net hart_id_i[15]: node not found (PARA-044)
Error: Invalid capacitor (ibex_top_inst/u_ibex_core/cs_registers_i/CTS_ropt_h_inst_12714:A 1e-06) on net hart_id_i[14]: node not found (PARA-044)
Error: Invalid capacitor (ibex_top_inst/u_ibex_core/cs_registers_i/CTS_ropt_h_inst_12629:A 1e-06) on net hart_id_i[13]: node not found (PARA-044)
Error: Invalid capacitor (ibex_top_inst/u_ibex_core/cs_registers_i/CTS_ropt_h_inst_12706:A 1e-06) on net hart_id_i[12]: node not found (PARA-044)
Error: Invalid capacitor (ibex_top_inst/u_ibex_core/cs_registers_i/CTS_ropt_h_inst_12715:A 1e-06) on net hart_id_i[11]: node not found (PARA-044)
Error: Invalid capacitor (ibex_top_inst/u_ibex_core/cs_registers_i/U1704:A2 7.29163e-06) on net hart_id_i[10]: node not found (PARA-044)
Error: Invalid capacitor (ibex_top_inst/u_ibex_core/cs_registers_i/U1548:A2 7.03218e-06) on net hart_id_i[9]: node not found (PARA-044)
Error: Invalid capacitor (ibex_top_inst/u_ibex_core/cs_registers_i/CTS_ropt_h_inst_12627:A 1e-06) on net hart_id_i[8]: node not found (PARA-044)
Error: Invalid capacitor (ibex_top_inst/u_ibex_core/cs_registers_i/CTS_ropt_h_inst_12623:A 1e-06) on net hart_id_i[7]: node not found (PARA-044)
Error: Invalid capacitor (ibex_top_inst/u_ibex_core/cs_registers_i/CTS_ropt_h_inst_12632:A 8.00423e-06) on net hart_id_i[6]: node not found (PARA-044)
Error: Invalid capacitor (ibex_top_inst/u_ibex_core/cs_registers_i/CTS_ropt_h_inst_12631:A 1e-06) on net hart_id_i[5]: node not found (PARA-044)
Error: Invalid capacitor (ibex_top_inst/u_ibex_core/cs_registers_i/CTS_ropt_h_inst_12712:A 1e-06) on net hart_id_i[4]: node not found (PARA-044)
Error: Invalid capacitor (ibex_top_inst/u_ibex_core/cs_registers_i/CTS_ropt_h_inst_12641:A 7.09365e-06) on net hart_id_i[3]: node not found (PARA-044)
Error: Invalid capacitor (ibex_top_inst/u_ibex_core/cs_registers_i/CTS_ropt_h_inst_12636:A 7.008e-06) on net hart_id_i[2]: node not found (PARA-044)
Error: Invalid capacitor (ibex_top_inst/u_ibex_core/cs_registers_i/CTS_ropt_h_inst_12618:A 1e-06) on net hart_id_i[1]: node not found (PARA-044)
Error: Invalid capacitor (ibex_top_inst/u_ibex_core/cs_registers_i/CTS_ropt_h_inst_12613:A 1e-06) on net hart_id_i[0]: node not found (PARA-044)
Error: Invalid capacitor (ibex_top_inst/gen_regfile_ff.register_file_i/U53:A2 3.61134e-05) on net n4340: node not found (PARA-044)
Error: Invalid capacitor (ibex_top_inst/gen_regfile_ff.register_file_i/U54:A2 1e-06) on net n4340: node not found (PARA-044)
Error: Invalid capacitor (ibex_top_inst/gen_regfile_ff.register_file_i/U32:A3 1e-06) on net n4340: node not found (PARA-044)
Error: Invalid capacitor (ibex_top_inst/gen_regfile_ff.register_file_i/U35:A1 1e-06) on net n4340: node not found (PARA-044)
Error: Invalid capacitor (ibex_top_inst/gen_regfile_ff.register_file_i/U37:A1 2.07209e-05) on net n4340: node not found (PARA-044)
Error: Invalid capacitor (ibex_top_inst/gen_regfile_ff.register_file_i/U33:A1 1.25921e-05) on net n4340: node not found (PARA-044)
Error: Invalid capacitor (ibex_top_inst/gen_regfile_ff.register_file_i/U582:A 1e-06) on net n4340: node not found (PARA-044)
Error: Invalid capacitor (ibex_top_inst/gen_regfile_ff.register_file_i/U44:A2 1e-06) on net n4340: node not found (PARA-044)
Error: Invalid capacitor (ibex_top_inst/u_ibex_core/cs_registers_i/U302:A2 1e-06) on net irq_software_i: node not found (PARA-044)
Error: Invalid capacitor (ibex_top_inst/u_ibex_core/cs_registers_i/U345:A2 4.99422e-06) on net irq_software_i: node not found (PARA-044)
Error: Invalid capacitor (ibex_top_inst/u_ibex_core/cs_registers_i/U555:A1 1e-06) on net irq_timer_i: node not found (PARA-044)
Error: Invalid capacitor (ibex_top_inst/u_ibex_core/cs_registers_i/U390:A2 1e-06) on net irq_timer_i: node not found (PARA-044)
Error: Invalid capacitor (ibex_top_inst/u_ibex_core/cs_registers_i/U333:A2 1e-06) on net irq_external_i: node not found (PARA-044)
Error: Invalid capacitor (ibex_top_inst/u_ibex_core/cs_registers_i/U304:A2 6.34675e-06) on net irq_external_i: node not found (PARA-044)
Error: Invalid capacitor (ibex_top_inst/u_ibex_core/cs_registers_i/U323:A2 6.48825e-06) on net irq_fast_i[14]: node not found (PARA-044)
Error: Invalid capacitor (ibex_top_inst/u_ibex_core/cs_registers_i/U303:A2 1e-06) on net irq_fast_i[14]: node not found (PARA-044)
Error: Invalid capacitor (ibex_top_inst/u_ibex_core/cs_registers_i/U530:A2 1e-06) on net irq_fast_i[13]: node not found (PARA-044)
Error: Invalid capacitor (ibex_top_inst/u_ibex_core/cs_registers_i/U299:A2 1e-06) on net irq_fast_i[13]: node not found (PARA-044)
Error: Invalid capacitor (ibex_top_inst/u_ibex_core/cs_registers_i/U300:A2 9.18876e-06) on net irq_fast_i[12]: node not found (PARA-044)
Error: Invalid capacitor (ibex_top_inst/u_ibex_core/cs_registers_i/U267:A2 1e-06) on net irq_fast_i[12]: node not found (PARA-044)
Error: Invalid capacitor (ibex_top_inst/u_ibex_core/cs_registers_i/U477:A2 6.84201e-06) on net irq_fast_i[11]: node not found (PARA-044)
Error: Invalid capacitor (ibex_top_inst/u_ibex_core/cs_registers_i/U941:A1 5.97277e-06) on net irq_fast_i[11]: node not found (PARA-044)
Error: Invalid capacitor (ibex_top_inst/u_ibex_core/cs_registers_i/U301:A1 1e-06) on net irq_fast_i[10]: node not found (PARA-044)
Error: Invalid capacitor (ibex_top_inst/u_ibex_core/cs_registers_i/U417:A2 1e-06) on net irq_fast_i[10]: node not found (PARA-044)
Error: Invalid capacitor (ibex_top_inst/u_ibex_core/cs_registers_i/U270:A2 1e-06) on net irq_fast_i[9]: node not found (PARA-044)
Error: Invalid capacitor (ibex_top_inst/u_ibex_core/cs_registers_i/U552:A2 1e-06) on net irq_fast_i[9]: node not found (PARA-044)
Error: Invalid capacitor (ibex_top_inst/u_ibex_core/cs_registers_i/U266:A2 5.89264e-06) on net irq_fast_i[8]: node not found (PARA-044)
Error: Invalid capacitor (ibex_top_inst/u_ibex_core/cs_registers_i/U553:A2 7.33085e-06) on net irq_fast_i[8]: node not found (PARA-044)
Error: Invalid capacitor (ibex_top_inst/u_ibex_core/cs_registers_i/U513:A2 1e-06) on net irq_fast_i[7]: node not found (PARA-044)
Error: Invalid capacitor (ibex_top_inst/u_ibex_core/cs_registers_i/U554:A2 1e-06) on net irq_fast_i[7]: node not found (PARA-044)
Error: Invalid capacitor (ibex_top_inst/u_ibex_core/cs_registers_i/U437:A2 1e-06) on net irq_fast_i[6]: node not found (PARA-044)
Error: Invalid capacitor (ibex_top_inst/u_ibex_core/cs_registers_i/U551:A1 1e-06) on net irq_fast_i[6]: node not found (PARA-044)
Error: Invalid capacitor (ibex_top_inst/u_ibex_core/cs_registers_i/U939:A2 1e-06) on net irq_fast_i[5]: node not found (PARA-044)
Error: Invalid capacitor (ibex_top_inst/u_ibex_core/cs_registers_i/U548:A1 6.40029e-06) on net irq_fast_i[5]: node not found (PARA-044)
Error: Invalid capacitor (ibex_top_inst/u_ibex_core/cs_registers_i/U481:A2 6.08792e-06) on net irq_fast_i[4]: node not found (PARA-044)
Error: Invalid capacitor (ibex_top_inst/u_ibex_core/cs_registers_i/U946:A1 1e-06) on net irq_fast_i[4]: node not found (PARA-044)
Error: Invalid capacitor (ibex_top_inst/u_ibex_core/cs_registers_i/U271:A2 1e-06) on net irq_fast_i[3]: node not found (PARA-044)
Error: Invalid capacitor (ibex_top_inst/u_ibex_core/cs_registers_i/U549:A2 6.20334e-06) on net irq_fast_i[3]: node not found (PARA-044)
Error: Invalid capacitor (ibex_top_inst/u_ibex_core/cs_registers_i/U508:A2 6.09956e-06) on net irq_fast_i[2]: node not found (PARA-044)
Note - message 'PARA-044' default limit (100) exceeded.  Remainder will be suppressed.

****************************************
Report : read_parasitics /mnt/hgfs/0_GP/Final_2/4_ECO/2_ECO/output/ibex_wrapper.tlup_min_125.spef
Design : ibex_wrapper
Version: O-2018.06-SP1
Date   : Tue Jul  8 11:42:21 2025
****************************************

        98675 error(s)
        Format is SPEF
        Annotated nets                   :        12336
        Annotated capacitances           :       193172
        Annotated resistances            :       180836
        Reduced coupling capacitances    :            0
        Annotated PI models              :            0
        Annotated Elmore delays          :            0

