 
****************************************
Report : area
Design : ibex_wrapper
Version: O-2018.06-SP1
Date   : Mon Jul  7 19:47:55 2025
****************************************

Information: Updating design information... (UID-85)
Warning: Design 'ibex_wrapper' contains 2 high-fanout nets. A fanout number of 1000 will be used for delay calculations involving these nets. (TIM-134)
Library(s) Used:

    saed14hvt_ss0p72vm40c (File: /mnt/hgfs/0_GP/PDK/saed14_pdk/SAED14nm_EDK_CORE_HVT_v_062020/stdcell_hvt/db_ccs/saed14hvt_ss0p72vm40c.db)

Number of ports:                         1462
Number of nets:                         19070
Number of cells:                        17647
Number of combinational cells:          15616
Number of sequential cells:              2029
Number of macros/black boxes:               0
Number of buf/inv:                       1624
Number of references:                      43

Combinational area:               7022.303877
Buf/Inv area:                      434.764792
Noncombinational area:            2203.128033
Macro/Black Box area:                0.000000
Net Interconnect area:           12122.674046

Total cell area:                  9225.431909
Total area:                      21348.105956
1
