****************************************
Report : timing
        -path_type full
        -delay_type max
        -max_paths 1
        -report_by design
Design : ibex_wrapper
Version: O-2018.06-SP1
Date   : Tue Jul  8 07:34:58 2025
****************************************

  Startpoint: ibex_top_inst/u_ibex_core/if_stage_i/instr_rdata_id_o_reg[23] (rising edge-triggered flip-flop clocked by cluster_clock_gating)
  Endpoint: instr_addr_o[15] (output port clocked by clk_i)
  Mode: Func
  Corner: Slow
  Scenario: Func_Slow
  Path Group: clk_i
  Path Type: max

  Point                                            Incr      Path  
  ------------------------------------------------------------------------
  clock cluster_clock_gating (rise edge)           0.00      0.00
  clock network delay (propagated)                 0.16      0.16

  ibex_top_inst/u_ibex_core/if_stage_i/instr_rdata_id_o_reg[23]/CK (SAEDHVT14_FSDPQ_V2_4)
                                                   0.00      0.16 r
  ibex_top_inst/u_ibex_core/if_stage_i/instr_rdata_id_o_reg[23]/Q (SAEDHVT14_FSDPQ_V2_4)
                                                   0.05      0.21 r
  CTS_copt_h_inst_11227/X (SAEDHVT14_DEL_R2V3_2)   0.06      0.27 r
  CTS_copt_h_inst_11226/X (SAEDHVT14_DEL_R2V3_2)   0.20      0.47 r
  ibex_top_inst/gen_regfile_ff.register_file_i/U1761/X (SAEDHVT14_INV_2)
                                                   0.10      0.57 f
  ibex_top_inst/gen_regfile_ff.register_file_i/U128/X (SAEDHVT14_AN3_2)
                                                   0.06      0.62 f
  ibex_top_inst/gen_regfile_ff.register_file_i/U1248/X (SAEDHVT14_AN2_2)
                                                   0.12      0.74 f
  ibex_top_inst/gen_regfile_ff.register_file_i/U1301/X (SAEDHVT14_ND2_CDC_2)
                                                   0.07      0.81 r
  ibex_top_inst/gen_regfile_ff.register_file_i/U2986/X (SAEDHVT14_AN4_2)
                                                   0.06      0.86 r
  ibex_top_inst/gen_regfile_ff.register_file_i/U2987/X (SAEDHVT14_AN4_2)
                                                   0.04      0.91 r
  ibex_top_inst/gen_regfile_ff.register_file_i/U2/X (SAEDHVT14_ND4_2)
                                                   0.07      0.97 f
  U7329/X (SAEDHVT14_MUX2_2)                       0.04      1.02 f
  CTS_ropt_mt_inst_12242/X (SAEDHVT14_BUF_3)       0.07      1.09 f
  U4779/X (SAEDHVT14_ND2_CDC_2)                    0.05      1.14 r
  U4690/X (SAEDHVT14_AN2_2)                        0.04      1.18 r
  U7807/X (SAEDHVT14_INV_2)                        0.05      1.23 f
  U7808/X (SAEDHVT14_MUX2_2)                       0.06      1.28 r
  U4980/X (SAEDHVT14_ND2_CDC_2)                    0.01      1.29 f
  U7909/CO (SAEDHVT14_ADDF_V2_2)                   0.05      1.34 f
  U7908/CO (SAEDHVT14_ADDF_V2_2)                   0.03      1.37 f
  U7835/CO (SAEDHVT14_ADDF_V2_2)                   0.03      1.40 f
  U7834/CO (SAEDHVT14_ADDF_V2_2)                   0.03      1.42 f
  U7833/CO (SAEDHVT14_ADDF_V2_2)                   0.03      1.45 f
  U7832/CO (SAEDHVT14_ADDF_V2_2)                   0.03      1.47 f
  U7831/CO (SAEDHVT14_ADDF_V2_2)                   0.02      1.50 f
  U7830/CO (SAEDHVT14_ADDF_V2_2)                   0.02      1.52 f
  U7829/CO (SAEDHVT14_ADDF_V2_2)                   0.03      1.55 f
  U7828/CO (SAEDHVT14_ADDF_V2_2)                   0.03      1.58 f
  U7827/CO (SAEDHVT14_ADDF_V2_2)                   0.03      1.61 f
  U7826/CO (SAEDHVT14_ADDF_V2_2)                   0.03      1.63 f
  U7825/CO (SAEDHVT14_ADDF_V2_2)                   0.03      1.66 f
  U7824/CO (SAEDHVT14_ADDF_V2_2)                   0.03      1.69 f
  U7823/CO (SAEDHVT14_ADDF_V2_2)                   0.03      1.71 f
  U7822/CO (SAEDHVT14_ADDF_V2_2)                   0.03      1.74 f
  U7821/CO (SAEDHVT14_ADDF_V2_2)                   0.03      1.76 f
  U7820/CO (SAEDHVT14_ADDF_V2_2)                   0.03      1.79 f
  U7819/CO (SAEDHVT14_ADDF_V2_2)                   0.02      1.82 f
  U7818/CO (SAEDHVT14_ADDF_V2_2)                   0.02      1.84 f
  U7817/CO (SAEDHVT14_ADDF_V2_2)                   0.03      1.87 f
  U7816/CO (SAEDHVT14_ADDF_V2_2)                   0.03      1.89 f
  U7815/CO (SAEDHVT14_ADDF_V2_2)                   0.03      1.92 f
  U7814/CO (SAEDHVT14_ADDF_V2_2)                   0.03      1.95 f
  U7813/CO (SAEDHVT14_ADDF_V2_2)                   0.03      1.97 f
  U7812/CO (SAEDHVT14_ADDF_V2_2)                   0.03      2.00 f
  U7811/CO (SAEDHVT14_ADDF_V2_2)                   0.03      2.03 f
  U7810/CO (SAEDHVT14_ADDF_V2_2)                   0.03      2.05 f
  U7809/CO (SAEDHVT14_ADDF_V2_2)                   0.03      2.08 f
  U7888/CO (SAEDHVT14_ADDF_V2_2)                   0.02      2.10 f
  U7890/S (SAEDHVT14_ADDF_V2_2)                    0.04      2.14 r
  U_PTECO_DRC_BUF5/X (SAEDHVT14_BUF_2)             0.10      2.25 r
  U7917/X (SAEDHVT14_OR4_2)                        0.10      2.35 r
  U7918/X (SAEDHVT14_OR4_2)                        0.03      2.38 r
  U7919/X (SAEDHVT14_NR4_2)                        0.11      2.49 f
  U5834/X (SAEDHVT14_ND2_CDC_2)                    0.06      2.55 r
  U7920/X (SAEDHVT14_OR3_2)                        0.03      2.59 r
  U6037/X (SAEDHVT14_ND2_CDC_2)                    0.01      2.60 f
  U6741/X (SAEDHVT14_OR2_2)                        0.02      2.62 f
  U6742/X (SAEDHVT14_ND2_CDC_2)                    0.01      2.63 r
  U4978/X (SAEDHVT14_ND2_CDC_2)                    0.02      2.65 f
  U6753/X (SAEDHVT14_ND2_CDC_2)                    0.02      2.67 r
  U6752/X (SAEDHVT14_AN4_2)                        0.10      2.78 r
  PLACE_HFSINV_532_204/X (SAEDHVT14_INV_2)         0.11      2.89 f
  U6768/X (SAEDHVT14_AN3_2)                        0.11      3.00 f
  PLACE_HFSBUF_391_202/X (SAEDHVT14_BUF_S_2)       0.08      3.08 f
  U6670/X (SAEDHVT14_ND2_CDC_2)                    0.04      3.13 r
  U11778/X (SAEDHVT14_AN4_2)                       0.03      3.16 r
  U6687/X (SAEDHVT14_ND2_CDC_2)                    0.06      3.22 f
  U10641/X (SAEDHVT14_ND2B_2)                      0.09      3.31 f
  U12630/X (SAEDHVT14_MUX2_2)                      0.07      3.38 f
  instr_addr_o[15] (out)                           0.00      3.38 f
  data arrival time                                          3.38

  clock clk_i (rise edge)                          6.25      6.25
  clock network delay (ideal)                      0.17      6.42
  clock uncertainty                               -0.20      6.22
  output external delay                           -1.88      4.35
  data required time                                         4.35
  ------------------------------------------------------------------------
  data required time                                         4.35
  data arrival time                                         -3.38
  ------------------------------------------------------------------------
  slack (MET)                                                0.97


1
