Information: Derived library resistance unit is 999.999939 Kohm (Time unit is 1 ns, and Capacitance unit is 0.001000 pF). (DES-028)
Error: Invalid capacitor (ibex_top_inst/u_ibex_core/cs_registers_i/CTS_copt_h_inst_11999:A 1e-06) on net next_pc[24]: node not found (PARA-044)
Error: Invalid capacitor (ibex_top_inst/u_ibex_core/cs_registers_i/CTS_copt_h_inst_11469:A 1e-06) on net next_pc[21]: node not found (PARA-044)
Error: Invalid capacitor (ibex_top_inst/u_ibex_core/cs_registers_i/CTS_copt_h_inst_11338:A 1e-06) on net next_pc[14]: node not found (PARA-044)
Error: Invalid capacitor (ibex_top_inst/u_ibex_core/cs_registers_i/CTS_copt_h_inst_11182:A 1e-06) on net next_pc[7]: node not found (PARA-044)
Error: Invalid capacitor (ibex_top_inst/u_ibex_core/cs_registers_i/u_mepc_csr/rdata_q_reg[31]:Q 1e-06) on net exception_pc[31]: node not found (PARA-044)
Error: Invalid capacitor (ibex_top_inst/u_ibex_core/cs_registers_i/CTS_copt_h_inst_11452:A 1e-06) on net exception_pc[31]: node not found (PARA-044)
Error: Invalid capacitor (ibex_top_inst/u_ibex_core/cs_registers_i/U1531:A2 1e-06) on net exception_pc[31]: node not found (PARA-044)
Error: Invalid capacitor (ibex_top_inst/u_ibex_core/cs_registers_i/CTS_copt_h_inst_11451:A 1e-06) on net exception_pc[31]: node not found (PARA-044)
Error: Invalid capacitor (ibex_top_inst/u_ibex_core/cs_registers_i/CTS_copt_h_inst_11453:A 1e-06) on net exception_pc[31]: node not found (PARA-044)
Error: Invalid capacitor (ibex_top_inst/u_ibex_core/cs_registers_i/u_mepc_csr/rdata_q_reg[30]:Q 1e-06) on net exception_pc[30]: node not found (PARA-044)
Error: Invalid capacitor (ibex_top_inst/u_ibex_core/cs_registers_i/CTS_copt_h_inst_11360:A 1e-06) on net exception_pc[30]: node not found (PARA-044)
Error: Invalid capacitor (ibex_top_inst/u_ibex_core/cs_registers_i/CTS_copt_h_inst_11359:A 1e-06) on net exception_pc[30]: node not found (PARA-044)
Error: Invalid capacitor (ibex_top_inst/u_ibex_core/cs_registers_i/CTS_copt_h_inst_11361:A 1e-06) on net exception_pc[30]: node not found (PARA-044)
Error: Invalid capacitor (ibex_top_inst/u_ibex_core/cs_registers_i/U2017:A2 1e-06) on net exception_pc[30]: node not found (PARA-044)
Error: Invalid capacitor (ibex_top_inst/u_ibex_core/cs_registers_i/CTS_copt_h_inst_11425:X 1e-06) on net exception_pc[29]: node not found (PARA-044)
Error: Invalid capacitor (ibex_top_inst/u_ibex_core/cs_registers_i/U2682:D0 1e-06) on net exception_pc[29]: node not found (PARA-044)
Error: Invalid capacitor (ibex_top_inst/u_ibex_core/cs_registers_i/u_mepc_csr/rdata_q_reg[30]:SI 3.32463e-05) on net exception_pc[29]: node not found (PARA-044)
Error: Invalid capacitor (ibex_top_inst/u_ibex_core/cs_registers_i/U1885:A2 4.20311e-06) on net exception_pc[29]: node not found (PARA-044)
Error: Invalid capacitor (ibex_top_inst/u_ibex_core/cs_registers_i/U1042:A1 1e-06) on net exception_pc[29]: node not found (PARA-044)
Error: Invalid capacitor (ibex_top_inst/u_ibex_core/cs_registers_i/u_mepc_csr/rdata_q_reg[28]:Q 1e-06) on net exception_pc[28]: node not found (PARA-044)
Error: Invalid capacitor (ibex_top_inst/u_ibex_core/cs_registers_i/CTS_copt_h_inst_11330:A 1e-06) on net exception_pc[28]: node not found (PARA-044)
Error: Invalid capacitor (ibex_top_inst/u_ibex_core/cs_registers_i/CTS_copt_h_inst_11329:A 1e-06) on net exception_pc[28]: node not found (PARA-044)
Error: Invalid capacitor (ibex_top_inst/u_ibex_core/cs_registers_i/U1832:A2 3.16923e-05) on net exception_pc[28]: node not found (PARA-044)
Error: Invalid capacitor (ibex_top_inst/u_ibex_core/cs_registers_i/u_mepc_csr/rdata_q_reg[27]:Q 1e-06) on net exception_pc[27]: node not found (PARA-044)
Error: Invalid capacitor (ibex_top_inst/u_ibex_core/cs_registers_i/U1852:A2 2.06244e-05) on net exception_pc[27]: node not found (PARA-044)
Error: Invalid capacitor (ibex_top_inst/u_ibex_core/cs_registers_i/CTS_copt_h_inst_11248:A 1e-06) on net exception_pc[27]: node not found (PARA-044)
Error: Invalid capacitor (ibex_top_inst/u_ibex_core/cs_registers_i/CTS_copt_h_inst_11247:A 1e-06) on net exception_pc[27]: node not found (PARA-044)
Error: Invalid capacitor (ibex_top_inst/u_ibex_core/cs_registers_i/CTS_copt_h_inst_11246:A 1e-06) on net exception_pc[27]: node not found (PARA-044)
Error: Invalid capacitor (ibex_top_inst/u_ibex_core/cs_registers_i/u_mepc_csr/rdata_q_reg[26]:Q 1e-06) on net exception_pc[26]: node not found (PARA-044)
Error: Invalid capacitor (ibex_top_inst/u_ibex_core/cs_registers_i/CTS_copt_h_inst_11333:A 1e-06) on net exception_pc[26]: node not found (PARA-044)
Error: Invalid capacitor (ibex_top_inst/u_ibex_core/cs_registers_i/CTS_copt_h_inst_11332:A 1e-06) on net exception_pc[26]: node not found (PARA-044)
Error: Invalid capacitor (ibex_top_inst/u_ibex_core/cs_registers_i/U1872:A2 5.23195e-05) on net exception_pc[26]: node not found (PARA-044)
Error: Invalid capacitor (ibex_top_inst/u_ibex_core/cs_registers_i/CTS_copt_h_inst_11334:A 1e-06) on net exception_pc[26]: node not found (PARA-044)
Error: Invalid capacitor (ibex_top_inst/u_ibex_core/cs_registers_i/u_mepc_csr/rdata_q_reg[25]:Q 1e-06) on net exception_pc[25]: node not found (PARA-044)
Error: Invalid capacitor (ibex_top_inst/u_ibex_core/cs_registers_i/CTS_copt_h_inst_11403:A 1e-06) on net exception_pc[25]: node not found (PARA-044)
Error: Invalid capacitor (ibex_top_inst/u_ibex_core/cs_registers_i/CTS_copt_h_inst_11401:A 1e-06) on net exception_pc[25]: node not found (PARA-044)
Error: Invalid capacitor (ibex_top_inst/u_ibex_core/cs_registers_i/CTS_copt_h_inst_11405:A 1e-06) on net exception_pc[25]: node not found (PARA-044)
Error: Invalid capacitor (ibex_top_inst/u_ibex_core/cs_registers_i/U1903:A2 9.56544e-05) on net exception_pc[25]: node not found (PARA-044)
Error: Invalid capacitor (ibex_top_inst/u_ibex_core/cs_registers_i/CTS_ropt_h_inst_12381:X 1e-06) on net exception_pc[24]: node not found (PARA-044)
Error: Invalid capacitor (ibex_top_inst/u_ibex_core/cs_registers_i/CTS_copt_h_inst_11356:A 1e-06) on net exception_pc[24]: node not found (PARA-044)
Error: Invalid capacitor (ibex_top_inst/u_ibex_core/cs_registers_i/U1792:A2 1e-06) on net exception_pc[24]: node not found (PARA-044)
Error: Invalid capacitor (ibex_top_inst/u_ibex_core/cs_registers_i/CTS_copt_h_inst_11357:A 1e-06) on net exception_pc[24]: node not found (PARA-044)
Error: Invalid capacitor (ibex_top_inst/u_ibex_core/cs_registers_i/CTS_copt_h_inst_11355:A 1e-06) on net exception_pc[24]: node not found (PARA-044)
Error: Invalid capacitor (ibex_top_inst/u_ibex_core/cs_registers_i/u_mepc_csr/rdata_q_reg[23]:Q 1e-06) on net exception_pc[23]: node not found (PARA-044)
Error: Invalid capacitor (ibex_top_inst/u_ibex_core/cs_registers_i/CTS_copt_h_inst_11392:A 1e-06) on net exception_pc[23]: node not found (PARA-044)
Error: Invalid capacitor (ibex_top_inst/u_ibex_core/cs_registers_i/U1816:A2 0.000130515) on net exception_pc[23]: node not found (PARA-044)
Error: Invalid capacitor (ibex_top_inst/u_ibex_core/cs_registers_i/CTS_copt_h_inst_11390:A 1e-06) on net exception_pc[23]: node not found (PARA-044)
Error: Invalid capacitor (ibex_top_inst/u_ibex_core/cs_registers_i/CTS_copt_h_inst_11391:A 1e-06) on net exception_pc[23]: node not found (PARA-044)
Error: Invalid capacitor (ibex_top_inst/u_ibex_core/cs_registers_i/u_mepc_csr/rdata_q_reg[22]:Q 1e-06) on net exception_pc[22]: node not found (PARA-044)
Error: Invalid capacitor (ibex_top_inst/u_ibex_core/cs_registers_i/CTS_copt_h_inst_11970:A 1e-06) on net exception_pc[22]: node not found (PARA-044)
Error: Invalid capacitor (ibex_top_inst/u_ibex_core/cs_registers_i/CTS_copt_h_inst_11972:A 1e-06) on net exception_pc[22]: node not found (PARA-044)
Error: Invalid capacitor (ibex_top_inst/u_ibex_core/cs_registers_i/CTS_copt_h_inst_11969:A 1e-06) on net exception_pc[22]: node not found (PARA-044)
Error: Invalid capacitor (ibex_top_inst/u_ibex_core/cs_registers_i/U1955:A2 4.72047e-05) on net exception_pc[22]: node not found (PARA-044)
Error: Invalid capacitor (ibex_top_inst/u_ibex_core/cs_registers_i/CTS_copt_h_inst_11984:X 1e-06) on net exception_pc[21]: node not found (PARA-044)
Error: Invalid capacitor (ibex_top_inst/u_ibex_core/cs_registers_i/U2674:D0 1e-06) on net exception_pc[21]: node not found (PARA-044)
Error: Invalid capacitor (ibex_top_inst/u_ibex_core/cs_registers_i/u_mepc_csr/rdata_q_reg[22]:SI 2.60032e-05) on net exception_pc[21]: node not found (PARA-044)
Error: Invalid capacitor (ibex_top_inst/u_ibex_core/cs_registers_i/U1936:A2 1e-06) on net exception_pc[21]: node not found (PARA-044)
Error: Invalid capacitor (ibex_top_inst/u_ibex_core/cs_registers_i/U1334:A1 1e-06) on net exception_pc[21]: node not found (PARA-044)
Error: Invalid capacitor (ibex_top_inst/u_ibex_core/cs_registers_i/u_mepc_csr/rdata_q_reg[20]:Q 6.74487e-06) on net exception_pc[20]: node not found (PARA-044)
Error: Invalid capacitor (ibex_top_inst/u_ibex_core/cs_registers_i/U1920:A2 3.98497e-06) on net exception_pc[20]: node not found (PARA-044)
Error: Invalid capacitor (ibex_top_inst/u_ibex_core/cs_registers_i/CTS_copt_h_inst_11243:A 1e-06) on net exception_pc[20]: node not found (PARA-044)
Error: Invalid capacitor (ibex_top_inst/u_ibex_core/cs_registers_i/CTS_copt_h_inst_11242:A 1e-06) on net exception_pc[20]: node not found (PARA-044)
Error: Invalid capacitor (ibex_top_inst/u_ibex_core/cs_registers_i/CTS_copt_h_inst_11241:A 1e-06) on net exception_pc[20]: node not found (PARA-044)
Error: Invalid capacitor (ibex_top_inst/u_ibex_core/cs_registers_i/u_mepc_csr/rdata_q_reg[19]:Q 1e-06) on net exception_pc[19]: node not found (PARA-044)
Error: Invalid capacitor (ibex_top_inst/u_ibex_core/cs_registers_i/CTS_copt_h_inst_11292:A 1e-06) on net exception_pc[19]: node not found (PARA-044)
Error: Invalid capacitor (ibex_top_inst/u_ibex_core/cs_registers_i/CTS_copt_h_inst_11293:A 1e-06) on net exception_pc[19]: node not found (PARA-044)
Error: Invalid capacitor (ibex_top_inst/u_ibex_core/cs_registers_i/CTS_copt_h_inst_11291:A 1e-06) on net exception_pc[19]: node not found (PARA-044)
Error: Invalid capacitor (ibex_top_inst/u_ibex_core/cs_registers_i/U1392:A2 4.80731e-05) on net exception_pc[19]: node not found (PARA-044)
Error: Invalid capacitor (ibex_top_inst/u_ibex_core/cs_registers_i/CTS_copt_h_inst_11322:X 1e-06) on net exception_pc[18]: node not found (PARA-044)
Error: Invalid capacitor (ibex_top_inst/u_ibex_core/cs_registers_i/U2671:D0 1e-06) on net exception_pc[18]: node not found (PARA-044)
Error: Invalid capacitor (ibex_top_inst/u_ibex_core/cs_registers_i/u_mepc_csr/rdata_q_reg[19]:SI 5.53021e-06) on net exception_pc[18]: node not found (PARA-044)
Error: Invalid capacitor (ibex_top_inst/u_ibex_core/cs_registers_i/U1339:A1 1e-06) on net exception_pc[18]: node not found (PARA-044)
Error: Invalid capacitor (ibex_top_inst/u_ibex_core/cs_registers_i/U1454:A2 1e-06) on net exception_pc[18]: node not found (PARA-044)
Error: Invalid capacitor (ibex_top_inst/u_ibex_core/cs_registers_i/u_mepc_csr/rdata_q_reg[17]:Q 1e-06) on net exception_pc[17]: node not found (PARA-044)
Error: Invalid capacitor (ibex_top_inst/u_ibex_core/cs_registers_i/CTS_copt_h_inst_11346:A 1e-06) on net exception_pc[17]: node not found (PARA-044)
Error: Invalid capacitor (ibex_top_inst/u_ibex_core/cs_registers_i/CTS_copt_h_inst_11347:A 1e-06) on net exception_pc[17]: node not found (PARA-044)
Error: Invalid capacitor (ibex_top_inst/u_ibex_core/cs_registers_i/U1594:A2 5.04416e-05) on net exception_pc[17]: node not found (PARA-044)
Error: Invalid capacitor (ibex_top_inst/u_ibex_core/cs_registers_i/CTS_copt_h_inst_11348:A 1e-06) on net exception_pc[17]: node not found (PARA-044)
Error: Invalid capacitor (ibex_top_inst/u_ibex_core/cs_registers_i/CTS_copt_h_inst_11311:X 1e-06) on net exception_pc[16]: node not found (PARA-044)
Error: Invalid capacitor (ibex_top_inst/u_ibex_core/cs_registers_i/U1040:A1 1e-06) on net exception_pc[16]: node not found (PARA-044)
Error: Invalid capacitor (ibex_top_inst/u_ibex_core/cs_registers_i/U1514:A2 1e-06) on net exception_pc[16]: node not found (PARA-044)
Error: Invalid capacitor (ibex_top_inst/u_ibex_core/cs_registers_i/CTS_copt_h_inst_11310:A 1e-06) on net exception_pc[16]: node not found (PARA-044)
Error: Invalid capacitor (ibex_top_inst/u_ibex_core/cs_registers_i/CTS_copt_h_inst_11308:A 1e-06) on net exception_pc[16]: node not found (PARA-044)
Error: Invalid capacitor (ibex_top_inst/u_ibex_core/cs_registers_i/CTS_copt_h_inst_11305:X 1e-06) on net exception_pc[15]: node not found (PARA-044)
Error: Invalid capacitor (ibex_top_inst/u_ibex_core/cs_registers_i/U1338:A1 1e-06) on net exception_pc[15]: node not found (PARA-044)
Error: Invalid capacitor (ibex_top_inst/u_ibex_core/cs_registers_i/U1499:A2 7.58893e-05) on net exception_pc[15]: node not found (PARA-044)
Error: Invalid capacitor (ibex_top_inst/u_ibex_core/cs_registers_i/u_mepc_csr/rdata_q_reg[16]:SI 1e-06) on net exception_pc[15]: node not found (PARA-044)
Error: Invalid capacitor (ibex_top_inst/u_ibex_core/cs_registers_i/CTS_copt_h_inst_11371:X 1e-06) on net exception_pc[14]: node not found (PARA-044)
Error: Invalid capacitor (ibex_top_inst/u_ibex_core/cs_registers_i/U1999:A2 1e-06) on net exception_pc[14]: node not found (PARA-044)
Error: Invalid capacitor (ibex_top_inst/u_ibex_core/cs_registers_i/u_mepc_csr/rdata_q_reg[15]:SI 7.93771e-05) on net exception_pc[14]: node not found (PARA-044)
Error: Invalid capacitor (ibex_top_inst/u_ibex_core/cs_registers_i/U2667:D0 1e-06) on net exception_pc[14]: node not found (PARA-044)
Error: Invalid capacitor (ibex_top_inst/u_ibex_core/cs_registers_i/U394:A1 1e-06) on net exception_pc[14]: node not found (PARA-044)
Error: Invalid capacitor (ibex_top_inst/u_ibex_core/cs_registers_i/CTS_copt_h_inst_11303:X 1e-06) on net exception_pc[13]: node not found (PARA-044)
Error: Invalid capacitor (ibex_top_inst/u_ibex_core/cs_registers_i/u_mepc_csr/rdata_q_reg[14]:SI 4.0519e-05) on net exception_pc[13]: node not found (PARA-044)
Error: Invalid capacitor (ibex_top_inst/u_ibex_core/cs_registers_i/U1472:A2 5.9036e-05) on net exception_pc[13]: node not found (PARA-044)
Error: Invalid capacitor (ibex_top_inst/u_ibex_core/cs_registers_i/U1037:A1 1e-06) on net exception_pc[13]: node not found (PARA-044)
Error: Invalid capacitor (ibex_top_inst/u_ibex_core/cs_registers_i/U2666:D0 1e-06) on net exception_pc[13]: node not found (PARA-044)
Error: Invalid capacitor (ibex_top_inst/u_ibex_core/cs_registers_i/u_mepc_csr/rdata_q_reg[12]:Q 1e-06) on net exception_pc[12]: node not found (PARA-044)
Error: Invalid capacitor (ibex_top_inst/u_ibex_core/cs_registers_i/CTS_copt_h_inst_11314:A 1e-06) on net exception_pc[12]: node not found (PARA-044)
Error: Invalid capacitor (ibex_top_inst/u_ibex_core/cs_registers_i/U1579:A2 1e-06) on net exception_pc[12]: node not found (PARA-044)
Note - message 'PARA-044' default limit (100) exceeded.  Remainder will be suppressed.

****************************************
Report : read_parasitics /mnt/hgfs/PnR_GP/Final_1/3_PrimeTime/Run_7/output/ibex_wrapper_finishing.tlup_max_-40.spef
Design : ibex_wrapper
Version: O-2018.06-SP1
Date   : Tue Jul  8 10:12:37 2025
****************************************

        99821 error(s)
        Format is SPEF
        Annotated nets                   :        11789
        Annotated capacitances           :       179254
        Annotated resistances            :       167465
        Reduced coupling capacitances    :            0
        Annotated PI models              :            0
        Annotated Elmore delays          :            0

