Info:  Net Ref:/WORK/ibex_register_file_ff_0_00000020_0_0_0_00000000/err_o is undriven.
Info:  Net Ref:/WORK/ibex_cs_registers_0_00000001_0_0_0_0_00000000_00000028_0_00000000_00000004_0_0_3_0/csr_mtvec_o[7] is undriven.
Info:  Net Ref:/WORK/ibex_cs_registers_0_00000001_0_0_0_0_00000000_00000028_0_00000000_00000004_0_0_3_0/csr_mtvec_o[6] is undriven.
Info:  Net Ref:/WORK/ibex_cs_registers_0_00000001_0_0_0_0_00000000_00000028_0_00000000_00000004_0_0_3_0/csr_mtvec_o[5] is undriven.
Info:  Net Ref:/WORK/ibex_cs_registers_0_00000001_0_0_0_0_00000000_00000028_0_00000000_00000004_0_0_3_0/csr_mtvec_o[4] is undriven.
Info:  Net Ref:/WORK/ibex_cs_registers_0_00000001_0_0_0_0_00000000_00000028_0_00000000_00000004_0_0_3_0/csr_mtvec_o[3] is undriven.
Info:  Net Ref:/WORK/ibex_cs_registers_0_00000001_0_0_0_0_00000000_00000028_0_00000000_00000004_0_0_3_0/csr_mtvec_o[2] is undriven.
Info:  Net Ref:/WORK/ibex_cs_registers_0_00000001_0_0_0_0_00000000_00000028_0_00000000_00000004_0_0_3_0/csr_mtvec_o[1] is undriven.
Info:  Net Ref:/WORK/ibex_cs_registers_0_00000001_0_0_0_0_00000000_00000028_0_00000000_00000004_0_0_3_0/csr_mtvec_o[0] is undriven.
Info:  Net Ref:/WORK/ibex_cs_registers_0_00000001_0_0_0_0_00000000_00000028_0_00000000_00000004_0_0_3_0/csr_mepc_o[0] is undriven.
Info:  Net Ref:/WORK/ibex_cs_registers_0_00000001_0_0_0_0_00000000_00000028_0_00000000_00000004_0_0_3_0/csr_pmp_cfg_o[0]\[lock] is undriven.
Info:  Net Ref:/WORK/ibex_cs_registers_0_00000001_0_0_0_0_00000000_00000028_0_00000000_00000004_0_0_3_0/csr_pmp_cfg_o[0]\[mode][1] is undriven.
Info:  Net Ref:/WORK/ibex_cs_registers_0_00000001_0_0_0_0_00000000_00000028_0_00000000_00000004_0_0_3_0/csr_pmp_cfg_o[0]\[mode][0] is undriven.
Info:  Net Ref:/WORK/ibex_cs_registers_0_00000001_0_0_0_0_00000000_00000028_0_00000000_00000004_0_0_3_0/csr_pmp_cfg_o[0]\[exec] is undriven.
Info:  Net Ref:/WORK/ibex_cs_registers_0_00000001_0_0_0_0_00000000_00000028_0_00000000_00000004_0_0_3_0/csr_pmp_cfg_o[0]\[write] is undriven.
Info:  Net Ref:/WORK/ibex_cs_registers_0_00000001_0_0_0_0_00000000_00000028_0_00000000_00000004_0_0_3_0/csr_pmp_cfg_o[0]\[read] is undriven.
Info:  Net Ref:/WORK/ibex_cs_registers_0_00000001_0_0_0_0_00000000_00000028_0_00000000_00000004_0_0_3_0/csr_pmp_cfg_o[1]\[lock] is undriven.
Info:  Net Ref:/WORK/ibex_cs_registers_0_00000001_0_0_0_0_00000000_00000028_0_00000000_00000004_0_0_3_0/csr_pmp_cfg_o[1]\[mode][1] is undriven.
Info:  Net Ref:/WORK/ibex_cs_registers_0_00000001_0_0_0_0_00000000_00000028_0_00000000_00000004_0_0_3_0/csr_pmp_cfg_o[1]\[mode][0] is undriven.
Info:  Net Ref:/WORK/ibex_cs_registers_0_00000001_0_0_0_0_00000000_00000028_0_00000000_00000004_0_0_3_0/csr_pmp_cfg_o[1]\[exec] is undriven.
Info:  Net Ref:/WORK/ibex_cs_registers_0_00000001_0_0_0_0_00000000_00000028_0_00000000_00000004_0_0_3_0/csr_pmp_cfg_o[1]\[write] is undriven.
Info:  Net Ref:/WORK/ibex_cs_registers_0_00000001_0_0_0_0_00000000_00000028_0_00000000_00000004_0_0_3_0/csr_pmp_cfg_o[1]\[read] is undriven.
Info:  Net Ref:/WORK/ibex_cs_registers_0_00000001_0_0_0_0_00000000_00000028_0_00000000_00000004_0_0_3_0/csr_pmp_cfg_o[2]\[lock] is undriven.
Info:  Net Ref:/WORK/ibex_cs_registers_0_00000001_0_0_0_0_00000000_00000028_0_00000000_00000004_0_0_3_0/csr_pmp_cfg_o[2]\[mode][1] is undriven.
Info:  Net Ref:/WORK/ibex_cs_registers_0_00000001_0_0_0_0_00000000_00000028_0_00000000_00000004_0_0_3_0/csr_pmp_cfg_o[2]\[mode][0] is undriven.
Info:  Net Ref:/WORK/ibex_cs_registers_0_00000001_0_0_0_0_00000000_00000028_0_00000000_00000004_0_0_3_0/csr_pmp_cfg_o[2]\[exec] is undriven.
Info:  Net Ref:/WORK/ibex_cs_registers_0_00000001_0_0_0_0_00000000_00000028_0_00000000_00000004_0_0_3_0/csr_pmp_cfg_o[2]\[write] is undriven.
Info:  Net Ref:/WORK/ibex_cs_registers_0_00000001_0_0_0_0_00000000_00000028_0_00000000_00000004_0_0_3_0/csr_pmp_cfg_o[2]\[read] is undriven.
Info:  Net Ref:/WORK/ibex_cs_registers_0_00000001_0_0_0_0_00000000_00000028_0_00000000_00000004_0_0_3_0/csr_pmp_cfg_o[3]\[lock] is undriven.
Info:  Net Ref:/WORK/ibex_cs_registers_0_00000001_0_0_0_0_00000000_00000028_0_00000000_00000004_0_0_3_0/csr_pmp_cfg_o[3]\[mode][1] is undriven.
Info:  Net Ref:/WORK/ibex_cs_registers_0_00000001_0_0_0_0_00000000_00000028_0_00000000_00000004_0_0_3_0/csr_pmp_cfg_o[3]\[mode][0] is undriven.
Info:  Net Ref:/WORK/ibex_cs_registers_0_00000001_0_0_0_0_00000000_00000028_0_00000000_00000004_0_0_3_0/csr_pmp_cfg_o[3]\[exec] is undriven.
Info:  Net Ref:/WORK/ibex_cs_registers_0_00000001_0_0_0_0_00000000_00000028_0_00000000_00000004_0_0_3_0/csr_pmp_cfg_o[3]\[write] is undriven.
Info:  Net Ref:/WORK/ibex_cs_registers_0_00000001_0_0_0_0_00000000_00000028_0_00000000_00000004_0_0_3_0/csr_pmp_cfg_o[3]\[read] is undriven.
Info:  Net Ref:/WORK/ibex_cs_registers_0_00000001_0_0_0_0_00000000_00000028_0_00000000_00000004_0_0_3_0/csr_pmp_addr_o[0][33] is undriven.
Info:  Net Ref:/WORK/ibex_cs_registers_0_00000001_0_0_0_0_00000000_00000028_0_00000000_00000004_0_0_3_0/csr_pmp_addr_o[0][32] is undriven.
Info:  Net Ref:/WORK/ibex_cs_registers_0_00000001_0_0_0_0_00000000_00000028_0_00000000_00000004_0_0_3_0/csr_pmp_addr_o[0][31] is undriven.
Info:  Net Ref:/WORK/ibex_cs_registers_0_00000001_0_0_0_0_00000000_00000028_0_00000000_00000004_0_0_3_0/csr_pmp_addr_o[0][30] is undriven.
Info:  Net Ref:/WORK/ibex_cs_registers_0_00000001_0_0_0_0_00000000_00000028_0_00000000_00000004_0_0_3_0/csr_pmp_addr_o[0][29] is undriven.
Info:  Net Ref:/WORK/ibex_cs_registers_0_00000001_0_0_0_0_00000000_00000028_0_00000000_00000004_0_0_3_0/csr_pmp_addr_o[0][28] is undriven.
Info:  Net Ref:/WORK/ibex_cs_registers_0_00000001_0_0_0_0_00000000_00000028_0_00000000_00000004_0_0_3_0/csr_pmp_addr_o[0][27] is undriven.
Info:  Net Ref:/WORK/ibex_cs_registers_0_00000001_0_0_0_0_00000000_00000028_0_00000000_00000004_0_0_3_0/csr_pmp_addr_o[0][26] is undriven.
Info:  Net Ref:/WORK/ibex_cs_registers_0_00000001_0_0_0_0_00000000_00000028_0_00000000_00000004_0_0_3_0/csr_pmp_addr_o[0][25] is undriven.
Info:  Net Ref:/WORK/ibex_cs_registers_0_00000001_0_0_0_0_00000000_00000028_0_00000000_00000004_0_0_3_0/csr_pmp_addr_o[0][24] is undriven.
Info:  Net Ref:/WORK/ibex_cs_registers_0_00000001_0_0_0_0_00000000_00000028_0_00000000_00000004_0_0_3_0/csr_pmp_addr_o[0][23] is undriven.
Info:  Net Ref:/WORK/ibex_cs_registers_0_00000001_0_0_0_0_00000000_00000028_0_00000000_00000004_0_0_3_0/csr_pmp_addr_o[0][22] is undriven.
Info:  Net Ref:/WORK/ibex_cs_registers_0_00000001_0_0_0_0_00000000_00000028_0_00000000_00000004_0_0_3_0/csr_pmp_addr_o[0][21] is undriven.
Info:  Net Ref:/WORK/ibex_cs_registers_0_00000001_0_0_0_0_00000000_00000028_0_00000000_00000004_0_0_3_0/csr_pmp_addr_o[0][20] is undriven.
Info:  Net Ref:/WORK/ibex_cs_registers_0_00000001_0_0_0_0_00000000_00000028_0_00000000_00000004_0_0_3_0/csr_pmp_addr_o[0][19] is undriven.
Info:  Net Ref:/WORK/ibex_cs_registers_0_00000001_0_0_0_0_00000000_00000028_0_00000000_00000004_0_0_3_0/csr_pmp_addr_o[0][18] is undriven.
Info:  Net Ref:/WORK/ibex_cs_registers_0_00000001_0_0_0_0_00000000_00000028_0_00000000_00000004_0_0_3_0/csr_pmp_addr_o[0][17] is undriven.
Info:  Net Ref:/WORK/ibex_cs_registers_0_00000001_0_0_0_0_00000000_00000028_0_00000000_00000004_0_0_3_0/csr_pmp_addr_o[0][16] is undriven.
Info:  Net Ref:/WORK/ibex_cs_registers_0_00000001_0_0_0_0_00000000_00000028_0_00000000_00000004_0_0_3_0/csr_pmp_addr_o[0][15] is undriven.
Info:  Net Ref:/WORK/ibex_cs_registers_0_00000001_0_0_0_0_00000000_00000028_0_00000000_00000004_0_0_3_0/csr_pmp_addr_o[0][14] is undriven.
Info:  Net Ref:/WORK/ibex_cs_registers_0_00000001_0_0_0_0_00000000_00000028_0_00000000_00000004_0_0_3_0/csr_pmp_addr_o[0][13] is undriven.
Info:  Net Ref:/WORK/ibex_cs_registers_0_00000001_0_0_0_0_00000000_00000028_0_00000000_00000004_0_0_3_0/csr_pmp_addr_o[0][12] is undriven.
Info:  Net Ref:/WORK/ibex_cs_registers_0_00000001_0_0_0_0_00000000_00000028_0_00000000_00000004_0_0_3_0/csr_pmp_addr_o[0][11] is undriven.
Info:  Net Ref:/WORK/ibex_cs_registers_0_00000001_0_0_0_0_00000000_00000028_0_00000000_00000004_0_0_3_0/csr_pmp_addr_o[0][10] is undriven.
Info:  Net Ref:/WORK/ibex_cs_registers_0_00000001_0_0_0_0_00000000_00000028_0_00000000_00000004_0_0_3_0/csr_pmp_addr_o[0][9] is undriven.
Info:  Net Ref:/WORK/ibex_cs_registers_0_00000001_0_0_0_0_00000000_00000028_0_00000000_00000004_0_0_3_0/csr_pmp_addr_o[0][8] is undriven.
Info:  Net Ref:/WORK/ibex_cs_registers_0_00000001_0_0_0_0_00000000_00000028_0_00000000_00000004_0_0_3_0/csr_pmp_addr_o[0][7] is undriven.
Info:  Net Ref:/WORK/ibex_cs_registers_0_00000001_0_0_0_0_00000000_00000028_0_00000000_00000004_0_0_3_0/csr_pmp_addr_o[0][6] is undriven.
Info:  Net Ref:/WORK/ibex_cs_registers_0_00000001_0_0_0_0_00000000_00000028_0_00000000_00000004_0_0_3_0/csr_pmp_addr_o[0][5] is undriven.
Info:  Net Ref:/WORK/ibex_cs_registers_0_00000001_0_0_0_0_00000000_00000028_0_00000000_00000004_0_0_3_0/csr_pmp_addr_o[0][4] is undriven.
Info:  Net Ref:/WORK/ibex_cs_registers_0_00000001_0_0_0_0_00000000_00000028_0_00000000_00000004_0_0_3_0/csr_pmp_addr_o[0][3] is undriven.
Info:  Net Ref:/WORK/ibex_cs_registers_0_00000001_0_0_0_0_00000000_00000028_0_00000000_00000004_0_0_3_0/csr_pmp_addr_o[0][2] is undriven.
Info:  Net Ref:/WORK/ibex_cs_registers_0_00000001_0_0_0_0_00000000_00000028_0_00000000_00000004_0_0_3_0/csr_pmp_addr_o[0][1] is undriven.
Info:  Net Ref:/WORK/ibex_cs_registers_0_00000001_0_0_0_0_00000000_00000028_0_00000000_00000004_0_0_3_0/csr_pmp_addr_o[0][0] is undriven.
Info:  Net Ref:/WORK/ibex_cs_registers_0_00000001_0_0_0_0_00000000_00000028_0_00000000_00000004_0_0_3_0/csr_pmp_addr_o[1][33] is undriven.
Info:  Net Ref:/WORK/ibex_cs_registers_0_00000001_0_0_0_0_00000000_00000028_0_00000000_00000004_0_0_3_0/csr_pmp_addr_o[1][32] is undriven.
Info:  Net Ref:/WORK/ibex_cs_registers_0_00000001_0_0_0_0_00000000_00000028_0_00000000_00000004_0_0_3_0/csr_pmp_addr_o[1][31] is undriven.
Info:  Net Ref:/WORK/ibex_cs_registers_0_00000001_0_0_0_0_00000000_00000028_0_00000000_00000004_0_0_3_0/csr_pmp_addr_o[1][30] is undriven.
Info:  Net Ref:/WORK/ibex_cs_registers_0_00000001_0_0_0_0_00000000_00000028_0_00000000_00000004_0_0_3_0/csr_pmp_addr_o[1][29] is undriven.
Info:  Net Ref:/WORK/ibex_cs_registers_0_00000001_0_0_0_0_00000000_00000028_0_00000000_00000004_0_0_3_0/csr_pmp_addr_o[1][28] is undriven.
Info:  Net Ref:/WORK/ibex_cs_registers_0_00000001_0_0_0_0_00000000_00000028_0_00000000_00000004_0_0_3_0/csr_pmp_addr_o[1][27] is undriven.
Info:  Net Ref:/WORK/ibex_cs_registers_0_00000001_0_0_0_0_00000000_00000028_0_00000000_00000004_0_0_3_0/csr_pmp_addr_o[1][26] is undriven.
Info:  Net Ref:/WORK/ibex_cs_registers_0_00000001_0_0_0_0_00000000_00000028_0_00000000_00000004_0_0_3_0/csr_pmp_addr_o[1][25] is undriven.
Info:  Net Ref:/WORK/ibex_cs_registers_0_00000001_0_0_0_0_00000000_00000028_0_00000000_00000004_0_0_3_0/csr_pmp_addr_o[1][24] is undriven.
Info:  Net Ref:/WORK/ibex_cs_registers_0_00000001_0_0_0_0_00000000_00000028_0_00000000_00000004_0_0_3_0/csr_pmp_addr_o[1][23] is undriven.
Info:  Net Ref:/WORK/ibex_cs_registers_0_00000001_0_0_0_0_00000000_00000028_0_00000000_00000004_0_0_3_0/csr_pmp_addr_o[1][22] is undriven.
Info:  Net Ref:/WORK/ibex_cs_registers_0_00000001_0_0_0_0_00000000_00000028_0_00000000_00000004_0_0_3_0/csr_pmp_addr_o[1][21] is undriven.
Info:  Net Ref:/WORK/ibex_cs_registers_0_00000001_0_0_0_0_00000000_00000028_0_00000000_00000004_0_0_3_0/csr_pmp_addr_o[1][20] is undriven.
Info:  Net Ref:/WORK/ibex_cs_registers_0_00000001_0_0_0_0_00000000_00000028_0_00000000_00000004_0_0_3_0/csr_pmp_addr_o[1][19] is undriven.
Info:  Net Ref:/WORK/ibex_cs_registers_0_00000001_0_0_0_0_00000000_00000028_0_00000000_00000004_0_0_3_0/csr_pmp_addr_o[1][18] is undriven.
Info:  Net Ref:/WORK/ibex_cs_registers_0_00000001_0_0_0_0_00000000_00000028_0_00000000_00000004_0_0_3_0/csr_pmp_addr_o[1][17] is undriven.
Info:  Net Ref:/WORK/ibex_cs_registers_0_00000001_0_0_0_0_00000000_00000028_0_00000000_00000004_0_0_3_0/csr_pmp_addr_o[1][16] is undriven.
Info:  Net Ref:/WORK/ibex_cs_registers_0_00000001_0_0_0_0_00000000_00000028_0_00000000_00000004_0_0_3_0/csr_pmp_addr_o[1][15] is undriven.
Info:  Net Ref:/WORK/ibex_cs_registers_0_00000001_0_0_0_0_00000000_00000028_0_00000000_00000004_0_0_3_0/csr_pmp_addr_o[1][14] is undriven.
Info:  Net Ref:/WORK/ibex_cs_registers_0_00000001_0_0_0_0_00000000_00000028_0_00000000_00000004_0_0_3_0/csr_pmp_addr_o[1][13] is undriven.
Info:  Net Ref:/WORK/ibex_cs_registers_0_00000001_0_0_0_0_00000000_00000028_0_00000000_00000004_0_0_3_0/csr_pmp_addr_o[1][12] is undriven.
Info:  Net Ref:/WORK/ibex_cs_registers_0_00000001_0_0_0_0_00000000_00000028_0_00000000_00000004_0_0_3_0/csr_pmp_addr_o[1][11] is undriven.
Info:  Net Ref:/WORK/ibex_cs_registers_0_00000001_0_0_0_0_00000000_00000028_0_00000000_00000004_0_0_3_0/csr_pmp_addr_o[1][10] is undriven.
Info:  Net Ref:/WORK/ibex_cs_registers_0_00000001_0_0_0_0_00000000_00000028_0_00000000_00000004_0_0_3_0/csr_pmp_addr_o[1][9] is undriven.
Info:  Net Ref:/WORK/ibex_cs_registers_0_00000001_0_0_0_0_00000000_00000028_0_00000000_00000004_0_0_3_0/csr_pmp_addr_o[1][8] is undriven.
Info:  Net Ref:/WORK/ibex_cs_registers_0_00000001_0_0_0_0_00000000_00000028_0_00000000_00000004_0_0_3_0/csr_pmp_addr_o[1][7] is undriven.
Info:  Net Ref:/WORK/ibex_cs_registers_0_00000001_0_0_0_0_00000000_00000028_0_00000000_00000004_0_0_3_0/csr_pmp_addr_o[1][6] is undriven.
Info:  Net Ref:/WORK/ibex_cs_registers_0_00000001_0_0_0_0_00000000_00000028_0_00000000_00000004_0_0_3_0/csr_pmp_addr_o[1][5] is undriven.
Info:  Net Ref:/WORK/ibex_cs_registers_0_00000001_0_0_0_0_00000000_00000028_0_00000000_00000004_0_0_3_0/csr_pmp_addr_o[1][4] is undriven.
Info:  Net Ref:/WORK/ibex_cs_registers_0_00000001_0_0_0_0_00000000_00000028_0_00000000_00000004_0_0_3_0/csr_pmp_addr_o[1][3] is undriven.
Info:  Net Ref:/WORK/ibex_cs_registers_0_00000001_0_0_0_0_00000000_00000028_0_00000000_00000004_0_0_3_0/csr_pmp_addr_o[1][2] is undriven.
Info:  Net Ref:/WORK/ibex_cs_registers_0_00000001_0_0_0_0_00000000_00000028_0_00000000_00000004_0_0_3_0/csr_pmp_addr_o[1][1] is undriven.
Info:  Net Ref:/WORK/ibex_cs_registers_0_00000001_0_0_0_0_00000000_00000028_0_00000000_00000004_0_0_3_0/csr_pmp_addr_o[1][0] is undriven.
Info:  Net Ref:/WORK/ibex_cs_registers_0_00000001_0_0_0_0_00000000_00000028_0_00000000_00000004_0_0_3_0/csr_pmp_addr_o[2][33] is undriven.
Info:  Net Ref:/WORK/ibex_cs_registers_0_00000001_0_0_0_0_00000000_00000028_0_00000000_00000004_0_0_3_0/csr_pmp_addr_o[2][32] is undriven.
Info:  Net Ref:/WORK/ibex_cs_registers_0_00000001_0_0_0_0_00000000_00000028_0_00000000_00000004_0_0_3_0/csr_pmp_addr_o[2][31] is undriven.
Info:  Net Ref:/WORK/ibex_cs_registers_0_00000001_0_0_0_0_00000000_00000028_0_00000000_00000004_0_0_3_0/csr_pmp_addr_o[2][30] is undriven.
Info:  Net Ref:/WORK/ibex_cs_registers_0_00000001_0_0_0_0_00000000_00000028_0_00000000_00000004_0_0_3_0/csr_pmp_addr_o[2][29] is undriven.
Info:  Net Ref:/WORK/ibex_cs_registers_0_00000001_0_0_0_0_00000000_00000028_0_00000000_00000004_0_0_3_0/csr_pmp_addr_o[2][28] is undriven.
Info:  Net Ref:/WORK/ibex_cs_registers_0_00000001_0_0_0_0_00000000_00000028_0_00000000_00000004_0_0_3_0/csr_pmp_addr_o[2][27] is undriven.
Info:  Net Ref:/WORK/ibex_cs_registers_0_00000001_0_0_0_0_00000000_00000028_0_00000000_00000004_0_0_3_0/csr_pmp_addr_o[2][26] is undriven.
Info:  Net Ref:/WORK/ibex_cs_registers_0_00000001_0_0_0_0_00000000_00000028_0_00000000_00000004_0_0_3_0/csr_pmp_addr_o[2][25] is undriven.
Info:  Net Ref:/WORK/ibex_cs_registers_0_00000001_0_0_0_0_00000000_00000028_0_00000000_00000004_0_0_3_0/csr_pmp_addr_o[2][24] is undriven.
Info:  Net Ref:/WORK/ibex_cs_registers_0_00000001_0_0_0_0_00000000_00000028_0_00000000_00000004_0_0_3_0/csr_pmp_addr_o[2][23] is undriven.
Info:  Net Ref:/WORK/ibex_cs_registers_0_00000001_0_0_0_0_00000000_00000028_0_00000000_00000004_0_0_3_0/csr_pmp_addr_o[2][22] is undriven.
Info:  Net Ref:/WORK/ibex_cs_registers_0_00000001_0_0_0_0_00000000_00000028_0_00000000_00000004_0_0_3_0/csr_pmp_addr_o[2][21] is undriven.
Info:  Net Ref:/WORK/ibex_cs_registers_0_00000001_0_0_0_0_00000000_00000028_0_00000000_00000004_0_0_3_0/csr_pmp_addr_o[2][20] is undriven.
Info:  Net Ref:/WORK/ibex_cs_registers_0_00000001_0_0_0_0_00000000_00000028_0_00000000_00000004_0_0_3_0/csr_pmp_addr_o[2][19] is undriven.
Info:  Net Ref:/WORK/ibex_cs_registers_0_00000001_0_0_0_0_00000000_00000028_0_00000000_00000004_0_0_3_0/csr_pmp_addr_o[2][18] is undriven.
Info:  Net Ref:/WORK/ibex_cs_registers_0_00000001_0_0_0_0_00000000_00000028_0_00000000_00000004_0_0_3_0/csr_pmp_addr_o[2][17] is undriven.
Info:  Net Ref:/WORK/ibex_cs_registers_0_00000001_0_0_0_0_00000000_00000028_0_00000000_00000004_0_0_3_0/csr_pmp_addr_o[2][16] is undriven.
Info:  Net Ref:/WORK/ibex_cs_registers_0_00000001_0_0_0_0_00000000_00000028_0_00000000_00000004_0_0_3_0/csr_pmp_addr_o[2][15] is undriven.
Info:  Net Ref:/WORK/ibex_cs_registers_0_00000001_0_0_0_0_00000000_00000028_0_00000000_00000004_0_0_3_0/csr_pmp_addr_o[2][14] is undriven.
Info:  Net Ref:/WORK/ibex_cs_registers_0_00000001_0_0_0_0_00000000_00000028_0_00000000_00000004_0_0_3_0/csr_pmp_addr_o[2][13] is undriven.
Info:  Net Ref:/WORK/ibex_cs_registers_0_00000001_0_0_0_0_00000000_00000028_0_00000000_00000004_0_0_3_0/csr_pmp_addr_o[2][12] is undriven.
Info:  Net Ref:/WORK/ibex_cs_registers_0_00000001_0_0_0_0_00000000_00000028_0_00000000_00000004_0_0_3_0/csr_pmp_addr_o[2][11] is undriven.
Info:  Net Ref:/WORK/ibex_cs_registers_0_00000001_0_0_0_0_00000000_00000028_0_00000000_00000004_0_0_3_0/csr_pmp_addr_o[2][10] is undriven.
Info:  Net Ref:/WORK/ibex_cs_registers_0_00000001_0_0_0_0_00000000_00000028_0_00000000_00000004_0_0_3_0/csr_pmp_addr_o[2][9] is undriven.
Info:  Net Ref:/WORK/ibex_cs_registers_0_00000001_0_0_0_0_00000000_00000028_0_00000000_00000004_0_0_3_0/csr_pmp_addr_o[2][8] is undriven.
Info:  Net Ref:/WORK/ibex_cs_registers_0_00000001_0_0_0_0_00000000_00000028_0_00000000_00000004_0_0_3_0/csr_pmp_addr_o[2][7] is undriven.
Info:  Net Ref:/WORK/ibex_cs_registers_0_00000001_0_0_0_0_00000000_00000028_0_00000000_00000004_0_0_3_0/csr_pmp_addr_o[2][6] is undriven.
Info:  Net Ref:/WORK/ibex_cs_registers_0_00000001_0_0_0_0_00000000_00000028_0_00000000_00000004_0_0_3_0/csr_pmp_addr_o[2][5] is undriven.
Info:  Net Ref:/WORK/ibex_cs_registers_0_00000001_0_0_0_0_00000000_00000028_0_00000000_00000004_0_0_3_0/csr_pmp_addr_o[2][4] is undriven.
Info:  Net Ref:/WORK/ibex_cs_registers_0_00000001_0_0_0_0_00000000_00000028_0_00000000_00000004_0_0_3_0/csr_pmp_addr_o[2][3] is undriven.
Info:  Net Ref:/WORK/ibex_cs_registers_0_00000001_0_0_0_0_00000000_00000028_0_00000000_00000004_0_0_3_0/csr_pmp_addr_o[2][2] is undriven.
Info:  Net Ref:/WORK/ibex_cs_registers_0_00000001_0_0_0_0_00000000_00000028_0_00000000_00000004_0_0_3_0/csr_pmp_addr_o[2][1] is undriven.
Info:  Net Ref:/WORK/ibex_cs_registers_0_00000001_0_0_0_0_00000000_00000028_0_00000000_00000004_0_0_3_0/csr_pmp_addr_o[2][0] is undriven.
Info:  Net Ref:/WORK/ibex_cs_registers_0_00000001_0_0_0_0_00000000_00000028_0_00000000_00000004_0_0_3_0/csr_pmp_addr_o[3][33] is undriven.
Info:  Net Ref:/WORK/ibex_cs_registers_0_00000001_0_0_0_0_00000000_00000028_0_00000000_00000004_0_0_3_0/csr_pmp_addr_o[3][32] is undriven.
Info:  Net Ref:/WORK/ibex_cs_registers_0_00000001_0_0_0_0_00000000_00000028_0_00000000_00000004_0_0_3_0/csr_pmp_addr_o[3][31] is undriven.
Info:  Net Ref:/WORK/ibex_cs_registers_0_00000001_0_0_0_0_00000000_00000028_0_00000000_00000004_0_0_3_0/csr_pmp_addr_o[3][30] is undriven.
Info:  Net Ref:/WORK/ibex_cs_registers_0_00000001_0_0_0_0_00000000_00000028_0_00000000_00000004_0_0_3_0/csr_pmp_addr_o[3][29] is undriven.
Info:  Net Ref:/WORK/ibex_cs_registers_0_00000001_0_0_0_0_00000000_00000028_0_00000000_00000004_0_0_3_0/csr_pmp_addr_o[3][28] is undriven.
Info:  Net Ref:/WORK/ibex_cs_registers_0_00000001_0_0_0_0_00000000_00000028_0_00000000_00000004_0_0_3_0/csr_pmp_addr_o[3][27] is undriven.
Info:  Net Ref:/WORK/ibex_cs_registers_0_00000001_0_0_0_0_00000000_00000028_0_00000000_00000004_0_0_3_0/csr_pmp_addr_o[3][26] is undriven.
Info:  Net Ref:/WORK/ibex_cs_registers_0_00000001_0_0_0_0_00000000_00000028_0_00000000_00000004_0_0_3_0/csr_pmp_addr_o[3][25] is undriven.
Info:  Net Ref:/WORK/ibex_cs_registers_0_00000001_0_0_0_0_00000000_00000028_0_00000000_00000004_0_0_3_0/csr_pmp_addr_o[3][24] is undriven.
Info:  Net Ref:/WORK/ibex_cs_registers_0_00000001_0_0_0_0_00000000_00000028_0_00000000_00000004_0_0_3_0/csr_pmp_addr_o[3][23] is undriven.
Info:  Net Ref:/WORK/ibex_cs_registers_0_00000001_0_0_0_0_00000000_00000028_0_00000000_00000004_0_0_3_0/csr_pmp_addr_o[3][22] is undriven.
Info:  Net Ref:/WORK/ibex_cs_registers_0_00000001_0_0_0_0_00000000_00000028_0_00000000_00000004_0_0_3_0/csr_pmp_addr_o[3][21] is undriven.
Info:  Net Ref:/WORK/ibex_cs_registers_0_00000001_0_0_0_0_00000000_00000028_0_00000000_00000004_0_0_3_0/csr_pmp_addr_o[3][20] is undriven.
Info:  Net Ref:/WORK/ibex_cs_registers_0_00000001_0_0_0_0_00000000_00000028_0_00000000_00000004_0_0_3_0/csr_pmp_addr_o[3][19] is undriven.
Info:  Net Ref:/WORK/ibex_cs_registers_0_00000001_0_0_0_0_00000000_00000028_0_00000000_00000004_0_0_3_0/csr_pmp_addr_o[3][18] is undriven.
Info:  Net Ref:/WORK/ibex_cs_registers_0_00000001_0_0_0_0_00000000_00000028_0_00000000_00000004_0_0_3_0/csr_pmp_addr_o[3][17] is undriven.
Info:  Net Ref:/WORK/ibex_cs_registers_0_00000001_0_0_0_0_00000000_00000028_0_00000000_00000004_0_0_3_0/csr_pmp_addr_o[3][16] is undriven.
Info:  Net Ref:/WORK/ibex_cs_registers_0_00000001_0_0_0_0_00000000_00000028_0_00000000_00000004_0_0_3_0/csr_pmp_addr_o[3][15] is undriven.
Info:  Net Ref:/WORK/ibex_cs_registers_0_00000001_0_0_0_0_00000000_00000028_0_00000000_00000004_0_0_3_0/csr_pmp_addr_o[3][14] is undriven.
Info:  Net Ref:/WORK/ibex_cs_registers_0_00000001_0_0_0_0_00000000_00000028_0_00000000_00000004_0_0_3_0/csr_pmp_addr_o[3][13] is undriven.
Info:  Net Ref:/WORK/ibex_cs_registers_0_00000001_0_0_0_0_00000000_00000028_0_00000000_00000004_0_0_3_0/csr_pmp_addr_o[3][12] is undriven.
Info:  Net Ref:/WORK/ibex_cs_registers_0_00000001_0_0_0_0_00000000_00000028_0_00000000_00000004_0_0_3_0/csr_pmp_addr_o[3][11] is undriven.
Info:  Net Ref:/WORK/ibex_cs_registers_0_00000001_0_0_0_0_00000000_00000028_0_00000000_00000004_0_0_3_0/csr_pmp_addr_o[3][10] is undriven.
Info:  Net Ref:/WORK/ibex_cs_registers_0_00000001_0_0_0_0_00000000_00000028_0_00000000_00000004_0_0_3_0/csr_pmp_addr_o[3][9] is undriven.
Info:  Net Ref:/WORK/ibex_cs_registers_0_00000001_0_0_0_0_00000000_00000028_0_00000000_00000004_0_0_3_0/csr_pmp_addr_o[3][8] is undriven.
Info:  Net Ref:/WORK/ibex_cs_registers_0_00000001_0_0_0_0_00000000_00000028_0_00000000_00000004_0_0_3_0/csr_pmp_addr_o[3][7] is undriven.
Info:  Net Ref:/WORK/ibex_cs_registers_0_00000001_0_0_0_0_00000000_00000028_0_00000000_00000004_0_0_3_0/csr_pmp_addr_o[3][6] is undriven.
Info:  Net Ref:/WORK/ibex_cs_registers_0_00000001_0_0_0_0_00000000_00000028_0_00000000_00000004_0_0_3_0/csr_pmp_addr_o[3][5] is undriven.
Info:  Net Ref:/WORK/ibex_cs_registers_0_00000001_0_0_0_0_00000000_00000028_0_00000000_00000004_0_0_3_0/csr_pmp_addr_o[3][4] is undriven.
Info:  Net Ref:/WORK/ibex_cs_registers_0_00000001_0_0_0_0_00000000_00000028_0_00000000_00000004_0_0_3_0/csr_pmp_addr_o[3][3] is undriven.
Info:  Net Ref:/WORK/ibex_cs_registers_0_00000001_0_0_0_0_00000000_00000028_0_00000000_00000004_0_0_3_0/csr_pmp_addr_o[3][2] is undriven.
Info:  Net Ref:/WORK/ibex_cs_registers_0_00000001_0_0_0_0_00000000_00000028_0_00000000_00000004_0_0_3_0/csr_pmp_addr_o[3][1] is undriven.
Info:  Net Ref:/WORK/ibex_cs_registers_0_00000001_0_0_0_0_00000000_00000028_0_00000000_00000004_0_0_3_0/csr_pmp_addr_o[3][0] is undriven.
Info:  Net Ref:/WORK/ibex_cs_registers_0_00000001_0_0_0_0_00000000_00000028_0_00000000_00000004_0_0_3_0/csr_pmp_mseccfg_o\[rlb] is undriven.
Info:  Net Ref:/WORK/ibex_cs_registers_0_00000001_0_0_0_0_00000000_00000028_0_00000000_00000004_0_0_3_0/csr_pmp_mseccfg_o\[mmwp] is undriven.
Info:  Net Ref:/WORK/ibex_cs_registers_0_00000001_0_0_0_0_00000000_00000028_0_00000000_00000004_0_0_3_0/csr_pmp_mseccfg_o\[mml] is undriven.
Info:  Net Ref:/WORK/ibex_cs_registers_0_00000001_0_0_0_0_00000000_00000028_0_00000000_00000004_0_0_3_0/csr_depc_o[0] is undriven.
Info:  Net Ref:/WORK/ibex_cs_registers_0_00000001_0_0_0_0_00000000_00000028_0_00000000_00000004_0_0_3_0/trigger_match_o is undriven.
Info:  Net Ref:/WORK/ibex_cs_registers_0_00000001_0_0_0_0_00000000_00000028_0_00000000_00000004_0_0_3_0/data_ind_timing_o is undriven.
Info:  Net Ref:/WORK/ibex_cs_registers_0_00000001_0_0_0_0_00000000_00000028_0_00000000_00000004_0_0_3_0/dummy_instr_en_o is undriven.
Info:  Net Ref:/WORK/ibex_cs_registers_0_00000001_0_0_0_0_00000000_00000028_0_00000000_00000004_0_0_3_0/dummy_instr_mask_o[2] is undriven.
Info:  Net Ref:/WORK/ibex_cs_registers_0_00000001_0_0_0_0_00000000_00000028_0_00000000_00000004_0_0_3_0/dummy_instr_mask_o[1] is undriven.
Info:  Net Ref:/WORK/ibex_cs_registers_0_00000001_0_0_0_0_00000000_00000028_0_00000000_00000004_0_0_3_0/dummy_instr_mask_o[0] is undriven.
Info:  Net Ref:/WORK/ibex_cs_registers_0_00000001_0_0_0_0_00000000_00000028_0_00000000_00000004_0_0_3_0/dummy_instr_seed_en_o is undriven.
Info:  Net Ref:/WORK/ibex_cs_registers_0_00000001_0_0_0_0_00000000_00000028_0_00000000_00000004_0_0_3_0/dummy_instr_seed_o[31] is undriven.
Info:  Net Ref:/WORK/ibex_cs_registers_0_00000001_0_0_0_0_00000000_00000028_0_00000000_00000004_0_0_3_0/dummy_instr_seed_o[30] is undriven.
Info:  Net Ref:/WORK/ibex_cs_registers_0_00000001_0_0_0_0_00000000_00000028_0_00000000_00000004_0_0_3_0/dummy_instr_seed_o[29] is undriven.
Info:  Net Ref:/WORK/ibex_cs_registers_0_00000001_0_0_0_0_00000000_00000028_0_00000000_00000004_0_0_3_0/dummy_instr_seed_o[28] is undriven.
Info:  Net Ref:/WORK/ibex_cs_registers_0_00000001_0_0_0_0_00000000_00000028_0_00000000_00000004_0_0_3_0/dummy_instr_seed_o[27] is undriven.
Info:  Net Ref:/WORK/ibex_cs_registers_0_00000001_0_0_0_0_00000000_00000028_0_00000000_00000004_0_0_3_0/dummy_instr_seed_o[26] is undriven.
Info:  Net Ref:/WORK/ibex_cs_registers_0_00000001_0_0_0_0_00000000_00000028_0_00000000_00000004_0_0_3_0/dummy_instr_seed_o[25] is undriven.
Info:  Net Ref:/WORK/ibex_cs_registers_0_00000001_0_0_0_0_00000000_00000028_0_00000000_00000004_0_0_3_0/dummy_instr_seed_o[24] is undriven.
Info:  Net Ref:/WORK/ibex_cs_registers_0_00000001_0_0_0_0_00000000_00000028_0_00000000_00000004_0_0_3_0/dummy_instr_seed_o[23] is undriven.
Info:  Net Ref:/WORK/ibex_cs_registers_0_00000001_0_0_0_0_00000000_00000028_0_00000000_00000004_0_0_3_0/dummy_instr_seed_o[22] is undriven.
Info:  Net Ref:/WORK/ibex_cs_registers_0_00000001_0_0_0_0_00000000_00000028_0_00000000_00000004_0_0_3_0/dummy_instr_seed_o[21] is undriven.
Info:  Net Ref:/WORK/ibex_cs_registers_0_00000001_0_0_0_0_00000000_00000028_0_00000000_00000004_0_0_3_0/dummy_instr_seed_o[20] is undriven.
Info:  Net Ref:/WORK/ibex_cs_registers_0_00000001_0_0_0_0_00000000_00000028_0_00000000_00000004_0_0_3_0/dummy_instr_seed_o[19] is undriven.
Info:  Net Ref:/WORK/ibex_cs_registers_0_00000001_0_0_0_0_00000000_00000028_0_00000000_00000004_0_0_3_0/dummy_instr_seed_o[18] is undriven.
Info:  Net Ref:/WORK/ibex_cs_registers_0_00000001_0_0_0_0_00000000_00000028_0_00000000_00000004_0_0_3_0/dummy_instr_seed_o[17] is undriven.
Info:  Net Ref:/WORK/ibex_cs_registers_0_00000001_0_0_0_0_00000000_00000028_0_00000000_00000004_0_0_3_0/dummy_instr_seed_o[16] is undriven.
Info:  Net Ref:/WORK/ibex_cs_registers_0_00000001_0_0_0_0_00000000_00000028_0_00000000_00000004_0_0_3_0/dummy_instr_seed_o[15] is undriven.
Info:  Net Ref:/WORK/ibex_cs_registers_0_00000001_0_0_0_0_00000000_00000028_0_00000000_00000004_0_0_3_0/dummy_instr_seed_o[14] is undriven.
Info:  Net Ref:/WORK/ibex_cs_registers_0_00000001_0_0_0_0_00000000_00000028_0_00000000_00000004_0_0_3_0/dummy_instr_seed_o[13] is undriven.
Info:  Net Ref:/WORK/ibex_cs_registers_0_00000001_0_0_0_0_00000000_00000028_0_00000000_00000004_0_0_3_0/dummy_instr_seed_o[12] is undriven.
Info:  Net Ref:/WORK/ibex_cs_registers_0_00000001_0_0_0_0_00000000_00000028_0_00000000_00000004_0_0_3_0/dummy_instr_seed_o[11] is undriven.
Info:  Net Ref:/WORK/ibex_cs_registers_0_00000001_0_0_0_0_00000000_00000028_0_00000000_00000004_0_0_3_0/dummy_instr_seed_o[10] is undriven.
Info:  Net Ref:/WORK/ibex_cs_registers_0_00000001_0_0_0_0_00000000_00000028_0_00000000_00000004_0_0_3_0/dummy_instr_seed_o[9] is undriven.
Info:  Net Ref:/WORK/ibex_cs_registers_0_00000001_0_0_0_0_00000000_00000028_0_00000000_00000004_0_0_3_0/dummy_instr_seed_o[8] is undriven.
Info:  Net Ref:/WORK/ibex_cs_registers_0_00000001_0_0_0_0_00000000_00000028_0_00000000_00000004_0_0_3_0/dummy_instr_seed_o[7] is undriven.
Info:  Net Ref:/WORK/ibex_cs_registers_0_00000001_0_0_0_0_00000000_00000028_0_00000000_00000004_0_0_3_0/dummy_instr_seed_o[6] is undriven.
Info:  Net Ref:/WORK/ibex_cs_registers_0_00000001_0_0_0_0_00000000_00000028_0_00000000_00000004_0_0_3_0/dummy_instr_seed_o[5] is undriven.
Info:  Net Ref:/WORK/ibex_cs_registers_0_00000001_0_0_0_0_00000000_00000028_0_00000000_00000004_0_0_3_0/dummy_instr_seed_o[4] is undriven.
Info:  Net Ref:/WORK/ibex_cs_registers_0_00000001_0_0_0_0_00000000_00000028_0_00000000_00000004_0_0_3_0/dummy_instr_seed_o[3] is undriven.
Info:  Net Ref:/WORK/ibex_cs_registers_0_00000001_0_0_0_0_00000000_00000028_0_00000000_00000004_0_0_3_0/dummy_instr_seed_o[2] is undriven.
Info:  Net Ref:/WORK/ibex_cs_registers_0_00000001_0_0_0_0_00000000_00000028_0_00000000_00000004_0_0_3_0/dummy_instr_seed_o[1] is undriven.
Info:  Net Ref:/WORK/ibex_cs_registers_0_00000001_0_0_0_0_00000000_00000028_0_00000000_00000004_0_0_3_0/dummy_instr_seed_o[0] is undriven.
Info:  Net Ref:/WORK/ibex_cs_registers_0_00000001_0_0_0_0_00000000_00000028_0_00000000_00000004_0_0_3_0/icache_enable_o is undriven.
Info:  Net Ref:/WORK/ibex_cs_registers_0_00000001_0_0_0_0_00000000_00000028_0_00000000_00000004_0_0_3_0/csr_shadow_err_o is undriven.
Info:  Net Imp:/WORK/ibex_register_file_ff_0_00000020_0_0_0_00000000/err_o is undriven.
Info:  Net Imp:/WORK/ibex_cs_registers_0_00000001_0_0_0_0_00000000_00000028_0_00000000_00000004_0_0_3_0/csr_mtvec_o[7] is undriven.
Info:  Net Imp:/WORK/ibex_cs_registers_0_00000001_0_0_0_0_00000000_00000028_0_00000000_00000004_0_0_3_0/csr_mtvec_o[6] is undriven.
Info:  Net Imp:/WORK/ibex_cs_registers_0_00000001_0_0_0_0_00000000_00000028_0_00000000_00000004_0_0_3_0/csr_mtvec_o[5] is undriven.
Info:  Net Imp:/WORK/ibex_cs_registers_0_00000001_0_0_0_0_00000000_00000028_0_00000000_00000004_0_0_3_0/csr_mtvec_o[4] is undriven.
Info:  Net Imp:/WORK/ibex_cs_registers_0_00000001_0_0_0_0_00000000_00000028_0_00000000_00000004_0_0_3_0/csr_mtvec_o[3] is undriven.
Info:  Net Imp:/WORK/ibex_cs_registers_0_00000001_0_0_0_0_00000000_00000028_0_00000000_00000004_0_0_3_0/csr_mtvec_o[2] is undriven.
Info:  Net Imp:/WORK/ibex_cs_registers_0_00000001_0_0_0_0_00000000_00000028_0_00000000_00000004_0_0_3_0/csr_mtvec_o[1] is undriven.
Info:  Net Imp:/WORK/ibex_cs_registers_0_00000001_0_0_0_0_00000000_00000028_0_00000000_00000004_0_0_3_0/csr_mtvec_o[0] is undriven.
Info:  Net Imp:/WORK/ibex_cs_registers_0_00000001_0_0_0_0_00000000_00000028_0_00000000_00000004_0_0_3_0/csr_mepc_o[0] is undriven.
Info:  Net Imp:/WORK/ibex_cs_registers_0_00000001_0_0_0_0_00000000_00000028_0_00000000_00000004_0_0_3_0/csr_pmp_cfg_o[23] is undriven.
Info:  Net Imp:/WORK/ibex_cs_registers_0_00000001_0_0_0_0_00000000_00000028_0_00000000_00000004_0_0_3_0/csr_pmp_cfg_o[22] is undriven.
Info:  Net Imp:/WORK/ibex_cs_registers_0_00000001_0_0_0_0_00000000_00000028_0_00000000_00000004_0_0_3_0/csr_pmp_cfg_o[21] is undriven.
Info:  Net Imp:/WORK/ibex_cs_registers_0_00000001_0_0_0_0_00000000_00000028_0_00000000_00000004_0_0_3_0/csr_pmp_cfg_o[20] is undriven.
Info:  Net Imp:/WORK/ibex_cs_registers_0_00000001_0_0_0_0_00000000_00000028_0_00000000_00000004_0_0_3_0/csr_pmp_cfg_o[19] is undriven.
Info:  Net Imp:/WORK/ibex_cs_registers_0_00000001_0_0_0_0_00000000_00000028_0_00000000_00000004_0_0_3_0/csr_pmp_cfg_o[18] is undriven.
Info:  Net Imp:/WORK/ibex_cs_registers_0_00000001_0_0_0_0_00000000_00000028_0_00000000_00000004_0_0_3_0/csr_pmp_cfg_o[17] is undriven.
Info:  Net Imp:/WORK/ibex_cs_registers_0_00000001_0_0_0_0_00000000_00000028_0_00000000_00000004_0_0_3_0/csr_pmp_cfg_o[16] is undriven.
Info:  Net Imp:/WORK/ibex_cs_registers_0_00000001_0_0_0_0_00000000_00000028_0_00000000_00000004_0_0_3_0/csr_pmp_cfg_o[15] is undriven.
Info:  Net Imp:/WORK/ibex_cs_registers_0_00000001_0_0_0_0_00000000_00000028_0_00000000_00000004_0_0_3_0/csr_pmp_cfg_o[14] is undriven.
Info:  Net Imp:/WORK/ibex_cs_registers_0_00000001_0_0_0_0_00000000_00000028_0_00000000_00000004_0_0_3_0/csr_pmp_cfg_o[13] is undriven.
Info:  Net Imp:/WORK/ibex_cs_registers_0_00000001_0_0_0_0_00000000_00000028_0_00000000_00000004_0_0_3_0/csr_pmp_cfg_o[12] is undriven.
Info:  Net Imp:/WORK/ibex_cs_registers_0_00000001_0_0_0_0_00000000_00000028_0_00000000_00000004_0_0_3_0/csr_pmp_cfg_o[11] is undriven.
Info:  Net Imp:/WORK/ibex_cs_registers_0_00000001_0_0_0_0_00000000_00000028_0_00000000_00000004_0_0_3_0/csr_pmp_cfg_o[10] is undriven.
Info:  Net Imp:/WORK/ibex_cs_registers_0_00000001_0_0_0_0_00000000_00000028_0_00000000_00000004_0_0_3_0/csr_pmp_cfg_o[9] is undriven.
Info:  Net Imp:/WORK/ibex_cs_registers_0_00000001_0_0_0_0_00000000_00000028_0_00000000_00000004_0_0_3_0/csr_pmp_cfg_o[8] is undriven.
Info:  Net Imp:/WORK/ibex_cs_registers_0_00000001_0_0_0_0_00000000_00000028_0_00000000_00000004_0_0_3_0/csr_pmp_cfg_o[7] is undriven.
Info:  Net Imp:/WORK/ibex_cs_registers_0_00000001_0_0_0_0_00000000_00000028_0_00000000_00000004_0_0_3_0/csr_pmp_cfg_o[6] is undriven.
Info:  Net Imp:/WORK/ibex_cs_registers_0_00000001_0_0_0_0_00000000_00000028_0_00000000_00000004_0_0_3_0/csr_pmp_cfg_o[5] is undriven.
Info:  Net Imp:/WORK/ibex_cs_registers_0_00000001_0_0_0_0_00000000_00000028_0_00000000_00000004_0_0_3_0/csr_pmp_cfg_o[4] is undriven.
Info:  Net Imp:/WORK/ibex_cs_registers_0_00000001_0_0_0_0_00000000_00000028_0_00000000_00000004_0_0_3_0/csr_pmp_cfg_o[3] is undriven.
Info:  Net Imp:/WORK/ibex_cs_registers_0_00000001_0_0_0_0_00000000_00000028_0_00000000_00000004_0_0_3_0/csr_pmp_cfg_o[2] is undriven.
Info:  Net Imp:/WORK/ibex_cs_registers_0_00000001_0_0_0_0_00000000_00000028_0_00000000_00000004_0_0_3_0/csr_pmp_cfg_o[1] is undriven.
Info:  Net Imp:/WORK/ibex_cs_registers_0_00000001_0_0_0_0_00000000_00000028_0_00000000_00000004_0_0_3_0/csr_pmp_cfg_o[0] is undriven.
Info:  Net Imp:/WORK/ibex_cs_registers_0_00000001_0_0_0_0_00000000_00000028_0_00000000_00000004_0_0_3_0/csr_pmp_addr_o[135] is undriven.
Info:  Net Imp:/WORK/ibex_cs_registers_0_00000001_0_0_0_0_00000000_00000028_0_00000000_00000004_0_0_3_0/csr_pmp_addr_o[134] is undriven.
Info:  Net Imp:/WORK/ibex_cs_registers_0_00000001_0_0_0_0_00000000_00000028_0_00000000_00000004_0_0_3_0/csr_pmp_addr_o[133] is undriven.
Info:  Net Imp:/WORK/ibex_cs_registers_0_00000001_0_0_0_0_00000000_00000028_0_00000000_00000004_0_0_3_0/csr_pmp_addr_o[132] is undriven.
Info:  Net Imp:/WORK/ibex_cs_registers_0_00000001_0_0_0_0_00000000_00000028_0_00000000_00000004_0_0_3_0/csr_pmp_addr_o[131] is undriven.
Info:  Net Imp:/WORK/ibex_cs_registers_0_00000001_0_0_0_0_00000000_00000028_0_00000000_00000004_0_0_3_0/csr_pmp_addr_o[130] is undriven.
Info:  Net Imp:/WORK/ibex_cs_registers_0_00000001_0_0_0_0_00000000_00000028_0_00000000_00000004_0_0_3_0/csr_pmp_addr_o[129] is undriven.
Info:  Net Imp:/WORK/ibex_cs_registers_0_00000001_0_0_0_0_00000000_00000028_0_00000000_00000004_0_0_3_0/csr_pmp_addr_o[128] is undriven.
Info:  Net Imp:/WORK/ibex_cs_registers_0_00000001_0_0_0_0_00000000_00000028_0_00000000_00000004_0_0_3_0/csr_pmp_addr_o[127] is undriven.
Info:  Net Imp:/WORK/ibex_cs_registers_0_00000001_0_0_0_0_00000000_00000028_0_00000000_00000004_0_0_3_0/csr_pmp_addr_o[126] is undriven.
Info:  Net Imp:/WORK/ibex_cs_registers_0_00000001_0_0_0_0_00000000_00000028_0_00000000_00000004_0_0_3_0/csr_pmp_addr_o[125] is undriven.
Info:  Net Imp:/WORK/ibex_cs_registers_0_00000001_0_0_0_0_00000000_00000028_0_00000000_00000004_0_0_3_0/csr_pmp_addr_o[124] is undriven.
Info:  Net Imp:/WORK/ibex_cs_registers_0_00000001_0_0_0_0_00000000_00000028_0_00000000_00000004_0_0_3_0/csr_pmp_addr_o[123] is undriven.
Info:  Net Imp:/WORK/ibex_cs_registers_0_00000001_0_0_0_0_00000000_00000028_0_00000000_00000004_0_0_3_0/csr_pmp_addr_o[122] is undriven.
Info:  Net Imp:/WORK/ibex_cs_registers_0_00000001_0_0_0_0_00000000_00000028_0_00000000_00000004_0_0_3_0/csr_pmp_addr_o[121] is undriven.
Info:  Net Imp:/WORK/ibex_cs_registers_0_00000001_0_0_0_0_00000000_00000028_0_00000000_00000004_0_0_3_0/csr_pmp_addr_o[120] is undriven.
Info:  Net Imp:/WORK/ibex_cs_registers_0_00000001_0_0_0_0_00000000_00000028_0_00000000_00000004_0_0_3_0/csr_pmp_addr_o[119] is undriven.
Info:  Net Imp:/WORK/ibex_cs_registers_0_00000001_0_0_0_0_00000000_00000028_0_00000000_00000004_0_0_3_0/csr_pmp_addr_o[118] is undriven.
Info:  Net Imp:/WORK/ibex_cs_registers_0_00000001_0_0_0_0_00000000_00000028_0_00000000_00000004_0_0_3_0/csr_pmp_addr_o[117] is undriven.
Info:  Net Imp:/WORK/ibex_cs_registers_0_00000001_0_0_0_0_00000000_00000028_0_00000000_00000004_0_0_3_0/csr_pmp_addr_o[116] is undriven.
Info:  Net Imp:/WORK/ibex_cs_registers_0_00000001_0_0_0_0_00000000_00000028_0_00000000_00000004_0_0_3_0/csr_pmp_addr_o[115] is undriven.
Info:  Net Imp:/WORK/ibex_cs_registers_0_00000001_0_0_0_0_00000000_00000028_0_00000000_00000004_0_0_3_0/csr_pmp_addr_o[114] is undriven.
Info:  Net Imp:/WORK/ibex_cs_registers_0_00000001_0_0_0_0_00000000_00000028_0_00000000_00000004_0_0_3_0/csr_pmp_addr_o[113] is undriven.
Info:  Net Imp:/WORK/ibex_cs_registers_0_00000001_0_0_0_0_00000000_00000028_0_00000000_00000004_0_0_3_0/csr_pmp_addr_o[112] is undriven.
Info:  Net Imp:/WORK/ibex_cs_registers_0_00000001_0_0_0_0_00000000_00000028_0_00000000_00000004_0_0_3_0/csr_pmp_addr_o[111] is undriven.
Info:  Net Imp:/WORK/ibex_cs_registers_0_00000001_0_0_0_0_00000000_00000028_0_00000000_00000004_0_0_3_0/csr_pmp_addr_o[110] is undriven.
Info:  Net Imp:/WORK/ibex_cs_registers_0_00000001_0_0_0_0_00000000_00000028_0_00000000_00000004_0_0_3_0/csr_pmp_addr_o[109] is undriven.
Info:  Net Imp:/WORK/ibex_cs_registers_0_00000001_0_0_0_0_00000000_00000028_0_00000000_00000004_0_0_3_0/csr_pmp_addr_o[108] is undriven.
Info:  Net Imp:/WORK/ibex_cs_registers_0_00000001_0_0_0_0_00000000_00000028_0_00000000_00000004_0_0_3_0/csr_pmp_addr_o[107] is undriven.
Info:  Net Imp:/WORK/ibex_cs_registers_0_00000001_0_0_0_0_00000000_00000028_0_00000000_00000004_0_0_3_0/csr_pmp_addr_o[106] is undriven.
Info:  Net Imp:/WORK/ibex_cs_registers_0_00000001_0_0_0_0_00000000_00000028_0_00000000_00000004_0_0_3_0/csr_pmp_addr_o[105] is undriven.
Info:  Net Imp:/WORK/ibex_cs_registers_0_00000001_0_0_0_0_00000000_00000028_0_00000000_00000004_0_0_3_0/csr_pmp_addr_o[104] is undriven.
Info:  Net Imp:/WORK/ibex_cs_registers_0_00000001_0_0_0_0_00000000_00000028_0_00000000_00000004_0_0_3_0/csr_pmp_addr_o[103] is undriven.
Info:  Net Imp:/WORK/ibex_cs_registers_0_00000001_0_0_0_0_00000000_00000028_0_00000000_00000004_0_0_3_0/csr_pmp_addr_o[102] is undriven.
Info:  Net Imp:/WORK/ibex_cs_registers_0_00000001_0_0_0_0_00000000_00000028_0_00000000_00000004_0_0_3_0/csr_pmp_addr_o[101] is undriven.
Info:  Net Imp:/WORK/ibex_cs_registers_0_00000001_0_0_0_0_00000000_00000028_0_00000000_00000004_0_0_3_0/csr_pmp_addr_o[100] is undriven.
Info:  Net Imp:/WORK/ibex_cs_registers_0_00000001_0_0_0_0_00000000_00000028_0_00000000_00000004_0_0_3_0/csr_pmp_addr_o[99] is undriven.
Info:  Net Imp:/WORK/ibex_cs_registers_0_00000001_0_0_0_0_00000000_00000028_0_00000000_00000004_0_0_3_0/csr_pmp_addr_o[98] is undriven.
Info:  Net Imp:/WORK/ibex_cs_registers_0_00000001_0_0_0_0_00000000_00000028_0_00000000_00000004_0_0_3_0/csr_pmp_addr_o[97] is undriven.
Info:  Net Imp:/WORK/ibex_cs_registers_0_00000001_0_0_0_0_00000000_00000028_0_00000000_00000004_0_0_3_0/csr_pmp_addr_o[96] is undriven.
Info:  Net Imp:/WORK/ibex_cs_registers_0_00000001_0_0_0_0_00000000_00000028_0_00000000_00000004_0_0_3_0/csr_pmp_addr_o[95] is undriven.
Info:  Net Imp:/WORK/ibex_cs_registers_0_00000001_0_0_0_0_00000000_00000028_0_00000000_00000004_0_0_3_0/csr_pmp_addr_o[94] is undriven.
Info:  Net Imp:/WORK/ibex_cs_registers_0_00000001_0_0_0_0_00000000_00000028_0_00000000_00000004_0_0_3_0/csr_pmp_addr_o[93] is undriven.
Info:  Net Imp:/WORK/ibex_cs_registers_0_00000001_0_0_0_0_00000000_00000028_0_00000000_00000004_0_0_3_0/csr_pmp_addr_o[92] is undriven.
Info:  Net Imp:/WORK/ibex_cs_registers_0_00000001_0_0_0_0_00000000_00000028_0_00000000_00000004_0_0_3_0/csr_pmp_addr_o[91] is undriven.
Info:  Net Imp:/WORK/ibex_cs_registers_0_00000001_0_0_0_0_00000000_00000028_0_00000000_00000004_0_0_3_0/csr_pmp_addr_o[90] is undriven.
Info:  Net Imp:/WORK/ibex_cs_registers_0_00000001_0_0_0_0_00000000_00000028_0_00000000_00000004_0_0_3_0/csr_pmp_addr_o[89] is undriven.
Info:  Net Imp:/WORK/ibex_cs_registers_0_00000001_0_0_0_0_00000000_00000028_0_00000000_00000004_0_0_3_0/csr_pmp_addr_o[88] is undriven.
Info:  Net Imp:/WORK/ibex_cs_registers_0_00000001_0_0_0_0_00000000_00000028_0_00000000_00000004_0_0_3_0/csr_pmp_addr_o[87] is undriven.
Info:  Net Imp:/WORK/ibex_cs_registers_0_00000001_0_0_0_0_00000000_00000028_0_00000000_00000004_0_0_3_0/csr_pmp_addr_o[86] is undriven.
Info:  Net Imp:/WORK/ibex_cs_registers_0_00000001_0_0_0_0_00000000_00000028_0_00000000_00000004_0_0_3_0/csr_pmp_addr_o[85] is undriven.
Info:  Net Imp:/WORK/ibex_cs_registers_0_00000001_0_0_0_0_00000000_00000028_0_00000000_00000004_0_0_3_0/csr_pmp_addr_o[84] is undriven.
Info:  Net Imp:/WORK/ibex_cs_registers_0_00000001_0_0_0_0_00000000_00000028_0_00000000_00000004_0_0_3_0/csr_pmp_addr_o[83] is undriven.
Info:  Net Imp:/WORK/ibex_cs_registers_0_00000001_0_0_0_0_00000000_00000028_0_00000000_00000004_0_0_3_0/csr_pmp_addr_o[82] is undriven.
Info:  Net Imp:/WORK/ibex_cs_registers_0_00000001_0_0_0_0_00000000_00000028_0_00000000_00000004_0_0_3_0/csr_pmp_addr_o[81] is undriven.
Info:  Net Imp:/WORK/ibex_cs_registers_0_00000001_0_0_0_0_00000000_00000028_0_00000000_00000004_0_0_3_0/csr_pmp_addr_o[80] is undriven.
Info:  Net Imp:/WORK/ibex_cs_registers_0_00000001_0_0_0_0_00000000_00000028_0_00000000_00000004_0_0_3_0/csr_pmp_addr_o[79] is undriven.
Info:  Net Imp:/WORK/ibex_cs_registers_0_00000001_0_0_0_0_00000000_00000028_0_00000000_00000004_0_0_3_0/csr_pmp_addr_o[78] is undriven.
Info:  Net Imp:/WORK/ibex_cs_registers_0_00000001_0_0_0_0_00000000_00000028_0_00000000_00000004_0_0_3_0/csr_pmp_addr_o[77] is undriven.
Info:  Net Imp:/WORK/ibex_cs_registers_0_00000001_0_0_0_0_00000000_00000028_0_00000000_00000004_0_0_3_0/csr_pmp_addr_o[76] is undriven.
Info:  Net Imp:/WORK/ibex_cs_registers_0_00000001_0_0_0_0_00000000_00000028_0_00000000_00000004_0_0_3_0/csr_pmp_addr_o[75] is undriven.
Info:  Net Imp:/WORK/ibex_cs_registers_0_00000001_0_0_0_0_00000000_00000028_0_00000000_00000004_0_0_3_0/csr_pmp_addr_o[74] is undriven.
Info:  Net Imp:/WORK/ibex_cs_registers_0_00000001_0_0_0_0_00000000_00000028_0_00000000_00000004_0_0_3_0/csr_pmp_addr_o[73] is undriven.
Info:  Net Imp:/WORK/ibex_cs_registers_0_00000001_0_0_0_0_00000000_00000028_0_00000000_00000004_0_0_3_0/csr_pmp_addr_o[72] is undriven.
Info:  Net Imp:/WORK/ibex_cs_registers_0_00000001_0_0_0_0_00000000_00000028_0_00000000_00000004_0_0_3_0/csr_pmp_addr_o[71] is undriven.
Info:  Net Imp:/WORK/ibex_cs_registers_0_00000001_0_0_0_0_00000000_00000028_0_00000000_00000004_0_0_3_0/csr_pmp_addr_o[70] is undriven.
Info:  Net Imp:/WORK/ibex_cs_registers_0_00000001_0_0_0_0_00000000_00000028_0_00000000_00000004_0_0_3_0/csr_pmp_addr_o[69] is undriven.
Info:  Net Imp:/WORK/ibex_cs_registers_0_00000001_0_0_0_0_00000000_00000028_0_00000000_00000004_0_0_3_0/csr_pmp_addr_o[68] is undriven.
Info:  Net Imp:/WORK/ibex_cs_registers_0_00000001_0_0_0_0_00000000_00000028_0_00000000_00000004_0_0_3_0/csr_pmp_addr_o[67] is undriven.
Info:  Net Imp:/WORK/ibex_cs_registers_0_00000001_0_0_0_0_00000000_00000028_0_00000000_00000004_0_0_3_0/csr_pmp_addr_o[66] is undriven.
Info:  Net Imp:/WORK/ibex_cs_registers_0_00000001_0_0_0_0_00000000_00000028_0_00000000_00000004_0_0_3_0/csr_pmp_addr_o[65] is undriven.
Info:  Net Imp:/WORK/ibex_cs_registers_0_00000001_0_0_0_0_00000000_00000028_0_00000000_00000004_0_0_3_0/csr_pmp_addr_o[64] is undriven.
Info:  Net Imp:/WORK/ibex_cs_registers_0_00000001_0_0_0_0_00000000_00000028_0_00000000_00000004_0_0_3_0/csr_pmp_addr_o[63] is undriven.
Info:  Net Imp:/WORK/ibex_cs_registers_0_00000001_0_0_0_0_00000000_00000028_0_00000000_00000004_0_0_3_0/csr_pmp_addr_o[62] is undriven.
Info:  Net Imp:/WORK/ibex_cs_registers_0_00000001_0_0_0_0_00000000_00000028_0_00000000_00000004_0_0_3_0/csr_pmp_addr_o[61] is undriven.
Info:  Net Imp:/WORK/ibex_cs_registers_0_00000001_0_0_0_0_00000000_00000028_0_00000000_00000004_0_0_3_0/csr_pmp_addr_o[60] is undriven.
Info:  Net Imp:/WORK/ibex_cs_registers_0_00000001_0_0_0_0_00000000_00000028_0_00000000_00000004_0_0_3_0/csr_pmp_addr_o[59] is undriven.
Info:  Net Imp:/WORK/ibex_cs_registers_0_00000001_0_0_0_0_00000000_00000028_0_00000000_00000004_0_0_3_0/csr_pmp_addr_o[58] is undriven.
Info:  Net Imp:/WORK/ibex_cs_registers_0_00000001_0_0_0_0_00000000_00000028_0_00000000_00000004_0_0_3_0/csr_pmp_addr_o[57] is undriven.
Info:  Net Imp:/WORK/ibex_cs_registers_0_00000001_0_0_0_0_00000000_00000028_0_00000000_00000004_0_0_3_0/csr_pmp_addr_o[56] is undriven.
Info:  Net Imp:/WORK/ibex_cs_registers_0_00000001_0_0_0_0_00000000_00000028_0_00000000_00000004_0_0_3_0/csr_pmp_addr_o[55] is undriven.
Info:  Net Imp:/WORK/ibex_cs_registers_0_00000001_0_0_0_0_00000000_00000028_0_00000000_00000004_0_0_3_0/csr_pmp_addr_o[54] is undriven.
Info:  Net Imp:/WORK/ibex_cs_registers_0_00000001_0_0_0_0_00000000_00000028_0_00000000_00000004_0_0_3_0/csr_pmp_addr_o[53] is undriven.
Info:  Net Imp:/WORK/ibex_cs_registers_0_00000001_0_0_0_0_00000000_00000028_0_00000000_00000004_0_0_3_0/csr_pmp_addr_o[52] is undriven.
Info:  Net Imp:/WORK/ibex_cs_registers_0_00000001_0_0_0_0_00000000_00000028_0_00000000_00000004_0_0_3_0/csr_pmp_addr_o[51] is undriven.
Info:  Net Imp:/WORK/ibex_cs_registers_0_00000001_0_0_0_0_00000000_00000028_0_00000000_00000004_0_0_3_0/csr_pmp_addr_o[50] is undriven.
Info:  Net Imp:/WORK/ibex_cs_registers_0_00000001_0_0_0_0_00000000_00000028_0_00000000_00000004_0_0_3_0/csr_pmp_addr_o[49] is undriven.
Info:  Net Imp:/WORK/ibex_cs_registers_0_00000001_0_0_0_0_00000000_00000028_0_00000000_00000004_0_0_3_0/csr_pmp_addr_o[48] is undriven.
Info:  Net Imp:/WORK/ibex_cs_registers_0_00000001_0_0_0_0_00000000_00000028_0_00000000_00000004_0_0_3_0/csr_pmp_addr_o[47] is undriven.
Info:  Net Imp:/WORK/ibex_cs_registers_0_00000001_0_0_0_0_00000000_00000028_0_00000000_00000004_0_0_3_0/csr_pmp_addr_o[46] is undriven.
Info:  Net Imp:/WORK/ibex_cs_registers_0_00000001_0_0_0_0_00000000_00000028_0_00000000_00000004_0_0_3_0/csr_pmp_addr_o[45] is undriven.
Info:  Net Imp:/WORK/ibex_cs_registers_0_00000001_0_0_0_0_00000000_00000028_0_00000000_00000004_0_0_3_0/csr_pmp_addr_o[44] is undriven.
Info:  Net Imp:/WORK/ibex_cs_registers_0_00000001_0_0_0_0_00000000_00000028_0_00000000_00000004_0_0_3_0/csr_pmp_addr_o[43] is undriven.
Info:  Net Imp:/WORK/ibex_cs_registers_0_00000001_0_0_0_0_00000000_00000028_0_00000000_00000004_0_0_3_0/csr_pmp_addr_o[42] is undriven.
Info:  Net Imp:/WORK/ibex_cs_registers_0_00000001_0_0_0_0_00000000_00000028_0_00000000_00000004_0_0_3_0/csr_pmp_addr_o[41] is undriven.
Info:  Net Imp:/WORK/ibex_cs_registers_0_00000001_0_0_0_0_00000000_00000028_0_00000000_00000004_0_0_3_0/csr_pmp_addr_o[40] is undriven.
Info:  Net Imp:/WORK/ibex_cs_registers_0_00000001_0_0_0_0_00000000_00000028_0_00000000_00000004_0_0_3_0/csr_pmp_addr_o[39] is undriven.
Info:  Net Imp:/WORK/ibex_cs_registers_0_00000001_0_0_0_0_00000000_00000028_0_00000000_00000004_0_0_3_0/csr_pmp_addr_o[38] is undriven.
Info:  Net Imp:/WORK/ibex_cs_registers_0_00000001_0_0_0_0_00000000_00000028_0_00000000_00000004_0_0_3_0/csr_pmp_addr_o[37] is undriven.
Info:  Net Imp:/WORK/ibex_cs_registers_0_00000001_0_0_0_0_00000000_00000028_0_00000000_00000004_0_0_3_0/csr_pmp_addr_o[36] is undriven.
Info:  Net Imp:/WORK/ibex_cs_registers_0_00000001_0_0_0_0_00000000_00000028_0_00000000_00000004_0_0_3_0/csr_pmp_addr_o[35] is undriven.
Info:  Net Imp:/WORK/ibex_cs_registers_0_00000001_0_0_0_0_00000000_00000028_0_00000000_00000004_0_0_3_0/csr_pmp_addr_o[34] is undriven.
Info:  Net Imp:/WORK/ibex_cs_registers_0_00000001_0_0_0_0_00000000_00000028_0_00000000_00000004_0_0_3_0/csr_pmp_addr_o[33] is undriven.
Info:  Net Imp:/WORK/ibex_cs_registers_0_00000001_0_0_0_0_00000000_00000028_0_00000000_00000004_0_0_3_0/csr_pmp_addr_o[32] is undriven.
Info:  Net Imp:/WORK/ibex_cs_registers_0_00000001_0_0_0_0_00000000_00000028_0_00000000_00000004_0_0_3_0/csr_pmp_addr_o[31] is undriven.
Info:  Net Imp:/WORK/ibex_cs_registers_0_00000001_0_0_0_0_00000000_00000028_0_00000000_00000004_0_0_3_0/csr_pmp_addr_o[30] is undriven.
Info:  Net Imp:/WORK/ibex_cs_registers_0_00000001_0_0_0_0_00000000_00000028_0_00000000_00000004_0_0_3_0/csr_pmp_addr_o[29] is undriven.
Info:  Net Imp:/WORK/ibex_cs_registers_0_00000001_0_0_0_0_00000000_00000028_0_00000000_00000004_0_0_3_0/csr_pmp_addr_o[28] is undriven.
Info:  Net Imp:/WORK/ibex_cs_registers_0_00000001_0_0_0_0_00000000_00000028_0_00000000_00000004_0_0_3_0/csr_pmp_addr_o[27] is undriven.
Info:  Net Imp:/WORK/ibex_cs_registers_0_00000001_0_0_0_0_00000000_00000028_0_00000000_00000004_0_0_3_0/csr_pmp_addr_o[26] is undriven.
Info:  Net Imp:/WORK/ibex_cs_registers_0_00000001_0_0_0_0_00000000_00000028_0_00000000_00000004_0_0_3_0/csr_pmp_addr_o[25] is undriven.
Info:  Net Imp:/WORK/ibex_cs_registers_0_00000001_0_0_0_0_00000000_00000028_0_00000000_00000004_0_0_3_0/csr_pmp_addr_o[24] is undriven.
Info:  Net Imp:/WORK/ibex_cs_registers_0_00000001_0_0_0_0_00000000_00000028_0_00000000_00000004_0_0_3_0/csr_pmp_addr_o[23] is undriven.
Info:  Net Imp:/WORK/ibex_cs_registers_0_00000001_0_0_0_0_00000000_00000028_0_00000000_00000004_0_0_3_0/csr_pmp_addr_o[22] is undriven.
Info:  Net Imp:/WORK/ibex_cs_registers_0_00000001_0_0_0_0_00000000_00000028_0_00000000_00000004_0_0_3_0/csr_pmp_addr_o[21] is undriven.
Info:  Net Imp:/WORK/ibex_cs_registers_0_00000001_0_0_0_0_00000000_00000028_0_00000000_00000004_0_0_3_0/csr_pmp_addr_o[20] is undriven.
Info:  Net Imp:/WORK/ibex_cs_registers_0_00000001_0_0_0_0_00000000_00000028_0_00000000_00000004_0_0_3_0/csr_pmp_addr_o[19] is undriven.
Info:  Net Imp:/WORK/ibex_cs_registers_0_00000001_0_0_0_0_00000000_00000028_0_00000000_00000004_0_0_3_0/csr_pmp_addr_o[18] is undriven.
Info:  Net Imp:/WORK/ibex_cs_registers_0_00000001_0_0_0_0_00000000_00000028_0_00000000_00000004_0_0_3_0/csr_pmp_addr_o[17] is undriven.
Info:  Net Imp:/WORK/ibex_cs_registers_0_00000001_0_0_0_0_00000000_00000028_0_00000000_00000004_0_0_3_0/csr_pmp_addr_o[16] is undriven.
Info:  Net Imp:/WORK/ibex_cs_registers_0_00000001_0_0_0_0_00000000_00000028_0_00000000_00000004_0_0_3_0/csr_pmp_addr_o[15] is undriven.
Info:  Net Imp:/WORK/ibex_cs_registers_0_00000001_0_0_0_0_00000000_00000028_0_00000000_00000004_0_0_3_0/csr_pmp_addr_o[14] is undriven.
Info:  Net Imp:/WORK/ibex_cs_registers_0_00000001_0_0_0_0_00000000_00000028_0_00000000_00000004_0_0_3_0/csr_pmp_addr_o[13] is undriven.
Info:  Net Imp:/WORK/ibex_cs_registers_0_00000001_0_0_0_0_00000000_00000028_0_00000000_00000004_0_0_3_0/csr_pmp_addr_o[12] is undriven.
Info:  Net Imp:/WORK/ibex_cs_registers_0_00000001_0_0_0_0_00000000_00000028_0_00000000_00000004_0_0_3_0/csr_pmp_addr_o[11] is undriven.
Info:  Net Imp:/WORK/ibex_cs_registers_0_00000001_0_0_0_0_00000000_00000028_0_00000000_00000004_0_0_3_0/csr_pmp_addr_o[10] is undriven.
Info:  Net Imp:/WORK/ibex_cs_registers_0_00000001_0_0_0_0_00000000_00000028_0_00000000_00000004_0_0_3_0/csr_pmp_addr_o[9] is undriven.
Info:  Net Imp:/WORK/ibex_cs_registers_0_00000001_0_0_0_0_00000000_00000028_0_00000000_00000004_0_0_3_0/csr_pmp_addr_o[8] is undriven.
Info:  Net Imp:/WORK/ibex_cs_registers_0_00000001_0_0_0_0_00000000_00000028_0_00000000_00000004_0_0_3_0/csr_pmp_addr_o[7] is undriven.
Info:  Net Imp:/WORK/ibex_cs_registers_0_00000001_0_0_0_0_00000000_00000028_0_00000000_00000004_0_0_3_0/csr_pmp_addr_o[6] is undriven.
Info:  Net Imp:/WORK/ibex_cs_registers_0_00000001_0_0_0_0_00000000_00000028_0_00000000_00000004_0_0_3_0/csr_pmp_addr_o[5] is undriven.
Info:  Net Imp:/WORK/ibex_cs_registers_0_00000001_0_0_0_0_00000000_00000028_0_00000000_00000004_0_0_3_0/csr_pmp_addr_o[4] is undriven.
Info:  Net Imp:/WORK/ibex_cs_registers_0_00000001_0_0_0_0_00000000_00000028_0_00000000_00000004_0_0_3_0/csr_pmp_addr_o[3] is undriven.
Info:  Net Imp:/WORK/ibex_cs_registers_0_00000001_0_0_0_0_00000000_00000028_0_00000000_00000004_0_0_3_0/csr_pmp_addr_o[2] is undriven.
Info:  Net Imp:/WORK/ibex_cs_registers_0_00000001_0_0_0_0_00000000_00000028_0_00000000_00000004_0_0_3_0/csr_pmp_addr_o[1] is undriven.
Info:  Net Imp:/WORK/ibex_cs_registers_0_00000001_0_0_0_0_00000000_00000028_0_00000000_00000004_0_0_3_0/csr_pmp_addr_o[0] is undriven.
Info:  Net Imp:/WORK/ibex_cs_registers_0_00000001_0_0_0_0_00000000_00000028_0_00000000_00000004_0_0_3_0/csr_pmp_mseccfg_o[2] is undriven.
Info:  Net Imp:/WORK/ibex_cs_registers_0_00000001_0_0_0_0_00000000_00000028_0_00000000_00000004_0_0_3_0/csr_pmp_mseccfg_o[1] is undriven.
Info:  Net Imp:/WORK/ibex_cs_registers_0_00000001_0_0_0_0_00000000_00000028_0_00000000_00000004_0_0_3_0/csr_pmp_mseccfg_o[0] is undriven.
Info:  Net Imp:/WORK/ibex_cs_registers_0_00000001_0_0_0_0_00000000_00000028_0_00000000_00000004_0_0_3_0/csr_depc_o[0] is undriven.
Info:  Net Imp:/WORK/ibex_cs_registers_0_00000001_0_0_0_0_00000000_00000028_0_00000000_00000004_0_0_3_0/trigger_match_o is undriven.
Info:  Net Imp:/WORK/ibex_cs_registers_0_00000001_0_0_0_0_00000000_00000028_0_00000000_00000004_0_0_3_0/data_ind_timing_o is undriven.
Info:  Net Imp:/WORK/ibex_cs_registers_0_00000001_0_0_0_0_00000000_00000028_0_00000000_00000004_0_0_3_0/dummy_instr_en_o is undriven.
Info:  Net Imp:/WORK/ibex_cs_registers_0_00000001_0_0_0_0_00000000_00000028_0_00000000_00000004_0_0_3_0/dummy_instr_mask_o[2] is undriven.
Info:  Net Imp:/WORK/ibex_cs_registers_0_00000001_0_0_0_0_00000000_00000028_0_00000000_00000004_0_0_3_0/dummy_instr_mask_o[1] is undriven.
Info:  Net Imp:/WORK/ibex_cs_registers_0_00000001_0_0_0_0_00000000_00000028_0_00000000_00000004_0_0_3_0/dummy_instr_mask_o[0] is undriven.
Info:  Net Imp:/WORK/ibex_cs_registers_0_00000001_0_0_0_0_00000000_00000028_0_00000000_00000004_0_0_3_0/dummy_instr_seed_en_o is undriven.
Info:  Net Imp:/WORK/ibex_cs_registers_0_00000001_0_0_0_0_00000000_00000028_0_00000000_00000004_0_0_3_0/dummy_instr_seed_o[31] is undriven.
Info:  Net Imp:/WORK/ibex_cs_registers_0_00000001_0_0_0_0_00000000_00000028_0_00000000_00000004_0_0_3_0/dummy_instr_seed_o[30] is undriven.
Info:  Net Imp:/WORK/ibex_cs_registers_0_00000001_0_0_0_0_00000000_00000028_0_00000000_00000004_0_0_3_0/dummy_instr_seed_o[29] is undriven.
Info:  Net Imp:/WORK/ibex_cs_registers_0_00000001_0_0_0_0_00000000_00000028_0_00000000_00000004_0_0_3_0/dummy_instr_seed_o[28] is undriven.
Info:  Net Imp:/WORK/ibex_cs_registers_0_00000001_0_0_0_0_00000000_00000028_0_00000000_00000004_0_0_3_0/dummy_instr_seed_o[27] is undriven.
Info:  Net Imp:/WORK/ibex_cs_registers_0_00000001_0_0_0_0_00000000_00000028_0_00000000_00000004_0_0_3_0/dummy_instr_seed_o[26] is undriven.
Info:  Net Imp:/WORK/ibex_cs_registers_0_00000001_0_0_0_0_00000000_00000028_0_00000000_00000004_0_0_3_0/dummy_instr_seed_o[25] is undriven.
Info:  Net Imp:/WORK/ibex_cs_registers_0_00000001_0_0_0_0_00000000_00000028_0_00000000_00000004_0_0_3_0/dummy_instr_seed_o[24] is undriven.
Info:  Net Imp:/WORK/ibex_cs_registers_0_00000001_0_0_0_0_00000000_00000028_0_00000000_00000004_0_0_3_0/dummy_instr_seed_o[23] is undriven.
Info:  Net Imp:/WORK/ibex_cs_registers_0_00000001_0_0_0_0_00000000_00000028_0_00000000_00000004_0_0_3_0/dummy_instr_seed_o[22] is undriven.
Info:  Net Imp:/WORK/ibex_cs_registers_0_00000001_0_0_0_0_00000000_00000028_0_00000000_00000004_0_0_3_0/dummy_instr_seed_o[21] is undriven.
Info:  Net Imp:/WORK/ibex_cs_registers_0_00000001_0_0_0_0_00000000_00000028_0_00000000_00000004_0_0_3_0/dummy_instr_seed_o[20] is undriven.
Info:  Net Imp:/WORK/ibex_cs_registers_0_00000001_0_0_0_0_00000000_00000028_0_00000000_00000004_0_0_3_0/dummy_instr_seed_o[19] is undriven.
Info:  Net Imp:/WORK/ibex_cs_registers_0_00000001_0_0_0_0_00000000_00000028_0_00000000_00000004_0_0_3_0/dummy_instr_seed_o[18] is undriven.
Info:  Net Imp:/WORK/ibex_cs_registers_0_00000001_0_0_0_0_00000000_00000028_0_00000000_00000004_0_0_3_0/dummy_instr_seed_o[17] is undriven.
Info:  Net Imp:/WORK/ibex_cs_registers_0_00000001_0_0_0_0_00000000_00000028_0_00000000_00000004_0_0_3_0/dummy_instr_seed_o[16] is undriven.
Info:  Net Imp:/WORK/ibex_cs_registers_0_00000001_0_0_0_0_00000000_00000028_0_00000000_00000004_0_0_3_0/dummy_instr_seed_o[15] is undriven.
Info:  Net Imp:/WORK/ibex_cs_registers_0_00000001_0_0_0_0_00000000_00000028_0_00000000_00000004_0_0_3_0/dummy_instr_seed_o[14] is undriven.
Info:  Net Imp:/WORK/ibex_cs_registers_0_00000001_0_0_0_0_00000000_00000028_0_00000000_00000004_0_0_3_0/dummy_instr_seed_o[13] is undriven.
Info:  Net Imp:/WORK/ibex_cs_registers_0_00000001_0_0_0_0_00000000_00000028_0_00000000_00000004_0_0_3_0/dummy_instr_seed_o[12] is undriven.
Info:  Net Imp:/WORK/ibex_cs_registers_0_00000001_0_0_0_0_00000000_00000028_0_00000000_00000004_0_0_3_0/dummy_instr_seed_o[11] is undriven.
Info:  Net Imp:/WORK/ibex_cs_registers_0_00000001_0_0_0_0_00000000_00000028_0_00000000_00000004_0_0_3_0/dummy_instr_seed_o[10] is undriven.
Info:  Net Imp:/WORK/ibex_cs_registers_0_00000001_0_0_0_0_00000000_00000028_0_00000000_00000004_0_0_3_0/dummy_instr_seed_o[9] is undriven.
Info:  Net Imp:/WORK/ibex_cs_registers_0_00000001_0_0_0_0_00000000_00000028_0_00000000_00000004_0_0_3_0/dummy_instr_seed_o[8] is undriven.
Info:  Net Imp:/WORK/ibex_cs_registers_0_00000001_0_0_0_0_00000000_00000028_0_00000000_00000004_0_0_3_0/dummy_instr_seed_o[7] is undriven.
Info:  Net Imp:/WORK/ibex_cs_registers_0_00000001_0_0_0_0_00000000_00000028_0_00000000_00000004_0_0_3_0/dummy_instr_seed_o[6] is undriven.
Info:  Net Imp:/WORK/ibex_cs_registers_0_00000001_0_0_0_0_00000000_00000028_0_00000000_00000004_0_0_3_0/dummy_instr_seed_o[5] is undriven.
Info:  Net Imp:/WORK/ibex_cs_registers_0_00000001_0_0_0_0_00000000_00000028_0_00000000_00000004_0_0_3_0/dummy_instr_seed_o[4] is undriven.
Info:  Net Imp:/WORK/ibex_cs_registers_0_00000001_0_0_0_0_00000000_00000028_0_00000000_00000004_0_0_3_0/dummy_instr_seed_o[3] is undriven.
Info:  Net Imp:/WORK/ibex_cs_registers_0_00000001_0_0_0_0_00000000_00000028_0_00000000_00000004_0_0_3_0/dummy_instr_seed_o[2] is undriven.
Info:  Net Imp:/WORK/ibex_cs_registers_0_00000001_0_0_0_0_00000000_00000028_0_00000000_00000004_0_0_3_0/dummy_instr_seed_o[1] is undriven.
Info:  Net Imp:/WORK/ibex_cs_registers_0_00000001_0_0_0_0_00000000_00000028_0_00000000_00000004_0_0_3_0/dummy_instr_seed_o[0] is undriven.
Info:  Net Imp:/WORK/ibex_cs_registers_0_00000001_0_0_0_0_00000000_00000028_0_00000000_00000004_0_0_3_0/icache_enable_o is undriven.
Info:  Net Imp:/WORK/ibex_cs_registers_0_00000001_0_0_0_0_00000000_00000028_0_00000000_00000004_0_0_3_0/csr_shadow_err_o is undriven.
