****************************************
Report : timing
	-path_type full
	-delay_type min
	-max_paths 1
	-sort_by slack
Design : multi-scenario design
Version: O-2018.06-SP1
Date   : Tue Jul  8 07:43:15 2025
****************************************


Start of Master/Slave Task Processing
-------------------------------------
Started    : Command execution in scenario 'Func_Fast'
Started    : Command execution in scenario 'Func_Slow'
Succeeded  : Command execution in scenario 'Func_Slow'
Succeeded  : Command execution in scenario 'Func_Fast'
-----------------------------------
End of Master/Slave Task Processing


  Startpoint: ibex_top_inst/core_clock_gate_i/gen_generic.u_impl_generic/en_latch_reg
               (negative level-sensitive latch clocked by clk_i)
  Endpoint: ibex_top_inst/core_clock_gate_i/U2
               (rising clock gating-check end-point clocked by clk_i)
  Last common pin: clk_i
  Path Group: **clock_gating_default**
  Path Type: min
  Scenario: Func_Fast

  Point                                                   Incr       Path
  ------------------------------------------------------------------------------
  clock clk_i (fall edge)                                 3.12       3.12
  clock network delay (propagated)                        0.00       3.13
  ibex_top_inst/core_clock_gate_i/gen_generic.u_impl_generic/en_latch_reg/G (SAEDHVT14_LDNQOR2_4)
                                                          0.00       3.13 f
  ibex_top_inst/core_clock_gate_i/gen_generic.u_impl_generic/en_latch_reg/Q (SAEDHVT14_LDNQOR2_4)
                                                          0.03 &     3.16 f
  U161/X (SAEDHVT14_BUF_2)                                0.01 &     3.16 f
  U160/X (SAEDHVT14_BUF_2)                                0.01 &     3.17 f
  U159/X (SAEDHVT14_BUF_2)                                0.01 &     3.18 f
  U158/X (SAEDHVT14_BUF_2)                                0.01 &     3.18 f
  U157/X (SAEDHVT14_BUF_2)                                0.01 &     3.19 f
  U156/X (SAEDHVT14_BUF_2)                                0.01 &     3.20 f
  U155/X (SAEDHVT14_BUF_2)                                0.01 &     3.20 f
  U154/X (SAEDHVT14_BUF_2)                                0.01 &     3.21 f
  U153/X (SAEDHVT14_BUF_2)                                0.01 &     3.22 f
  U152/X (SAEDHVT14_BUF_2)                                0.01 &     3.22 f
  U151/X (SAEDHVT14_BUF_2)                                0.01 &     3.23 f
  U150/X (SAEDHVT14_BUF_2)                                0.01 &     3.24 f
  ibex_top_inst/core_clock_gate_i/U2/A1 (SAEDHVT14_AN2_2)
                                                          0.00 &     3.24 f
  data arrival time                                                  3.24

  clock clk_i (fall edge)                                 3.12       3.12
  clock network delay (propagated)                        0.03       3.16
  clock reconvergence pessimism                           0.00       3.16
  clock uncertainty                                       0.10       3.26
  ibex_top_inst/core_clock_gate_i/U2/A2 (SAEDHVT14_AN2_2)            3.26 f
  clock gating hold time                                  0.00       3.26
  data required time                                                 3.26
  ------------------------------------------------------------------------------
  data required time                                                 3.26
  data arrival time                                                 -3.24
  ------------------------------------------------------------------------------
  slack (VIOLATED)                                                  -0.02


1
