Warning: Cell contains tie connections which are not connected to real PG. (ZRT-511)
Turn off antenna since no rule is specified
Cell Min-Routing-Layer = M1
Cell Max-Routing-Layer = M9
Warning: Ignore 11 top cell ports with no pins. (ZRT-027)
Info: number of net_type_blockage: 0 
Via on layer (VIA1) needs more than one tracks
Warning: Layer M1 pitch 0.074 may be too small: wire/via-down 0.074, wire/via-up 0.098. (ZRT-026)
Via on layer (VIA1) needs more than one tracks
Warning: Layer M2 pitch 0.060 may be too small: wire/via-down 0.098, wire/via-up 0.060. (ZRT-026)
Via on layer (VIA3) needs more than one tracks
Warning: Layer M3 pitch 0.074 may be too small: wire/via-down 0.060, wire/via-up 0.080. (ZRT-026)
Wire on layer (M4) needs more than one tracks
Via on layer (VIA3) needs more than one tracks
Via on layer (VIA4) needs more than one tracks
Warning: Layer M4 pitch 0.074 may be too small: wire/via-down 0.107, wire/via-up 0.105. (ZRT-026)
Via on layer (VIA4) needs more than one tracks
Warning: Layer M5 pitch 0.120 may be too small: wire/via-down 0.135, wire/via-up 0.107. (ZRT-026)
Via on layer (VIA8) needs more than one tracks
Warning: Layer M8 pitch 0.120 may be too small: wire/via-down 0.107, wire/via-up 0.135. (ZRT-026)
Wire on layer (M9) needs more than one tracks
Via on layer (VIA8) needs more than one tracks
Via on layer (VIARDL) needs more than one tracks
Warning: Layer M9 pitch 0.120 may be too small: wire/via-down 0.135, wire/via-up 1.570. (ZRT-026)
Via on layer (VIARDL) needs more than one tracks
Warning: Layer MRDL pitch 0.600 may be too small: wire/via-down 4.500, wire/via-up 0.600. (ZRT-026)
Transition layer name: M3(2)
Warning: Standard cell pin SAEDHVT14_FSDPQ_V2LP_2/Q has no valid via regions. (ZRT-044)
Warning: Standard cell pin SAEDHVT14_NR3B_2/B2 has no valid via regions. (ZRT-044)
Warning: Standard cell pin SAEDHVT14_NR2_2/A1 has no valid via regions. (ZRT-044)
Warning: Standard cell pin SAEDHVT14_NR2_2/X has no valid via regions. (ZRT-044)
[ECO: DbIn With Extraction] Elapsed real time: 0:00:04 
[ECO: DbIn With Extraction] Elapsed cpu  time: sys=0:00:00 usr=0:00:03 total=0:00:04
[ECO: DbIn With Extraction] Stage (MB): Used  133  Alloctr  140  Proc   76 
[ECO: DbIn With Extraction] Total (MB): Used  134  Alloctr  141  Proc 1519 
[ECO: Analysis] Elapsed real time: 0:00:04 
[ECO: Analysis] Elapsed cpu  time: sys=0:00:00 usr=0:00:03 total=0:00:04
[ECO: Analysis] Stage (MB): Used  133  Alloctr  140  Proc   76 
[ECO: Analysis] Total (MB): Used  134  Alloctr  141  Proc 1519 
Num of eco nets = 25684
Num of open eco nets = 473
[ECO: Init] Elapsed real time: 0:00:04 
[ECO: Init] Elapsed cpu  time: sys=0:00:00 usr=0:00:03 total=0:00:04
[ECO: Init] Stage (MB): Used  136  Alloctr  142  Proc   76 
[ECO: Init] Total (MB): Used  137  Alloctr  143  Proc 1519 
Start Global Route ... 
[Init] Elapsed real time: 0:00:00 
[Init] Elapsed cpu  time: sys=0:00:00 usr=0:00:00 total=0:00:00
[Init] Stage (MB): Used    0  Alloctr    0  Proc    0 
[Init] Total (MB): Used  141  Alloctr  147  Proc 1524 
Printing options for 'route.common.*'
common.verbose_level                                    :	 0                   

Printing options for 'route.global.*'
global.deterministic                                    :	 off                 
global.placement_timing_driven_mode                     :	 false               
global.timing_driven                                    :	 false               

Begin global routing.
Loading parastics information to the router ...
Warning: Technology layer 'M4' setting 'pitch' is not valid (NEX-001)
Warning: Technology layer 'MRDL' setting 'pitch' is not valid (NEX-001)
Warning: Parasitic Tech Library layer 'M1' parameter 'SMIN' = 0.040 does not match 0.026 of technology file (NEX-007)
Warning: Parasitic Tech Library layer 'M2' parameter 'SMIN' = 0.040 does not match 0.026 of technology file (NEX-007)
Warning: Parasitic Tech Library layer 'M3' parameter 'SMIN' = 0.040 does not match 0.026 of technology file (NEX-007)
Warning: Parasitic Tech Library layer 'M1' parameter 'SMIN' = 0.040 does not match 0.026 of technology file (NEX-007)
Warning: Parasitic Tech Library layer 'M2' parameter 'SMIN' = 0.040 does not match 0.026 of technology file (NEX-007)
Warning: Parasitic Tech Library layer 'M3' parameter 'SMIN' = 0.040 does not match 0.026 of technology file (NEX-007)
Warning: Parasitic Tech Library layer 'M8' parameter 'WMIN' = 0.030 does not match 0.060 of technology file (NEX-007)
Warning: Parasitic Tech Library layer 'M8' parameter 'SMIN' = 0.060 does not match 0.040 of technology file (NEX-007)
parastics information loaded to the router.
Constructing data structure ...
Design statistics:
Design Bounding Box (-18.00,-18.00,178.00,178.00)
Number of routing layers = 10
layer M1, dir Ver, min width = 0.03, min space = 0.03 pitch = 0.07
layer M2, dir Hor, min width = 0.03, min space = 0.03 pitch = 0.06
layer M3, dir Ver, min width = 0.03, min space = 0.03 pitch = 0.07
layer M4, dir Hor, min width = 0.06, min space = 0.04 pitch = 0.07
layer M5, dir Ver, min width = 0.06, min space = 0.04 pitch = 0.12
layer M6, dir Hor, min width = 0.06, min space = 0.04 pitch = 0.12
layer M7, dir Ver, min width = 0.06, min space = 0.04 pitch = 0.12
layer M8, dir Hor, min width = 0.06, min space = 0.04 pitch = 0.12
layer M9, dir Ver, min width = 0.06, min space = 0.04 pitch = 0.12
layer MRDL, dir Hor, min width = 2.00, min space = 2.00 pitch = 0.60
Current Stage stats:
[End of Build Tech Data] Elapsed real time: 0:00:00 
[End of Build Tech Data] Elapsed cpu  time: sys=0:00:00 usr=0:00:00 total=0:00:00
[End of Build Tech Data] Stage (MB): Used    2  Alloctr    1  Proc    0 
[End of Build Tech Data] Total (MB): Used  144  Alloctr  149  Proc 1563 
Net statistics:
Total number of nets     = 25684
Number of nets to route  = 473
Number of nets with min-layer-mode soft = 13
Number of nets with min-layer-mode soft-cost-medium = 13
261 nets are partially connected,
 of which 261 are detail routed and 0 are global routed.
13 nets have non-default rule clk_2Xw_2Xs
Current Stage stats:
[End of Build All Nets] Elapsed real time: 0:00:00 
[End of Build All Nets] Elapsed cpu  time: sys=0:00:00 usr=0:00:00 total=0:00:00
[End of Build All Nets] Stage (MB): Used    5  Alloctr    5  Proc    0 
[End of Build All Nets] Total (MB): Used  149  Alloctr  154  Proc 1563 
Average gCell capacity  2.71	 on layer (1)	 M1
Average gCell capacity  9.31	 on layer (2)	 M2
Average gCell capacity  6.97	 on layer (3)	 M3
Average gCell capacity  8.01	 on layer (4)	 M4
Average gCell capacity  4.94	 on layer (5)	 M5
Average gCell capacity  4.93	 on layer (6)	 M6
Average gCell capacity  4.89	 on layer (7)	 M7
Average gCell capacity  2.84	 on layer (8)	 M8
Average gCell capacity  2.84	 on layer (9)	 M9
Average gCell capacity  0.99	 on layer (10)	 MRDL
Average number of tracks per gCell 8.10	 on layer (1)	 M1
Average number of tracks per gCell 9.99	 on layer (2)	 M2
Average number of tracks per gCell 8.10	 on layer (3)	 M3
Average number of tracks per gCell 8.10	 on layer (4)	 M4
Average number of tracks per gCell 5.00	 on layer (5)	 M5
Average number of tracks per gCell 5.00	 on layer (6)	 M6
Average number of tracks per gCell 5.00	 on layer (7)	 M7
Average number of tracks per gCell 5.00	 on layer (8)	 M8
Average number of tracks per gCell 5.00	 on layer (9)	 M9
Average number of tracks per gCell 1.00	 on layer (10)	 MRDL
Number of gCells = 1069290
Current Stage stats:
[End of Build Congestion map] Elapsed real time: 0:00:00 
[End of Build Congestion map] Elapsed cpu  time: sys=0:00:00 usr=0:00:00 total=0:00:00
[End of Build Congestion map] Stage (MB): Used   10  Alloctr   11  Proc    0 
[End of Build Congestion map] Total (MB): Used  159  Alloctr  165  Proc 1563 
Information: RC layer preference is turned on for this design. (ZRT-613)
Total stats:
[End of Build Data] Elapsed real time: 0:00:00 
[End of Build Data] Elapsed cpu  time: sys=0:00:00 usr=0:00:00 total=0:00:00
[End of Build Data] Stage (MB): Used   18  Alloctr   17  Proc    0 
[End of Build Data] Total (MB): Used  160  Alloctr  165  Proc 1563 
Current Stage stats:
[End of Blocked Pin Detection] Elapsed real time: 0:00:00 
[End of Blocked Pin Detection] Elapsed cpu  time: sys=0:00:00 usr=0:00:00 total=0:00:00
[End of Blocked Pin Detection] Stage (MB): Used    0  Alloctr    0  Proc    0 
[End of Blocked Pin Detection] Total (MB): Used  160  Alloctr  165  Proc 1563 
Information: Using 1 threads for routing. (ZRT-444)
multi gcell levels ON

Start GR phase 0
Current Stage stats:
[End of Initial Routing] Elapsed real time: 0:00:00 
[End of Initial Routing] Elapsed cpu  time: sys=0:00:00 usr=0:00:00 total=0:00:00
[End of Initial Routing] Stage (MB): Used    0  Alloctr    0  Proc    0 
[End of Initial Routing] Total (MB): Used  160  Alloctr  165  Proc 1563 
Initial. Routing result:
Initial. Both Dirs: Overflow =    11 Max = 3 GRCs =    13 (0.01%)
Initial. H routing: Overflow =     6 Max = 3 (GRCs =  1) GRCs =     7 (0.01%)
Initial. V routing: Overflow =     5 Max = 2 (GRCs =  2) GRCs =     6 (0.01%)
Initial. M1         Overflow =     0 Max = 0 (GRCs =  0) GRCs =     0 (0.00%)
Initial. M2         Overflow =     6 Max = 3 (GRCs =  1) GRCs =     7 (0.01%)
Initial. M3         Overflow =     5 Max = 2 (GRCs =  2) GRCs =     6 (0.01%)
Initial. M4         Overflow =     0 Max = 0 (GRCs =  0) GRCs =     0 (0.00%)
Initial. M5         Overflow =     0 Max = 0 (GRCs =  0) GRCs =     0 (0.00%)
Initial. M6         Overflow =     0 Max = 0 (GRCs =  0) GRCs =     0 (0.00%)
Initial. M7         Overflow =     0 Max = 0 (GRCs =  0) GRCs =     0 (0.00%)
Initial. M8         Overflow =     0 Max = 0 (GRCs =  0) GRCs =     0 (0.00%)
Initial. M9         Overflow =     0 Max = 0 (GRCs =  0) GRCs =     0 (0.00%)
Initial. MRDL       Overflow =     0 Max = 0 (GRCs =  0) GRCs =     0 (0.00%)

Initial. Total Wire Length = 2042.61
Initial. Layer M1 wire length = 0.00
Initial. Layer M2 wire length = 1079.24
Initial. Layer M3 wire length = 834.37
Initial. Layer M4 wire length = 61.90
Initial. Layer M5 wire length = 39.78
Initial. Layer M6 wire length = 27.32
Initial. Layer M7 wire length = 0.00
Initial. Layer M8 wire length = 0.00
Initial. Layer M9 wire length = 0.00
Initial. Layer MRDL wire length = 0.00
Initial. Total Number of Contacts = 1358
Initial. Via VIA12SQ_C count = 580
Initial. Via VIA23SQ_C count = 662
Initial. Via VIA34SQ_C count = 66
Initial. Via VIA45SQ count = 30
Initial. Via VIA56SQ count = 20
Initial. Via VIA67SQ_C count = 0
Initial. Via VIA78SQ_C count = 0
Initial. Via VIA89_C count = 0
Initial. Via VIA9RDL count = 0
Initial. completed.

Start GR phase 1
Current Stage stats:
[End of Phase1 Routing] Elapsed real time: 0:00:00 
[End of Phase1 Routing] Elapsed cpu  time: sys=0:00:00 usr=0:00:00 total=0:00:00
[End of Phase1 Routing] Stage (MB): Used    0  Alloctr    0  Proc    0 
[End of Phase1 Routing] Total (MB): Used  160  Alloctr  165  Proc 1563 
phase1. Routing result:
phase1. Both Dirs: Overflow =    10 Max = 3 GRCs =    11 (0.01%)
phase1. H routing: Overflow =     6 Max = 3 (GRCs =  1) GRCs =     7 (0.01%)
phase1. V routing: Overflow =     4 Max = 2 (GRCs =  1) GRCs =     4 (0.00%)
phase1. M1         Overflow =     0 Max = 0 (GRCs =  0) GRCs =     0 (0.00%)
phase1. M2         Overflow =     6 Max = 3 (GRCs =  1) GRCs =     7 (0.01%)
phase1. M3         Overflow =     4 Max = 2 (GRCs =  1) GRCs =     4 (0.00%)
phase1. M4         Overflow =     0 Max = 0 (GRCs =  0) GRCs =     0 (0.00%)
phase1. M5         Overflow =     0 Max = 0 (GRCs =  0) GRCs =     0 (0.00%)
phase1. M6         Overflow =     0 Max = 0 (GRCs =  0) GRCs =     0 (0.00%)
phase1. M7         Overflow =     0 Max = 0 (GRCs =  0) GRCs =     0 (0.00%)
phase1. M8         Overflow =     0 Max = 0 (GRCs =  0) GRCs =     0 (0.00%)
phase1. M9         Overflow =     0 Max = 0 (GRCs =  0) GRCs =     0 (0.00%)
phase1. MRDL       Overflow =     0 Max = 0 (GRCs =  0) GRCs =     0 (0.00%)

phase1. Total Wire Length = 2045.52
phase1. Layer M1 wire length = 0.00
phase1. Layer M2 wire length = 1080.84
phase1. Layer M3 wire length = 835.25
phase1. Layer M4 wire length = 62.50
phase1. Layer M5 wire length = 39.60
phase1. Layer M6 wire length = 27.32
phase1. Layer M7 wire length = 0.00
phase1. Layer M8 wire length = 0.00
phase1. Layer M9 wire length = 0.00
phase1. Layer MRDL wire length = 0.00
phase1. Total Number of Contacts = 1360
phase1. Via VIA12SQ_C count = 580
phase1. Via VIA23SQ_C count = 664
phase1. Via VIA34SQ_C count = 66
phase1. Via VIA45SQ count = 30
phase1. Via VIA56SQ count = 20
phase1. Via VIA67SQ_C count = 0
phase1. Via VIA78SQ_C count = 0
phase1. Via VIA89_C count = 0
phase1. Via VIA9RDL count = 0
phase1. completed.

Start GR phase 2
Current Stage stats:
[End of Phase2 Routing] Elapsed real time: 0:00:00 
[End of Phase2 Routing] Elapsed cpu  time: sys=0:00:00 usr=0:00:00 total=0:00:00
[End of Phase2 Routing] Stage (MB): Used    0  Alloctr    0  Proc    0 
[End of Phase2 Routing] Total (MB): Used  160  Alloctr  165  Proc 1563 
phase2. Routing result:
phase2. Both Dirs: Overflow =    10 Max = 3 GRCs =    11 (0.01%)
phase2. H routing: Overflow =     6 Max = 3 (GRCs =  1) GRCs =     7 (0.01%)
phase2. V routing: Overflow =     4 Max = 2 (GRCs =  1) GRCs =     4 (0.00%)
phase2. M1         Overflow =     0 Max = 0 (GRCs =  0) GRCs =     0 (0.00%)
phase2. M2         Overflow =     6 Max = 3 (GRCs =  1) GRCs =     7 (0.01%)
phase2. M3         Overflow =     4 Max = 2 (GRCs =  1) GRCs =     4 (0.00%)
phase2. M4         Overflow =     0 Max = 0 (GRCs =  0) GRCs =     0 (0.00%)
phase2. M5         Overflow =     0 Max = 0 (GRCs =  0) GRCs =     0 (0.00%)
phase2. M6         Overflow =     0 Max = 0 (GRCs =  0) GRCs =     0 (0.00%)
phase2. M7         Overflow =     0 Max = 0 (GRCs =  0) GRCs =     0 (0.00%)
phase2. M8         Overflow =     0 Max = 0 (GRCs =  0) GRCs =     0 (0.00%)
phase2. M9         Overflow =     0 Max = 0 (GRCs =  0) GRCs =     0 (0.00%)
phase2. MRDL       Overflow =     0 Max = 0 (GRCs =  0) GRCs =     0 (0.00%)

phase2. Total Wire Length = 2043.12
phase2. Layer M1 wire length = 0.00
phase2. Layer M2 wire length = 1080.84
phase2. Layer M3 wire length = 832.85
phase2. Layer M4 wire length = 62.50
phase2. Layer M5 wire length = 39.60
phase2. Layer M6 wire length = 27.32
phase2. Layer M7 wire length = 0.00
phase2. Layer M8 wire length = 0.00
phase2. Layer M9 wire length = 0.00
phase2. Layer MRDL wire length = 0.00
phase2. Total Number of Contacts = 1362
phase2. Via VIA12SQ_C count = 580
phase2. Via VIA23SQ_C count = 664
phase2. Via VIA34SQ_C count = 68
phase2. Via VIA45SQ count = 30
phase2. Via VIA56SQ count = 20
phase2. Via VIA67SQ_C count = 0
phase2. Via VIA78SQ_C count = 0
phase2. Via VIA89_C count = 0
phase2. Via VIA9RDL count = 0
phase2. completed.
[End of Whole Chip Routing] Elapsed real time: 0:00:00 
[End of Whole Chip Routing] Elapsed cpu  time: sys=0:00:00 usr=0:00:00 total=0:00:00
[End of Whole Chip Routing] Stage (MB): Used   18  Alloctr   17  Proc    0 
[End of Whole Chip Routing] Total (MB): Used  160  Alloctr  165  Proc 1563 

Information: Global Routing terminated early: true (ZRT-103)

Congestion utilization per direction:
Average vertical track utilization   =  0.67 %
Peak    vertical track utilization   = 75.00 %
Average horizontal track utilization =  0.44 %
Peak    horizontal track utilization = 66.67 %

Current Stage stats:
[GR: Done] Elapsed real time: 0:00:00 
[GR: Done] Elapsed cpu  time: sys=0:00:00 usr=0:00:00 total=0:00:00
[GR: Done] Stage (MB): Used   -9  Alloctr   -8  Proc    0 
[GR: Done] Total (MB): Used  152  Alloctr  158  Proc 1563 
GR Total stats:
[GR: Done] Elapsed real time: 0:00:00 
[GR: Done] Elapsed cpu  time: sys=0:00:00 usr=0:00:00 total=0:00:00
[GR: Done] Stage (MB): Used   10  Alloctr   10  Proc   38 
[GR: Done] Total (MB): Used  152  Alloctr  158  Proc 1563 
Updating congestion ...
Updating congestion ...
Final total stats:
[End of Global Routing] Elapsed real time: 0:00:01 
[End of Global Routing] Elapsed cpu  time: sys=0:00:00 usr=0:00:00 total=0:00:01
[End of Global Routing] Stage (MB): Used    0  Alloctr    0  Proc   38 
[End of Global Routing] Total (MB): Used  141  Alloctr  147  Proc 1563 
[ECO: GR] Elapsed real time: 0:00:05 
[ECO: GR] Elapsed cpu  time: sys=0:00:00 usr=0:00:04 total=0:00:05
[ECO: GR] Stage (MB): Used  140  Alloctr  146  Proc  119 
[ECO: GR] Total (MB): Used  141  Alloctr  147  Proc 1563 

Start track assignment

Printing options for 'route.common.*'
common.verbose_level                                    :	 0                   

Printing options for 'route.track.*'

Information: Using 1 threads for routing. (ZRT-444)
Information: RC layer preference is turned on for this design. (ZRT-613)

[Track Assign: Read routes] Elapsed real time: 0:00:00 
[Track Assign: Read routes] Elapsed cpu  time: sys=0:00:00 usr=0:00:00 total=0:00:00
[Track Assign: Read routes] Stage (MB): Used    3  Alloctr    3  Proc    0 
[Track Assign: Read routes] Total (MB): Used  140  Alloctr  146  Proc 1563 

Start initial assignment

Assign Horizontal partitions, iteration 0
Routed partition 1/11      
Routed partition 2/11      
Routed partition 3/11      
Routed partition 4/11      
Routed partition 5/11      
Routed partition 6/11      
Routed partition 7/11      
Routed partition 8/11      
Routed partition 9/11      
Routed partition 10/11     
Routed partition 11/11     

Assign Vertical partitions, iteration 0
Routed partition 1/11      
Routed partition 2/11      
Routed partition 3/11      
Routed partition 4/11      
Routed partition 5/11      
Routed partition 6/11      
Routed partition 7/11      
Routed partition 8/11      
Routed partition 9/11      
Routed partition 10/11     
Routed partition 11/11     

Number of wires with overlap after iteration 0 = 1220 of 2221


[Track Assign: Iteration 0] Elapsed real time: 0:00:01 
[Track Assign: Iteration 0] Elapsed cpu  time: sys=0:00:00 usr=0:00:01 total=0:00:01
[Track Assign: Iteration 0] Stage (MB): Used    4  Alloctr    3  Proc   37 
[Track Assign: Iteration 0] Total (MB): Used  141  Alloctr  147  Proc 1600 

Reroute to fix overlaps

Assign Horizontal partitions, iteration 1
Routed partition 1/11      
Routed partition 2/11      
Routed partition 3/11      
Routed partition 4/11      
Routed partition 5/11      
Routed partition 6/11      
Routed partition 7/11      
Routed partition 8/11      
Routed partition 9/11      
Routed partition 10/11     
Routed partition 11/11     

Assign Vertical partitions, iteration 1
Routed partition 1/11      
Routed partition 2/11      
Routed partition 3/11      
Routed partition 4/11      
Routed partition 5/11      
Routed partition 6/11      
Routed partition 7/11      
Routed partition 8/11      
Routed partition 9/11      
Routed partition 10/11     
Routed partition 11/11     

[Track Assign: Iteration 1] Elapsed real time: 0:00:02 
[Track Assign: Iteration 1] Elapsed cpu  time: sys=0:00:00 usr=0:00:02 total=0:00:02
[Track Assign: Iteration 1] Stage (MB): Used    4  Alloctr    3  Proc   37 
[Track Assign: Iteration 1] Total (MB): Used  141  Alloctr  147  Proc 1600 

Number of wires with overlap after iteration 1 = 709 of 2008


Wire length and via report:
---------------------------
Number of M1 wires: 61 		  : 0
Number of M2 wires: 974 		 VIA12SQ_C: 606
Number of M3 wires: 628 		 VIA23SQ_C: 1052
Number of M4 wires: 144 		 VIA34SQ_C: 310
Number of M5 wires: 162 		 VIA45SQ: 258
Number of M6 wires: 33 		 VIA56SQ: 60
Number of M7 wires: 6 		 VIA67SQ_C: 12
Number of M8 wires: 0 		 VIA78SQ_C: 0
Number of M9 wires: 0 		 VIA89_C: 0
Number of MRDL wires: 0 		 VIA9RDL: 0
Total number of wires: 2008 		 vias: 2298

Total M1 wire length: 7.3
Total M2 wire length: 1140.9
Total M3 wire length: 474.0
Total M4 wire length: 79.6
Total M5 wire length: 393.1
Total M6 wire length: 34.0
Total M7 wire length: 21.2
Total M8 wire length: 0.0
Total M9 wire length: 0.0
Total MRDL wire length: 0.0
Total wire length: 2150.1

Longest M1 wire length: 0.6
Longest M2 wire length: 19.7
Longest M3 wire length: 9.9
Longest M4 wire length: 7.8
Longest M5 wire length: 24.5
Longest M6 wire length: 7.9
Longest M7 wire length: 9.8
Longest M8 wire length: 0.0
Longest M9 wire length: 0.0
Longest MRDL wire length: 0.0


[Track Assign: Done] Elapsed real time: 0:00:02 
[Track Assign: Done] Elapsed cpu  time: sys=0:00:00 usr=0:00:02 total=0:00:02
[Track Assign: Done] Stage (MB): Used    0  Alloctr    0  Proc   37 
[Track Assign: Done] Total (MB): Used  137  Alloctr  144  Proc 1600 
[ECO: CDR] Elapsed real time: 0:00:07 
[ECO: CDR] Elapsed cpu  time: sys=0:00:00 usr=0:00:07 total=0:00:07
[ECO: CDR] Stage (MB): Used  136  Alloctr  142  Proc  157 
[ECO: CDR] Total (MB): Used  137  Alloctr  144  Proc 1600 
Printing options for 'route.common.*'
common.verbose_level                                    :	 0                   

Printing options for 'route.detail.*'
detail.antenna                                          :	 true                
detail.force_end_on_preferred_grid                      :	 true                

Printing options for 'route.auto_via_ladder.*'

Information: RC layer preference is turned on for this design. (ZRT-613)

Begin ECO DRC check ...

Checked	1/81 Partitions, Violations =	6
Checked	3/81 Partitions, Violations =	166
Checked	6/81 Partitions, Violations =	668
Checked	9/81 Partitions, Violations =	1002
Checked	12/81 Partitions, Violations =	1429
Checked	15/81 Partitions, Violations =	2000
Checked	18/81 Partitions, Violations =	2065
Checked	21/81 Partitions, Violations =	2105
Checked	24/81 Partitions, Violations =	2654
Checked	27/81 Partitions, Violations =	3097
Checked	30/81 Partitions, Violations =	3097
Checked	33/81 Partitions, Violations =	3283
Checked	36/81 Partitions, Violations =	3435
Checked	39/81 Partitions, Violations =	3462
Checked	42/81 Partitions, Violations =	3714
Checked	45/81 Partitions, Violations =	3714
Checked	48/81 Partitions, Violations =	3714
Checked	51/81 Partitions, Violations =	3823
Checked	54/81 Partitions, Violations =	3823
Checked	57/81 Partitions, Violations =	3823
Checked	60/81 Partitions, Violations =	4035
Checked	63/81 Partitions, Violations =	4045
Checked	66/81 Partitions, Violations =	4045
Checked	69/81 Partitions, Violations =	4116
Checked	72/81 Partitions, Violations =	4116
Checked	75/81 Partitions, Violations =	4116
Checked	78/81 Partitions, Violations =	4116
Checked	81/81 Partitions, Violations =	4116

DRC-SUMMARY:
	@@@@@@@ TOTAL VIOLATIONS =	4116

[DRC CHECK] Elapsed real time: 0:00:08 
[DRC CHECK] Elapsed cpu  time: sys=0:00:00 usr=0:00:08 total=0:00:08
[DRC CHECK] Stage (MB): Used    0  Alloctr    0  Proc    0 
[DRC CHECK] Total (MB): Used  156  Alloctr  163  Proc 1600 

Total Wire Length =                    298421 micron
Total Number of Contacts =             163867
Total Number of Wires =                199651
Total Number of PtConns =              30791
Total Number of Routed Wires =       199651
Total Routed Wire Length =           276678 micron
Total Number of Routed Contacts =       163867
	Layer                 M1 :        849 micron
	Layer                 M2 :     107189 micron
	Layer                 M3 :     109735 micron
	Layer                 M4 :      28279 micron
	Layer                 M5 :      33590 micron
	Layer                 M6 :      11704 micron
	Layer                 M7 :       7063 micron
	Layer                 M8 :         12 micron
	Layer                 M9 :          0 micron
	Layer               MRDL :          0 micron
	Via              VIA89_C :          2
	Via       VIA78SQ_C(rot) :          3
	Via         VIA78SQ(rot) :          1
	Via            VIA67SQ_C :        540
	Via       VIA67SQ_C(rot) :         11
	Via            VIA56SQ_C :          2
	Via       VIA56SQ_C(rot) :         55
	Via              VIA56SQ :       1322
	Via              VIA45SQ :       5184
	Via       VIA34SQ_C(rot) :       8364
	Via          VIA34BAR2_C :         19
	Via              VIA34SQ :        150
	Via         VIA34SQ(rot) :        650
	Via     VIA3_34SQ_C(rot) :          8
	Via            VIA23SQ_C :      87264
	Via       VIA23SQ_C(rot) :          6
	Via          VIA23BAR2_C :          3
	Via     VIA23BAR2_C(rot) :          2
	Via            VIA23LG_C :          1
	Via              VIA23SQ :          7
	Via         VIA23SQ(rot) :          1
	Via          VIA2_33SQ_C :        141
	Via          VIA23_3SQ_C :          5
	Via        VIA2_33_3SQ_C :          7
	Via            VIA12SQ_C :          3
	Via       VIA12SQ_C(rot) :      58787
	Via     VIA12BAR2_C(rot) :         51
	Via            VIA12LG_C :          1
	Via              VIA12SQ :          2
	Via         VIA12SQ(rot) :        498
	Via     VIA1_32SQ_C(rot) :        776
	Via   VIA1_32_3SQ_C(rot) :          1

 
Redundant via conversion report:
--------------------------------

  Total optimized via conversion rate =  0.00% (0 / 163867 vias)
 
    Layer VIA1       =  0.00% (0      / 60119   vias)
        Un-optimized =  0.00% (0       vias)
        Un-mapped    = 100.00% (60119   vias)
    Layer VIA2       =  0.00% (0      / 87437   vias)
        Un-optimized =  0.00% (0       vias)
        Un-mapped    = 100.00% (87437   vias)
    Layer VIA3       =  0.00% (0      / 9191    vias)
        Un-optimized =  0.00% (0       vias)
        Un-mapped    = 100.00% (9191    vias)
    Layer VIA4       =  0.00% (0      / 5184    vias)
        Un-optimized =  0.00% (0       vias)
        Un-mapped    = 100.00% (5184    vias)
    Layer VIA5       =  0.00% (0      / 1379    vias)
        Un-optimized =  0.00% (0       vias)
        Un-mapped    = 100.00% (1379    vias)
    Layer VIA6       =  0.00% (0      / 551     vias)
        Un-optimized =  0.00% (0       vias)
        Un-mapped    = 100.00% (551     vias)
    Layer VIA7       =  0.00% (0      / 4       vias)
        Un-optimized =  0.00% (0       vias)
        Un-mapped    = 100.00% (4       vias)
    Layer VIA8       =  0.00% (0      / 2       vias)
        Un-optimized =  0.00% (0       vias)
        Un-mapped    = 100.00% (2       vias)
 
  Total double via conversion rate    =  0.00% (0 / 163867 vias)
 
    Layer VIA1       =  0.00% (0      / 60119   vias)
    Layer VIA2       =  0.00% (0      / 87437   vias)
    Layer VIA3       =  0.00% (0      / 9191    vias)
    Layer VIA4       =  0.00% (0      / 5184    vias)
    Layer VIA5       =  0.00% (0      / 1379    vias)
    Layer VIA6       =  0.00% (0      / 551     vias)
    Layer VIA7       =  0.00% (0      / 4       vias)
    Layer VIA8       =  0.00% (0      / 2       vias)
 
  The optimized via conversion rate based on total routed via count =  0.00% (0 / 163867 vias)
 
    Layer VIA1       =  0.00% (0      / 60119   vias)
        Un-optimized =  0.00% (0       vias)
        Un-mapped    = 100.00% (60119   vias)
    Layer VIA2       =  0.00% (0      / 87437   vias)
        Un-optimized =  0.00% (0       vias)
        Un-mapped    = 100.00% (87437   vias)
    Layer VIA3       =  0.00% (0      / 9191    vias)
        Un-optimized =  0.00% (0       vias)
        Un-mapped    = 100.00% (9191    vias)
    Layer VIA4       =  0.00% (0      / 5184    vias)
        Un-optimized =  0.00% (0       vias)
        Un-mapped    = 100.00% (5184    vias)
    Layer VIA5       =  0.00% (0      / 1379    vias)
        Un-optimized =  0.00% (0       vias)
        Un-mapped    = 100.00% (1379    vias)
    Layer VIA6       =  0.00% (0      / 551     vias)
        Un-optimized =  0.00% (0       vias)
        Un-mapped    = 100.00% (551     vias)
    Layer VIA7       =  0.00% (0      / 4       vias)
        Un-optimized =  0.00% (0       vias)
        Un-mapped    = 100.00% (4       vias)
    Layer VIA8       =  0.00% (0      / 2       vias)
        Un-optimized =  0.00% (0       vias)
        Un-mapped    = 100.00% (2       vias)
 
Total number of nets = 25684, of which 0 are not extracted
Total number of open nets = 0, of which 0 are frozen
Information: Using 1 threads for routing. (ZRT-444)
Start DR iteration 0: non-uniform partition
Routed	1/230 Partitions, Violations =	4087
Routed	2/230 Partitions, Violations =	3820
Routed	3/230 Partitions, Violations =	3758
Routed	4/230 Partitions, Violations =	3650
Routed	5/230 Partitions, Violations =	3603
Routed	6/230 Partitions, Violations =	3525
Routed	7/230 Partitions, Violations =	3500
Routed	8/230 Partitions, Violations =	3488
Routed	9/230 Partitions, Violations =	3357
Routed	10/230 Partitions, Violations =	3338
Routed	11/230 Partitions, Violations =	3306
Routed	12/230 Partitions, Violations =	3263
Routed	13/230 Partitions, Violations =	3208
Routed	14/230 Partitions, Violations =	3162
Routed	15/230 Partitions, Violations =	3146
Routed	16/230 Partitions, Violations =	3104
Routed	17/230 Partitions, Violations =	3087
Routed	18/230 Partitions, Violations =	3045
Routed	19/230 Partitions, Violations =	2996
Routed	20/230 Partitions, Violations =	2965
Routed	21/230 Partitions, Violations =	2919
Routed	22/230 Partitions, Violations =	2845
Routed	23/230 Partitions, Violations =	2835
Routed	24/230 Partitions, Violations =	2706
Routed	25/230 Partitions, Violations =	2782
Routed	26/230 Partitions, Violations =	2740
Routed	27/230 Partitions, Violations =	2716
Routed	28/230 Partitions, Violations =	2708
Routed	29/230 Partitions, Violations =	2698
Routed	30/230 Partitions, Violations =	2685
Routed	31/230 Partitions, Violations =	2667
Routed	32/230 Partitions, Violations =	2605
Routed	33/230 Partitions, Violations =	2582
Routed	34/230 Partitions, Violations =	2552
Routed	35/230 Partitions, Violations =	2501
Routed	36/230 Partitions, Violations =	2476
Routed	37/230 Partitions, Violations =	2466
Routed	38/230 Partitions, Violations =	2445
Routed	39/230 Partitions, Violations =	2401
Routed	40/230 Partitions, Violations =	2363
Routed	41/230 Partitions, Violations =	2342
Routed	42/230 Partitions, Violations =	2315
Routed	43/230 Partitions, Violations =	2295
Routed	44/230 Partitions, Violations =	2233
Routed	45/230 Partitions, Violations =	2221
Routed	46/230 Partitions, Violations =	2210
Routed	47/230 Partitions, Violations =	2201
Routed	48/230 Partitions, Violations =	2178
Routed	49/230 Partitions, Violations =	2172
Routed	50/230 Partitions, Violations =	2092
Routed	51/230 Partitions, Violations =	2082
Routed	52/230 Partitions, Violations =	2072
Routed	53/230 Partitions, Violations =	2046
Routed	54/230 Partitions, Violations =	2012
Routed	55/230 Partitions, Violations =	2001
Routed	56/230 Partitions, Violations =	1983
Routed	57/230 Partitions, Violations =	1969
Routed	58/230 Partitions, Violations =	1963
Routed	59/230 Partitions, Violations =	1919
Routed	60/230 Partitions, Violations =	1879
Routed	61/230 Partitions, Violations =	1874
Routed	62/230 Partitions, Violations =	1867
Routed	63/230 Partitions, Violations =	1840
Routed	64/230 Partitions, Violations =	1819
Routed	65/230 Partitions, Violations =	1809
Routed	66/230 Partitions, Violations =	1799
Routed	67/230 Partitions, Violations =	1756
Routed	68/230 Partitions, Violations =	1751
Routed	69/230 Partitions, Violations =	1729
Routed	70/230 Partitions, Violations =	1699
Routed	71/230 Partitions, Violations =	1691
Routed	72/230 Partitions, Violations =	1665
Routed	73/230 Partitions, Violations =	1639
Routed	74/230 Partitions, Violations =	1612
Routed	75/230 Partitions, Violations =	1608
Routed	76/230 Partitions, Violations =	1591
Routed	77/230 Partitions, Violations =	1580
Routed	78/230 Partitions, Violations =	1576
Routed	79/230 Partitions, Violations =	1540
Routed	80/230 Partitions, Violations =	1526
Routed	81/230 Partitions, Violations =	1523
Routed	82/230 Partitions, Violations =	1494
Routed	83/230 Partitions, Violations =	1491
Routed	84/230 Partitions, Violations =	1460
Routed	85/230 Partitions, Violations =	1457
Routed	86/230 Partitions, Violations =	1454
Routed	87/230 Partitions, Violations =	1431
Routed	88/230 Partitions, Violations =	1387
Routed	89/230 Partitions, Violations =	1373
Routed	90/230 Partitions, Violations =	1362
Routed	91/230 Partitions, Violations =	1357
Routed	92/230 Partitions, Violations =	1345
Routed	93/230 Partitions, Violations =	1335
Routed	94/230 Partitions, Violations =	1333
Routed	95/230 Partitions, Violations =	1329
Routed	96/230 Partitions, Violations =	1194
Routed	97/230 Partitions, Violations =	1188
Routed	98/230 Partitions, Violations =	1182
Routed	99/230 Partitions, Violations =	1176
Routed	100/230 Partitions, Violations =	1138
Routed	101/230 Partitions, Violations =	1093
Routed	102/230 Partitions, Violations =	1076
Routed	103/230 Partitions, Violations =	1070
Routed	104/230 Partitions, Violations =	1064
Routed	105/230 Partitions, Violations =	1036
Routed	106/230 Partitions, Violations =	1022
Routed	107/230 Partitions, Violations =	1011
Routed	108/230 Partitions, Violations =	998
Routed	109/230 Partitions, Violations =	993
Routed	110/230 Partitions, Violations =	956
Routed	111/230 Partitions, Violations =	946
Routed	112/230 Partitions, Violations =	943
Routed	113/230 Partitions, Violations =	925
Routed	114/230 Partitions, Violations =	924
Routed	115/230 Partitions, Violations =	919
Routed	116/230 Partitions, Violations =	904
Routed	117/230 Partitions, Violations =	892
Routed	118/230 Partitions, Violations =	869
Routed	119/230 Partitions, Violations =	856
Routed	120/230 Partitions, Violations =	841
Routed	121/230 Partitions, Violations =	838
Routed	122/230 Partitions, Violations =	830
Routed	123/230 Partitions, Violations =	798
Routed	124/230 Partitions, Violations =	788
Routed	125/230 Partitions, Violations =	778
Routed	126/230 Partitions, Violations =	765
Routed	127/230 Partitions, Violations =	756
Routed	128/230 Partitions, Violations =	749
Routed	129/230 Partitions, Violations =	743
Routed	130/230 Partitions, Violations =	733
Routed	131/230 Partitions, Violations =	720
Routed	132/230 Partitions, Violations =	711
Routed	133/230 Partitions, Violations =	701
Routed	134/230 Partitions, Violations =	695
Routed	135/230 Partitions, Violations =	690
Routed	136/230 Partitions, Violations =	685
Routed	137/230 Partitions, Violations =	679
Routed	138/230 Partitions, Violations =	674
Routed	139/230 Partitions, Violations =	663
Routed	140/230 Partitions, Violations =	652
Routed	141/230 Partitions, Violations =	645
Routed	142/230 Partitions, Violations =	634
Routed	143/230 Partitions, Violations =	622
Routed	144/230 Partitions, Violations =	612
Routed	145/230 Partitions, Violations =	608
Routed	146/230 Partitions, Violations =	602
Routed	147/230 Partitions, Violations =	598
Routed	148/230 Partitions, Violations =	593
Routed	149/230 Partitions, Violations =	589
Routed	150/230 Partitions, Violations =	585
Routed	151/230 Partitions, Violations =	581
Routed	152/230 Partitions, Violations =	573
Routed	153/230 Partitions, Violations =	566
Routed	154/230 Partitions, Violations =	558
Routed	155/230 Partitions, Violations =	553
Routed	156/230 Partitions, Violations =	553
Routed	157/230 Partitions, Violations =	656
Routed	158/230 Partitions, Violations =	642
Routed	159/230 Partitions, Violations =	638
Routed	160/230 Partitions, Violations =	633
Routed	161/230 Partitions, Violations =	628
Routed	162/230 Partitions, Violations =	625
Routed	163/230 Partitions, Violations =	620
Routed	164/230 Partitions, Violations =	617
Routed	165/230 Partitions, Violations =	614
Routed	166/230 Partitions, Violations =	611
Routed	167/230 Partitions, Violations =	603
Routed	168/230 Partitions, Violations =	600
Routed	169/230 Partitions, Violations =	597
Routed	170/230 Partitions, Violations =	590
Routed	171/230 Partitions, Violations =	587
Routed	172/230 Partitions, Violations =	584
Routed	173/230 Partitions, Violations =	581
Routed	174/230 Partitions, Violations =	575
Routed	175/230 Partitions, Violations =	570
Routed	176/230 Partitions, Violations =	567
Routed	177/230 Partitions, Violations =	566
Routed	178/230 Partitions, Violations =	563
Routed	179/230 Partitions, Violations =	560
Routed	180/230 Partitions, Violations =	557
Routed	181/230 Partitions, Violations =	553
Routed	182/230 Partitions, Violations =	549
Routed	183/230 Partitions, Violations =	546
Routed	184/230 Partitions, Violations =	540
Routed	185/230 Partitions, Violations =	537
Routed	186/230 Partitions, Violations =	537
Routed	187/230 Partitions, Violations =	537
Routed	188/230 Partitions, Violations =	536
Routed	189/230 Partitions, Violations =	534
Routed	190/230 Partitions, Violations =	534
Routed	191/230 Partitions, Violations =	532
Routed	192/230 Partitions, Violations =	530
Routed	193/230 Partitions, Violations =	528
Routed	194/230 Partitions, Violations =	526
Routed	195/230 Partitions, Violations =	526
Routed	196/230 Partitions, Violations =	524
Routed	197/230 Partitions, Violations =	524
Routed	198/230 Partitions, Violations =	584
Routed	199/230 Partitions, Violations =	582
Routed	200/230 Partitions, Violations =	582
Routed	201/230 Partitions, Violations =	579
Routed	202/230 Partitions, Violations =	577
Routed	203/230 Partitions, Violations =	578
Routed	204/230 Partitions, Violations =	578
Routed	205/230 Partitions, Violations =	578
Routed	206/230 Partitions, Violations =	575
Routed	207/230 Partitions, Violations =	574
Routed	208/230 Partitions, Violations =	572
Routed	209/230 Partitions, Violations =	571
Routed	210/230 Partitions, Violations =	571
Routed	211/230 Partitions, Violations =	569
Routed	212/230 Partitions, Violations =	569
Routed	213/230 Partitions, Violations =	568
Routed	214/230 Partitions, Violations =	567
Routed	215/230 Partitions, Violations =	566
Routed	216/230 Partitions, Violations =	565
Routed	217/230 Partitions, Violations =	564
Routed	218/230 Partitions, Violations =	562
Routed	219/230 Partitions, Violations =	561
Routed	220/230 Partitions, Violations =	560
Routed	221/230 Partitions, Violations =	557
Routed	222/230 Partitions, Violations =	557
Routed	223/230 Partitions, Violations =	555
Routed	224/230 Partitions, Violations =	554
Routed	225/230 Partitions, Violations =	553
Routed	226/230 Partitions, Violations =	552
Routed	227/230 Partitions, Violations =	552
Routed	228/230 Partitions, Violations =	548
Routed	229/230 Partitions, Violations =	547
Routed	230/230 Partitions, Violations =	550

DRC-SUMMARY:
	@@@@@@@ TOTAL VIOLATIONS =	550
	Diff net spacing : 66
	Diff net var rule spacing : 7
	Diff net via-cut spacing : 7
	End of line enclosure : 3
	Less than minimum area : 17
	Less than NDR width : 208
	Off-grid : 2
	Same net spacing : 4
	Same net via-cut spacing : 7
	Short : 190
	Internal-only types : 39

[Iter 0] Elapsed real time: 0:00:20 
[Iter 0] Elapsed cpu  time: sys=0:00:00 usr=0:00:19 total=0:00:20
[Iter 0] Stage (MB): Used   19  Alloctr   19  Proc    0 
[Iter 0] Total (MB): Used  157  Alloctr  163  Proc 1600 

End DR iteration 0 with 230 parts

Start DR iteration 1: non-uniform partition
Routed	1/70 Partitions, Violations =	379
Routed	2/70 Partitions, Violations =	380
Routed	3/70 Partitions, Violations =	547
Routed	4/70 Partitions, Violations =	563
Routed	5/70 Partitions, Violations =	565
Routed	6/70 Partitions, Violations =	567
Routed	7/70 Partitions, Violations =	568
Routed	8/70 Partitions, Violations =	568
Routed	9/70 Partitions, Violations =	564
Routed	10/70 Partitions, Violations =	562
Routed	11/70 Partitions, Violations =	562
Routed	12/70 Partitions, Violations =	562
Routed	13/70 Partitions, Violations =	563
Routed	14/70 Partitions, Violations =	558
Routed	15/70 Partitions, Violations =	558
Routed	16/70 Partitions, Violations =	384
Routed	17/70 Partitions, Violations =	384
Routed	18/70 Partitions, Violations =	384
Routed	19/70 Partitions, Violations =	384
Routed	20/70 Partitions, Violations =	384
Routed	21/70 Partitions, Violations =	384
Routed	22/70 Partitions, Violations =	384
Routed	23/70 Partitions, Violations =	381
Routed	24/70 Partitions, Violations =	381
Routed	25/70 Partitions, Violations =	379
Routed	26/70 Partitions, Violations =	378
Routed	27/70 Partitions, Violations =	368
Routed	28/70 Partitions, Violations =	369
Routed	29/70 Partitions, Violations =	369
Routed	30/70 Partitions, Violations =	369
Routed	31/70 Partitions, Violations =	369
Routed	32/70 Partitions, Violations =	369
Routed	33/70 Partitions, Violations =	360
Routed	34/70 Partitions, Violations =	353
Routed	35/70 Partitions, Violations =	380
Routed	36/70 Partitions, Violations =	375
Routed	37/70 Partitions, Violations =	367
Routed	38/70 Partitions, Violations =	363
Routed	39/70 Partitions, Violations =	357
Routed	40/70 Partitions, Violations =	354
Routed	41/70 Partitions, Violations =	705
Routed	42/70 Partitions, Violations =	703
Routed	43/70 Partitions, Violations =	703
Routed	44/70 Partitions, Violations =	702
Routed	45/70 Partitions, Violations =	700
Routed	46/70 Partitions, Violations =	698
Routed	47/70 Partitions, Violations =	696
Routed	48/70 Partitions, Violations =	696
Routed	49/70 Partitions, Violations =	694
Routed	50/70 Partitions, Violations =	692
Routed	51/70 Partitions, Violations =	690
Routed	52/70 Partitions, Violations =	690
Routed	53/70 Partitions, Violations =	689
Routed	54/70 Partitions, Violations =	688
Routed	55/70 Partitions, Violations =	688
Routed	56/70 Partitions, Violations =	687
Routed	57/70 Partitions, Violations =	687
Routed	58/70 Partitions, Violations =	686
Routed	59/70 Partitions, Violations =	685
Routed	60/70 Partitions, Violations =	685
Routed	61/70 Partitions, Violations =	685
Routed	62/70 Partitions, Violations =	684
Routed	63/70 Partitions, Violations =	683
Routed	64/70 Partitions, Violations =	682
Routed	65/70 Partitions, Violations =	681
Routed	66/70 Partitions, Violations =	690
Routed	67/70 Partitions, Violations =	690
Routed	68/70 Partitions, Violations =	693
Routed	69/70 Partitions, Violations =	344
Routed	70/70 Partitions, Violations =	343

DRC-SUMMARY:
	@@@@@@@ TOTAL VIOLATIONS =	343
	Diff net spacing : 54
	Diff net var rule spacing : 15
	Diff net via-cut spacing : 7
	End of line enclosure : 2
	Less than minimum area : 2
	Less than NDR width : 20
	Off-grid : 4
	Same net spacing : 1
	Same net via-cut spacing : 12
	Short : 208
	Internal-only types : 18

[Iter 1] Elapsed real time: 0:00:24 
[Iter 1] Elapsed cpu  time: sys=0:00:00 usr=0:00:24 total=0:00:24
[Iter 1] Stage (MB): Used   19  Alloctr   19  Proc    0 
[Iter 1] Total (MB): Used  157  Alloctr  163  Proc 1600 

End DR iteration 1 with 70 parts

Start DR iteration 2: non-uniform partition
Routed	1/51 Partitions, Violations =	342
Routed	2/51 Partitions, Violations =	315
Routed	3/51 Partitions, Violations =	295
Routed	4/51 Partitions, Violations =	293
Routed	5/51 Partitions, Violations =	293
Routed	6/51 Partitions, Violations =	340
Routed	7/51 Partitions, Violations =	337
Routed	8/51 Partitions, Violations =	337
Routed	9/51 Partitions, Violations =	337
Routed	10/51 Partitions, Violations =	338
Routed	11/51 Partitions, Violations =	336
Routed	12/51 Partitions, Violations =	340
Routed	13/51 Partitions, Violations =	340
Routed	14/51 Partitions, Violations =	339
Routed	15/51 Partitions, Violations =	339
Routed	16/51 Partitions, Violations =	324
Routed	17/51 Partitions, Violations =	325
Routed	18/51 Partitions, Violations =	325
Routed	19/51 Partitions, Violations =	325
Routed	20/51 Partitions, Violations =	325
Routed	21/51 Partitions, Violations =	325
Routed	22/51 Partitions, Violations =	325
Routed	23/51 Partitions, Violations =	325
Routed	24/51 Partitions, Violations =	311
Routed	25/51 Partitions, Violations =	308
Routed	26/51 Partitions, Violations =	309
Routed	27/51 Partitions, Violations =	309
Routed	28/51 Partitions, Violations =	311
Routed	29/51 Partitions, Violations =	311
Routed	30/51 Partitions, Violations =	311
Routed	31/51 Partitions, Violations =	311
Routed	32/51 Partitions, Violations =	311
Routed	33/51 Partitions, Violations =	302
Routed	34/51 Partitions, Violations =	318
Routed	35/51 Partitions, Violations =	697
Routed	36/51 Partitions, Violations =	693
Routed	37/51 Partitions, Violations =	693
Routed	38/51 Partitions, Violations =	696
Routed	39/51 Partitions, Violations =	694
Routed	40/51 Partitions, Violations =	695
Routed	41/51 Partitions, Violations =	698
Routed	42/51 Partitions, Violations =	697
Routed	43/51 Partitions, Violations =	697
Routed	44/51 Partitions, Violations =	697
Routed	45/51 Partitions, Violations =	696
Routed	46/51 Partitions, Violations =	696
Routed	47/51 Partitions, Violations =	696
Routed	48/51 Partitions, Violations =	696
Routed	49/51 Partitions, Violations =	695
Routed	50/51 Partitions, Violations =	696
Routed	51/51 Partitions, Violations =	696

DRC-SUMMARY:
	@@@@@@@ TOTAL VIOLATIONS =	696
	Diff net spacing : 37
	Diff net var rule spacing : 7
	Diff net via-cut spacing : 4
	End of line enclosure : 4
	Less than minimum area : 2
	Less than NDR width : 453
	Off-grid : 3
	Same net via-cut spacing : 7
	Short : 175
	Internal-only types : 4

[Iter 2] Elapsed real time: 0:00:29 
[Iter 2] Elapsed cpu  time: sys=0:00:00 usr=0:00:29 total=0:00:29
[Iter 2] Stage (MB): Used   19  Alloctr   19  Proc    0 
[Iter 2] Total (MB): Used  157  Alloctr  163  Proc 1600 

End DR iteration 2 with 51 parts

Start DR iteration 3: non-uniform partition
Routed	1/49 Partitions, Violations =	308
Routed	2/49 Partitions, Violations =	252
Routed	3/49 Partitions, Violations =	252
Routed	4/49 Partitions, Violations =	256
Routed	5/49 Partitions, Violations =	260
Routed	6/49 Partitions, Violations =	246
Routed	7/49 Partitions, Violations =	248
Routed	8/49 Partitions, Violations =	249
Routed	9/49 Partitions, Violations =	248
Routed	10/49 Partitions, Violations =	248
Routed	11/49 Partitions, Violations =	247
Routed	12/49 Partitions, Violations =	247
Routed	13/49 Partitions, Violations =	251
Routed	14/49 Partitions, Violations =	249
Routed	15/49 Partitions, Violations =	249
Routed	16/49 Partitions, Violations =	249
Routed	17/49 Partitions, Violations =	249
Routed	18/49 Partitions, Violations =	252
Routed	19/49 Partitions, Violations =	252
Routed	20/49 Partitions, Violations =	252
Routed	21/49 Partitions, Violations =	252
Routed	22/49 Partitions, Violations =	252
Routed	23/49 Partitions, Violations =	251
Routed	24/49 Partitions, Violations =	250
Routed	25/49 Partitions, Violations =	253
Routed	26/49 Partitions, Violations =	253
Routed	27/49 Partitions, Violations =	253
Routed	28/49 Partitions, Violations =	253
Routed	29/49 Partitions, Violations =	253
Routed	30/49 Partitions, Violations =	253
Routed	31/49 Partitions, Violations =	252
Routed	32/49 Partitions, Violations =	252
Routed	33/49 Partitions, Violations =	252
Routed	34/49 Partitions, Violations =	248
Routed	35/49 Partitions, Violations =	246
Routed	36/49 Partitions, Violations =	243
Routed	37/49 Partitions, Violations =	244
Routed	38/49 Partitions, Violations =	242
Routed	39/49 Partitions, Violations =	241
Routed	40/49 Partitions, Violations =	241
Routed	41/49 Partitions, Violations =	241
Routed	42/49 Partitions, Violations =	241
Routed	43/49 Partitions, Violations =	241
Routed	44/49 Partitions, Violations =	240
Routed	45/49 Partitions, Violations =	242
Routed	46/49 Partitions, Violations =	241
Routed	47/49 Partitions, Violations =	242
Routed	48/49 Partitions, Violations =	283
Routed	49/49 Partitions, Violations =	446

DRC-SUMMARY:
	@@@@@@@ TOTAL VIOLATIONS =	446
	Diff net spacing : 39
	Diff net var rule spacing : 2
	Diff net via-cut spacing : 5
	End of line enclosure : 2
	Less than minimum area : 4
	Less than NDR width : 214
	Off-grid : 2
	Same net via-cut spacing : 9
	Short : 159
	Internal-only types : 10

[Iter 3] Elapsed real time: 0:00:36 
[Iter 3] Elapsed cpu  time: sys=0:00:00 usr=0:00:36 total=0:00:36
[Iter 3] Stage (MB): Used   19  Alloctr   19  Proc    0 
[Iter 3] Total (MB): Used  157  Alloctr  163  Proc 1600 

End DR iteration 3 with 49 parts

Start DR iteration 4: non-uniform partition
Routed	1/47 Partitions, Violations =	280
Routed	2/47 Partitions, Violations =	280
Routed	3/47 Partitions, Violations =	276
Routed	4/47 Partitions, Violations =	275
Routed	5/47 Partitions, Violations =	273
Routed	6/47 Partitions, Violations =	271
Routed	7/47 Partitions, Violations =	278
Routed	8/47 Partitions, Violations =	278
Routed	9/47 Partitions, Violations =	233
Routed	10/47 Partitions, Violations =	232
Routed	11/47 Partitions, Violations =	224
Routed	12/47 Partitions, Violations =	231
Routed	13/47 Partitions, Violations =	231
Routed	14/47 Partitions, Violations =	231
Routed	15/47 Partitions, Violations =	231
Routed	16/47 Partitions, Violations =	231
Routed	17/47 Partitions, Violations =	230
Routed	18/47 Partitions, Violations =	230
Routed	19/47 Partitions, Violations =	230
Routed	20/47 Partitions, Violations =	228
Routed	21/47 Partitions, Violations =	228
Routed	22/47 Partitions, Violations =	228
Routed	23/47 Partitions, Violations =	228
Routed	24/47 Partitions, Violations =	227
Routed	25/47 Partitions, Violations =	227
Routed	26/47 Partitions, Violations =	227
Routed	27/47 Partitions, Violations =	231
Routed	28/47 Partitions, Violations =	230
Routed	29/47 Partitions, Violations =	230
Routed	30/47 Partitions, Violations =	232
Routed	31/47 Partitions, Violations =	232
Routed	32/47 Partitions, Violations =	232
Routed	33/47 Partitions, Violations =	232
Routed	34/47 Partitions, Violations =	229
Routed	35/47 Partitions, Violations =	337
Routed	36/47 Partitions, Violations =	336
Routed	37/47 Partitions, Violations =	334
Routed	38/47 Partitions, Violations =	333
Routed	39/47 Partitions, Violations =	336
Routed	40/47 Partitions, Violations =	333
Routed	41/47 Partitions, Violations =	334
Routed	42/47 Partitions, Violations =	334
Routed	43/47 Partitions, Violations =	334
Routed	44/47 Partitions, Violations =	333
Routed	45/47 Partitions, Violations =	332
Routed	46/47 Partitions, Violations =	332
Routed	47/47 Partitions, Violations =	334

DRC-SUMMARY:
	@@@@@@@ TOTAL VIOLATIONS =	334
	Diff net spacing : 39
	Diff net var rule spacing : 1
	Diff net via-cut spacing : 9
	End of line enclosure : 2
	Less than minimum area : 3
	Less than NDR width : 112
	Off-grid : 3
	Same net via-cut spacing : 11
	Short : 141
	Internal-only types : 13

[Iter 4] Elapsed real time: 0:00:42 
[Iter 4] Elapsed cpu  time: sys=0:00:00 usr=0:00:42 total=0:00:42
[Iter 4] Stage (MB): Used   19  Alloctr   19  Proc    0 
[Iter 4] Total (MB): Used  157  Alloctr  163  Proc 1600 

End DR iteration 4 with 47 parts

Start DR iteration 5: non-uniform partition
Routed	1/43 Partitions, Violations =	330
Routed	2/43 Partitions, Violations =	230
Routed	3/43 Partitions, Violations =	224
Routed	4/43 Partitions, Violations =	222
Routed	5/43 Partitions, Violations =	223
Routed	6/43 Partitions, Violations =	247
Routed	7/43 Partitions, Violations =	247
Routed	8/43 Partitions, Violations =	247
Routed	9/43 Partitions, Violations =	246
Routed	10/43 Partitions, Violations =	246
Routed	11/43 Partitions, Violations =	246
Routed	12/43 Partitions, Violations =	246
Routed	13/43 Partitions, Violations =	247
Routed	14/43 Partitions, Violations =	246
Routed	15/43 Partitions, Violations =	246
Routed	16/43 Partitions, Violations =	267
Routed	17/43 Partitions, Violations =	267
Routed	18/43 Partitions, Violations =	245
Routed	19/43 Partitions, Violations =	247
Routed	20/43 Partitions, Violations =	247
Routed	21/43 Partitions, Violations =	245
Routed	22/43 Partitions, Violations =	245
Routed	23/43 Partitions, Violations =	246
Routed	24/43 Partitions, Violations =	246
Routed	25/43 Partitions, Violations =	246
Routed	26/43 Partitions, Violations =	246
Routed	27/43 Partitions, Violations =	246
Routed	28/43 Partitions, Violations =	246
Routed	29/43 Partitions, Violations =	244
Routed	30/43 Partitions, Violations =	243
Routed	31/43 Partitions, Violations =	239
Routed	32/43 Partitions, Violations =	227
Routed	33/43 Partitions, Violations =	227
Routed	34/43 Partitions, Violations =	227
Routed	35/43 Partitions, Violations =	227
Routed	36/43 Partitions, Violations =	225
Routed	37/43 Partitions, Violations =	225
Routed	38/43 Partitions, Violations =	230
Routed	39/43 Partitions, Violations =	234
Routed	40/43 Partitions, Violations =	234
Routed	41/43 Partitions, Violations =	234
Routed	42/43 Partitions, Violations =	234
Routed	43/43 Partitions, Violations =	234

DRC-SUMMARY:
	@@@@@@@ TOTAL VIOLATIONS =	234
	Diff net spacing : 29
	Diff net var rule spacing : 7
	Diff net via-cut spacing : 5
	End of line enclosure : 2
	Less than minimum area : 2
	Less than NDR width : 2
	Off-grid : 1
	Same net via-cut spacing : 5
	Short : 149
	Internal-only types : 32

[Iter 5] Elapsed real time: 0:00:49 
[Iter 5] Elapsed cpu  time: sys=0:00:00 usr=0:00:49 total=0:00:49
[Iter 5] Stage (MB): Used   19  Alloctr   19  Proc    0 
[Iter 5] Total (MB): Used  157  Alloctr  163  Proc 1600 

End DR iteration 5 with 43 parts

Start DR iteration 6: non-uniform partition
Routed	1/39 Partitions, Violations =	236
Routed	2/39 Partitions, Violations =	209
Routed	3/39 Partitions, Violations =	205
Routed	4/39 Partitions, Violations =	205
Routed	5/39 Partitions, Violations =	203
Routed	6/39 Partitions, Violations =	303
Routed	7/39 Partitions, Violations =	303
Routed	8/39 Partitions, Violations =	302
Routed	9/39 Partitions, Violations =	302
Routed	10/39 Partitions, Violations =	302
Routed	11/39 Partitions, Violations =	300
Routed	12/39 Partitions, Violations =	300
Routed	13/39 Partitions, Violations =	301
Routed	14/39 Partitions, Violations =	301
Routed	15/39 Partitions, Violations =	301
Routed	16/39 Partitions, Violations =	301
Routed	17/39 Partitions, Violations =	319
Routed	18/39 Partitions, Violations =	319
Routed	19/39 Partitions, Violations =	327
Routed	20/39 Partitions, Violations =	327
Routed	21/39 Partitions, Violations =	327
Routed	22/39 Partitions, Violations =	327
Routed	23/39 Partitions, Violations =	325
Routed	24/39 Partitions, Violations =	324
Routed	25/39 Partitions, Violations =	324
Routed	26/39 Partitions, Violations =	324
Routed	27/39 Partitions, Violations =	324
Routed	28/39 Partitions, Violations =	324
Routed	29/39 Partitions, Violations =	319
Routed	30/39 Partitions, Violations =	325
Routed	31/39 Partitions, Violations =	325
Routed	32/39 Partitions, Violations =	324
Routed	33/39 Partitions, Violations =	326
Routed	34/39 Partitions, Violations =	326
Routed	35/39 Partitions, Violations =	325
Routed	36/39 Partitions, Violations =	345
Routed	37/39 Partitions, Violations =	345
Routed	38/39 Partitions, Violations =	345
Routed	39/39 Partitions, Violations =	345

DRC-SUMMARY:
	@@@@@@@ TOTAL VIOLATIONS =	345
	Diff net spacing : 40
	Diff net var rule spacing : 20
	Diff net via-cut spacing : 5
	End of line enclosure : 2
	Less than minimum area : 1
	Less than NDR width : 99
	Off-grid : 1
	Same net via-cut spacing : 8
	Short : 150
	Internal-only types : 19

[Iter 6] Elapsed real time: 0:00:56 
[Iter 6] Elapsed cpu  time: sys=0:00:00 usr=0:00:56 total=0:00:56
[Iter 6] Stage (MB): Used   19  Alloctr   19  Proc    0 
[Iter 6] Total (MB): Used  157  Alloctr  163  Proc 1600 

End DR iteration 6 with 39 parts

Start DR iteration 7: non-uniform partition
Routed	1/37 Partitions, Violations =	242
Routed	2/37 Partitions, Violations =	242
Routed	3/37 Partitions, Violations =	223
Routed	4/37 Partitions, Violations =	224
Routed	5/37 Partitions, Violations =	223
Routed	6/37 Partitions, Violations =	223
Routed	7/37 Partitions, Violations =	223
Routed	8/37 Partitions, Violations =	222
Routed	9/37 Partitions, Violations =	221
Routed	10/37 Partitions, Violations =	221
Routed	11/37 Partitions, Violations =	222
Routed	12/37 Partitions, Violations =	220
Routed	13/37 Partitions, Violations =	220
Routed	14/37 Partitions, Violations =	220
Routed	15/37 Partitions, Violations =	220
Routed	16/37 Partitions, Violations =	220
Routed	17/37 Partitions, Violations =	220
Routed	18/37 Partitions, Violations =	220
Routed	19/37 Partitions, Violations =	220
Routed	20/37 Partitions, Violations =	221
Routed	21/37 Partitions, Violations =	221
Routed	22/37 Partitions, Violations =	221
Routed	23/37 Partitions, Violations =	222
Routed	24/37 Partitions, Violations =	224
Routed	25/37 Partitions, Violations =	224
Routed	26/37 Partitions, Violations =	223
Routed	27/37 Partitions, Violations =	223
Routed	28/37 Partitions, Violations =	223
Routed	29/37 Partitions, Violations =	223
Routed	30/37 Partitions, Violations =	227
Routed	31/37 Partitions, Violations =	228
Routed	32/37 Partitions, Violations =	228
Routed	33/37 Partitions, Violations =	234
Routed	34/37 Partitions, Violations =	237
Routed	35/37 Partitions, Violations =	237
Routed	36/37 Partitions, Violations =	237
Routed	37/37 Partitions, Violations =	237

DRC-SUMMARY:
	@@@@@@@ TOTAL VIOLATIONS =	237
	Diff net spacing : 40
	Diff net var rule spacing : 11
	Diff net via-cut spacing : 6
	End of line enclosure : 2
	Less than NDR width : 4
	Off-grid : 3
	Same net via-cut spacing : 11
	Short : 155
	Internal-only types : 5

[Iter 7] Elapsed real time: 0:01:03 
[Iter 7] Elapsed cpu  time: sys=0:00:00 usr=0:01:02 total=0:01:02
[Iter 7] Stage (MB): Used   19  Alloctr   19  Proc    0 
[Iter 7] Total (MB): Used  157  Alloctr  163  Proc 1600 

End DR iteration 7 with 37 parts

Start DR iteration 8: non-uniform partition
Routed	1/39 Partitions, Violations =	242
Routed	2/39 Partitions, Violations =	242
Routed	3/39 Partitions, Violations =	235
Routed	4/39 Partitions, Violations =	218
Routed	5/39 Partitions, Violations =	220
Routed	6/39 Partitions, Violations =	218
Routed	7/39 Partitions, Violations =	218
Routed	8/39 Partitions, Violations =	209
Routed	9/39 Partitions, Violations =	210
Routed	10/39 Partitions, Violations =	210
Routed	11/39 Partitions, Violations =	210
Routed	12/39 Partitions, Violations =	209
Routed	13/39 Partitions, Violations =	209
Routed	14/39 Partitions, Violations =	208
Routed	15/39 Partitions, Violations =	208
Routed	16/39 Partitions, Violations =	207
Routed	17/39 Partitions, Violations =	207
Routed	18/39 Partitions, Violations =	207
Routed	19/39 Partitions, Violations =	207
Routed	20/39 Partitions, Violations =	207
Routed	21/39 Partitions, Violations =	207
Routed	22/39 Partitions, Violations =	207
Routed	23/39 Partitions, Violations =	205
Routed	24/39 Partitions, Violations =	203
Routed	25/39 Partitions, Violations =	203
Routed	26/39 Partitions, Violations =	203
Routed	27/39 Partitions, Violations =	204
Routed	28/39 Partitions, Violations =	204
Routed	29/39 Partitions, Violations =	204
Routed	30/39 Partitions, Violations =	204
Routed	31/39 Partitions, Violations =	201
Routed	32/39 Partitions, Violations =	195
Routed	33/39 Partitions, Violations =	191
Routed	34/39 Partitions, Violations =	188
Routed	35/39 Partitions, Violations =	183
Routed	36/39 Partitions, Violations =	191
Routed	37/39 Partitions, Violations =	198
Routed	38/39 Partitions, Violations =	194
Routed	39/39 Partitions, Violations =	194

DRC-SUMMARY:
	@@@@@@@ TOTAL VIOLATIONS =	194
	Diff net spacing : 36
	Diff net var rule spacing : 5
	Diff net via-cut spacing : 3
	End of line enclosure : 3
	Less than minimum area : 1
	Less than NDR width : 1
	Off-grid : 2
	Same net via-cut spacing : 4
	Short : 137
	Internal-only types : 2

[Iter 8] Elapsed real time: 0:01:11 
[Iter 8] Elapsed cpu  time: sys=0:00:00 usr=0:01:11 total=0:01:11
[Iter 8] Stage (MB): Used   19  Alloctr   19  Proc    1 
[Iter 8] Total (MB): Used  157  Alloctr  163  Proc 1602 

End DR iteration 8 with 39 parts

Start DR iteration 9: non-uniform partition
Routed	1/35 Partitions, Violations =	187
Routed	2/35 Partitions, Violations =	192
Routed	3/35 Partitions, Violations =	191
Routed	4/35 Partitions, Violations =	191
Routed	5/35 Partitions, Violations =	197
Routed	6/35 Partitions, Violations =	197
Routed	7/35 Partitions, Violations =	197
Routed	8/35 Partitions, Violations =	197
Routed	9/35 Partitions, Violations =	197
Routed	10/35 Partitions, Violations =	202
Routed	11/35 Partitions, Violations =	202
Routed	12/35 Partitions, Violations =	202
Routed	13/35 Partitions, Violations =	202
Routed	14/35 Partitions, Violations =	202
Routed	15/35 Partitions, Violations =	201
Routed	16/35 Partitions, Violations =	201
Routed	17/35 Partitions, Violations =	201
Routed	18/35 Partitions, Violations =	204
Routed	19/35 Partitions, Violations =	204
Routed	20/35 Partitions, Violations =	204
Routed	21/35 Partitions, Violations =	204
Routed	22/35 Partitions, Violations =	201
Routed	23/35 Partitions, Violations =	202
Routed	24/35 Partitions, Violations =	204
Routed	25/35 Partitions, Violations =	204
Routed	26/35 Partitions, Violations =	204
Routed	27/35 Partitions, Violations =	204
Routed	28/35 Partitions, Violations =	204
Routed	29/35 Partitions, Violations =	204
Routed	30/35 Partitions, Violations =	203
Routed	31/35 Partitions, Violations =	208
Routed	32/35 Partitions, Violations =	208
Routed	33/35 Partitions, Violations =	208
Routed	34/35 Partitions, Violations =	204
Routed	35/35 Partitions, Violations =	204

DRC-SUMMARY:
	@@@@@@@ TOTAL VIOLATIONS =	204
	Diff net spacing : 35
	Diff net var rule spacing : 13
	Diff net via-cut spacing : 2
	End of line enclosure : 2
	Less than minimum area : 3
	Less than NDR width : 1
	Off-grid : 4
	Same net via-cut spacing : 10
	Short : 132
	Internal-only types : 2

[Iter 9] Elapsed real time: 0:01:20 
[Iter 9] Elapsed cpu  time: sys=0:00:00 usr=0:01:20 total=0:01:20
[Iter 9] Stage (MB): Used   19  Alloctr   19  Proc    1 
[Iter 9] Total (MB): Used  157  Alloctr  163  Proc 1602 

End DR iteration 9 with 35 parts

Start DR iteration 10: non-uniform partition
Routed	1/35 Partitions, Violations =	206
Routed	2/35 Partitions, Violations =	206
Routed	3/35 Partitions, Violations =	221
Routed	4/35 Partitions, Violations =	269
Routed	5/35 Partitions, Violations =	275
Routed	6/35 Partitions, Violations =	273
Routed	7/35 Partitions, Violations =	273
Routed	8/35 Partitions, Violations =	272
Routed	9/35 Partitions, Violations =	272
Routed	10/35 Partitions, Violations =	272
Routed	11/35 Partitions, Violations =	240
Routed	12/35 Partitions, Violations =	239
Routed	13/35 Partitions, Violations =	240
Routed	14/35 Partitions, Violations =	240
Routed	15/35 Partitions, Violations =	240
Routed	16/35 Partitions, Violations =	240
Routed	17/35 Partitions, Violations =	240
Routed	18/35 Partitions, Violations =	240
Routed	19/35 Partitions, Violations =	240
Routed	20/35 Partitions, Violations =	239
Routed	21/35 Partitions, Violations =	239
Routed	22/35 Partitions, Violations =	226
Routed	23/35 Partitions, Violations =	224
Routed	24/35 Partitions, Violations =	224
Routed	25/35 Partitions, Violations =	224
Routed	26/35 Partitions, Violations =	224
Routed	27/35 Partitions, Violations =	224
Routed	28/35 Partitions, Violations =	224
Routed	29/35 Partitions, Violations =	225
Routed	30/35 Partitions, Violations =	225
Routed	31/35 Partitions, Violations =	226
Routed	32/35 Partitions, Violations =	228
Routed	33/35 Partitions, Violations =	228
Routed	34/35 Partitions, Violations =	230
Routed	35/35 Partitions, Violations =	230

DRC-SUMMARY:
	@@@@@@@ TOTAL VIOLATIONS =	230
	Diff net spacing : 40
	Diff net var rule spacing : 16
	Diff net via-cut spacing : 7
	End of line enclosure : 2
	Less than minimum area : 4
	Less than NDR width : 1
	Off-grid : 1
	Same net spacing : 2
	Same net via-cut spacing : 8
	Short : 149

[Iter 10] Elapsed real time: 0:01:28 
[Iter 10] Elapsed cpu  time: sys=0:00:00 usr=0:01:28 total=0:01:28
[Iter 10] Stage (MB): Used   19  Alloctr   19  Proc    1 
[Iter 10] Total (MB): Used  157  Alloctr  163  Proc 1602 

End DR iteration 10 with 35 parts

Start DR iteration 11: non-uniform partition
Routed	1/37 Partitions, Violations =	230
Routed	2/37 Partitions, Violations =	225
Routed	3/37 Partitions, Violations =	224
Routed	4/37 Partitions, Violations =	207
Routed	5/37 Partitions, Violations =	219
Routed	6/37 Partitions, Violations =	365
Routed	7/37 Partitions, Violations =	371
Routed	8/37 Partitions, Violations =	371
Routed	9/37 Partitions, Violations =	370
Routed	10/37 Partitions, Violations =	370
Routed	11/37 Partitions, Violations =	370
Routed	12/37 Partitions, Violations =	369
Routed	13/37 Partitions, Violations =	369
Routed	14/37 Partitions, Violations =	369
Routed	15/37 Partitions, Violations =	368
Routed	16/37 Partitions, Violations =	368
Routed	17/37 Partitions, Violations =	367
Routed	18/37 Partitions, Violations =	367
Routed	19/37 Partitions, Violations =	367
Routed	20/37 Partitions, Violations =	367
Routed	21/37 Partitions, Violations =	367
Routed	22/37 Partitions, Violations =	364
Routed	23/37 Partitions, Violations =	364
Routed	24/37 Partitions, Violations =	364
Routed	25/37 Partitions, Violations =	364
Routed	26/37 Partitions, Violations =	366
Routed	27/37 Partitions, Violations =	366
Routed	28/37 Partitions, Violations =	366
Routed	29/37 Partitions, Violations =	366
Routed	30/37 Partitions, Violations =	373
Routed	31/37 Partitions, Violations =	373
Routed	32/37 Partitions, Violations =	379
Routed	33/37 Partitions, Violations =	375
Routed	34/37 Partitions, Violations =	374
Routed	35/37 Partitions, Violations =	372
Routed	36/37 Partitions, Violations =	372
Routed	37/37 Partitions, Violations =	372

DRC-SUMMARY:
	@@@@@@@ TOTAL VIOLATIONS =	372
	Diff net spacing : 25
	Diff net var rule spacing : 17
	Diff net via-cut spacing : 3
	End of line enclosure : 2
	Less than minimum area : 1
	Less than NDR width : 173
	Off-grid : 2
	Same net via-cut spacing : 5
	Short : 129
	Internal-only types : 15

[Iter 11] Elapsed real time: 0:01:37 
[Iter 11] Elapsed cpu  time: sys=0:00:00 usr=0:01:36 total=0:01:36
[Iter 11] Stage (MB): Used   19  Alloctr   19  Proc    1 
[Iter 11] Total (MB): Used  157  Alloctr  163  Proc 1602 

End DR iteration 11 with 37 parts

Start DR iteration 12: non-uniform partition
Routed	1/34 Partitions, Violations =	267
Routed	2/34 Partitions, Violations =	269
Routed	3/34 Partitions, Violations =	277
Routed	4/34 Partitions, Violations =	278
Routed	5/34 Partitions, Violations =	281
Routed	6/34 Partitions, Violations =	277
Routed	7/34 Partitions, Violations =	277
Routed	8/34 Partitions, Violations =	277
Routed	9/34 Partitions, Violations =	275
Routed	10/34 Partitions, Violations =	274
Routed	11/34 Partitions, Violations =	274
Routed	12/34 Partitions, Violations =	274
Routed	13/34 Partitions, Violations =	274
Routed	14/34 Partitions, Violations =	274
Routed	15/34 Partitions, Violations =	275
Routed	16/34 Partitions, Violations =	275
Routed	17/34 Partitions, Violations =	277
Routed	18/34 Partitions, Violations =	277
Routed	19/34 Partitions, Violations =	277
Routed	20/34 Partitions, Violations =	278
Routed	21/34 Partitions, Violations =	279
Routed	22/34 Partitions, Violations =	279
Routed	23/34 Partitions, Violations =	280
Routed	24/34 Partitions, Violations =	281
Routed	25/34 Partitions, Violations =	281
Routed	26/34 Partitions, Violations =	281
Routed	27/34 Partitions, Violations =	229
Routed	28/34 Partitions, Violations =	236
Routed	29/34 Partitions, Violations =	232
Routed	30/34 Partitions, Violations =	233
Routed	31/34 Partitions, Violations =	229
Routed	32/34 Partitions, Violations =	229
Routed	33/34 Partitions, Violations =	229
Routed	34/34 Partitions, Violations =	229

DRC-SUMMARY:
	@@@@@@@ TOTAL VIOLATIONS =	229
	Diff net spacing : 32
	Diff net var rule spacing : 15
	Diff net via-cut spacing : 3
	End of line enclosure : 2
	Less than NDR width : 5
	Off-grid : 2
	Same net via-cut spacing : 14
	Short : 144
	Internal-only types : 12

[Iter 12] Elapsed real time: 0:01:45 
[Iter 12] Elapsed cpu  time: sys=0:00:00 usr=0:01:45 total=0:01:45
[Iter 12] Stage (MB): Used   19  Alloctr   19  Proc    3 
[Iter 12] Total (MB): Used  157  Alloctr  163  Proc 1604 

End DR iteration 12 with 34 parts

Start DR iteration 13: non-uniform partition
Routed	1/36 Partitions, Violations =	227
Routed	2/36 Partitions, Violations =	226
Routed	3/36 Partitions, Violations =	228
Routed	4/36 Partitions, Violations =	213
Routed	5/36 Partitions, Violations =	213
Routed	6/36 Partitions, Violations =	214
Routed	7/36 Partitions, Violations =	214
Routed	8/36 Partitions, Violations =	213
Routed	9/36 Partitions, Violations =	211
Routed	10/36 Partitions, Violations =	211
Routed	11/36 Partitions, Violations =	228
Routed	12/36 Partitions, Violations =	228
Routed	13/36 Partitions, Violations =	231
Routed	14/36 Partitions, Violations =	231
Routed	15/36 Partitions, Violations =	232
Routed	16/36 Partitions, Violations =	231
Routed	17/36 Partitions, Violations =	231
Routed	18/36 Partitions, Violations =	231
Routed	19/36 Partitions, Violations =	231
Routed	20/36 Partitions, Violations =	231
Routed	21/36 Partitions, Violations =	231
Routed	22/36 Partitions, Violations =	231
Routed	23/36 Partitions, Violations =	231
Routed	24/36 Partitions, Violations =	249
Routed	25/36 Partitions, Violations =	249
Routed	26/36 Partitions, Violations =	251
Routed	27/36 Partitions, Violations =	252
Routed	28/36 Partitions, Violations =	255
Routed	29/36 Partitions, Violations =	255
Routed	30/36 Partitions, Violations =	255
Routed	31/36 Partitions, Violations =	255
Routed	32/36 Partitions, Violations =	252
Routed	33/36 Partitions, Violations =	250
Routed	34/36 Partitions, Violations =	250
Routed	35/36 Partitions, Violations =	250
Routed	36/36 Partitions, Violations =	262

DRC-SUMMARY:
	@@@@@@@ TOTAL VIOLATIONS =	262
	Diff net spacing : 51
	Diff net var rule spacing : 20
	Diff net via-cut spacing : 9
	End of line enclosure : 2
	Less than minimum area : 5
	Less than NDR width : 1
	Off-grid : 1
	Same net via-cut spacing : 6
	Short : 146
	Internal-only types : 21

[Iter 13] Elapsed real time: 0:01:55 
[Iter 13] Elapsed cpu  time: sys=0:00:00 usr=0:01:55 total=0:01:55
[Iter 13] Stage (MB): Used   19  Alloctr   19  Proc    3 
[Iter 13] Total (MB): Used  157  Alloctr  163  Proc 1604 

End DR iteration 13 with 36 parts

Stop DR since not converging

Information: Detail Routing terminated early because DRCs were not converging: true (ZRT-312)

Begin revisit internal-only type DRCs ...

Checked	1/1 Partitions, Violations =	241

DRC-SUMMARY:
	@@@@@@@ TOTAL VIOLATIONS =	241

[REVISIT DRC] Elapsed real time: 0:00:00 
[REVISIT DRC] Elapsed cpu  time: sys=0:00:00 usr=0:00:00 total=0:00:00
[REVISIT DRC] Stage (MB): Used    0  Alloctr    0  Proc    0 
[REVISIT DRC] Total (MB): Used  157  Alloctr  163  Proc 1604 

Nets that have been changed:
Net 1 = net_PTECO_DRC_NET5
Net 2 = net_PTECO_DRC_NET6
Net 3 = net_PTECO_DRC_NET16
Net 4 = net_PTECO_DRC_NET18
Net 5 = net_PTECO_DRC_NET22
Net 6 = net_PTECO_DRC_NET2
Net 7 = net_PTECO_DRC_NET13
Net 8 = net_PTECO_DRC_NET23
Net 9 = net_PTECO_DRC_NET21
Net 10 = net_PTECO_DRC_NET9
Net 11 = net_PTECO_DRC_NET11
Net 12 = net_PTECO_DRC_NET10
Net 13 = net_PTECO_DRC_NET27
Net 14 = net_PTECO_DRC_NET14
Net 15 = net_PTECO_DRC_NET1
Net 16 = net_PTECO_DRC_NET20
Net 17 = ropt_net_8709
Net 18 = net_PTECO_DRC_NET15
Net 19 = net_PTECO_DRC_NET12
Net 20 = net_PTECO_DRC_NET26
Net 21 = net_PTECO_DRC_NET7
Net 22 = net_PTECO_DRC_NET4
Net 23 = net_PTECO_DRC_NET19
Net 24 = net_PTECO_DRC_NET24
Net 25 = net_PTECO_DRC_NET25
Net 26 = net_PTECO_DRC_NET17
Net 27 = net_PTECO_HOLD_NET142
Net 28 = net207
Net 29 = net165
Net 30 = aps_rename_99_
Net 31 = net177
Net 32 = net_PTECO_HOLD_NET62
Net 33 = net171
Net 34 = net183
Net 35 = net201
Net 36 = net189
Net 37 = aps_rename_106_
Net 38 = aps_rename_107_
Net 39 = net195
Net 40 = net_PTECO_DRC_NET8
Net 41 = net_PTECO_HOLD_NET107
Net 42 = scan_en
Net 43 = ibex_top_inst/u_ibex_core/id_stage_i/controller_i/exc_req_d
Net 44 = ibex_top_inst/u_ibex_core/if_stage_i/gen_prefetch_buffer.prefetch_buffer_i/fifo_i/rdata_q[0][10]
Net 45 = n3832
Net 46 = n3999
Net 47 = n4003
Net 48 = n4006
Net 49 = n4011
Net 50 = n4018
Net 51 = n4023
Net 52 = n4055
Net 53 = n4100
Net 54 = n4129
Net 55 = ibex_top_inst/core_clock_gate_i/gen_generic.u_impl_generic/en_latch
Net 56 = n4902
Net 57 = n4920
Net 58 = n5478
Net 59 = n5491
Net 60 = n5521
Net 61 = n5571
Net 62 = n6567
Net 63 = n6728
Net 64 = n6747
Net 65 = n6748
Net 66 = n6749
Net 67 = n6790
Net 68 = n7274
Net 69 = PLACE_HFSNET_80
Net 70 = data_addr_o[16]
Net 71 = n8932
Net 72 = n8967
Net 73 = n9002
Net 74 = n9060
Net 75 = n9121
Net 76 = n9167
Net 77 = n9445
Net 78 = n9450
Net 79 = n9685
Net 80 = n9686
Net 81 = n9688
Net 82 = n10451
Net 83 = n10785
Net 84 = data_addr_o[25]
Net 85 = net_PTECO_DRC_NET3
Net 86 = copt_net_327
Net 87 = copt_net_336
Net 88 = copt_net_337
Net 89 = n11328
Net 90 = n11334
Net 91 = n11475
Net 92 = n11610
Net 93 = n11611
Net 94 = n11800
Net 95 = n11962
Net 96 = data_addr_o[7]
Net 97 = data_addr_o[30]
Net 98 = data_addr_o[29]
Net 99 = data_addr_o[8]
Net 100 = n12376
.... and 373 other nets
Total number of changed nets = 473 (out of 25684)

[DR: Done] Elapsed real time: 0:01:55 
[DR: Done] Elapsed cpu  time: sys=0:00:00 usr=0:01:55 total=0:01:55
[DR: Done] Stage (MB): Used    1  Alloctr    1  Proc    3 
[DR: Done] Total (MB): Used  139  Alloctr  145  Proc 1604 
[ECO: DR] Elapsed real time: 0:02:03 
[ECO: DR] Elapsed cpu  time: sys=0:00:00 usr=0:02:02 total=0:02:03
[ECO: DR] Stage (MB): Used  138  Alloctr  144  Proc  161 
[ECO: DR] Total (MB): Used  139  Alloctr  145  Proc 1604 

ECO Route finished with 0 open nets, of which 0 are frozen
Information: Merged away 108 aligned/redundant DRCs. (ZRT-305)

ECO Route finished with 133 violations

DRC-SUMMARY:
	@@@@@@@ TOTAL VIOLATIONS =	133
	Diff net spacing : 25
	Diff net var rule spacing : 9
	Diff net via-cut spacing : 9
	End of line enclosure : 2
	Less than minimum area : 5
	Less than NDR width : 1
	Off-grid : 1
	Same net via-cut spacing : 6
	Short : 75



Total Wire Length =                    298850 micron
Total Number of Contacts =             163548
Total Number of Wires =                200291
Total Number of PtConns =              31268
Total Number of Routed Wires =       200291
Total Routed Wire Length =           276776 micron
Total Number of Routed Contacts =       163548
	Layer                 M1 :        855 micron
	Layer                 M2 :     107189 micron
	Layer                 M3 :     110137 micron
	Layer                 M4 :      28329 micron
	Layer                 M5 :      33466 micron
	Layer                 M6 :      11728 micron
	Layer                 M7 :       7133 micron
	Layer                 M8 :         12 micron
	Layer                 M9 :          0 micron
	Layer               MRDL :          0 micron
	Via              VIA89_C :          2
	Via       VIA78SQ_C(rot) :          3
	Via         VIA78SQ(rot) :          1
	Via            VIA67SQ_C :        542
	Via       VIA67SQ_C(rot) :         23
	Via              VIA67SQ :          4
	Via         VIA67SQ(rot) :          2
	Via            VIA56SQ_C :          3
	Via       VIA56SQ_C(rot) :         74
	Via              VIA56SQ :       1305
	Via              VIA45SQ :       5094
	Via       VIA34SQ_C(rot) :       8236
	Via          VIA34BAR2_C :         21
	Via              VIA34SQ :        153
	Via         VIA34SQ(rot) :        665
	Via     VIA3_34SQ_C(rot) :         12
	Via            VIA3_34SQ :          3
	Via       VIA3_34SQ(rot) :          5
	Via            VIA23SQ_C :      86909
	Via       VIA23SQ_C(rot) :          6
	Via          VIA23BAR2_C :          4
	Via     VIA23BAR2_C(rot) :          2
	Via            VIA23LG_C :          1
	Via              VIA23SQ :          7
	Via         VIA23SQ(rot) :          1
	Via          VIA2_33SQ_C :        173
	Via          VIA23_3SQ_C :         43
	Via        VIA2_33_3SQ_C :        120
	Via            VIA12SQ_C :          3
	Via       VIA12SQ_C(rot) :      58723
	Via     VIA12BAR1_C(rot) :          1
	Via     VIA12BAR2_C(rot) :         51
	Via            VIA12LG_C :          1
	Via              VIA12SQ :          2
	Via         VIA12SQ(rot) :        498
	Via     VIA1_32SQ_C(rot) :        789
	Via     VIA12_3SQ_C(rot) :         14
	Via   VIA1_32_3SQ_C(rot) :         52

 
Redundant via conversion report:
--------------------------------

  Total optimized via conversion rate =  0.00% (0 / 163548 vias)
 
    Layer VIA1       =  0.00% (0      / 60134   vias)
        Un-optimized =  0.00% (0       vias)
        Un-mapped    = 100.00% (60134   vias)
    Layer VIA2       =  0.00% (0      / 87266   vias)
        Un-optimized =  0.00% (0       vias)
        Un-mapped    = 100.00% (87266   vias)
    Layer VIA3       =  0.00% (0      / 9095    vias)
        Un-optimized =  0.00% (0       vias)
        Un-mapped    = 100.00% (9095    vias)
    Layer VIA4       =  0.00% (0      / 5094    vias)
        Un-optimized =  0.00% (0       vias)
        Un-mapped    = 100.00% (5094    vias)
    Layer VIA5       =  0.00% (0      / 1382    vias)
        Un-optimized =  0.00% (0       vias)
        Un-mapped    = 100.00% (1382    vias)
    Layer VIA6       =  0.00% (0      / 571     vias)
        Un-optimized =  0.00% (0       vias)
        Un-mapped    = 100.00% (571     vias)
    Layer VIA7       =  0.00% (0      / 4       vias)
        Un-optimized =  0.00% (0       vias)
        Un-mapped    = 100.00% (4       vias)
    Layer VIA8       =  0.00% (0      / 2       vias)
        Un-optimized =  0.00% (0       vias)
        Un-mapped    = 100.00% (2       vias)
 
  Total double via conversion rate    =  0.00% (0 / 163548 vias)
 
    Layer VIA1       =  0.00% (0      / 60134   vias)
    Layer VIA2       =  0.00% (0      / 87266   vias)
    Layer VIA3       =  0.00% (0      / 9095    vias)
    Layer VIA4       =  0.00% (0      / 5094    vias)
    Layer VIA5       =  0.00% (0      / 1382    vias)
    Layer VIA6       =  0.00% (0      / 571     vias)
    Layer VIA7       =  0.00% (0      / 4       vias)
    Layer VIA8       =  0.00% (0      / 2       vias)
 
  The optimized via conversion rate based on total routed via count =  0.00% (0 / 163548 vias)
 
    Layer VIA1       =  0.00% (0      / 60134   vias)
        Un-optimized =  0.00% (0       vias)
        Un-mapped    = 100.00% (60134   vias)
    Layer VIA2       =  0.00% (0      / 87266   vias)
        Un-optimized =  0.00% (0       vias)
        Un-mapped    = 100.00% (87266   vias)
    Layer VIA3       =  0.00% (0      / 9095    vias)
        Un-optimized =  0.00% (0       vias)
        Un-mapped    = 100.00% (9095    vias)
    Layer VIA4       =  0.00% (0      / 5094    vias)
        Un-optimized =  0.00% (0       vias)
        Un-mapped    = 100.00% (5094    vias)
    Layer VIA5       =  0.00% (0      / 1382    vias)
        Un-optimized =  0.00% (0       vias)
        Un-mapped    = 100.00% (1382    vias)
    Layer VIA6       =  0.00% (0      / 571     vias)
        Un-optimized =  0.00% (0       vias)
        Un-mapped    = 100.00% (571     vias)
    Layer VIA7       =  0.00% (0      / 4       vias)
        Un-optimized =  0.00% (0       vias)
        Un-mapped    = 100.00% (4       vias)
    Layer VIA8       =  0.00% (0      / 2       vias)
        Un-optimized =  0.00% (0       vias)
        Un-mapped    = 100.00% (2       vias)
 

Total number of nets = 25684
0 open nets, of which 0 are frozen
Total number of excluded ports = 0 ports of 0 unplaced cells connected to 0 nets
                                 0 ports without pins of 0 cells connected to 0 nets
                                 0 ports of 0 cover cells connected to 0 non-pg nets
Total number of DRCs = 133
Total number of antenna violations = antenna checking not active
Information: Routes in non-preferred voltage areas = 0 (ZRT-559)

Total Wire Length =                    298850 micron
Total Number of Contacts =             163548
Total Number of Wires =                200291
Total Number of PtConns =              31268
Total Number of Routed Wires =       200291
Total Routed Wire Length =           276776 micron
Total Number of Routed Contacts =       163548
	Layer                 M1 :        855 micron
	Layer                 M2 :     107189 micron
	Layer                 M3 :     110137 micron
	Layer                 M4 :      28329 micron
	Layer                 M5 :      33466 micron
	Layer                 M6 :      11728 micron
	Layer                 M7 :       7133 micron
	Layer                 M8 :         12 micron
	Layer                 M9 :          0 micron
	Layer               MRDL :          0 micron
	Via              VIA89_C :          2
	Via       VIA78SQ_C(rot) :          3
	Via         VIA78SQ(rot) :          1
	Via            VIA67SQ_C :        542
	Via       VIA67SQ_C(rot) :         23
	Via              VIA67SQ :          4
	Via         VIA67SQ(rot) :          2
	Via            VIA56SQ_C :          3
	Via       VIA56SQ_C(rot) :         74
	Via              VIA56SQ :       1305
	Via              VIA45SQ :       5094
	Via       VIA34SQ_C(rot) :       8236
	Via          VIA34BAR2_C :         21
	Via              VIA34SQ :        153
	Via         VIA34SQ(rot) :        665
	Via     VIA3_34SQ_C(rot) :         12
	Via            VIA3_34SQ :          3
	Via       VIA3_34SQ(rot) :          5
	Via            VIA23SQ_C :      86909
	Via       VIA23SQ_C(rot) :          6
	Via          VIA23BAR2_C :          4
	Via     VIA23BAR2_C(rot) :          2
	Via            VIA23LG_C :          1
	Via              VIA23SQ :          7
	Via         VIA23SQ(rot) :          1
	Via          VIA2_33SQ_C :        173
	Via          VIA23_3SQ_C :         43
	Via        VIA2_33_3SQ_C :        120
	Via            VIA12SQ_C :          3
	Via       VIA12SQ_C(rot) :      58723
	Via     VIA12BAR1_C(rot) :          1
	Via     VIA12BAR2_C(rot) :         51
	Via            VIA12LG_C :          1
	Via              VIA12SQ :          2
	Via         VIA12SQ(rot) :        498
	Via     VIA1_32SQ_C(rot) :        789
	Via     VIA12_3SQ_C(rot) :         14
	Via   VIA1_32_3SQ_C(rot) :         52

 
Redundant via conversion report:
--------------------------------

  Total optimized via conversion rate =  0.00% (0 / 163548 vias)
 
    Layer VIA1       =  0.00% (0      / 60134   vias)
        Un-optimized =  0.00% (0       vias)
        Un-mapped    = 100.00% (60134   vias)
    Layer VIA2       =  0.00% (0      / 87266   vias)
        Un-optimized =  0.00% (0       vias)
        Un-mapped    = 100.00% (87266   vias)
    Layer VIA3       =  0.00% (0      / 9095    vias)
        Un-optimized =  0.00% (0       vias)
        Un-mapped    = 100.00% (9095    vias)
    Layer VIA4       =  0.00% (0      / 5094    vias)
        Un-optimized =  0.00% (0       vias)
        Un-mapped    = 100.00% (5094    vias)
    Layer VIA5       =  0.00% (0      / 1382    vias)
        Un-optimized =  0.00% (0       vias)
        Un-mapped    = 100.00% (1382    vias)
    Layer VIA6       =  0.00% (0      / 571     vias)
        Un-optimized =  0.00% (0       vias)
        Un-mapped    = 100.00% (571     vias)
    Layer VIA7       =  0.00% (0      / 4       vias)
        Un-optimized =  0.00% (0       vias)
        Un-mapped    = 100.00% (4       vias)
    Layer VIA8       =  0.00% (0      / 2       vias)
        Un-optimized =  0.00% (0       vias)
        Un-mapped    = 100.00% (2       vias)
 
  Total double via conversion rate    =  0.00% (0 / 163548 vias)
 
    Layer VIA1       =  0.00% (0      / 60134   vias)
    Layer VIA2       =  0.00% (0      / 87266   vias)
    Layer VIA3       =  0.00% (0      / 9095    vias)
    Layer VIA4       =  0.00% (0      / 5094    vias)
    Layer VIA5       =  0.00% (0      / 1382    vias)
    Layer VIA6       =  0.00% (0      / 571     vias)
    Layer VIA7       =  0.00% (0      / 4       vias)
    Layer VIA8       =  0.00% (0      / 2       vias)
 
  The optimized via conversion rate based on total routed via count =  0.00% (0 / 163548 vias)
 
    Layer VIA1       =  0.00% (0      / 60134   vias)
        Un-optimized =  0.00% (0       vias)
        Un-mapped    = 100.00% (60134   vias)
    Layer VIA2       =  0.00% (0      / 87266   vias)
        Un-optimized =  0.00% (0       vias)
        Un-mapped    = 100.00% (87266   vias)
    Layer VIA3       =  0.00% (0      / 9095    vias)
        Un-optimized =  0.00% (0       vias)
        Un-mapped    = 100.00% (9095    vias)
    Layer VIA4       =  0.00% (0      / 5094    vias)
        Un-optimized =  0.00% (0       vias)
        Un-mapped    = 100.00% (5094    vias)
    Layer VIA5       =  0.00% (0      / 1382    vias)
        Un-optimized =  0.00% (0       vias)
        Un-mapped    = 100.00% (1382    vias)
    Layer VIA6       =  0.00% (0      / 571     vias)
        Un-optimized =  0.00% (0       vias)
        Un-mapped    = 100.00% (571     vias)
    Layer VIA7       =  0.00% (0      / 4       vias)
        Un-optimized =  0.00% (0       vias)
        Un-mapped    = 100.00% (4       vias)
    Layer VIA8       =  0.00% (0      / 2       vias)
        Un-optimized =  0.00% (0       vias)
        Un-mapped    = 100.00% (2       vias)
 
Topology ECO not run, no qualifying violations or in frozen nets.
Updating the database ...
...updated 473 nets
[ECO: End] Elapsed real time: 0:02:04 
[ECO: End] Elapsed cpu  time: sys=0:00:00 usr=0:02:03 total=0:02:03
[ECO: End] Stage (MB): Used    0  Alloctr    0  Proc  161 
[ECO: End] Total (MB): Used    0  Alloctr    1  Proc 1604 
