Information: Using the setup margin of 0.020 in all scenarios... (PTECO-083)
Information: Starting timing fix iteration 1 at [ Tue Jul  8 01:43:39 2025 ]...
Information: Analyzing scenarios...
Information: 25 violating endpoints located in the Func_Slow scenario... (PTECO-023)
Information: 25 violating endpoints located in all scenarios... (PTECO-024)
Information: Creating data base for fixing...
Information: Fixing violations...
Information: Finalizing ECO change list...
Information: Starting updating timing at [ Tue Jul  8 01:43:41 2025 ]...
Information: Finished updating timing at [ Tue Jul  8 01:43:42 2025 ]...
Information: 36 cells have been resized.

Information: Starting timing fix iteration 2 at [ Tue Jul  8 01:43:42 2025 ]...
Information: Analyzing scenarios...
Information: 19 violating endpoints located in the Func_Slow scenario... (PTECO-023)
Information: 19 violating endpoints located in all scenarios... (PTECO-024)
Information: Creating data base for fixing...
Information: Fixing violations...
Information: Finalizing ECO change list...
Information: Starting updating timing at [ Tue Jul  8 01:43:44 2025 ]...
Information: Finished updating timing at [ Tue Jul  8 01:43:44 2025 ]...
Information: 5 cells have been resized.

Information: Starting timing fix iteration 3 at [ Tue Jul  8 01:43:44 2025 ]...
Information: Analyzing scenarios...
Information: 0 violating endpoints located in all scenarios... (PTECO-024)
Information: Creating data base for fixing...
Information: Fixing violations...
Information: Finalizing ECO change list...
Information: No more fixes are available.
Information: The timing violation fixing process is complete.

Final ECO Summary:
--------------------------------------------------------
Number of size_cell commands                          41
Total number of commands                              41
Area increased by cell sizing                       5.55
Total area increased                                5.55

Fixing Summary:
--------------------------------------------------------
Total violating endpoints found                       25
Total violating endpoints fixed                       25
Total violating endpoints remaining                    0
Total percentage of violations fixed               100.0%

Information: Elapsed time [                7 seconds ]
Information: Completed at [ Tue Jul  8 01:43:46 2025 ]

1
