Information: Using the hold margin of 0.020 in all scenarios... (PTECO-083)
Information: Starting timing fix iteration 1 at [ Tue Jul  8 01:44:57 2025 ]...
Information: Analyzing scenarios...

Available buffers:
Lib_cell               Area
--------------------------------------------------------
SAEDHVT14_BUF_20       1.29
SAEDHVT14_BUF_16       1.07
SAEDHVT14_BUF_12       0.84
SAEDHVT14_BUF_10       0.71
SAEDHVT14_BUF_8        0.62
SAEDHVT14_BUF_6        0.49
SAEDHVT14_BUF_4        0.40
SAEDHVT14_BUF_2        0.31
SAEDHVT14_DEL_R2V3_2   0.49
SAEDHVT14_DEL_R2V2_2   0.49

Information: 212 violating endpoints located in the Func_Fast scenario... (PTECO-023)
Information: 212 violating endpoints located in all scenarios... (PTECO-024)
Information: Creating data base for fixing...
Information: Fixing violations...
Information: Finalizing ECO change list...
Information: Starting updating timing at [ Tue Jul  8 01:45:01 2025 ]...
Information: Finished updating timing at [ Tue Jul  8 01:45:02 2025 ]...
Information: Analyzing timing improvement...
Information: Tuning changes...
Information: Starting updating timing at [ Tue Jul  8 01:45:02 2025 ]...
Information: Finished updating timing at [ Tue Jul  8 01:45:03 2025 ]...
Information: 66 cells have been resized.
Information: 167 buffers have been inserted.

Information: Starting timing fix iteration 2 at [ Tue Jul  8 01:45:03 2025 ]...
Information: Analyzing scenarios...
Information: 12 violating endpoints located in the Func_Fast scenario... (PTECO-023)
Information: 12 violating endpoints located in all scenarios... (PTECO-024)
Information: Creating data base for fixing...
Information: Fixing violations...
Information: Finalizing ECO change list...
Information: Starting updating timing at [ Tue Jul  8 01:45:06 2025 ]...
Information: Finished updating timing at [ Tue Jul  8 01:45:06 2025 ]...
Information: Analyzing timing improvement...
Information: Tuning changes...
Information: Starting updating timing at [ Tue Jul  8 01:45:06 2025 ]...
Information: Finished updating timing at [ Tue Jul  8 01:45:07 2025 ]...
Information: 5 buffers have been inserted.

Information: Starting timing fix iteration 3 at [ Tue Jul  8 01:45:07 2025 ]...
Information: Analyzing scenarios...
Information: 6 violating endpoints located in the Func_Fast scenario... (PTECO-023)
Information: 6 violating endpoints located in all scenarios... (PTECO-024)
Information: Creating data base for fixing...
Information: Fixing violations...
Information: Finalizing ECO change list...
Information: Starting updating timing at [ Tue Jul  8 01:45:09 2025 ]...
Information: Finished updating timing at [ Tue Jul  8 01:45:09 2025 ]...
Information: Analyzing timing improvement...
Information: Tuning changes...
Information: Starting updating timing at [ Tue Jul  8 01:45:09 2025 ]...
Information: Finished updating timing at [ Tue Jul  8 01:45:10 2025 ]...
Information: 3 buffers have been inserted.

Information: Starting timing fix iteration 4 at [ Tue Jul  8 01:45:10 2025 ]...
Information: Analyzing scenarios...
Information: 5 violating endpoints located in the Func_Fast scenario... (PTECO-023)
Information: 5 violating endpoints located in all scenarios... (PTECO-024)
Information: Creating data base for fixing...
Information: Fixing violations...
Information: Finalizing ECO change list...
Information: Starting updating timing at [ Tue Jul  8 01:45:11 2025 ]...
Information: Finished updating timing at [ Tue Jul  8 01:45:12 2025 ]...
Information: Analyzing timing improvement...
Information: Tuning changes...
Information: Starting updating timing at [ Tue Jul  8 01:45:12 2025 ]...
Information: Finished updating timing at [ Tue Jul  8 01:45:12 2025 ]...
Information: 2 buffers have been inserted.

Information: Starting timing fix iteration 5 at [ Tue Jul  8 01:45:12 2025 ]...
Information: Analyzing scenarios...
Information: 5 violating endpoints located in the Func_Fast scenario... (PTECO-023)
Information: 5 violating endpoints located in all scenarios... (PTECO-024)
Information: Creating data base for fixing...
Information: Fixing violations...
Information: Finalizing ECO change list...
Information: Starting updating timing at [ Tue Jul  8 01:45:14 2025 ]...
Information: Finished updating timing at [ Tue Jul  8 01:45:14 2025 ]...
Information: Analyzing timing improvement...
Information: Tuning changes...
Information: Starting updating timing at [ Tue Jul  8 01:45:15 2025 ]...
Information: Finished updating timing at [ Tue Jul  8 01:45:15 2025 ]...
Information: 2 buffers have been inserted.

Information: Starting timing fix iteration 6 at [ Tue Jul  8 01:45:15 2025 ]...
Information: Analyzing scenarios...
Information: 5 violating endpoints located in the Func_Fast scenario... (PTECO-023)
Information: 5 violating endpoints located in all scenarios... (PTECO-024)
Information: Creating data base for fixing...
Information: Fixing violations...
Information: Finalizing ECO change list...
Information: Starting updating timing at [ Tue Jul  8 01:45:17 2025 ]...
Information: Finished updating timing at [ Tue Jul  8 01:45:17 2025 ]...
Information: Analyzing timing improvement...
Information: Tuning changes...
Information: Starting updating timing at [ Tue Jul  8 01:45:18 2025 ]...
Information: Finished updating timing at [ Tue Jul  8 01:45:18 2025 ]...
Information: 2 buffers have been inserted.

Information: Starting timing fix iteration 7 at [ Tue Jul  8 01:45:18 2025 ]...
Information: Analyzing scenarios...
Information: 5 violating endpoints located in the Func_Fast scenario... (PTECO-023)
Information: 5 violating endpoints located in all scenarios... (PTECO-024)
Information: Quality of results may not improve in following iterations...
Information: No more fixes are available.
Information: The timing violation fixing process is complete.

Inserted buffers:
   Count Lib_cell               Area          Total_area
--------------------------------------------------------
       0 SAEDHVT14_BUF_16       1.07                0.00
       0 SAEDHVT14_BUF_6        0.49                0.00
       0 SAEDHVT14_DEL_R2V2_2   0.49                0.00
       1 SAEDHVT14_BUF_10       0.71                0.71
       2 SAEDHVT14_BUF_12       0.84                1.69
      11 SAEDHVT14_BUF_2        0.31                3.42
     167 SAEDHVT14_DEL_R2V3_2   0.49               81.56
--------------------------------------------------------
     181 TOTAL                                     87.38

Final ECO Summary:
--------------------------------------------------------
Number of size_cell commands                          66
Number of insert_buffer commands                     181
Total number of commands                             247
Area increased by cell sizing                       8.57
Area increased by buffer insertion                 87.38
Total area increased                               95.95

Fixing Summary:
--------------------------------------------------------
Total violating endpoints found                      212
Total violating endpoints fixed                      207
Total violating endpoints remaining                    5
Total percentage of violations fixed                97.6%

Information: Elapsed time [               21 seconds ]
Information: Completed at [ Tue Jul  8 01:45:18 2025 ]

1
