Information: Using the hold margin of 0.020 in all scenarios... (PTECO-083)
Information: Starting timing fix iteration 1 at [ Tue Jul  8 01:17:39 2025 ]...
Information: Analyzing scenarios...

Available buffers:
Lib_cell               Area
--------------------------------------------------------
SAEDHVT14_BUF_20       1.29
SAEDHVT14_BUF_16       1.07
SAEDHVT14_BUF_12       0.84
SAEDHVT14_BUF_10       0.71
SAEDHVT14_BUF_8        0.62
SAEDHVT14_BUF_6        0.49
SAEDHVT14_BUF_4        0.40
SAEDHVT14_BUF_2        0.31

Information: 232 violating endpoints located in the Func_Fast scenario... (PTECO-023)
Information: 233 violating endpoints located in all scenarios... (PTECO-024)
Information: Creating data base for fixing...
Information: Fixing violations...
Information: Finalizing ECO change list...
Information: Starting updating timing at [ Tue Jul  8 01:17:44 2025 ]...
Information: Finished updating timing at [ Tue Jul  8 01:17:45 2025 ]...
Information: Analyzing timing improvement...
Information: Tuning changes...
Information: Starting updating timing at [ Tue Jul  8 01:17:45 2025 ]...
Information: Finished updating timing at [ Tue Jul  8 01:17:46 2025 ]...
Information: 52 cells have been resized.
Information: 180 buffers have been inserted.

Information: Starting timing fix iteration 2 at [ Tue Jul  8 01:17:46 2025 ]...
Information: Analyzing scenarios...
Information: 59 violating endpoints located in the Func_Fast scenario... (PTECO-023)
Information: 60 violating endpoints located in all scenarios... (PTECO-024)
Information: Creating data base for fixing...
Information: Fixing violations...
Information: Finalizing ECO change list...
Information: Starting updating timing at [ Tue Jul  8 01:17:48 2025 ]...
Information: Finished updating timing at [ Tue Jul  8 01:17:48 2025 ]...
Information: Analyzing timing improvement...
Information: Tuning changes...
Information: Starting updating timing at [ Tue Jul  8 01:17:48 2025 ]...
Information: Finished updating timing at [ Tue Jul  8 01:17:49 2025 ]...
Information: 8 cells have been resized.
Information: 26 buffers have been inserted.

Information: Starting timing fix iteration 3 at [ Tue Jul  8 01:17:49 2025 ]...
Information: Analyzing scenarios...
Information: 22 violating endpoints located in the Func_Fast scenario... (PTECO-023)
Information: 23 violating endpoints located in all scenarios... (PTECO-024)
Information: Creating data base for fixing...
Information: Fixing violations...
Information: Finalizing ECO change list...
Information: Starting updating timing at [ Tue Jul  8 01:17:51 2025 ]...
Information: Finished updating timing at [ Tue Jul  8 01:17:51 2025 ]...
Information: Analyzing timing improvement...
Information: Tuning changes...
Information: Starting updating timing at [ Tue Jul  8 01:17:52 2025 ]...
Information: Finished updating timing at [ Tue Jul  8 01:17:52 2025 ]...
Information: 3 cells have been resized.
Information: 6 buffers have been inserted.

Information: Starting timing fix iteration 4 at [ Tue Jul  8 01:17:52 2025 ]...
Information: Analyzing scenarios...
Information: 15 violating endpoints located in the Func_Fast scenario... (PTECO-023)
Information: 16 violating endpoints located in all scenarios... (PTECO-024)
Information: Creating data base for fixing...
Information: Fixing violations...
Information: Finalizing ECO change list...
Information: Starting updating timing at [ Tue Jul  8 01:17:54 2025 ]...
Information: Finished updating timing at [ Tue Jul  8 01:17:54 2025 ]...
Information: Analyzing timing improvement...
Information: Tuning changes...
Information: Starting updating timing at [ Tue Jul  8 01:17:55 2025 ]...
Information: Finished updating timing at [ Tue Jul  8 01:17:55 2025 ]...
Information: 10 buffers have been inserted.

Information: Starting timing fix iteration 5 at [ Tue Jul  8 01:17:55 2025 ]...
Information: Analyzing scenarios...
Information: 10 violating endpoints located in the Func_Fast scenario... (PTECO-023)
Information: 11 violating endpoints located in all scenarios... (PTECO-024)
Information: Creating data base for fixing...
Information: Fixing violations...
Information: Finalizing ECO change list...
Information: Starting updating timing at [ Tue Jul  8 01:17:57 2025 ]...
Information: Finished updating timing at [ Tue Jul  8 01:17:57 2025 ]...
Information: Analyzing timing improvement...
Information: Tuning changes...
Information: Starting updating timing at [ Tue Jul  8 01:17:58 2025 ]...
Information: Finished updating timing at [ Tue Jul  8 01:17:58 2025 ]...
Information: 5 buffers have been inserted.

Information: Starting timing fix iteration 6 at [ Tue Jul  8 01:17:58 2025 ]...
Information: Analyzing scenarios...
Information: 8 violating endpoints located in the Func_Fast scenario... (PTECO-023)
Information: 9 violating endpoints located in all scenarios... (PTECO-024)
Information: Creating data base for fixing...
Information: Fixing violations...
Information: Finalizing ECO change list...
Information: Starting updating timing at [ Tue Jul  8 01:18:00 2025 ]...
Information: Finished updating timing at [ Tue Jul  8 01:18:00 2025 ]...
Information: Analyzing timing improvement...
Information: Tuning changes...
Information: Starting updating timing at [ Tue Jul  8 01:18:00 2025 ]...
Information: Finished updating timing at [ Tue Jul  8 01:18:01 2025 ]...
Information: 4 buffers have been inserted.

Information: Starting timing fix iteration 7 at [ Tue Jul  8 01:18:01 2025 ]...
Information: Analyzing scenarios...
Information: 7 violating endpoints located in the Func_Fast scenario... (PTECO-023)
Information: 8 violating endpoints located in all scenarios... (PTECO-024)
Information: Creating data base for fixing...
Information: Fixing violations...
Information: Finalizing ECO change list...
Information: Starting updating timing at [ Tue Jul  8 01:18:03 2025 ]...
Information: Finished updating timing at [ Tue Jul  8 01:18:03 2025 ]...
Information: Analyzing timing improvement...
Information: Tuning changes...
Information: Starting updating timing at [ Tue Jul  8 01:18:03 2025 ]...
Information: Finished updating timing at [ Tue Jul  8 01:18:03 2025 ]...
Information: 3 buffers have been inserted.

Information: Starting timing fix iteration 8 at [ Tue Jul  8 01:18:03 2025 ]...
Information: Analyzing scenarios...
Information: 7 violating endpoints located in the Func_Fast scenario... (PTECO-023)
Information: 8 violating endpoints located in all scenarios... (PTECO-024)
Information: Creating data base for fixing...
Information: Fixing violations...
Information: Finalizing ECO change list...
Information: Starting updating timing at [ Tue Jul  8 01:18:05 2025 ]...
Information: Finished updating timing at [ Tue Jul  8 01:18:05 2025 ]...
Information: Analyzing timing improvement...
Information: Tuning changes...
Information: Starting updating timing at [ Tue Jul  8 01:18:06 2025 ]...
Information: Finished updating timing at [ Tue Jul  8 01:18:06 2025 ]...
Information: 3 buffers have been inserted.

Information: Starting timing fix iteration 9 at [ Tue Jul  8 01:18:06 2025 ]...
Information: Analyzing scenarios...
Information: 7 violating endpoints located in the Func_Fast scenario... (PTECO-023)
Information: 8 violating endpoints located in all scenarios... (PTECO-024)
Information: Creating data base for fixing...
Information: Fixing violations...
Information: Finalizing ECO change list...
Information: Starting updating timing at [ Tue Jul  8 01:18:08 2025 ]...
Information: Finished updating timing at [ Tue Jul  8 01:18:08 2025 ]...
Information: Analyzing timing improvement...
Information: Tuning changes...
Information: Starting updating timing at [ Tue Jul  8 01:18:08 2025 ]...
Information: Finished updating timing at [ Tue Jul  8 01:18:09 2025 ]...
Information: 3 buffers have been inserted.

Information: Starting timing fix iteration 10 at [ Tue Jul  8 01:18:09 2025 ]...
Information: Analyzing scenarios...
Information: 7 violating endpoints located in the Func_Fast scenario... (PTECO-023)
Information: 8 violating endpoints located in all scenarios... (PTECO-024)
Information: Quality of results may not improve in following iterations...
Information: No more fixes are available.
Information: The timing violation fixing process is complete.

Inserted buffers:
   Count Lib_cell               Area          Total_area
--------------------------------------------------------
       2 SAEDHVT14_BUF_12       0.84                1.69
       2 SAEDHVT14_BUF_6        0.49                0.98
       2 SAEDHVT14_BUF_10       0.71                1.42
       2 SAEDHVT14_BUF_4        0.40                0.80
       5 SAEDHVT14_BUF_8        0.62                3.11
       7 SAEDHVT14_BUF_16       1.07                7.46
      28 SAEDHVT14_BUF_2        0.31                8.70
     192 SAEDHVT14_BUF_20       1.29              247.22
--------------------------------------------------------
     240 TOTAL                                    271.37

Final ECO Summary:
--------------------------------------------------------
Number of size_cell commands                          63
Number of insert_buffer commands                     240
Total number of commands                             303
Area increased by cell sizing                       7.81
Area increased by buffer insertion                271.37
Total area increased                              279.19

Fixing Summary:
--------------------------------------------------------
Total violating endpoints found                      233
Total violating endpoints fixed                      225
Total violating endpoints remaining                    8
Total percentage of violations fixed                96.6%

Information: Elapsed time [               30 seconds ]
Information: Completed at [ Tue Jul  8 01:18:09 2025 ]

1
