Information: Using the setup margin of 0.020 in all scenarios... (PTECO-083)
Information: Starting timing fix iteration 1 at [ Tue Jul  8 01:16:36 2025 ]...
Information: Analyzing scenarios...
Information: Checked out license 'PrimeTime-SI' (PT-019)
Information: Checked out license 'PrimeTime-SI' (PT-019)
Information: 31 violating endpoints located in the Func_Slow scenario... (PTECO-023)
Information: 31 violating endpoints located in all scenarios... (PTECO-024)
Information: Creating data base for fixing...
Information: Fixing violations...
Information: Finalizing ECO change list...
Information: Starting updating timing at [ Tue Jul  8 01:16:40 2025 ]...
Information: Finished updating timing at [ Tue Jul  8 01:16:41 2025 ]...
Information: 62 cells have been resized.

Information: Starting timing fix iteration 2 at [ Tue Jul  8 01:16:41 2025 ]...
Information: Analyzing scenarios...
Information: 19 violating endpoints located in the Func_Slow scenario... (PTECO-023)
Information: 19 violating endpoints located in all scenarios... (PTECO-024)
Information: Creating data base for fixing...
Information: Fixing violations...
Information: Finalizing ECO change list...
Information: Starting updating timing at [ Tue Jul  8 01:16:44 2025 ]...
Information: Finished updating timing at [ Tue Jul  8 01:16:44 2025 ]...
Information: 8 cells have been resized.

Information: Starting timing fix iteration 3 at [ Tue Jul  8 01:16:44 2025 ]...
Information: Analyzing scenarios...
Information: 0 violating endpoints located in all scenarios... (PTECO-024)
Information: Creating data base for fixing...
Information: Fixing violations...
Information: Finalizing ECO change list...
Information: No more fixes are available.
Information: The timing violation fixing process is complete.

Final ECO Summary:
--------------------------------------------------------
Number of size_cell commands                          70
Total number of commands                              70
Area increased by cell sizing                       7.46
Total area increased                                7.46

Fixing Summary:
--------------------------------------------------------
Total violating endpoints found                       31
Total violating endpoints fixed                       31
Total violating endpoints remaining                    0
Total percentage of violations fixed               100.0%

Information: Elapsed time [               10 seconds ]
Information: Completed at [ Tue Jul  8 01:16:46 2025 ]

1
