Information: Using the hold margin of 0.020 in all scenarios... (PTECO-083)
Information: Starting timing fix iteration 1 at [ Tue Jul  8 01:54:58 2025 ]...
Information: Analyzing scenarios...

Available buffers:
Lib_cell               Area
--------------------------------------------------------
SAEDHVT14_BUF_20       1.29
SAEDHVT14_BUF_16       1.07
SAEDHVT14_BUF_12       0.84
SAEDHVT14_BUF_10       0.71
SAEDHVT14_BUF_8        0.62
SAEDHVT14_BUF_6        0.49
SAEDHVT14_BUF_4        0.40
SAEDHVT14_BUF_2        0.31
SAEDHVT14_DEL_R2V3_2   0.49
SAEDHVT14_DEL_R2V2_2   0.49

Information: 3 violating endpoints located in the Func_Fast scenario... (PTECO-023)
Information: 3 violating endpoints located in all scenarios... (PTECO-024)
Information: Creating data base for fixing...
Information: Fixing violations...
Information: Finalizing ECO change list...
Information: Starting updating timing at [ Tue Jul  8 01:55:00 2025 ]...
Information: Finished updating timing at [ Tue Jul  8 01:55:00 2025 ]...
Information: Analyzing timing improvement...
Information: Tuning changes...
Information: Starting updating timing at [ Tue Jul  8 01:55:01 2025 ]...
Information: Finished updating timing at [ Tue Jul  8 01:55:01 2025 ]...
Information: 1 buffers have been inserted.

Information: Starting timing fix iteration 2 at [ Tue Jul  8 01:55:01 2025 ]...
Information: Analyzing scenarios...
Information: 3 violating endpoints located in the Func_Fast scenario... (PTECO-023)
Information: 3 violating endpoints located in all scenarios... (PTECO-024)
Information: Creating data base for fixing...
Information: Fixing violations...
Information: Finalizing ECO change list...
Information: Starting updating timing at [ Tue Jul  8 01:55:03 2025 ]...
Information: Finished updating timing at [ Tue Jul  8 01:55:03 2025 ]...
Information: Analyzing timing improvement...
Information: Tuning changes...
Information: Starting updating timing at [ Tue Jul  8 01:55:03 2025 ]...
Information: Finished updating timing at [ Tue Jul  8 01:55:04 2025 ]...
Information: 1 buffers have been inserted.

Information: Starting timing fix iteration 3 at [ Tue Jul  8 01:55:04 2025 ]...
Information: Analyzing scenarios...
Information: 3 violating endpoints located in the Func_Fast scenario... (PTECO-023)
Information: 3 violating endpoints located in all scenarios... (PTECO-024)
Information: Creating data base for fixing...
Information: Fixing violations...
Information: Finalizing ECO change list...
Information: Starting updating timing at [ Tue Jul  8 01:55:06 2025 ]...
Information: Finished updating timing at [ Tue Jul  8 01:55:06 2025 ]...
Information: Analyzing timing improvement...
Information: Tuning changes...
Information: Starting updating timing at [ Tue Jul  8 01:55:06 2025 ]...
Information: Finished updating timing at [ Tue Jul  8 01:55:06 2025 ]...
Information: 1 buffers have been inserted.

Information: Starting timing fix iteration 4 at [ Tue Jul  8 01:55:06 2025 ]...
Information: Analyzing scenarios...
Information: 3 violating endpoints located in the Func_Fast scenario... (PTECO-023)
Information: 3 violating endpoints located in all scenarios... (PTECO-024)
Information: Quality of results may not improve in following iterations...
Information: No more fixes are available.
Information: The timing violation fixing process is complete.

Inserted buffers:
   Count Lib_cell               Area          Total_area
--------------------------------------------------------
       3 SAEDHVT14_DEL_R2V3_2   0.49                1.47
--------------------------------------------------------
       3 TOTAL                                      1.47

Final ECO Summary:
--------------------------------------------------------
Number of insert_buffer commands                       3
Total number of commands                               3
Area increased by buffer insertion                  1.47
Total area increased                                1.47

Fixing Summary:
--------------------------------------------------------
Total violating endpoints found                        3
Total violating endpoints fixed                        0
Total violating endpoints remaining                    3
Total percentage of violations fixed                 0.0%

Information: Elapsed time [                9 seconds ]
Information: Completed at [ Tue Jul  8 01:55:07 2025 ]

1
