Information: Performing power optimization. (PWR-850)
Information: Choosing a test methodology will restrict the optimization of sequential cells. (UIO-12)

Information: There are 382 potential problems in your design. Please run 'check_design' for more information. (LINT-99)


Warning: Operating condition ss0p72vm40c set on design ibex_top has different process,
voltage and temperatures parameters than the parameters at which target library 
saed14rvt_ff0p88v125c is characterized. Delays may be inaccurate as a result. (OPT-998)
Information: State dependent leakage is now switched from on to off.

  Beginning Pass 1 Mapping  (Incremental)
  ------------------------

  Updating timing information
Information: Updating design information... (UID-85)
Information: The library cell 'SAEDRVT14_TIE1_PV1ECO_1' in the library 'saed14rvt_ss0p72vm40c' is not characterized for internal power. (PWR-536)
Information: The library cell 'SAEDRVT14_TIE0_PV1ECO_1' in the library 'saed14rvt_ss0p72vm40c' is not characterized for internal power. (PWR-536)
Information: The library cell 'SAEDRVT14_TIE1_V1ECO_1' in the library 'saed14rvt_ss0p72vm40c' is not characterized for internal power. (PWR-536)
Information: The library cell 'SAEDRVT14_TIE1_V1_2' in the library 'saed14rvt_ss0p72vm40c' is not characterized for internal power. (PWR-536)
Information: The library cell 'SAEDRVT14_TIE1_4' in the library 'saed14rvt_ss0p72vm40c' is not characterized for internal power. (PWR-536)
Information: The library cell 'SAEDRVT14_TIE0_V1_2' in the library 'saed14rvt_ss0p72vm40c' is not characterized for internal power. (PWR-536)
Information: The library cell 'SAEDRVT14_TIE0_4' in the library 'saed14rvt_ss0p72vm40c' is not characterized for internal power. (PWR-536)
Information: The target library(s) contains cell(s), other than black boxes, that are not characterized for internal power. (PWR-24)
Warning: Test logic has been inserted in ibex_multdiv_fast_RV32M3_DW02_mult_0.
 	Skipping incremental implementation selection for that design. (SYNH-45)
Warning: Test logic has been inserted in ibex_multdiv_fast_RV32M3_DW02_mult_1.
 	Skipping incremental implementation selection for that design. (SYNH-45)
Warning: Test logic has been inserted in ibex_multdiv_fast_RV32M3_DW02_mult_2.
 	Skipping incremental implementation selection for that design. (SYNH-45)

  Beginning Mapping Optimizations  (Medium effort)  (Incremental)
  -------------------------------

  Beginning Incremental Implementation Selection
  ----------------------------------------------
Warning: Test logic has been inserted in ibex_multdiv_fast_RV32M3_DW02_mult_0.
 	Skipping incremental implementation selection for that design. (SYNH-45)
Warning: Test logic has been inserted in ibex_multdiv_fast_RV32M3_DW02_mult_1.
 	Skipping incremental implementation selection for that design. (SYNH-45)
  Selecting implementations
Warning: Test logic has been inserted in ibex_multdiv_fast_RV32M3_DW02_mult_2.
 	Skipping incremental implementation selection for that design. (SYNH-45)
  Selecting implementations
  Selecting implementations

                                  TOTAL                                                
   ELAPSED            WORST NEG   SETUP    DESIGN                              LEAKAGE 
    TIME      AREA      SLACK     COST    RULE COST         ENDPOINT            POWER  
  --------- --------- --------- --------- --------- ------------------------- ---------
    0:00:09    8518.1      0.00       0.0    2693.8                           140519.1094
    0:00:09    8518.1      0.00       0.0    2693.8                           140519.1094
    0:00:09    8518.1      0.00       0.0    2693.8                           140519.1094
    0:00:09    8518.1      0.00       0.0    2693.8                           140519.1094
    0:00:09    8518.1      0.00       0.0    2693.8                           140519.1094
    0:00:12    8330.4      0.00       0.0    2693.8                           125902.9297
    0:00:12    8330.4      0.00       0.0    2693.8                           125902.9297
    0:00:12    8330.4      0.00       0.0    2693.8                           125902.9297
    0:00:12    8330.4      0.00       0.0    2693.8                           125902.9297
    0:00:12    8330.4      0.00       0.0    2693.8                           125902.9297
    0:00:13    8332.3      0.00       0.0    2687.8                           125903.5859
    0:00:13    8332.3      0.00       0.0    2687.8                           125903.5859
    0:00:13    8332.3      0.00       0.0    2687.8                           125903.5859
    0:00:13    8332.3      0.00       0.0    2687.8                           125903.5859



  Beginning Delay Optimization Phase
  ----------------------------------

                                  TOTAL                                                
   ELAPSED            WORST NEG   SETUP    DESIGN                              LEAKAGE 
    TIME      AREA      SLACK     COST    RULE COST         ENDPOINT            POWER  
  --------- --------- --------- --------- --------- ------------------------- ---------
    0:00:13    8332.3      0.00       0.0    2687.8                           125903.5859
    0:00:13    8332.3      0.00       0.0    2687.8                           125903.5859
    0:00:13    8332.3      0.00       0.0    2687.8                           125903.5859


  Beginning Design Rule Fixing  (min_capacitance)  (max_fanout)  (max_capacitance)
  ----------------------------

                                  TOTAL                                                
   ELAPSED            WORST NEG   SETUP    DESIGN                              LEAKAGE 
    TIME      AREA      SLACK     COST    RULE COST         ENDPOINT            POWER  
  --------- --------- --------- --------- --------- ------------------------- ---------
    0:00:13    8332.3      0.00       0.0    2687.8                           125903.5859
    0:00:13    8335.9      0.00       0.0    2684.8 n9785                     125910.7578


  Beginning Leakage Power Optimization  (max_leakage_power 0)
  ------------------------------------

                                  TOTAL                                                
   ELAPSED            WORST NEG   SETUP    DESIGN                              LEAKAGE 
    TIME      AREA      SLACK     COST    RULE COST         ENDPOINT            POWER  
  --------- --------- --------- --------- --------- ------------------------- ---------
    0:00:13    8335.9      0.00       0.0    2684.8                           125910.7578
    0:00:14    8335.9      0.00       0.0    2684.8                           125910.7578
    0:00:16    8335.7      0.00       0.0    2684.8                           125907.4297
    0:00:16    8335.4      0.00       0.0    2684.8                           125904.0938
    0:00:16    8335.1      0.00       0.0    2684.8                           125900.7578
    0:00:16    8334.9      0.00       0.0    2684.8                           125897.4219
    0:00:16    8334.9      0.00       0.0    2684.8                           125897.4219
    0:00:16    8334.9      0.00       0.0    2684.8                           125897.4219
    0:00:16    8333.4      0.00       0.0    2684.8                           125891.6953
    0:00:17    8333.0      0.00       0.0    2684.8                           125890.8984
    0:00:17    8331.1      0.00       0.0    2684.8                           125867.5625
    0:00:20    8328.9      0.00       0.0    2684.8                           125843.4297
Information: State dependent leakage is now switched from off to on.
Information: Propagating switching activity (low effort zero delay simulation). (PWR-6)
    0:00:27    8329.3      0.00       0.0    2684.8                           117530.0703
Loading db file '/mnt/hgfs/stdcell_rvt/db_ccs/saed14rvt_ss0p72vm40c.db'
Loading db file '/mnt/hgfs/stdcell_rvt/db_ccs/saed14rvt_ff0p88v125c.db'


Note: Symbol # after min delay cost means estimated hold TNS across all active scenarios 


  Optimization Complete
  ---------------------
Warning: Design 'ibex_top' contains 2 high-fanout nets. A fanout number of 1000 will be used for delay calculations involving these nets. (TIM-134)
     Net 'u_ibex_core/cs_registers_i/u_cpuctrlsts_part_csr/clk_i': 2058 load(s), 1 driver(s)
     Net 'u_ibex_core/cs_registers_i/u_cpuctrlsts_part_csr/rst_ni': 1697 load(s), 1 driver(s)
1
