****************************************************

Info:  Net Imp:/WORK/ibex_register_file_ff_0_00000020_0_0_0_00000000/err_o is undriven.
Info:  Net Imp:/WORK/ibex_cs_registers_0_00000001_0_0_0_0_00000000_00000028_0_00000000_00000004_0_0_3_0/csr_mtvec_o[7] is undriven.
Info:  Net Imp:/WORK/ibex_cs_registers_0_00000001_0_0_0_0_00000000_00000028_0_00000000_00000004_0_0_3_0/csr_mtvec_o[6] is undriven.
Info:  Net Imp:/WORK/ibex_cs_registers_0_00000001_0_0_0_0_00000000_00000028_0_00000000_00000004_0_0_3_0/csr_mtvec_o[5] is undriven.
Info:  Net Imp:/WORK/ibex_cs_registers_0_00000001_0_0_0_0_00000000_00000028_0_00000000_00000004_0_0_3_0/csr_mtvec_o[4] is undriven.
Info:  Net Imp:/WORK/ibex_cs_registers_0_00000001_0_0_0_0_00000000_00000028_0_00000000_00000004_0_0_3_0/csr_mtvec_o[3] is undriven.
Info:  Net Imp:/WORK/ibex_cs_registers_0_00000001_0_0_0_0_00000000_00000028_0_00000000_00000004_0_0_3_0/csr_mtvec_o[2] is undriven.
Info:  Net Imp:/WORK/ibex_cs_registers_0_00000001_0_0_0_0_00000000_00000028_0_00000000_00000004_0_0_3_0/csr_mtvec_o[1] is undriven.
Info:  Net Imp:/WORK/ibex_cs_registers_0_00000001_0_0_0_0_00000000_00000028_0_00000000_00000004_0_0_3_0/csr_mtvec_o[0] is undriven.
Info:  Net Imp:/WORK/ibex_cs_registers_0_00000001_0_0_0_0_00000000_00000028_0_00000000_00000004_0_0_3_0/csr_mepc_o[0] is undriven.
Info:  Net Imp:/WORK/ibex_cs_registers_0_00000001_0_0_0_0_00000000_00000028_0_00000000_00000004_0_0_3_0/csr_pmp_cfg_o[0]\[lock] is undriven.
Info:  Net Imp:/WORK/ibex_cs_registers_0_00000001_0_0_0_0_00000000_00000028_0_00000000_00000004_0_0_3_0/csr_pmp_cfg_o[0]\[mode][1] is undriven.
Info:  Net Imp:/WORK/ibex_cs_registers_0_00000001_0_0_0_0_00000000_00000028_0_00000000_00000004_0_0_3_0/csr_pmp_cfg_o[0]\[mode][0] is undriven.
Info:  Net Imp:/WORK/ibex_cs_registers_0_00000001_0_0_0_0_00000000_00000028_0_00000000_00000004_0_0_3_0/csr_pmp_cfg_o[0]\[exec] is undriven.
Info:  Net Imp:/WORK/ibex_cs_registers_0_00000001_0_0_0_0_00000000_00000028_0_00000000_00000004_0_0_3_0/csr_pmp_cfg_o[0]\[write] is undriven.
Info:  Net Imp:/WORK/ibex_cs_registers_0_00000001_0_0_0_0_00000000_00000028_0_00000000_00000004_0_0_3_0/csr_pmp_cfg_o[0]\[read] is undriven.
Info:  Net Imp:/WORK/ibex_cs_registers_0_00000001_0_0_0_0_00000000_00000028_0_00000000_00000004_0_0_3_0/csr_pmp_cfg_o[1]\[lock] is undriven.
Info:  Net Imp:/WORK/ibex_cs_registers_0_00000001_0_0_0_0_00000000_00000028_0_00000000_00000004_0_0_3_0/csr_pmp_cfg_o[1]\[mode][1] is undriven.
Info:  Net Imp:/WORK/ibex_cs_registers_0_00000001_0_0_0_0_00000000_00000028_0_00000000_00000004_0_0_3_0/csr_pmp_cfg_o[1]\[mode][0] is undriven.
Info:  Net Imp:/WORK/ibex_cs_registers_0_00000001_0_0_0_0_00000000_00000028_0_00000000_00000004_0_0_3_0/csr_pmp_cfg_o[1]\[exec] is undriven.
Info:  Net Imp:/WORK/ibex_cs_registers_0_00000001_0_0_0_0_00000000_00000028_0_00000000_00000004_0_0_3_0/csr_pmp_cfg_o[1]\[write] is undriven.
Info:  Net Imp:/WORK/ibex_cs_registers_0_00000001_0_0_0_0_00000000_00000028_0_00000000_00000004_0_0_3_0/csr_pmp_cfg_o[1]\[read] is undriven.
Info:  Net Imp:/WORK/ibex_cs_registers_0_00000001_0_0_0_0_00000000_00000028_0_00000000_00000004_0_0_3_0/csr_pmp_cfg_o[2]\[lock] is undriven.
Info:  Net Imp:/WORK/ibex_cs_registers_0_00000001_0_0_0_0_00000000_00000028_0_00000000_00000004_0_0_3_0/csr_pmp_cfg_o[2]\[mode][1] is undriven.
Info:  Net Imp:/WORK/ibex_cs_registers_0_00000001_0_0_0_0_00000000_00000028_0_00000000_00000004_0_0_3_0/csr_pmp_cfg_o[2]\[mode][0] is undriven.
Info:  Net Imp:/WORK/ibex_cs_registers_0_00000001_0_0_0_0_00000000_00000028_0_00000000_00000004_0_0_3_0/csr_pmp_cfg_o[2]\[exec] is undriven.
Info:  Net Imp:/WORK/ibex_cs_registers_0_00000001_0_0_0_0_00000000_00000028_0_00000000_00000004_0_0_3_0/csr_pmp_cfg_o[2]\[write] is undriven.
Info:  Net Imp:/WORK/ibex_cs_registers_0_00000001_0_0_0_0_00000000_00000028_0_00000000_00000004_0_0_3_0/csr_pmp_cfg_o[2]\[read] is undriven.
Info:  Net Imp:/WORK/ibex_cs_registers_0_00000001_0_0_0_0_00000000_00000028_0_00000000_00000004_0_0_3_0/csr_pmp_cfg_o[3]\[lock] is undriven.
Info:  Net Imp:/WORK/ibex_cs_registers_0_00000001_0_0_0_0_00000000_00000028_0_00000000_00000004_0_0_3_0/csr_pmp_cfg_o[3]\[mode][1] is undriven.
Info:  Net Imp:/WORK/ibex_cs_registers_0_00000001_0_0_0_0_00000000_00000028_0_00000000_00000004_0_0_3_0/csr_pmp_cfg_o[3]\[mode][0] is undriven.
Info:  Net Imp:/WORK/ibex_cs_registers_0_00000001_0_0_0_0_00000000_00000028_0_00000000_00000004_0_0_3_0/csr_pmp_cfg_o[3]\[exec] is undriven.
Info:  Net Imp:/WORK/ibex_cs_registers_0_00000001_0_0_0_0_00000000_00000028_0_00000000_00000004_0_0_3_0/csr_pmp_cfg_o[3]\[write] is undriven.
Info:  Net Imp:/WORK/ibex_cs_registers_0_00000001_0_0_0_0_00000000_00000028_0_00000000_00000004_0_0_3_0/csr_pmp_cfg_o[3]\[read] is undriven.
Info:  Net Imp:/WORK/ibex_cs_registers_0_00000001_0_0_0_0_00000000_00000028_0_00000000_00000004_0_0_3_0/csr_pmp_addr_o[0][33] is undriven.
Info:  Net Imp:/WORK/ibex_cs_registers_0_00000001_0_0_0_0_00000000_00000028_0_00000000_00000004_0_0_3_0/csr_pmp_addr_o[0][32] is undriven.
Info:  Net Imp:/WORK/ibex_cs_registers_0_00000001_0_0_0_0_00000000_00000028_0_00000000_00000004_0_0_3_0/csr_pmp_addr_o[0][31] is undriven.
Info:  Net Imp:/WORK/ibex_cs_registers_0_00000001_0_0_0_0_00000000_00000028_0_00000000_00000004_0_0_3_0/csr_pmp_addr_o[0][30] is undriven.
Info:  Net Imp:/WORK/ibex_cs_registers_0_00000001_0_0_0_0_00000000_00000028_0_00000000_00000004_0_0_3_0/csr_pmp_addr_o[0][29] is undriven.
Info:  Net Imp:/WORK/ibex_cs_registers_0_00000001_0_0_0_0_00000000_00000028_0_00000000_00000004_0_0_3_0/csr_pmp_addr_o[0][28] is undriven.
Info:  Net Imp:/WORK/ibex_cs_registers_0_00000001_0_0_0_0_00000000_00000028_0_00000000_00000004_0_0_3_0/csr_pmp_addr_o[0][27] is undriven.
Info:  Net Imp:/WORK/ibex_cs_registers_0_00000001_0_0_0_0_00000000_00000028_0_00000000_00000004_0_0_3_0/csr_pmp_addr_o[0][26] is undriven.
Info:  Net Imp:/WORK/ibex_cs_registers_0_00000001_0_0_0_0_00000000_00000028_0_00000000_00000004_0_0_3_0/csr_pmp_addr_o[0][25] is undriven.
Info:  Net Imp:/WORK/ibex_cs_registers_0_00000001_0_0_0_0_00000000_00000028_0_00000000_00000004_0_0_3_0/csr_pmp_addr_o[0][24] is undriven.
Info:  Net Imp:/WORK/ibex_cs_registers_0_00000001_0_0_0_0_00000000_00000028_0_00000000_00000004_0_0_3_0/csr_pmp_addr_o[0][23] is undriven.
Info:  Net Imp:/WORK/ibex_cs_registers_0_00000001_0_0_0_0_00000000_00000028_0_00000000_00000004_0_0_3_0/csr_pmp_addr_o[0][22] is undriven.
Info:  Net Imp:/WORK/ibex_cs_registers_0_00000001_0_0_0_0_00000000_00000028_0_00000000_00000004_0_0_3_0/csr_pmp_addr_o[0][21] is undriven.
Info:  Net Imp:/WORK/ibex_cs_registers_0_00000001_0_0_0_0_00000000_00000028_0_00000000_00000004_0_0_3_0/csr_pmp_addr_o[0][20] is undriven.
Info:  Net Imp:/WORK/ibex_cs_registers_0_00000001_0_0_0_0_00000000_00000028_0_00000000_00000004_0_0_3_0/csr_pmp_addr_o[0][19] is undriven.
Info:  Net Imp:/WORK/ibex_cs_registers_0_00000001_0_0_0_0_00000000_00000028_0_00000000_00000004_0_0_3_0/csr_pmp_addr_o[0][18] is undriven.
Info:  Net Imp:/WORK/ibex_cs_registers_0_00000001_0_0_0_0_00000000_00000028_0_00000000_00000004_0_0_3_0/csr_pmp_addr_o[0][17] is undriven.
Info:  Net Imp:/WORK/ibex_cs_registers_0_00000001_0_0_0_0_00000000_00000028_0_00000000_00000004_0_0_3_0/csr_pmp_addr_o[0][16] is undriven.
Info:  Net Imp:/WORK/ibex_cs_registers_0_00000001_0_0_0_0_00000000_00000028_0_00000000_00000004_0_0_3_0/csr_pmp_addr_o[0][15] is undriven.
Info:  Net Imp:/WORK/ibex_cs_registers_0_00000001_0_0_0_0_00000000_00000028_0_00000000_00000004_0_0_3_0/csr_pmp_addr_o[0][14] is undriven.
Info:  Net Imp:/WORK/ibex_cs_registers_0_00000001_0_0_0_0_00000000_00000028_0_00000000_00000004_0_0_3_0/csr_pmp_addr_o[0][13] is undriven.
Info:  Net Imp:/WORK/ibex_cs_registers_0_00000001_0_0_0_0_00000000_00000028_0_00000000_00000004_0_0_3_0/csr_pmp_addr_o[0][12] is undriven.
Info:  Net Imp:/WORK/ibex_cs_registers_0_00000001_0_0_0_0_00000000_00000028_0_00000000_00000004_0_0_3_0/csr_pmp_addr_o[0][11] is undriven.
Info:  Net Imp:/WORK/ibex_cs_registers_0_00000001_0_0_0_0_00000000_00000028_0_00000000_00000004_0_0_3_0/csr_pmp_addr_o[0][10] is undriven.
Info:  Net Imp:/WORK/ibex_cs_registers_0_00000001_0_0_0_0_00000000_00000028_0_00000000_00000004_0_0_3_0/csr_pmp_addr_o[0][9] is undriven.
Info:  Net Imp:/WORK/ibex_cs_registers_0_00000001_0_0_0_0_00000000_00000028_0_00000000_00000004_0_0_3_0/csr_pmp_addr_o[0][8] is undriven.
Info:  Net Imp:/WORK/ibex_cs_registers_0_00000001_0_0_0_0_00000000_00000028_0_00000000_00000004_0_0_3_0/csr_pmp_addr_o[0][7] is undriven.
Info:  Net Imp:/WORK/ibex_cs_registers_0_00000001_0_0_0_0_00000000_00000028_0_00000000_00000004_0_0_3_0/csr_pmp_addr_o[0][6] is undriven.
Info:  Net Imp:/WORK/ibex_cs_registers_0_00000001_0_0_0_0_00000000_00000028_0_00000000_00000004_0_0_3_0/csr_pmp_addr_o[0][5] is undriven.
Info:  Net Imp:/WORK/ibex_cs_registers_0_00000001_0_0_0_0_00000000_00000028_0_00000000_00000004_0_0_3_0/csr_pmp_addr_o[0][4] is undriven.
Info:  Net Imp:/WORK/ibex_cs_registers_0_00000001_0_0_0_0_00000000_00000028_0_00000000_00000004_0_0_3_0/csr_pmp_addr_o[0][3] is undriven.
Info:  Net Imp:/WORK/ibex_cs_registers_0_00000001_0_0_0_0_00000000_00000028_0_00000000_00000004_0_0_3_0/csr_pmp_addr_o[0][2] is undriven.
Info:  Net Imp:/WORK/ibex_cs_registers_0_00000001_0_0_0_0_00000000_00000028_0_00000000_00000004_0_0_3_0/csr_pmp_addr_o[0][1] is undriven.
Info:  Net Imp:/WORK/ibex_cs_registers_0_00000001_0_0_0_0_00000000_00000028_0_00000000_00000004_0_0_3_0/csr_pmp_addr_o[0][0] is undriven.
Info:  Net Imp:/WORK/ibex_cs_registers_0_00000001_0_0_0_0_00000000_00000028_0_00000000_00000004_0_0_3_0/csr_pmp_addr_o[1][33] is undriven.
Info:  Net Imp:/WORK/ibex_cs_registers_0_00000001_0_0_0_0_00000000_00000028_0_00000000_00000004_0_0_3_0/csr_pmp_addr_o[1][32] is undriven.
Info:  Net Imp:/WORK/ibex_cs_registers_0_00000001_0_0_0_0_00000000_00000028_0_00000000_00000004_0_0_3_0/csr_pmp_addr_o[1][31] is undriven.
Info:  Net Imp:/WORK/ibex_cs_registers_0_00000001_0_0_0_0_00000000_00000028_0_00000000_00000004_0_0_3_0/csr_pmp_addr_o[1][30] is undriven.
Info:  Net Imp:/WORK/ibex_cs_registers_0_00000001_0_0_0_0_00000000_00000028_0_00000000_00000004_0_0_3_0/csr_pmp_addr_o[1][29] is undriven.
Info:  Net Imp:/WORK/ibex_cs_registers_0_00000001_0_0_0_0_00000000_00000028_0_00000000_00000004_0_0_3_0/csr_pmp_addr_o[1][28] is undriven.
Info:  Net Imp:/WORK/ibex_cs_registers_0_00000001_0_0_0_0_00000000_00000028_0_00000000_00000004_0_0_3_0/csr_pmp_addr_o[1][27] is undriven.
Info:  Net Imp:/WORK/ibex_cs_registers_0_00000001_0_0_0_0_00000000_00000028_0_00000000_00000004_0_0_3_0/csr_pmp_addr_o[1][26] is undriven.
Info:  Net Imp:/WORK/ibex_cs_registers_0_00000001_0_0_0_0_00000000_00000028_0_00000000_00000004_0_0_3_0/csr_pmp_addr_o[1][25] is undriven.
Info:  Net Imp:/WORK/ibex_cs_registers_0_00000001_0_0_0_0_00000000_00000028_0_00000000_00000004_0_0_3_0/csr_pmp_addr_o[1][24] is undriven.
Info:  Net Imp:/WORK/ibex_cs_registers_0_00000001_0_0_0_0_00000000_00000028_0_00000000_00000004_0_0_3_0/csr_pmp_addr_o[1][23] is undriven.
Info:  Net Imp:/WORK/ibex_cs_registers_0_00000001_0_0_0_0_00000000_00000028_0_00000000_00000004_0_0_3_0/csr_pmp_addr_o[1][22] is undriven.
Info:  Net Imp:/WORK/ibex_cs_registers_0_00000001_0_0_0_0_00000000_00000028_0_00000000_00000004_0_0_3_0/csr_pmp_addr_o[1][21] is undriven.
Info:  Net Imp:/WORK/ibex_cs_registers_0_00000001_0_0_0_0_00000000_00000028_0_00000000_00000004_0_0_3_0/csr_pmp_addr_o[1][20] is undriven.
Info:  Net Imp:/WORK/ibex_cs_registers_0_00000001_0_0_0_0_00000000_00000028_0_00000000_00000004_0_0_3_0/csr_pmp_addr_o[1][19] is undriven.
Info:  Net Imp:/WORK/ibex_cs_registers_0_00000001_0_0_0_0_00000000_00000028_0_00000000_00000004_0_0_3_0/csr_pmp_addr_o[1][18] is undriven.
Info:  Net Imp:/WORK/ibex_cs_registers_0_00000001_0_0_0_0_00000000_00000028_0_00000000_00000004_0_0_3_0/csr_pmp_addr_o[1][17] is undriven.
Info:  Net Imp:/WORK/ibex_cs_registers_0_00000001_0_0_0_0_00000000_00000028_0_00000000_00000004_0_0_3_0/csr_pmp_addr_o[1][16] is undriven.
Info:  Net Imp:/WORK/ibex_cs_registers_0_00000001_0_0_0_0_00000000_00000028_0_00000000_00000004_0_0_3_0/csr_pmp_addr_o[1][15] is undriven.
Info:  Net Imp:/WORK/ibex_cs_registers_0_00000001_0_0_0_0_00000000_00000028_0_00000000_00000004_0_0_3_0/csr_pmp_addr_o[1][14] is undriven.
Info:  Net Imp:/WORK/ibex_cs_registers_0_00000001_0_0_0_0_00000000_00000028_0_00000000_00000004_0_0_3_0/csr_pmp_addr_o[1][13] is undriven.
Info:  Net Imp:/WORK/ibex_cs_registers_0_00000001_0_0_0_0_00000000_00000028_0_00000000_00000004_0_0_3_0/csr_pmp_addr_o[1][12] is undriven.
Info:  Net Imp:/WORK/ibex_cs_registers_0_00000001_0_0_0_0_00000000_00000028_0_00000000_00000004_0_0_3_0/csr_pmp_addr_o[1][11] is undriven.
Info:  Net Imp:/WORK/ibex_cs_registers_0_00000001_0_0_0_0_00000000_00000028_0_00000000_00000004_0_0_3_0/csr_pmp_addr_o[1][10] is undriven.
Info:  Net Imp:/WORK/ibex_cs_registers_0_00000001_0_0_0_0_00000000_00000028_0_00000000_00000004_0_0_3_0/csr_pmp_addr_o[1][9] is undriven.
Info:  Net Imp:/WORK/ibex_cs_registers_0_00000001_0_0_0_0_00000000_00000028_0_00000000_00000004_0_0_3_0/csr_pmp_addr_o[1][8] is undriven.
Info:  Net Imp:/WORK/ibex_cs_registers_0_00000001_0_0_0_0_00000000_00000028_0_00000000_00000004_0_0_3_0/csr_pmp_addr_o[1][7] is undriven.
Info:  Net Imp:/WORK/ibex_cs_registers_0_00000001_0_0_0_0_00000000_00000028_0_00000000_00000004_0_0_3_0/csr_pmp_addr_o[1][6] is undriven.
Info:  Net Imp:/WORK/ibex_cs_registers_0_00000001_0_0_0_0_00000000_00000028_0_00000000_00000004_0_0_3_0/csr_pmp_addr_o[1][5] is undriven.
Info:  Net Imp:/WORK/ibex_cs_registers_0_00000001_0_0_0_0_00000000_00000028_0_00000000_00000004_0_0_3_0/csr_pmp_addr_o[1][4] is undriven.
Info:  Net Imp:/WORK/ibex_cs_registers_0_00000001_0_0_0_0_00000000_00000028_0_00000000_00000004_0_0_3_0/csr_pmp_addr_o[1][3] is undriven.
Info:  Net Imp:/WORK/ibex_cs_registers_0_00000001_0_0_0_0_00000000_00000028_0_00000000_00000004_0_0_3_0/csr_pmp_addr_o[1][2] is undriven.
Info:  Net Imp:/WORK/ibex_cs_registers_0_00000001_0_0_0_0_00000000_00000028_0_00000000_00000004_0_0_3_0/csr_pmp_addr_o[1][1] is undriven.
Info:  Net Imp:/WORK/ibex_cs_registers_0_00000001_0_0_0_0_00000000_00000028_0_00000000_00000004_0_0_3_0/csr_pmp_addr_o[1][0] is undriven.
Info:  Net Imp:/WORK/ibex_cs_registers_0_00000001_0_0_0_0_00000000_00000028_0_00000000_00000004_0_0_3_0/csr_pmp_addr_o[2][33] is undriven.
Info:  Net Imp:/WORK/ibex_cs_registers_0_00000001_0_0_0_0_00000000_00000028_0_00000000_00000004_0_0_3_0/csr_pmp_addr_o[2][32] is undriven.
Info:  Net Imp:/WORK/ibex_cs_registers_0_00000001_0_0_0_0_00000000_00000028_0_00000000_00000004_0_0_3_0/csr_pmp_addr_o[2][31] is undriven.
Info:  Net Imp:/WORK/ibex_cs_registers_0_00000001_0_0_0_0_00000000_00000028_0_00000000_00000004_0_0_3_0/csr_pmp_addr_o[2][30] is undriven.
Info:  Net Imp:/WORK/ibex_cs_registers_0_00000001_0_0_0_0_00000000_00000028_0_00000000_00000004_0_0_3_0/csr_pmp_addr_o[2][29] is undriven.
Info:  Net Imp:/WORK/ibex_cs_registers_0_00000001_0_0_0_0_00000000_00000028_0_00000000_00000004_0_0_3_0/csr_pmp_addr_o[2][28] is undriven.
Info:  Net Imp:/WORK/ibex_cs_registers_0_00000001_0_0_0_0_00000000_00000028_0_00000000_00000004_0_0_3_0/csr_pmp_addr_o[2][27] is undriven.
Info:  Net Imp:/WORK/ibex_cs_registers_0_00000001_0_0_0_0_00000000_00000028_0_00000000_00000004_0_0_3_0/csr_pmp_addr_o[2][26] is undriven.
Info:  Net Imp:/WORK/ibex_cs_registers_0_00000001_0_0_0_0_00000000_00000028_0_00000000_00000004_0_0_3_0/csr_pmp_addr_o[2][25] is undriven.
Info:  Net Imp:/WORK/ibex_cs_registers_0_00000001_0_0_0_0_00000000_00000028_0_00000000_00000004_0_0_3_0/csr_pmp_addr_o[2][24] is undriven.
Info:  Net Imp:/WORK/ibex_cs_registers_0_00000001_0_0_0_0_00000000_00000028_0_00000000_00000004_0_0_3_0/csr_pmp_addr_o[2][23] is undriven.
Info:  Net Imp:/WORK/ibex_cs_registers_0_00000001_0_0_0_0_00000000_00000028_0_00000000_00000004_0_0_3_0/csr_pmp_addr_o[2][22] is undriven.
Info:  Net Imp:/WORK/ibex_cs_registers_0_00000001_0_0_0_0_00000000_00000028_0_00000000_00000004_0_0_3_0/csr_pmp_addr_o[2][21] is undriven.
Info:  Net Imp:/WORK/ibex_cs_registers_0_00000001_0_0_0_0_00000000_00000028_0_00000000_00000004_0_0_3_0/csr_pmp_addr_o[2][20] is undriven.
Info:  Net Imp:/WORK/ibex_cs_registers_0_00000001_0_0_0_0_00000000_00000028_0_00000000_00000004_0_0_3_0/csr_pmp_addr_o[2][19] is undriven.
Info:  Net Imp:/WORK/ibex_cs_registers_0_00000001_0_0_0_0_00000000_00000028_0_00000000_00000004_0_0_3_0/csr_pmp_addr_o[2][18] is undriven.
Info:  Net Imp:/WORK/ibex_cs_registers_0_00000001_0_0_0_0_00000000_00000028_0_00000000_00000004_0_0_3_0/csr_pmp_addr_o[2][17] is undriven.
Info:  Net Imp:/WORK/ibex_cs_registers_0_00000001_0_0_0_0_00000000_00000028_0_00000000_00000004_0_0_3_0/csr_pmp_addr_o[2][16] is undriven.
Info:  Net Imp:/WORK/ibex_cs_registers_0_00000001_0_0_0_0_00000000_00000028_0_00000000_00000004_0_0_3_0/csr_pmp_addr_o[2][15] is undriven.
Info:  Net Imp:/WORK/ibex_cs_registers_0_00000001_0_0_0_0_00000000_00000028_0_00000000_00000004_0_0_3_0/csr_pmp_addr_o[2][14] is undriven.
Info:  Net Imp:/WORK/ibex_cs_registers_0_00000001_0_0_0_0_00000000_00000028_0_00000000_00000004_0_0_3_0/csr_pmp_addr_o[2][13] is undriven.
Info:  Net Imp:/WORK/ibex_cs_registers_0_00000001_0_0_0_0_00000000_00000028_0_00000000_00000004_0_0_3_0/csr_pmp_addr_o[2][12] is undriven.
Info:  Net Imp:/WORK/ibex_cs_registers_0_00000001_0_0_0_0_00000000_00000028_0_00000000_00000004_0_0_3_0/csr_pmp_addr_o[2][11] is undriven.
Info:  Net Imp:/WORK/ibex_cs_registers_0_00000001_0_0_0_0_00000000_00000028_0_00000000_00000004_0_0_3_0/csr_pmp_addr_o[2][10] is undriven.
Info:  Net Imp:/WORK/ibex_cs_registers_0_00000001_0_0_0_0_00000000_00000028_0_00000000_00000004_0_0_3_0/csr_pmp_addr_o[2][9] is undriven.
Info:  Net Imp:/WORK/ibex_cs_registers_0_00000001_0_0_0_0_00000000_00000028_0_00000000_00000004_0_0_3_0/csr_pmp_addr_o[2][8] is undriven.
Info:  Net Imp:/WORK/ibex_cs_registers_0_00000001_0_0_0_0_00000000_00000028_0_00000000_00000004_0_0_3_0/csr_pmp_addr_o[2][7] is undriven.
Info:  Net Imp:/WORK/ibex_cs_registers_0_00000001_0_0_0_0_00000000_00000028_0_00000000_00000004_0_0_3_0/csr_pmp_addr_o[2][6] is undriven.
Info:  Net Imp:/WORK/ibex_cs_registers_0_00000001_0_0_0_0_00000000_00000028_0_00000000_00000004_0_0_3_0/csr_pmp_addr_o[2][5] is undriven.
Info:  Net Imp:/WORK/ibex_cs_registers_0_00000001_0_0_0_0_00000000_00000028_0_00000000_00000004_0_0_3_0/csr_pmp_addr_o[2][4] is undriven.
Info:  Net Imp:/WORK/ibex_cs_registers_0_00000001_0_0_0_0_00000000_00000028_0_00000000_00000004_0_0_3_0/csr_pmp_addr_o[2][3] is undriven.
Info:  Net Imp:/WORK/ibex_cs_registers_0_00000001_0_0_0_0_00000000_00000028_0_00000000_00000004_0_0_3_0/csr_pmp_addr_o[2][2] is undriven.
Info:  Net Imp:/WORK/ibex_cs_registers_0_00000001_0_0_0_0_00000000_00000028_0_00000000_00000004_0_0_3_0/csr_pmp_addr_o[2][1] is undriven.
Info:  Net Imp:/WORK/ibex_cs_registers_0_00000001_0_0_0_0_00000000_00000028_0_00000000_00000004_0_0_3_0/csr_pmp_addr_o[2][0] is undriven.
Info:  Net Imp:/WORK/ibex_cs_registers_0_00000001_0_0_0_0_00000000_00000028_0_00000000_00000004_0_0_3_0/csr_pmp_addr_o[3][33] is undriven.
Info:  Net Imp:/WORK/ibex_cs_registers_0_00000001_0_0_0_0_00000000_00000028_0_00000000_00000004_0_0_3_0/csr_pmp_addr_o[3][32] is undriven.
Info:  Net Imp:/WORK/ibex_cs_registers_0_00000001_0_0_0_0_00000000_00000028_0_00000000_00000004_0_0_3_0/csr_pmp_addr_o[3][31] is undriven.
Info:  Net Imp:/WORK/ibex_cs_registers_0_00000001_0_0_0_0_00000000_00000028_0_00000000_00000004_0_0_3_0/csr_pmp_addr_o[3][30] is undriven.
Info:  Net Imp:/WORK/ibex_cs_registers_0_00000001_0_0_0_0_00000000_00000028_0_00000000_00000004_0_0_3_0/csr_pmp_addr_o[3][29] is undriven.
Info:  Net Imp:/WORK/ibex_cs_registers_0_00000001_0_0_0_0_00000000_00000028_0_00000000_00000004_0_0_3_0/csr_pmp_addr_o[3][28] is undriven.
Info:  Net Imp:/WORK/ibex_cs_registers_0_00000001_0_0_0_0_00000000_00000028_0_00000000_00000004_0_0_3_0/csr_pmp_addr_o[3][27] is undriven.
Info:  Net Imp:/WORK/ibex_cs_registers_0_00000001_0_0_0_0_00000000_00000028_0_00000000_00000004_0_0_3_0/csr_pmp_addr_o[3][26] is undriven.
Info:  Net Imp:/WORK/ibex_cs_registers_0_00000001_0_0_0_0_00000000_00000028_0_00000000_00000004_0_0_3_0/csr_pmp_addr_o[3][25] is undriven.
Info:  Net Imp:/WORK/ibex_cs_registers_0_00000001_0_0_0_0_00000000_00000028_0_00000000_00000004_0_0_3_0/csr_pmp_addr_o[3][24] is undriven.
Info:  Net Imp:/WORK/ibex_cs_registers_0_00000001_0_0_0_0_00000000_00000028_0_00000000_00000004_0_0_3_0/csr_pmp_addr_o[3][23] is undriven.
Info:  Net Imp:/WORK/ibex_cs_registers_0_00000001_0_0_0_0_00000000_00000028_0_00000000_00000004_0_0_3_0/csr_pmp_addr_o[3][22] is undriven.
Info:  Net Imp:/WORK/ibex_cs_registers_0_00000001_0_0_0_0_00000000_00000028_0_00000000_00000004_0_0_3_0/csr_pmp_addr_o[3][21] is undriven.
Info:  Net Imp:/WORK/ibex_cs_registers_0_00000001_0_0_0_0_00000000_00000028_0_00000000_00000004_0_0_3_0/csr_pmp_addr_o[3][20] is undriven.
Info:  Net Imp:/WORK/ibex_cs_registers_0_00000001_0_0_0_0_00000000_00000028_0_00000000_00000004_0_0_3_0/csr_pmp_addr_o[3][19] is undriven.
Info:  Net Imp:/WORK/ibex_cs_registers_0_00000001_0_0_0_0_00000000_00000028_0_00000000_00000004_0_0_3_0/csr_pmp_addr_o[3][18] is undriven.
Info:  Net Imp:/WORK/ibex_cs_registers_0_00000001_0_0_0_0_00000000_00000028_0_00000000_00000004_0_0_3_0/csr_pmp_addr_o[3][17] is undriven.
Info:  Net Imp:/WORK/ibex_cs_registers_0_00000001_0_0_0_0_00000000_00000028_0_00000000_00000004_0_0_3_0/csr_pmp_addr_o[3][16] is undriven.
Info:  Net Imp:/WORK/ibex_cs_registers_0_00000001_0_0_0_0_00000000_00000028_0_00000000_00000004_0_0_3_0/csr_pmp_addr_o[3][15] is undriven.
Info:  Net Imp:/WORK/ibex_cs_registers_0_00000001_0_0_0_0_00000000_00000028_0_00000000_00000004_0_0_3_0/csr_pmp_addr_o[3][14] is undriven.
Info:  Net Imp:/WORK/ibex_cs_registers_0_00000001_0_0_0_0_00000000_00000028_0_00000000_00000004_0_0_3_0/csr_pmp_addr_o[3][13] is undriven.
Info:  Net Imp:/WORK/ibex_cs_registers_0_00000001_0_0_0_0_00000000_00000028_0_00000000_00000004_0_0_3_0/csr_pmp_addr_o[3][12] is undriven.
Info:  Net Imp:/WORK/ibex_cs_registers_0_00000001_0_0_0_0_00000000_00000028_0_00000000_00000004_0_0_3_0/csr_pmp_addr_o[3][11] is undriven.
Info:  Net Imp:/WORK/ibex_cs_registers_0_00000001_0_0_0_0_00000000_00000028_0_00000000_00000004_0_0_3_0/csr_pmp_addr_o[3][10] is undriven.
Info:  Net Imp:/WORK/ibex_cs_registers_0_00000001_0_0_0_0_00000000_00000028_0_00000000_00000004_0_0_3_0/csr_pmp_addr_o[3][9] is undriven.
Info:  Net Imp:/WORK/ibex_cs_registers_0_00000001_0_0_0_0_00000000_00000028_0_00000000_00000004_0_0_3_0/csr_pmp_addr_o[3][8] is undriven.
Info:  Net Imp:/WORK/ibex_cs_registers_0_00000001_0_0_0_0_00000000_00000028_0_00000000_00000004_0_0_3_0/csr_pmp_addr_o[3][7] is undriven.
Info:  Net Imp:/WORK/ibex_cs_registers_0_00000001_0_0_0_0_00000000_00000028_0_00000000_00000004_0_0_3_0/csr_pmp_addr_o[3][6] is undriven.
Info:  Net Imp:/WORK/ibex_cs_registers_0_00000001_0_0_0_0_00000000_00000028_0_00000000_00000004_0_0_3_0/csr_pmp_addr_o[3][5] is undriven.
Info:  Net Imp:/WORK/ibex_cs_registers_0_00000001_0_0_0_0_00000000_00000028_0_00000000_00000004_0_0_3_0/csr_pmp_addr_o[3][4] is undriven.
Info:  Net Imp:/WORK/ibex_cs_registers_0_00000001_0_0_0_0_00000000_00000028_0_00000000_00000004_0_0_3_0/csr_pmp_addr_o[3][3] is undriven.
Info:  Net Imp:/WORK/ibex_cs_registers_0_00000001_0_0_0_0_00000000_00000028_0_00000000_00000004_0_0_3_0/csr_pmp_addr_o[3][2] is undriven.
Info:  Net Imp:/WORK/ibex_cs_registers_0_00000001_0_0_0_0_00000000_00000028_0_00000000_00000004_0_0_3_0/csr_pmp_addr_o[3][1] is undriven.
Info:  Net Imp:/WORK/ibex_cs_registers_0_00000001_0_0_0_0_00000000_00000028_0_00000000_00000004_0_0_3_0/csr_pmp_addr_o[3][0] is undriven.
Info:  Net Imp:/WORK/ibex_cs_registers_0_00000001_0_0_0_0_00000000_00000028_0_00000000_00000004_0_0_3_0/csr_pmp_mseccfg_o\[rlb] is undriven.
Info:  Net Imp:/WORK/ibex_cs_registers_0_00000001_0_0_0_0_00000000_00000028_0_00000000_00000004_0_0_3_0/csr_pmp_mseccfg_o\[mmwp] is undriven.
Info:  Net Imp:/WORK/ibex_cs_registers_0_00000001_0_0_0_0_00000000_00000028_0_00000000_00000004_0_0_3_0/csr_pmp_mseccfg_o\[mml] is undriven.
Info:  Net Imp:/WORK/ibex_cs_registers_0_00000001_0_0_0_0_00000000_00000028_0_00000000_00000004_0_0_3_0/csr_depc_o[0] is undriven.
Info:  Net Imp:/WORK/ibex_cs_registers_0_00000001_0_0_0_0_00000000_00000028_0_00000000_00000004_0_0_3_0/trigger_match_o is undriven.
Info:  Net Imp:/WORK/ibex_cs_registers_0_00000001_0_0_0_0_00000000_00000028_0_00000000_00000004_0_0_3_0/data_ind_timing_o is undriven.
Info:  Net Imp:/WORK/ibex_cs_registers_0_00000001_0_0_0_0_00000000_00000028_0_00000000_00000004_0_0_3_0/dummy_instr_en_o is undriven.
Info:  Net Imp:/WORK/ibex_cs_registers_0_00000001_0_0_0_0_00000000_00000028_0_00000000_00000004_0_0_3_0/dummy_instr_mask_o[2] is undriven.
Info:  Net Imp:/WORK/ibex_cs_registers_0_00000001_0_0_0_0_00000000_00000028_0_00000000_00000004_0_0_3_0/dummy_instr_mask_o[1] is undriven.
Info:  Net Imp:/WORK/ibex_cs_registers_0_00000001_0_0_0_0_00000000_00000028_0_00000000_00000004_0_0_3_0/dummy_instr_mask_o[0] is undriven.
Info:  Net Imp:/WORK/ibex_cs_registers_0_00000001_0_0_0_0_00000000_00000028_0_00000000_00000004_0_0_3_0/dummy_instr_seed_en_o is undriven.
Info:  Net Imp:/WORK/ibex_cs_registers_0_00000001_0_0_0_0_00000000_00000028_0_00000000_00000004_0_0_3_0/dummy_instr_seed_o[31] is undriven.
Info:  Net Imp:/WORK/ibex_cs_registers_0_00000001_0_0_0_0_00000000_00000028_0_00000000_00000004_0_0_3_0/dummy_instr_seed_o[30] is undriven.
Info:  Net Imp:/WORK/ibex_cs_registers_0_00000001_0_0_0_0_00000000_00000028_0_00000000_00000004_0_0_3_0/dummy_instr_seed_o[29] is undriven.
Info:  Net Imp:/WORK/ibex_cs_registers_0_00000001_0_0_0_0_00000000_00000028_0_00000000_00000004_0_0_3_0/dummy_instr_seed_o[28] is undriven.
Info:  Net Imp:/WORK/ibex_cs_registers_0_00000001_0_0_0_0_00000000_00000028_0_00000000_00000004_0_0_3_0/dummy_instr_seed_o[27] is undriven.
Info:  Net Imp:/WORK/ibex_cs_registers_0_00000001_0_0_0_0_00000000_00000028_0_00000000_00000004_0_0_3_0/dummy_instr_seed_o[26] is undriven.
Info:  Net Imp:/WORK/ibex_cs_registers_0_00000001_0_0_0_0_00000000_00000028_0_00000000_00000004_0_0_3_0/dummy_instr_seed_o[25] is undriven.
Info:  Net Imp:/WORK/ibex_cs_registers_0_00000001_0_0_0_0_00000000_00000028_0_00000000_00000004_0_0_3_0/dummy_instr_seed_o[24] is undriven.
Info:  Net Imp:/WORK/ibex_cs_registers_0_00000001_0_0_0_0_00000000_00000028_0_00000000_00000004_0_0_3_0/dummy_instr_seed_o[23] is undriven.
Info:  Net Imp:/WORK/ibex_cs_registers_0_00000001_0_0_0_0_00000000_00000028_0_00000000_00000004_0_0_3_0/dummy_instr_seed_o[22] is undriven.
Info:  Net Imp:/WORK/ibex_cs_registers_0_00000001_0_0_0_0_00000000_00000028_0_00000000_00000004_0_0_3_0/dummy_instr_seed_o[21] is undriven.
Info:  Net Imp:/WORK/ibex_cs_registers_0_00000001_0_0_0_0_00000000_00000028_0_00000000_00000004_0_0_3_0/dummy_instr_seed_o[20] is undriven.
Info:  Net Imp:/WORK/ibex_cs_registers_0_00000001_0_0_0_0_00000000_00000028_0_00000000_00000004_0_0_3_0/dummy_instr_seed_o[19] is undriven.
Info:  Net Imp:/WORK/ibex_cs_registers_0_00000001_0_0_0_0_00000000_00000028_0_00000000_00000004_0_0_3_0/dummy_instr_seed_o[18] is undriven.
Info:  Net Imp:/WORK/ibex_cs_registers_0_00000001_0_0_0_0_00000000_00000028_0_00000000_00000004_0_0_3_0/dummy_instr_seed_o[17] is undriven.
Info:  Net Imp:/WORK/ibex_cs_registers_0_00000001_0_0_0_0_00000000_00000028_0_00000000_00000004_0_0_3_0/dummy_instr_seed_o[16] is undriven.
Info:  Net Imp:/WORK/ibex_cs_registers_0_00000001_0_0_0_0_00000000_00000028_0_00000000_00000004_0_0_3_0/dummy_instr_seed_o[15] is undriven.
Info:  Net Imp:/WORK/ibex_cs_registers_0_00000001_0_0_0_0_00000000_00000028_0_00000000_00000004_0_0_3_0/dummy_instr_seed_o[14] is undriven.
Info:  Net Imp:/WORK/ibex_cs_registers_0_00000001_0_0_0_0_00000000_00000028_0_00000000_00000004_0_0_3_0/dummy_instr_seed_o[13] is undriven.
Info:  Net Imp:/WORK/ibex_cs_registers_0_00000001_0_0_0_0_00000000_00000028_0_00000000_00000004_0_0_3_0/dummy_instr_seed_o[12] is undriven.
Info:  Net Imp:/WORK/ibex_cs_registers_0_00000001_0_0_0_0_00000000_00000028_0_00000000_00000004_0_0_3_0/dummy_instr_seed_o[11] is undriven.
Info:  Net Imp:/WORK/ibex_cs_registers_0_00000001_0_0_0_0_00000000_00000028_0_00000000_00000004_0_0_3_0/dummy_instr_seed_o[10] is undriven.
Info:  Net Imp:/WORK/ibex_cs_registers_0_00000001_0_0_0_0_00000000_00000028_0_00000000_00000004_0_0_3_0/dummy_instr_seed_o[9] is undriven.
Info:  Net Imp:/WORK/ibex_cs_registers_0_00000001_0_0_0_0_00000000_00000028_0_00000000_00000004_0_0_3_0/dummy_instr_seed_o[8] is undriven.
Info:  Net Imp:/WORK/ibex_cs_registers_0_00000001_0_0_0_0_00000000_00000028_0_00000000_00000004_0_0_3_0/dummy_instr_seed_o[7] is undriven.
Info:  Net Imp:/WORK/ibex_cs_registers_0_00000001_0_0_0_0_00000000_00000028_0_00000000_00000004_0_0_3_0/dummy_instr_seed_o[6] is undriven.
Info:  Net Imp:/WORK/ibex_cs_registers_0_00000001_0_0_0_0_00000000_00000028_0_00000000_00000004_0_0_3_0/dummy_instr_seed_o[5] is undriven.
Info:  Net Imp:/WORK/ibex_cs_registers_0_00000001_0_0_0_0_00000000_00000028_0_00000000_00000004_0_0_3_0/dummy_instr_seed_o[4] is undriven.
Info:  Net Imp:/WORK/ibex_cs_registers_0_00000001_0_0_0_0_00000000_00000028_0_00000000_00000004_0_0_3_0/dummy_instr_seed_o[3] is undriven.
Info:  Net Imp:/WORK/ibex_cs_registers_0_00000001_0_0_0_0_00000000_00000028_0_00000000_00000004_0_0_3_0/dummy_instr_seed_o[2] is undriven.
Info:  Net Imp:/WORK/ibex_cs_registers_0_00000001_0_0_0_0_00000000_00000028_0_00000000_00000004_0_0_3_0/dummy_instr_seed_o[1] is undriven.
Info:  Net Imp:/WORK/ibex_cs_registers_0_00000001_0_0_0_0_00000000_00000028_0_00000000_00000004_0_0_3_0/dummy_instr_seed_o[0] is undriven.
Info:  Net Imp:/WORK/ibex_cs_registers_0_00000001_0_0_0_0_00000000_00000028_0_00000000_00000004_0_0_3_0/icache_enable_o is undriven.
Info:  Net Imp:/WORK/ibex_cs_registers_0_00000001_0_0_0_0_00000000_00000028_0_00000000_00000004_0_0_3_0/csr_shadow_err_o is undriven.
Info:  SVF Operation 800 (Line: 4788) - ungroup.  Status: accepted
Info:  SVF Operation 803 (Line: 4800) - ungroup.  Status: accepted
Info:  SVF Operation 804 (Line: 4804) - ungroup.  Status: accepted
Info:  SVF Operation 805 (Line: 4808) - ungroup.  Status: accepted
Info:  SVF Operation 806 (Line: 4812) - ungroup.  Status: accepted
Info:  SVF Operation 807 (Line: 4816) - ungroup.  Status: accepted
Info:  SVF Operation 808 (Line: 4820) - ungroup.  Status: accepted
Info:  SVF Operation 809 (Line: 4824) - ungroup.  Status: accepted
Info:  SVF Operation 810 (Line: 4828) - ungroup.  Status: accepted
Info:  SVF Operation 811 (Line: 4832) - ungroup.  Status: accepted
Info:  SVF Operation 813 (Line: 4840) - ungroup.  Status: accepted
Info:  SVF Operation 814 (Line: 4844) - ungroup.  Status: accepted
Info:  SVF Operation 815 (Line: 4848) - ungroup.  Status: accepted
Info:  SVF Operation 816 (Line: 4852) - ungroup.  Status: accepted
Info:  SVF Operation 817 (Line: 4856) - ungroup.  Status: accepted
Info:  SVF Operation 818 (Line: 4860) - ungroup.  Status: accepted
Info:  SVF Operation 819 (Line: 4864) - ungroup.  Status: accepted
Info:  SVF Operation 820 (Line: 4868) - ungroup.  Status: accepted
Info:  SVF Operation 821 (Line: 4872) - ungroup.  Status: accepted
Info:  SVF Operation 822 (Line: 4876) - ungroup.  Status: accepted
Info:  SVF Operation 823 (Line: 4880) - ungroup.  Status: accepted
Info:  SVF Operation 824 (Line: 4884) - ungroup.  Status: accepted
Info:  SVF Operation 825 (Line: 4888) - ungroup.  Status: accepted
Info:  SVF Operation 826 (Line: 4892) - ungroup.  Status: accepted
Info:  SVF Operation 827 (Line: 4896) - ungroup.  Status: accepted
Info:  SVF Operation 828 (Line: 4900) - ungroup.  Status: accepted
Info:  Pre-verification of Ref:/WORK/ibex_multdiv_fast_RV32M3/DP_OP_75J4_122_1549 SUCCEEDED.
Info:  SVF Operation 895 (Line: 5739) - ungroup.  Status: accepted
****************************************************

