
                                 Formality (R)

               Version L-2016.03-SP1 for linux64 - Apr 13, 2016 

                    Copyright (c) 1988 - 2016 Synopsys, Inc.
   This software and the associated documentation are proprietary to Synopsys,
 Inc. This software may only be used in accordance with the terms and conditions
 of a written license agreement with Synopsys, Inc. All other use, reproduction,
            or distribution of this software is strictly prohibited.

  ** Highlights of Formality (R) Version L-2016.03 **
   - New alternate verification strategies for resolving inconclusive verifications
   - Automation for deploying alternate strategies
   - New command to export the mapping of reference to implementation registers
   - New capability to combine PG and low power information from db libraries with Verilog functional models

   * Please refer to the Formality Release Notes for details and additional enhancements

Build: 4031317
Hostname: IC (RHEL64)
Current time: Sat Jun 14 01:05:45 2025

Loading db file '/opt/Synopsys/Formality2016/libraries/syn/gtech.db'
############################  Search PATH ################################
set top_module ibex_wrapper
ibex_wrapper
set RTL       "./RTL"
./RTL
set LIB_PATH  "/mnt/hgfs/stdcell_hvt/db_ccs"
/mnt/hgfs/stdcell_hvt/db_ccs
lappend search_path $LIB_PATH
/mnt/hgfs/stdcell_hvt/db_ccs
lappend search_path $RTL
/mnt/hgfs/stdcell_hvt/db_ccs ./RTL
####################### Read Reference tech libs ########################
set FFLIB "saed14hvt_ff0p88v125c.db"
saed14hvt_ff0p88v125c.db
set TTLIB "saed14hvt_tt0p8v25c.db"
saed14hvt_tt0p8v25c.db
set SSLIB "saed14hvt_ss0p72vm40c.db"
saed14hvt_ss0p72vm40c.db
######################### Formality Setup File ###########################
# Synopsys setup variable
set synopsys_auto_setup true
true
set verification_failing_point_limit 2300 
2300
# Formality Setup File
set_svf "./ibex_wrapper.svf"
Warning: Can't open file /home/synopsys/syn/O-2018.06-SP1/packages/dware/src/DWpackages.vhd (FM-140)
Info:  $hdlin_dwroot not set.
SVF set to './ibex_wrapper.svf'.
1
###################################################################
###################### Reference Container ########################
###################################################################
set pkg {
		ibex_pkg.sv 		prim_mubi_pkg.sv 		prim_count_pkg.sv 		prim_pkg.sv 		prim_ram_1p_pkg.sv 		prim_secded_pkg.sv 		prim_cipher_pkg.sv 		prim_util_pkg.sv 
	}

		ibex_pkg.sv 		prim_mubi_pkg.sv 		prim_count_pkg.sv 		prim_pkg.sv 		prim_ram_1p_pkg.sv 		prim_secded_pkg.sv 		prim_cipher_pkg.sv 		prim_util_pkg.sv 
	
# 35
set hier_0 {
		prim_generic_clock_gating.sv 		prim_xilinx_clock_gating.sv 		prim_generic_buf.sv 		ibex_compressed_decoder.sv 		ibex_fetch_fifo.sv 		prim_generic_buf.sv 		prim_secded_inv_39_32_dec.sv 		prim_secded_inv_39_32_enc.sv 		prim_secded_inv_28_22_dec.sv 		prim_secded_inv_28_22_enc.sv 		prim_lfsr.sv 		ibex_branch_predict.sv 		ibex_decoder.sv 		ibex_controller.sv 		ibex_alu.sv 		ibex_multdiv_fast.sv 		ibex_multdiv_slow.sv 		ibex_wb_stage.sv 		ibex_csr.sv 		ibex_counter.sv 		ibex_pmp.sv 		prim_onehot_check.sv 		prim_onehot_enc.sv 		prim_generic_and2.sv 		prim_generic_flop.sv 		prim_subst_perm.sv 		prim_prince.sv 		prim_generic_ram_1p.sv 		prim_secded_inv_22_16_dec.sv 		prim_secded_inv_22_16_enc.sv 		prim_secded_inv_hamming_22_16_dec.sv 		prim_secded_inv_hamming_22_16_enc.sv 		prim_secded_inv_hamming_39_32_dec.sv 		prim_secded_inv_hamming_39_32_enc.sv 		prim_generic_clock_mux2.sv 		prim_badbit_ram_1p.sv 		prim_xilinx_flop.sv 		prim_xilinx_and2.sv 		prim_xilinx_buf.sv 		prim_xilinx_clock_mux2.sv 
	}

		prim_generic_clock_gating.sv 		prim_xilinx_clock_gating.sv 		prim_generic_buf.sv 		ibex_compressed_decoder.sv 		ibex_fetch_fifo.sv 		prim_generic_buf.sv 		prim_secded_inv_39_32_dec.sv 		prim_secded_inv_39_32_enc.sv 		prim_secded_inv_28_22_dec.sv 		prim_secded_inv_28_22_enc.sv 		prim_lfsr.sv 		ibex_branch_predict.sv 		ibex_decoder.sv 		ibex_controller.sv 		ibex_alu.sv 		ibex_multdiv_fast.sv 		ibex_multdiv_slow.sv 		ibex_wb_stage.sv 		ibex_csr.sv 		ibex_counter.sv 		ibex_pmp.sv 		prim_onehot_check.sv 		prim_onehot_enc.sv 		prim_generic_and2.sv 		prim_generic_flop.sv 		prim_subst_perm.sv 		prim_prince.sv 		prim_generic_ram_1p.sv 		prim_secded_inv_22_16_dec.sv 		prim_secded_inv_22_16_enc.sv 		prim_secded_inv_hamming_22_16_dec.sv 		prim_secded_inv_hamming_22_16_enc.sv 		prim_secded_inv_hamming_39_32_dec.sv 		prim_secded_inv_hamming_39_32_enc.sv 		prim_generic_clock_mux2.sv 		prim_badbit_ram_1p.sv 		prim_xilinx_flop.sv 		prim_xilinx_and2.sv 		prim_xilinx_buf.sv 		prim_xilinx_clock_mux2.sv 
	
# 12	
set hier_1 {
		prim_clock_gating.sv 		prim_buf.sv 		ibex_prefetch_buffer.sv 		ibex_icache.sv 		ibex_dummy_instr.sv 		ibex_cs_registers.sv 		ibex_id_stage.sv 		ibex_ex_block.sv 		prim_and2.sv 		prim_flop.sv 		prim_ram_1p.sv 		prim_clock_mux2.sv
        }

		prim_clock_gating.sv 		prim_buf.sv 		ibex_prefetch_buffer.sv 		ibex_icache.sv 		ibex_dummy_instr.sv 		ibex_cs_registers.sv 		ibex_id_stage.sv 		ibex_ex_block.sv 		prim_and2.sv 		prim_flop.sv 		prim_ram_1p.sv 		prim_clock_mux2.sv
        
# 6
set hier_2 { 
		ibex_if_stage.sv 		ibex_load_store_unit.sv 		prim_onehot_mux.sv 		prim_ram_1p_scr.sv 		prim_ram_1p_adv.sv 		prim_count.sv
	}
 
		ibex_if_stage.sv 		ibex_load_store_unit.sv 		prim_onehot_mux.sv 		prim_ram_1p_scr.sv 		prim_ram_1p_adv.sv 		prim_count.sv
	
# 5
set hier_3 {
		ibex_core.sv 		ibex_register_file_ff.sv 		ibex_register_file_fpga.sv 		ibex_register_file_latch.sv 		ibex_lockstep.sv
	}

		ibex_core.sv 		ibex_register_file_ff.sv 		ibex_register_file_fpga.sv 		ibex_register_file_latch.sv 		ibex_lockstep.sv
	
foreach i $pkg {
	read_sverilog -container Ref -libname WORK -12 $RTL/$i
}
Loading verilog file '/home/IC/ITI_GP/fm_dont_use_cv32/RTL/ibex_pkg.sv'
Created container 'Ref'
Current container set to 'Ref'
Loading verilog file '/home/IC/ITI_GP/fm_dont_use_cv32/RTL/prim_mubi_pkg.sv'
Loading verilog file '/home/IC/ITI_GP/fm_dont_use_cv32/RTL/prim_count_pkg.sv'
Loading verilog file '/home/IC/ITI_GP/fm_dont_use_cv32/RTL/prim_pkg.sv'
Loading verilog file '/home/IC/ITI_GP/fm_dont_use_cv32/RTL/prim_ram_1p_pkg.sv'
Loading verilog file '/home/IC/ITI_GP/fm_dont_use_cv32/RTL/prim_secded_pkg.sv'
Loading verilog file '/home/IC/ITI_GP/fm_dont_use_cv32/RTL/prim_cipher_pkg.sv'
Loading verilog file '/home/IC/ITI_GP/fm_dont_use_cv32/RTL/prim_util_pkg.sv'
foreach i $hier_0 {
	read_sverilog -container Ref -libname WORK -12 $RTL/$i
}
Loading verilog file '/home/IC/ITI_GP/fm_dont_use_cv32/RTL/prim_generic_clock_gating.sv'
Loading verilog file '/home/IC/ITI_GP/fm_dont_use_cv32/RTL/prim_xilinx_clock_gating.sv'
Loading verilog file '/home/IC/ITI_GP/fm_dont_use_cv32/RTL/prim_generic_buf.sv'
Loading verilog file '/home/IC/ITI_GP/fm_dont_use_cv32/RTL/ibex_compressed_decoder.sv'
Loading verilog file '/home/IC/ITI_GP/fm_dont_use_cv32/RTL/ibex_fetch_fifo.sv'
Loading verilog file '/home/IC/ITI_GP/fm_dont_use_cv32/RTL/prim_generic_buf.sv'
Information: Loading new version of design '/WORK/prim_generic_buf' into container 'Ref' (FM-548)
Loading verilog file '/home/IC/ITI_GP/fm_dont_use_cv32/RTL/prim_secded_inv_39_32_dec.sv'
Loading verilog file '/home/IC/ITI_GP/fm_dont_use_cv32/RTL/prim_secded_inv_39_32_enc.sv'
Loading verilog file '/home/IC/ITI_GP/fm_dont_use_cv32/RTL/prim_secded_inv_28_22_dec.sv'
Loading verilog file '/home/IC/ITI_GP/fm_dont_use_cv32/RTL/prim_secded_inv_28_22_enc.sv'
Loading verilog file '/home/IC/ITI_GP/fm_dont_use_cv32/RTL/prim_lfsr.sv'
Loading verilog file '/home/IC/ITI_GP/fm_dont_use_cv32/RTL/ibex_branch_predict.sv'
Loading verilog file '/home/IC/ITI_GP/fm_dont_use_cv32/RTL/ibex_decoder.sv'
Loading verilog file '/home/IC/ITI_GP/fm_dont_use_cv32/RTL/ibex_controller.sv'
Loading verilog file '/home/IC/ITI_GP/fm_dont_use_cv32/RTL/ibex_alu.sv'
Loading verilog file '/home/IC/ITI_GP/fm_dont_use_cv32/RTL/ibex_multdiv_fast.sv'
Loading verilog file '/home/IC/ITI_GP/fm_dont_use_cv32/RTL/ibex_multdiv_slow.sv'
Loading verilog file '/home/IC/ITI_GP/fm_dont_use_cv32/RTL/ibex_wb_stage.sv'
Loading verilog file '/home/IC/ITI_GP/fm_dont_use_cv32/RTL/ibex_csr.sv'
Loading verilog file '/home/IC/ITI_GP/fm_dont_use_cv32/RTL/ibex_counter.sv'
Loading verilog file '/home/IC/ITI_GP/fm_dont_use_cv32/RTL/ibex_pmp.sv'
Loading verilog file '/home/IC/ITI_GP/fm_dont_use_cv32/RTL/prim_onehot_check.sv'
Loading verilog file '/home/IC/ITI_GP/fm_dont_use_cv32/RTL/prim_onehot_enc.sv'
Loading verilog file '/home/IC/ITI_GP/fm_dont_use_cv32/RTL/prim_generic_and2.sv'
Loading verilog file '/home/IC/ITI_GP/fm_dont_use_cv32/RTL/prim_generic_flop.sv'
Loading verilog file '/home/IC/ITI_GP/fm_dont_use_cv32/RTL/prim_subst_perm.sv'
Loading verilog file '/home/IC/ITI_GP/fm_dont_use_cv32/RTL/prim_prince.sv'
Loading verilog file '/home/IC/ITI_GP/fm_dont_use_cv32/RTL/prim_generic_ram_1p.sv'
Loading verilog file '/home/IC/ITI_GP/fm_dont_use_cv32/RTL/prim_secded_inv_22_16_dec.sv'
Loading verilog file '/home/IC/ITI_GP/fm_dont_use_cv32/RTL/prim_secded_inv_22_16_enc.sv'
Loading verilog file '/home/IC/ITI_GP/fm_dont_use_cv32/RTL/prim_secded_inv_hamming_22_16_dec.sv'
Loading verilog file '/home/IC/ITI_GP/fm_dont_use_cv32/RTL/prim_secded_inv_hamming_22_16_enc.sv'
Loading verilog file '/home/IC/ITI_GP/fm_dont_use_cv32/RTL/prim_secded_inv_hamming_39_32_dec.sv'
Loading verilog file '/home/IC/ITI_GP/fm_dont_use_cv32/RTL/prim_secded_inv_hamming_39_32_enc.sv'
Loading verilog file '/home/IC/ITI_GP/fm_dont_use_cv32/RTL/prim_generic_clock_mux2.sv'
Loading verilog file '/home/IC/ITI_GP/fm_dont_use_cv32/RTL/prim_badbit_ram_1p.sv'
Loading verilog file '/home/IC/ITI_GP/fm_dont_use_cv32/RTL/prim_xilinx_flop.sv'
Loading verilog file '/home/IC/ITI_GP/fm_dont_use_cv32/RTL/prim_xilinx_and2.sv'
Loading verilog file '/home/IC/ITI_GP/fm_dont_use_cv32/RTL/prim_xilinx_buf.sv'
Loading verilog file '/home/IC/ITI_GP/fm_dont_use_cv32/RTL/prim_xilinx_clock_mux2.sv'
foreach i $hier_1 {
	read_sverilog -container Ref -libname WORK -12 $RTL/$i
}
Loading verilog file '/home/IC/ITI_GP/fm_dont_use_cv32/RTL/prim_clock_gating.sv'
Loading verilog file '/home/IC/ITI_GP/fm_dont_use_cv32/RTL/prim_buf.sv'
Loading verilog file '/home/IC/ITI_GP/fm_dont_use_cv32/RTL/ibex_prefetch_buffer.sv'
Loading verilog file '/home/IC/ITI_GP/fm_dont_use_cv32/RTL/ibex_icache.sv'
Loading verilog file '/home/IC/ITI_GP/fm_dont_use_cv32/RTL/ibex_dummy_instr.sv'
Loading verilog file '/home/IC/ITI_GP/fm_dont_use_cv32/RTL/ibex_cs_registers.sv'
Loading verilog file '/home/IC/ITI_GP/fm_dont_use_cv32/RTL/ibex_id_stage.sv'
Loading verilog file '/home/IC/ITI_GP/fm_dont_use_cv32/RTL/ibex_ex_block.sv'
Loading verilog file '/home/IC/ITI_GP/fm_dont_use_cv32/RTL/prim_and2.sv'
Loading verilog file '/home/IC/ITI_GP/fm_dont_use_cv32/RTL/prim_flop.sv'
Loading verilog file '/home/IC/ITI_GP/fm_dont_use_cv32/RTL/prim_ram_1p.sv'
Loading verilog file '/home/IC/ITI_GP/fm_dont_use_cv32/RTL/prim_clock_mux2.sv'
foreach i $hier_2 {
	read_sverilog -container Ref -libname WORK -12 $RTL/$i
}
Loading verilog file '/home/IC/ITI_GP/fm_dont_use_cv32/RTL/ibex_if_stage.sv'
Loading verilog file '/home/IC/ITI_GP/fm_dont_use_cv32/RTL/ibex_load_store_unit.sv'
Loading verilog file '/home/IC/ITI_GP/fm_dont_use_cv32/RTL/prim_onehot_mux.sv'
Loading verilog file '/home/IC/ITI_GP/fm_dont_use_cv32/RTL/prim_ram_1p_scr.sv'
Loading verilog file '/home/IC/ITI_GP/fm_dont_use_cv32/RTL/prim_ram_1p_adv.sv'
Loading verilog file '/home/IC/ITI_GP/fm_dont_use_cv32/RTL/prim_count.sv'
foreach i $hier_3 {
	read_sverilog -container Ref -libname WORK -12 $RTL/$i
}	
Loading verilog file '/home/IC/ITI_GP/fm_dont_use_cv32/RTL/ibex_core.sv'
Loading verilog file '/home/IC/ITI_GP/fm_dont_use_cv32/RTL/ibex_register_file_ff.sv'
Loading verilog file '/home/IC/ITI_GP/fm_dont_use_cv32/RTL/ibex_register_file_fpga.sv'
Loading verilog file '/home/IC/ITI_GP/fm_dont_use_cv32/RTL/ibex_register_file_latch.sv'
Loading verilog file '/home/IC/ITI_GP/fm_dont_use_cv32/RTL/ibex_lockstep.sv'
read_sverilog -container Ref -libname WORK -12 $RTL/ibex_top.sv
Loading verilog file '/home/IC/ITI_GP/fm_dont_use_cv32/RTL/ibex_top.sv'
1
read_sverilog -container Ref -libname WORK -12 $RTL/ibex_wrapper.sv
Loading verilog file '/home/IC/ITI_GP/fm_dont_use_cv32/RTL/ibex_wrapper.sv'
1
# Read Reference technology libraries
read_db -container Ref [list $SSLIB $FFLIB $TTLIB]
Loading db file '/mnt/hgfs/stdcell_hvt/db_ccs/saed14hvt_ss0p72vm40c.db'
Loading db file '/mnt/hgfs/stdcell_hvt/db_ccs/saed14hvt_ff0p88v125c.db'
Loading db file '/mnt/hgfs/stdcell_hvt/db_ccs/saed14hvt_tt0p8v25c.db'
1
# set the top Reference Design
set_top ibex_wrapper
Setting top design to 'Ref:/WORK/ibex_wrapper'
Status:   Elaborating design ibex_wrapper   ...  
Status:   Elaborating design ibex_top   ...  
Status:   Elaborating design prim_clock_gating   ...  
Status:   Elaborating design prim_generic_clock_gating  FpgaBufGlobal=1'b1, NoFpgaGate=1'b0 ...  
Information: Created design named 'prim_generic_clock_gating_0_1'. (FE-LINK-13)
Status:   Elaborating design ibex_core  PMPEnable=1'b0, PMPGranularity=32'd0, PMPNumRegions=32'd4, PMPRstCfg=96'd0, PMPRstAddr=544'd0, PMPRstMsecCfg=3'd0, MHPMCounterNum=32'd0, MHPMCounterWidth=32'd40, RV32E=1'b0, RV32M=3, RV32B=0, BranchTargetALU=1'b1, WritebackStage=1'b1, ICache=1'b0, ICacheECC=1'b0, BusSizeECC=32'd32, TagSizeECC=32'd22, LineSizeECC=32'd64, BranchPredictor=1'b0, DbgTriggerEn=1'b0, DbgHwBreakNum=32'd1, ResetAll=1'd0, RndCnstLfsrSeed=32'd2891135988, RndCnstLfsrPerm=160'd172472284505947085933645530377016818106808982253, SecureIbex=1'b0, DummyInstructions=1'd0, RegFileECC=1'd0, RegFileDataWidth=32'd32, MemECC=1'd0, MemDataWidth=32'd32, DmBaseAddr=32'h1a110000, DmAddrMask=32'h00000fff, DmHaltAddr=32'h1a110800, DmExceptionAddr=32'h1a110808 ...  
Information: Created design named 'ibex_core_0_00000000_00000004_000000000000000000000000_0000000000000000000000000000000000000000000000000000000000000000000000000000000000000000000000000000000000000000000000000000000000000000_0_00000000_00000028_0_3_0_1_1_0_0_00000020_00000016_00000040_0_0_00000001_0_ac533bf4_1e35ecba467fd1b12e958152c04fa43878a8daed_0_0_0_00000020_0_00000020_1a110000_00000fff_1a110800_1a110808'. (FE-LINK-13)
Status:   Elaborating design ibex_if_stage  DmHaltAddr=32'h1a110800, DmExceptionAddr=32'h1a110808, DummyInstructions=1'd0, ICache=1'b0, ICacheECC=1'b0, BusSizeECC=32'd32, TagSizeECC=32'd22, LineSizeECC=32'd64, PCIncrCheck=1'd0, ResetAll=1'd0, RndCnstLfsrSeed=32'd2891135988, RndCnstLfsrPerm=160'd172472284505947085933645530377016818106808982253, BranchPredictor=1'b0, MemECC=1'd0, MemDataWidth=32'd32 ...  
Information: Created design named 'ibex_if_stage_1a110800_1a110808_0_0_0_00000020_00000016_00000040_0_0_ac533bf4_1e35ecba467fd1b12e958152c04fa43878a8daed_0_0_00000020'. (FE-LINK-13)
Status:   Elaborating design ibex_prefetch_buffer  ResetAll=1'd0 ...  
Information: Created design named 'ibex_prefetch_buffer_0'. (FE-LINK-13)
Status:   Elaborating design ibex_fetch_fifo  NUM_REQS=32'd2, ResetAll=1'd0 ...  
Information: Created design named 'ibex_fetch_fifo_00000002_0'. (FE-LINK-13)
Status:   Elaborating design ibex_compressed_decoder   ...  
Status:   Elaborating design ibex_id_stage  RV32E=1'b0, RV32M=3, RV32B=0, DataIndTiming=1'd0, BranchTargetALU=1'b1, WritebackStage=1'b1, BranchPredictor=1'b0, MemECC=1'd0 ...  
Warning: You are using the parallel_case directive but some items may overlap. (Signal: <unknown> Block: /ibex_id_stage File: /home/IC/ITI_GP/fm_dont_use_cv32/RTL/ibex_id_stage.sv Line: 796)  (FMR_ELAB-116)
Information: Created design named 'ibex_id_stage_0_3_0_0_1_1_0_0'. (FE-LINK-13)
Status:   Elaborating design ibex_decoder  RV32E=1'b0, RV32M=3, RV32B=0, BranchTargetALU=1'b1 ...  
Information: Created design named 'ibex_decoder_0_3_0_1'. (FE-LINK-13)
Status:   Elaborating design ibex_controller  WritebackStage=1'b1, BranchPredictor=1'b0, MemECC=1'd0 ...  
Warning: You are using the parallel_case directive but some items may overlap. (Signal: <unknown> Block: /ibex_controller File: /home/IC/ITI_GP/fm_dont_use_cv32/RTL/ibex_controller.sv Line: 757)  (FMR_ELAB-116)
Information: Created design named 'ibex_controller_1_0_0'. (FE-LINK-13)
Status:   Elaborating design ibex_ex_block  RV32M=3, RV32B=0, BranchTargetALU=1'b1 ...  
Information: Created design named 'ibex_ex_block_3_0_1'. (FE-LINK-13)
Status:   Elaborating design ibex_alu  RV32B=0 ...  
Warning: You are using the parallel_case directive but some items may overlap. (Signal: <unknown> Block: /ibex_alu File: /home/IC/ITI_GP/fm_dont_use_cv32/RTL/ibex_alu.sv Line: 85)  (FMR_ELAB-116)
Warning: You are using the parallel_case directive but some items may overlap. (Signal: <unknown> Block: /ibex_alu File: /home/IC/ITI_GP/fm_dont_use_cv32/RTL/ibex_alu.sv Line: 97)  (FMR_ELAB-116)
Warning: You are using the parallel_case directive but some items may overlap. (Signal: <unknown> Block: /ibex_alu File: /home/IC/ITI_GP/fm_dont_use_cv32/RTL/ibex_alu.sv Line: 392)  (FMR_ELAB-116)
Information: Created design named 'ibex_alu_RV32B0'. (FE-LINK-13)
Status:   Elaborating design ibex_multdiv_fast  RV32M=3 ...  
Information: Created design named 'ibex_multdiv_fast_RV32M3'. (FE-LINK-13)
Status:   Elaborating design ibex_load_store_unit  MemECC=1'd0, MemDataWidth=32'd32 ...  
Information: Created design named 'ibex_load_store_unit_0_00000020'. (FE-LINK-13)
Status:   Elaborating design ibex_wb_stage  ResetAll=1'd0, WritebackStage=1'b1, DummyInstructions=1'd0 ...  
Information: Created design named 'ibex_wb_stage_0_1_0'. (FE-LINK-13)
Status:   Elaborating design ibex_cs_registers  DbgTriggerEn=1'b0, DbgHwBreakNum=32'd1, DataIndTiming=1'd0, DummyInstructions=1'd0, ShadowCSR=1'd0, ICache=1'b0, MHPMCounterNum=32'd0, MHPMCounterWidth=32'd40, PMPEnable=1'b0, PMPGranularity=32'd0, PMPNumRegions=32'd4, PMPRstCfg=96'd0, PMPRstAddr=544'd0, PMPRstMsecCfg=3'd0, RV32E=1'b0, RV32M=3, RV32B=0 ...  
Warning: You are using the parallel_case directive but some items may overlap. (Signal: <unknown> Block: /ibex_cs_registers File: /home/IC/ITI_GP/fm_dont_use_cv32/RTL/ibex_cs_registers.sv Line: 714)  (FMR_ELAB-116)
Warning: You are using the parallel_case directive but some items may overlap. (Signal: <unknown> Block: /ibex_cs_registers File: /home/IC/ITI_GP/fm_dont_use_cv32/RTL/ibex_cs_registers.sv Line: 717)  (FMR_ELAB-116)
Information: Created design named 'ibex_cs_registers_0_00000001_0_0_0_0_00000000_00000028_0_00000000_00000004_000000000000000000000000_0000000000000000000000000000000000000000000000000000000000000000000000000000000000000000000000000000000000000000000000000000000000000000_0_0_3_0'. (FE-LINK-13)
Status:   Elaborating design ibex_csr  Width=6, ShadowCopy=1'd0, ResetValue=6'd16 ...  
Information: Created design named 'ibex_csr_6_0_10'. (FE-LINK-13)
Status:   Elaborating design ibex_csr  Width=32, ShadowCopy=1'b0, ResetValue=1'd0 ...  
Information: Created design named 'ibex_csr_32_0_0'. (FE-LINK-13)
Status:   Elaborating design ibex_csr  Width=18, ShadowCopy=1'b0, ResetValue=1'd0 ...  
Information: Created design named 'ibex_csr_18_0_0'. (FE-LINK-13)
Status:   Elaborating design ibex_csr  Width=7, ShadowCopy=1'b0, ResetValue=1'd0 ...  
Information: Created design named 'ibex_csr_7_0_0'. (FE-LINK-13)
Status:   Elaborating design ibex_csr  Width=32, ShadowCopy=1'd0, ResetValue=32'd1 ...  
Information: Created design named 'ibex_csr_32_0_00000001'. (FE-LINK-13)
Status:   Elaborating design ibex_csr  Width=32, ShadowCopy=1'b0, ResetValue=32'd1073741827 ...  
Information: Created design named 'ibex_csr_32_0_40000003'. (FE-LINK-13)
Status:   Elaborating design ibex_csr  Width=3, ShadowCopy=1'b0, ResetValue=3'd4 ...  
Information: Created design named 'ibex_csr_3_0_4'. (FE-LINK-13)
Status:   Elaborating design ibex_counter  CounterWidth=64 ...  
Information: Created design named 'ibex_counter_CounterWidth64'. (FE-LINK-13)
Status:   Elaborating design ibex_counter  CounterWidth=64, ProvideValUpd=1 ...  
Information: Created design named 'ibex_counter_CounterWidth64_ProvideValUpd1'. (FE-LINK-13)
Status:   Elaborating design ibex_csr  Width=8, ShadowCopy=1'd0, ResetValue=1'd0 ...  
Information: Created design named 'ibex_csr_8_0_0'. (FE-LINK-13)
Status:   Elaborating design ibex_register_file_ff  RV32E=1'b0, DataWidth=32'd32, DummyInstructions=1'd0, WrenCheck=1'd0, RdataMuxCheck=1'd0, WordZeroVal=32'd0 ...  
Information: Created design named 'ibex_register_file_ff_0_00000020_0_0_0_00000000'. (FE-LINK-13)
Status:  Implementing inferred operators...

************ Library Checking Summary ************
Warning:  186 unlinked power cell(s) with unread pg pins.
Warning:  2535 unlinked power cell(s) with no power down functions on outputs.
Warning:  6 unlinked power cell(s) with unread backup pg pins.
Warning:  714 unlinked power cell(s) with no power down function on an ff or latch.
        Use 'report_libraries -defects all' for more details.
**************************************************

Top design set to 'Ref:/WORK/ibex_wrapper' with warnings
   ATTENTION: RTL interpretation messages were produced during link.
              Verification results may disagree with a logic simulator.

************ RTL Interpretation Summary ************
************ Design: Ref:/WORK/ibex_wrapper
7 FMR_ELAB-116 messages produced    

Please refer to the Formality log file for more details,
or execute report_hdlin_mismatches.
****************************************************

1
set_reference_design ibex_wrapper
Reference design set to 'Ref:/WORK/ibex_wrapper'
1
###################################################################
#################### Implementation Container #####################
###################################################################
# Read Implementation Design Files
read_verilog -container Imp -netlist "./ibex_wrapper.v"
No target library specified, default is WORK
Loading verilog file '/home/IC/ITI_GP/fm_dont_use_cv32/ibex_wrapper.v'
Created container 'Imp'
Current container set to 'Imp'
1
# Read Implementation technology libraries
read_db -container Imp [list $SSLIB $FFLIB $TTLIB]
Loading db file '/mnt/hgfs/stdcell_hvt/db_ccs/saed14hvt_ss0p72vm40c.db'
Loading db file '/mnt/hgfs/stdcell_hvt/db_ccs/saed14hvt_ff0p88v125c.db'
Loading db file '/mnt/hgfs/stdcell_hvt/db_ccs/saed14hvt_tt0p8v25c.db'
1
# set the top Implementation Design
set_top ibex_wrapper
Setting top design to 'Imp:/WORK/ibex_wrapper'
Status:  Implementing inferred operators...

************ Library Checking Summary ************
Warning:  186 unlinked power cell(s) with unread pg pins.
Warning:  2535 unlinked power cell(s) with no power down functions on outputs.
Warning:  6 unlinked power cell(s) with unread backup pg pins.
Warning:  714 unlinked power cell(s) with no power down function on an ff or latch.
        Use 'report_libraries -defects all' for more details.
**************************************************

Top design successfully set to 'Imp:/WORK/ibex_wrapper'
1
set_implementation_design ibex_wrapper
Implementation design set to 'Imp:/WORK/ibex_wrapper'
1
###################### Matching Compare points ####################
match
Reference design is 'Ref:/WORK/ibex_wrapper'
Implementation design is 'Imp:/WORK/ibex_wrapper'
Status:  Checking designs...
    Warning: 0 (215) undriven nets found in reference (implementation) design; see formality.log for list (FM-399)
Status:  Building verification models...
Status:  Processing Guide Commands...
. 782A/0R/0US/120UP (88% SVF completed) 06/14/25 01:07 1418MB/75.42sec

***************************** Guidance Summary *****************************
                                         Status
Command                 Accepted   Rejected  Unsupported  Unprocessed  Total
----------------------------------------------------------------------------
architecture_netlist:          1          0          0          0          1
boundary            :          1          0          0          0          1
boundary_netlist    :          1          0          0          0          1
change_names        :         15          0          0          0         15
constant            :        718          0          0          0        718
constraints         :          1          0          0          0          1
datapath            :          1          0          0          0          1
environment         :          3          0          0          0          3
instance_map        :         28          0          0          0         28
mark                :         32          0          0          0         32
merge               :          1          0          0          0          1
reg_constant        :         45          0          0          0         45
replace             :          3          0          0          0          3
ungroup             :         33          0          0          0         33
uniquify            :          2          0          0          0          2
ununiquify          :          1          0          0          0          1

SVF files read:
      ./ibex_wrapper.svf

SVF files produced:
  /home/IC/ITI_GP/fm_dont_use_cv32/formality_svf/
    svf.txt
****************************************************************************

Status:  Matching...
    
*********************************** Matching Results ***********************************    
 2294 Compare points matched by name    
 1 Compare points matched by signature analysis    
 0 Compare points matched by topology    
 150 Matched primary inputs, black-box outputs    
 0(0) Unmatched reference(implementation) compare points    
 0(0) Unmatched reference(implementation) primary inputs, black-box outputs    
 70(0) Unmatched reference(implementation) unread points    
****************************************************************************************

1
######################### Run Verification ########################
set successful [verify]
Reference design is 'Ref:/WORK/ibex_wrapper'
Implementation design is 'Imp:/WORK/ibex_wrapper'
    
*********************************** Matching Results ***********************************    
 2294 Compare points matched by name    
 1 Compare points matched by signature analysis    
 0 Compare points matched by topology    
 150 Matched primary inputs, black-box outputs    
 0(0) Unmatched reference(implementation) compare points    
 0(0) Unmatched reference(implementation) primary inputs, black-box outputs    
 70(0) Unmatched reference(implementation) unread points    
****************************************************************************************

Status:  Verifying...
..

************ RTL Interpretation Summary ************
************ Design: Ref:/WORK/ibex_wrapper
2 FMR_ELAB-116 messages produced    

Please refer to the Formality log file for more details,
or execute report_hdlin_mismatches.
****************************************************


***************************** Synopsys Auto Setup Summary ******************************

!!! Synopsys Auto Setup Mode was enabled. !!!
!!! Verification results are valid assuming the following setup constraints: !!!

### RTL Interpretation Setup
   set hdlin_ignore_parallel_case false
   set hdlin_ignore_full_case false
   set hdlin_error_on_mismatch_message false
   set hdlin_ignore_embedded_configuration true

### Undriven Signal Handling Setup
   set verification_set_undriven_signals synthesis

### Test Logic Setup
   set verification_verify_directly_undriven_output false
   For details see report_dont_verify_points and report_constants


For further details on Synopsys Auto Setup Mode: Type man synopsys_auto_setup
****************************************************************************************


********************************* Verification Results *********************************
Verification SUCCEEDED
   ATTENTION: synopsys_auto_setup mode was enabled.
              See Synopsys Auto Setup Summary for details.
   ATTENTION: RTL interpretation messages were produced during link
              of reference design.
              Verification results may disagree with a logic simulator.
-----------------------------------------------------------------------
 Reference design: Ref:/WORK/ibex_wrapper
 Implementation design: Imp:/WORK/ibex_wrapper
 2295 Passing compare points
----------------------------------------------------------------------------------------
Matched Compare Points     BBPin    Loop   BBNet     Cut    Port     DFF     LAT   TOTAL
----------------------------------------------------------------------------------------
Passing (equivalent)           0       0       0       0     276    2018       1    2295
Failing (not equivalent)       0       0       0       0       0       0       0       0
Not Compared
  Unread                       0       0       0       0       0       1       0       1
****************************************************************************************
1
if {!$successful} {
diagnose
analyze_points -failing
}
########################### Reporting ############################# 
sh mkdir report 
report_passing_points > ./report/passing_points.rpt
report_failing_points > ./report/failing_points.rpt
report_aborted_points > ./report/aborted_points.rpt
report_unverified_points > ./report/unverified_points.rpt
report_not_compared_points > ./report/not_compared_points.rpt
report_hdlin_mismatches > ./report/hdlin_mismatches.rpt
report_matched_points > ./report/matched_points
report_unmatched_points > ./report/unmatched_points
#start_gui
fm_shell (verify)> exit

Maximum memory usage for this session: 1502052 KB
CPU usage for this session: 219.96 seconds
Current time: Sat Jun 14 01:10:01 2025
Elapsed time: 268 seconds

Thank you for using Formality (R)!
