Information: Performing power optimization. (PWR-850)
Information: Choosing a test methodology will restrict the optimization of sequential cells. (UIO-12)

Information: There are 663 potential problems in your design. Please run 'check_design' for more information. (LINT-99)


Warning: Operating condition ss0p72vm40c set on design ibex_top has different process,
voltage and temperatures parameters than the parameters at which target library 
saed14hvt_tt0p8v25c is characterized. Delays may be inaccurate as a result. (OPT-998)
Information: State dependent leakage is now switched from on to off.

  Beginning Pass 1 Mapping  (Incremental)
  ------------------------

  Updating timing information
Information: Updating design information... (UID-85)
Information: The library cell 'SAEDHVT14_TIE1_PV1ECO_1' in the library 'saed14hvt_tt0p8v25c' is not characterized for internal power. (PWR-536)
Information: The library cell 'SAEDHVT14_TIE0_PV1ECO_1' in the library 'saed14hvt_tt0p8v25c' is not characterized for internal power. (PWR-536)
Information: The library cell 'SAEDHVT14_TIE1_V1ECO_1' in the library 'saed14hvt_tt0p8v25c' is not characterized for internal power. (PWR-536)
Information: The library cell 'SAEDHVT14_TIE1_V1_2' in the library 'saed14hvt_tt0p8v25c' is not characterized for internal power. (PWR-536)
Information: The library cell 'SAEDHVT14_TIE1_4' in the library 'saed14hvt_tt0p8v25c' is not characterized for internal power. (PWR-536)
Information: The library cell 'SAEDHVT14_TIE0_V1_2' in the library 'saed14hvt_tt0p8v25c' is not characterized for internal power. (PWR-536)
Information: The library cell 'SAEDHVT14_TIE0_4' in the library 'saed14hvt_tt0p8v25c' is not characterized for internal power. (PWR-536)
Information: The target library(s) contains cell(s), other than black boxes, that are not characterized for internal power. (PWR-24)

  Beginning Mapping Optimizations  (Medium effort)  (Incremental)
  -------------------------------

  Beginning Incremental Implementation Selection
  ----------------------------------------------
  Selecting implementations
  Selecting implementations
Information: compile falsified 164 infeasible paths. (OPT-1720)

                                  TOTAL                                                
   ELAPSED            WORST NEG   SETUP    DESIGN                              LEAKAGE 
    TIME      AREA      SLACK     COST    RULE COST         ENDPOINT            POWER  
  --------- --------- --------- --------- --------- ------------------------- ---------
    0:00:11    8721.9  11166.90 9286379.0     182.0                           2790783.2500
    0:00:14    8725.8  11166.90 13008350.0     182.0                           2789372.5000
    0:00:19    8725.7  11166.98 13120276.0     192.0                           2788925.2500
    0:00:19    8725.7  11166.98 13120276.0     192.0                           2788925.2500
    0:00:21    8725.6  10886.71 12943293.0     192.0                           2788852.0000
    0:00:21    8725.6  10886.71 12943293.0     192.0                           2788852.0000
    0:00:22    8725.6  10886.71 12943292.0     192.0                           2788852.0000
    0:00:24    8699.2 7960417.50 6056773632.0     192.0                           2661847.0000
    0:00:25    8686.6 7969972.50 6059700224.0     192.0                           2613639.5000
    0:00:25    8682.9 6476360.50 4921088512.0     192.0                           2601257.0000
    0:00:25    8684.4  99480.56 59761000.0     192.0                           2598328.0000
    0:00:25    8684.9  99480.56 62593144.0     192.0                           2598081.5000
    0:00:25    8684.9  99480.56 62593144.0     192.0                           2598081.5000
    0:00:25    8684.9  99480.56 62593144.0     192.0                           2598081.5000
    0:00:25    8684.9  99480.56 62593144.0     192.0                           2598081.5000
    0:00:25    8684.9  99480.56 62593144.0     192.0                           2598081.5000
    0:00:26    8694.4  99480.56 60953244.0     183.0                           2605565.7500
    0:00:26    8699.5  99480.56 60958300.0     183.0                           2609963.2500
    0:00:26    8704.4  99480.56 60948068.0     183.0                           2614231.2500
    0:00:26    8709.1  99480.56 61223388.0     182.0                           2618368.2500
    0:00:27    8713.1  99480.56 61220452.0     182.0                           2621985.0000
    0:00:27    8716.1  99480.56 61222452.0     182.0                           2624516.5000
    0:00:27    8720.1  99480.56 61219516.0     182.0                           2628133.2500
    0:00:27    8723.1  99480.56 61221516.0     182.0                           2630664.7500
    0:00:27    8727.1  99480.56 61218580.0     182.0                           2634281.5000
    0:00:27    8727.1  99480.56 61218580.0     182.0                           2634281.5000
    0:00:28    8733.8  50959.00 59237224.0     182.0 u_ibex_core/id_stage_i/imd_val_q_reg[0][31]/D 2638752.7500
    0:00:39    8734.5  46323.85 55540476.0     182.0                           2639351.7500



  Beginning Delay Optimization Phase
  ----------------------------------

                                  TOTAL                                                
   ELAPSED            WORST NEG   SETUP    DESIGN                              LEAKAGE 
    TIME      AREA      SLACK     COST    RULE COST         ENDPOINT            POWER  
  --------- --------- --------- --------- --------- ------------------------- ---------
    0:00:39    8734.5  46323.85 55540476.0     182.0                           2639351.7500
    0:00:40    8735.3  45721.89 55466164.0     182.0                           2640023.7500
    0:00:45    8735.8  45721.89 40350624.0     182.0 u_ibex_core/id_stage_i/imd_val_q_reg[0][30]/D 2640021.7500
    0:00:46    8735.8  45721.89 40350624.0     182.0                           2640021.7500
    0:00:48    8736.3  45721.89 40348632.0     182.0                           2641220.5000
    0:00:51    8739.4  45721.89 40349040.0     182.0                           2638172.0000
    0:00:55    8739.2  45721.88 40394764.0     182.0                           2638196.2500


  Beginning Design Rule Fixing  (max_fanout)
  ----------------------------

                                  TOTAL                                                
   ELAPSED            WORST NEG   SETUP    DESIGN                              LEAKAGE 
    TIME      AREA      SLACK     COST    RULE COST         ENDPOINT            POWER  
  --------- --------- --------- --------- --------- ------------------------- ---------
    0:00:55    8739.2  45721.88 40394764.0     182.0                           2638196.2500
    0:00:56    8738.5  45721.87 40349040.0     182.0 u_ibex_core/wb_stage_i/g_writeback_stage.rf_wdata_wb_q_reg[31]/D 2637846.0000
    0:00:57    8737.4  45721.87 40349040.0     182.0 net78660                  2636668.0000
    0:01:00    8737.6  44798.91 40337772.0     182.0                           2637003.5000
    0:01:01    8739.0  43369.56 39239324.0     182.0                           2638472.0000
    0:01:01    8740.7  43369.56 38873660.0     182.0                           2639753.7500
    0:01:01    8754.9  43369.56 38820328.0     182.0                           2650922.2500
    0:01:02    8753.4  43369.56 38803008.0     182.0                           2649977.0000
    0:01:02    8755.7  43368.87 38780736.0     182.0                           2651198.0000
    0:01:03    8753.7  43368.87 38780668.0     182.0                           2649975.5000
    0:01:03    8751.8  43368.87 38780692.0     182.0                           2648588.0000
    0:01:03    8753.7  43368.87 38780904.0     182.0                           2650735.5000
    0:01:04    8754.5  43361.82 38776324.0     182.0                           2651437.5000
    0:01:04    8756.6  41567.46 37024140.0     182.0                           2653525.5000
    0:01:05    8756.0  41567.46 37024196.0     182.0                           2653497.2500
    0:01:05    8755.5  41567.46 37024240.0     182.0                           2653438.0000
    0:01:05    8753.5  41567.46 37021692.0     182.0                           2651754.0000
    0:01:06    8749.3  41525.93 37013024.0     182.0                           2649068.2500
    0:01:06    8749.2  41525.93 37013024.0     182.0                           2648729.5000
    0:01:06    8748.4  41525.93 37013020.0     182.0                           2648065.7500
    0:01:07    8746.8  41525.93 37012964.0     182.0                           2646130.7500
    0:01:08    8745.3  41525.93 37012964.0     182.0                           2644396.2500
    0:01:08    8745.2  41525.93 37012940.0     182.0                           2643353.2500
    0:01:09    8747.1  41525.93 37011736.0     182.0                           2644683.5000
    0:01:09    8745.2  41525.93 37009428.0     182.0                           2643330.0000
    0:01:09    8744.0  41525.93 37009412.0     182.0                           2641931.2500
    0:01:09    8744.9  41525.93 30944462.0     182.0                           2642614.2500
    0:01:10    8752.6  41525.93 30582154.0     182.0                           2649807.5000
    0:01:10    8753.1  41525.93 30162694.0     182.0                           2650119.5000
    0:01:10    8754.3  41525.93 29515408.0     182.0                           2651317.7500


  Beginning Leakage Power Optimization  (max_leakage_power 0)
  ------------------------------------

                                  TOTAL                                                
   ELAPSED            WORST NEG   SETUP    DESIGN                              LEAKAGE 
    TIME      AREA      SLACK     COST    RULE COST         ENDPOINT            POWER  
  --------- --------- --------- --------- --------- ------------------------- ---------
    0:01:10    8754.3  41525.93 29515408.0     182.0                           2651317.7500
    0:01:10    8754.3  41525.93 29515408.0     182.0                           2651317.7500
    0:01:14    8699.3  45033.44 30718152.0     182.0                           2604309.7500
    0:01:15    8683.3  45033.44 32542880.0     182.0                           2591075.5000
    0:01:15    8672.0  45033.44 32556970.0     182.0                           2579893.7500
    0:01:15    8666.9  45033.44 32551826.0     182.0                           2575716.7500
    0:01:15    8661.7  45033.44 32551778.0     182.0                           2571448.7500
    0:01:15    8661.7  45033.44 32551778.0     182.0                           2571448.7500
    0:01:26    8670.6  40822.65 32330876.0     182.0                           2579555.0000
    0:01:26    8671.8  40822.65 32330320.0     182.0                           2581090.5000
    0:01:27    8676.5  40820.64 32329866.0     182.0                           2586752.0000
    0:01:27    8677.5  40820.64 32329848.0     182.0                           2587476.5000
    0:01:27    8677.1  40820.64 32329852.0     182.0                           2587072.2500
    0:01:28    8679.7  40820.64 32324014.0     182.0                           2588743.5000
    0:01:29    8685.4  40820.64 32308200.0     182.0                           2593051.2500
    0:01:29    8690.8  40820.64 32307180.0     182.0                           2597810.5000
    0:01:29    8690.8  40820.64 32306900.0     182.0                           2597307.5000
    0:01:30    8691.1  40820.64 32306900.0     182.0                           2597274.5000
    0:01:30    8690.3  40820.64 32306902.0     182.0                           2596615.2500
    0:01:30    8691.9  40820.64 32306188.0     182.0                           2597774.2500
    0:01:30    8695.7  40820.64 32304378.0     182.0                           2600860.7500
    0:01:31    8695.6  40820.64 32304378.0     182.0                           2600827.2500
    0:01:31    8699.9  40820.64 32301804.0     182.0                           2604886.5000
    0:01:32    8698.3  40820.64 32301504.0     182.0                           2603671.5000
    0:01:32    8698.4  40820.64 32301314.0     182.0                           2603799.0000
    0:01:33    8698.8  40820.64 32300978.0     182.0                           2604423.2500
    0:01:33    8697.2  40820.64 32076832.0     182.0                           2602590.2500
    0:01:34    8696.0  40820.64 32076876.0     182.0                           2602563.5000
    0:01:34    8692.7  40820.64 32076904.0     182.0                           2602114.7500
    0:01:34    8691.2  40820.64 32076904.0     182.0                           2601211.7500
    0:01:35    8665.5  40820.64 32012102.0     182.0                           2578817.0000
    0:01:36    8662.1  40820.64 32012102.0     182.0                           2578229.5000
    0:01:36    8658.3  40820.64 32012006.0     182.0                           2577747.2500
    0:01:36    8654.0  40820.64 32012050.0     182.0                           2577181.5000
    0:01:38    8651.2  40820.64 32011876.0     182.0                           2576403.0000
    0:01:38    8640.7  40820.64 32010896.0     182.0                           2571223.5000
    0:01:39    8639.0  40820.64 32010874.0     182.0                           2570864.0000
    0:01:40    8637.3  40820.64 32010888.0     182.0                           2570027.7500
    0:01:41    8634.4  40820.64 32010888.0     182.0                           2568768.0000
    0:01:42    8634.2  40820.64 32010894.0     182.0                           2568714.7500
    0:01:44    8633.4  40820.64 32010996.0     182.0                           2568696.7500
    0:01:45    8634.0  40820.58 32010996.0     182.0 u_ibex_core/wb_stage_i/g_writeback_stage.rf_wdata_wb_q_reg[31]/D 2569015.2500
    0:01:45    8632.3  40820.51 32010910.0     182.0                           2568361.0000
    0:01:45    8630.6  40820.51 32010910.0     182.0                           2567398.7500
    0:01:46    8626.5  40820.51 32010626.0     182.0                           2564327.2500
    0:01:46    8625.9  40820.51 32010680.0     182.0                           2564265.0000
    0:01:47    8623.6  40820.51 32010680.0     182.0                           2563117.2500
    0:01:47    8621.4  40820.51 32010472.0     182.0                           2562939.0000
    0:01:47    8618.9  40820.51 32009962.0     182.0                           2561280.0000
    0:01:47    8618.4  40820.51 31999456.0     182.0                           2561438.7500
    0:01:49    8614.3  40820.51 31998864.0     182.0                           2557751.5000
    0:01:50    8612.6  40820.51 31996768.0     182.0                           2556619.0000
    0:01:51    8612.3  40820.51 31963006.0     182.0                           2556560.7500
    0:01:51    8606.4  40820.51 31963674.0     182.0                           2551056.7500
    0:01:53    8604.1  40820.51 31963674.0     182.0                           2548970.0000
    0:01:54    8600.2  40820.51 31963662.0     182.0                           2546959.2500
    0:01:54    8597.8  40820.51 31962114.0     182.0                           2544550.0000
    0:01:57    8595.8  40820.51 31962114.0     182.0                           2542698.0000
    0:01:59    8594.3  40820.51 31962114.0     182.0                           2541107.0000
    0:01:59    8592.0  40820.51 31962140.0     182.0                           2539945.7500
    0:02:01    8592.5  40820.51 31962000.0     182.0                           2541303.5000
    0:02:01    8590.2  40820.51 31962000.0     182.0                           2540008.2500
    0:02:03    8588.9  40820.51 31946632.0     182.0                           2539330.2500
    0:02:05    8587.0  40820.55 31937810.0     182.0                           2539614.0000
    0:02:05    8587.1  40820.53 31937810.0     182.0                           2540256.5000
    0:02:06    8587.1  40820.53 31937810.0     182.0                           2540253.5000
    0:02:06    8587.4  40820.53 31937828.0     182.0                           2540776.7500
    0:02:07    8588.0  40820.53 31937822.0     182.0                           2541001.5000
    0:02:09    8588.0  40820.53 31937760.0     182.0                           2540930.7500
    0:02:09    8588.0  40820.53 31937876.0     182.0                           2540524.2500
    0:02:10    8587.9  40820.53 31937876.0     182.0                           2540459.7500
    0:02:10    8587.4  40820.53 31937880.0     182.0                           2540414.0000
    0:02:11    8588.6  40820.53 31937292.0     182.0                           2541755.2500
    0:02:11    8588.6  40820.53 31937292.0     182.0                           2541700.0000
    0:02:11    8588.4  40820.53 31937286.0     182.0                           2541363.5000
    0:02:11    8588.4  40820.53 31937286.0     182.0                           2541263.0000
    0:02:12    8588.7  40820.53 31836288.0     182.0                           2541350.7500
Information: State dependent leakage is now switched from off to on.
Information: Propagating switching activity (low effort zero delay simulation). (PWR-6)
    0:02:14    8599.9  40820.53 31466494.0     182.0                           2541494.0000
Loading db file '/mnt/hgfs/0_GP/PDK/saed14_pdk/SAED14nm_EDK_CORE_HVT_v_062020/stdcell_hvt/db_ccs/saed14hvt_tt0p8v25c.db'
Loading db file '/mnt/hgfs/0_GP/PDK/saed14_pdk/SAED14nm_EDK_CORE_HVT_v_062020/stdcell_hvt/db_ccs/saed14hvt_ss0p72vm40c.db'
Loading db file '/mnt/hgfs/0_GP/PDK/saed14_pdk/SAED14nm_EDK_CORE_HVT_v_062020/stdcell_hvt/db_ccs/saed14hvt_ff0p88v125c.db'


Note: Symbol # after min delay cost means estimated hold TNS across all active scenarios 


  Optimization Complete
  ---------------------
Warning: Design 'ibex_top' contains 2 high-fanout nets. A fanout number of 1000 will be used for delay calculations involving these nets. (TIM-134)
     Net 'clk': 1589 load(s), 1 driver(s)
     Net 'gen_regfile_ff.register_file_i/n992': 1984 load(s), 1 driver(s)
1
