Warning: Design 'ibex_top' contains 2 high-fanout nets. A fanout number of 1000 will be used for delay calculations involving these nets. (TIM-134)

Information: Starting test design rule checking. (TEST-222)
Warning: Violations occurred during test design rule checking. (TEST-124)
Information: Test design rule checking completed. (TEST-123)
  Architecting Scan Chains
  Routing Scan Chains
  Routing Global Signals
Warning: Disconnecting pin 'core_busy_q_reg[0]/SE' to route scan enable. (TEST-394)
  Mapping New Logic
Resetting current test mode
Warning: Design 'ibex_top' contains 2 high-fanout nets. A fanout number of 1000 will be used for delay calculations involving these nets. (TIM-134)
  Beginning Mapping Optimizations
  -------------------------------

                                  TOTAL                                      
   ELAPSED            WORST NEG   SETUP    DESIGN                            
    TIME      AREA      SLACK     COST    RULE COST         ENDPOINT         
  --------- --------- --------- --------- --------- -------------------------


  Beginning Phase 1 Design Rule Fixing  (max_fanout)
  ------------------------------------

                                  TOTAL                                      
   ELAPSED            WORST NEG   SETUP    DESIGN                            
    TIME      AREA      SLACK     COST    RULE COST         ENDPOINT         
  --------- --------- --------- --------- --------- -------------------------
    0:03:24   23173.2  40820.52 31466502.0       0.0 u_ibex_core/id_stage_i/imd_val_q_reg[0][29]/D


  Beginning Phase 2 Design Rule Fixing  (max_fanout)
  ------------------------------------

                                  TOTAL                                      
   ELAPSED            WORST NEG   SETUP    DESIGN                            
    TIME      AREA      SLACK     COST    RULE COST         ENDPOINT         
  --------- --------- --------- --------- --------- -------------------------

1
