****************************************************

Info:  Net Imp:/WORK/ibex_register_file_ff_0_00000020_0_0_0_00000000/err_o is undriven.
Info:  Net Imp:/WORK/ibex_cs_registers_0_00000001_0_0_0_0_00000000_00000028_0_00000000_00000004_0_0_3_0/csr_mtvec_o[7] is undriven.
Info:  Net Imp:/WORK/ibex_cs_registers_0_00000001_0_0_0_0_00000000_00000028_0_00000000_00000004_0_0_3_0/csr_mtvec_o[6] is undriven.
Info:  Net Imp:/WORK/ibex_cs_registers_0_00000001_0_0_0_0_00000000_00000028_0_00000000_00000004_0_0_3_0/csr_mtvec_o[5] is undriven.
Info:  Net Imp:/WORK/ibex_cs_registers_0_00000001_0_0_0_0_00000000_00000028_0_00000000_00000004_0_0_3_0/csr_mtvec_o[4] is undriven.
Info:  Net Imp:/WORK/ibex_cs_registers_0_00000001_0_0_0_0_00000000_00000028_0_00000000_00000004_0_0_3_0/csr_mtvec_o[3] is undriven.
Info:  Net Imp:/WORK/ibex_cs_registers_0_00000001_0_0_0_0_00000000_00000028_0_00000000_00000004_0_0_3_0/csr_mtvec_o[2] is undriven.
Info:  Net Imp:/WORK/ibex_cs_registers_0_00000001_0_0_0_0_00000000_00000028_0_00000000_00000004_0_0_3_0/csr_mtvec_o[1] is undriven.
Info:  Net Imp:/WORK/ibex_cs_registers_0_00000001_0_0_0_0_00000000_00000028_0_00000000_00000004_0_0_3_0/csr_mtvec_o[0] is undriven.
Info:  Net Imp:/WORK/ibex_cs_registers_0_00000001_0_0_0_0_00000000_00000028_0_00000000_00000004_0_0_3_0/csr_mepc_o[0] is undriven.
Info:  Net Imp:/WORK/ibex_cs_registers_0_00000001_0_0_0_0_00000000_00000028_0_00000000_00000004_0_0_3_0/csr_pmp_cfg_o[0]\[lock] is undriven.
Info:  Net Imp:/WORK/ibex_cs_registers_0_00000001_0_0_0_0_00000000_00000028_0_00000000_00000004_0_0_3_0/csr_pmp_cfg_o[0]\[mode][1] is undriven.
Info:  Net Imp:/WORK/ibex_cs_registers_0_00000001_0_0_0_0_00000000_00000028_0_00000000_00000004_0_0_3_0/csr_pmp_cfg_o[0]\[mode][0] is undriven.
Info:  Net Imp:/WORK/ibex_cs_registers_0_00000001_0_0_0_0_00000000_00000028_0_00000000_00000004_0_0_3_0/csr_pmp_cfg_o[0]\[exec] is undriven.
Info:  Net Imp:/WORK/ibex_cs_registers_0_00000001_0_0_0_0_00000000_00000028_0_00000000_00000004_0_0_3_0/csr_pmp_cfg_o[0]\[write] is undriven.
Info:  Net Imp:/WORK/ibex_cs_registers_0_00000001_0_0_0_0_00000000_00000028_0_00000000_00000004_0_0_3_0/csr_pmp_cfg_o[0]\[read] is undriven.
Info:  Net Imp:/WORK/ibex_cs_registers_0_00000001_0_0_0_0_00000000_00000028_0_00000000_00000004_0_0_3_0/csr_pmp_cfg_o[1]\[lock] is undriven.
Info:  Net Imp:/WORK/ibex_cs_registers_0_00000001_0_0_0_0_00000000_00000028_0_00000000_00000004_0_0_3_0/csr_pmp_cfg_o[1]\[mode][1] is undriven.
Info:  Net Imp:/WORK/ibex_cs_registers_0_00000001_0_0_0_0_00000000_00000028_0_00000000_00000004_0_0_3_0/csr_pmp_cfg_o[1]\[mode][0] is undriven.
Info:  Net Imp:/WORK/ibex_cs_registers_0_00000001_0_0_0_0_00000000_00000028_0_00000000_00000004_0_0_3_0/csr_pmp_cfg_o[1]\[exec] is undriven.
Info:  Net Imp:/WORK/ibex_cs_registers_0_00000001_0_0_0_0_00000000_00000028_0_00000000_00000004_0_0_3_0/csr_pmp_cfg_o[1]\[write] is undriven.
Info:  Net Imp:/WORK/ibex_cs_registers_0_00000001_0_0_0_0_00000000_00000028_0_00000000_00000004_0_0_3_0/csr_pmp_cfg_o[1]\[read] is undriven.
Info:  Net Imp:/WORK/ibex_cs_registers_0_00000001_0_0_0_0_00000000_00000028_0_00000000_00000004_0_0_3_0/csr_pmp_cfg_o[2]\[lock] is undriven.
Info:  Net Imp:/WORK/ibex_cs_registers_0_00000001_0_0_0_0_00000000_00000028_0_00000000_00000004_0_0_3_0/csr_pmp_cfg_o[2]\[mode][1] is undriven.
Info:  Net Imp:/WORK/ibex_cs_registers_0_00000001_0_0_0_0_00000000_00000028_0_00000000_00000004_0_0_3_0/csr_pmp_cfg_o[2]\[mode][0] is undriven.
Info:  Net Imp:/WORK/ibex_cs_registers_0_00000001_0_0_0_0_00000000_00000028_0_00000000_00000004_0_0_3_0/csr_pmp_cfg_o[2]\[exec] is undriven.
Info:  Net Imp:/WORK/ibex_cs_registers_0_00000001_0_0_0_0_00000000_00000028_0_00000000_00000004_0_0_3_0/csr_pmp_cfg_o[2]\[write] is undriven.
Info:  Net Imp:/WORK/ibex_cs_registers_0_00000001_0_0_0_0_00000000_00000028_0_00000000_00000004_0_0_3_0/csr_pmp_cfg_o[2]\[read] is undriven.
Info:  Net Imp:/WORK/ibex_cs_registers_0_00000001_0_0_0_0_00000000_00000028_0_00000000_00000004_0_0_3_0/csr_pmp_cfg_o[3]\[lock] is undriven.
Info:  Net Imp:/WORK/ibex_cs_registers_0_00000001_0_0_0_0_00000000_00000028_0_00000000_00000004_0_0_3_0/csr_pmp_cfg_o[3]\[mode][1] is undriven.
Info:  Net Imp:/WORK/ibex_cs_registers_0_00000001_0_0_0_0_00000000_00000028_0_00000000_00000004_0_0_3_0/csr_pmp_cfg_o[3]\[mode][0] is undriven.
Info:  Net Imp:/WORK/ibex_cs_registers_0_00000001_0_0_0_0_00000000_00000028_0_00000000_00000004_0_0_3_0/csr_pmp_cfg_o[3]\[exec] is undriven.
Info:  Net Imp:/WORK/ibex_cs_registers_0_00000001_0_0_0_0_00000000_00000028_0_00000000_00000004_0_0_3_0/csr_pmp_cfg_o[3]\[write] is undriven.
Info:  Net Imp:/WORK/ibex_cs_registers_0_00000001_0_0_0_0_00000000_00000028_0_00000000_00000004_0_0_3_0/csr_pmp_cfg_o[3]\[read] is undriven.
Info:  Net Imp:/WORK/ibex_cs_registers_0_00000001_0_0_0_0_00000000_00000028_0_00000000_00000004_0_0_3_0/csr_pmp_addr_o[0][33] is undriven.
Info:  Net Imp:/WORK/ibex_cs_registers_0_00000001_0_0_0_0_00000000_00000028_0_00000000_00000004_0_0_3_0/csr_pmp_addr_o[0][32] is undriven.
Info:  Net Imp:/WORK/ibex_cs_registers_0_00000001_0_0_0_0_00000000_00000028_0_00000000_00000004_0_0_3_0/csr_pmp_addr_o[0][31] is undriven.
Info:  Net Imp:/WORK/ibex_cs_registers_0_00000001_0_0_0_0_00000000_00000028_0_00000000_00000004_0_0_3_0/csr_pmp_addr_o[0][30] is undriven.
Info:  Net Imp:/WORK/ibex_cs_registers_0_00000001_0_0_0_0_00000000_00000028_0_00000000_00000004_0_0_3_0/csr_pmp_addr_o[0][29] is undriven.
Info:  Net Imp:/WORK/ibex_cs_registers_0_00000001_0_0_0_0_00000000_00000028_0_00000000_00000004_0_0_3_0/csr_pmp_addr_o[0][28] is undriven.
Info:  Net Imp:/WORK/ibex_cs_registers_0_00000001_0_0_0_0_00000000_00000028_0_00000000_00000004_0_0_3_0/csr_pmp_addr_o[0][27] is undriven.
Info:  Net Imp:/WORK/ibex_cs_registers_0_00000001_0_0_0_0_00000000_00000028_0_00000000_00000004_0_0_3_0/csr_pmp_addr_o[0][26] is undriven.
Info:  Net Imp:/WORK/ibex_cs_registers_0_00000001_0_0_0_0_00000000_00000028_0_00000000_00000004_0_0_3_0/csr_pmp_addr_o[0][25] is undriven.
Info:  Net Imp:/WORK/ibex_cs_registers_0_00000001_0_0_0_0_00000000_00000028_0_00000000_00000004_0_0_3_0/csr_pmp_addr_o[0][24] is undriven.
Info:  Net Imp:/WORK/ibex_cs_registers_0_00000001_0_0_0_0_00000000_00000028_0_00000000_00000004_0_0_3_0/csr_pmp_addr_o[0][23] is undriven.
Info:  Net Imp:/WORK/ibex_cs_registers_0_00000001_0_0_0_0_00000000_00000028_0_00000000_00000004_0_0_3_0/csr_pmp_addr_o[0][22] is undriven.
Info:  Net Imp:/WORK/ibex_cs_registers_0_00000001_0_0_0_0_00000000_00000028_0_00000000_00000004_0_0_3_0/csr_pmp_addr_o[0][21] is undriven.
Info:  Net Imp:/WORK/ibex_cs_registers_0_00000001_0_0_0_0_00000000_00000028_0_00000000_00000004_0_0_3_0/csr_pmp_addr_o[0][20] is undriven.
Info:  Net Imp:/WORK/ibex_cs_registers_0_00000001_0_0_0_0_00000000_00000028_0_00000000_00000004_0_0_3_0/csr_pmp_addr_o[0][19] is undriven.
Info:  Net Imp:/WORK/ibex_cs_registers_0_00000001_0_0_0_0_00000000_00000028_0_00000000_00000004_0_0_3_0/csr_pmp_addr_o[0][18] is undriven.
Info:  Net Imp:/WORK/ibex_cs_registers_0_00000001_0_0_0_0_00000000_00000028_0_00000000_00000004_0_0_3_0/csr_pmp_addr_o[0][17] is undriven.
Info:  Net Imp:/WORK/ibex_cs_registers_0_00000001_0_0_0_0_00000000_00000028_0_00000000_00000004_0_0_3_0/csr_pmp_addr_o[0][16] is undriven.
Info:  Net Imp:/WORK/ibex_cs_registers_0_00000001_0_0_0_0_00000000_00000028_0_00000000_00000004_0_0_3_0/csr_pmp_addr_o[0][15] is undriven.
Info:  Net Imp:/WORK/ibex_cs_registers_0_00000001_0_0_0_0_00000000_00000028_0_00000000_00000004_0_0_3_0/csr_pmp_addr_o[0][14] is undriven.
Info:  Net Imp:/WORK/ibex_cs_registers_0_00000001_0_0_0_0_00000000_00000028_0_00000000_00000004_0_0_3_0/csr_pmp_addr_o[0][13] is undriven.
Info:  Net Imp:/WORK/ibex_cs_registers_0_00000001_0_0_0_0_00000000_00000028_0_00000000_00000004_0_0_3_0/csr_pmp_addr_o[0][12] is undriven.
Info:  Net Imp:/WORK/ibex_cs_registers_0_00000001_0_0_0_0_00000000_00000028_0_00000000_00000004_0_0_3_0/csr_pmp_addr_o[0][11] is undriven.
Info:  Net Imp:/WORK/ibex_cs_registers_0_00000001_0_0_0_0_00000000_00000028_0_00000000_00000004_0_0_3_0/csr_pmp_addr_o[0][10] is undriven.
Info:  Net Imp:/WORK/ibex_cs_registers_0_00000001_0_0_0_0_00000000_00000028_0_00000000_00000004_0_0_3_0/csr_pmp_addr_o[0][9] is undriven.
Info:  Net Imp:/WORK/ibex_cs_registers_0_00000001_0_0_0_0_00000000_00000028_0_00000000_00000004_0_0_3_0/csr_pmp_addr_o[0][8] is undriven.
Info:  Net Imp:/WORK/ibex_cs_registers_0_00000001_0_0_0_0_00000000_00000028_0_00000000_00000004_0_0_3_0/csr_pmp_addr_o[0][7] is undriven.
Info:  Net Imp:/WORK/ibex_cs_registers_0_00000001_0_0_0_0_00000000_00000028_0_00000000_00000004_0_0_3_0/csr_pmp_addr_o[0][6] is undriven.
Info:  Net Imp:/WORK/ibex_cs_registers_0_00000001_0_0_0_0_00000000_00000028_0_00000000_00000004_0_0_3_0/csr_pmp_addr_o[0][5] is undriven.
Info:  Net Imp:/WORK/ibex_cs_registers_0_00000001_0_0_0_0_00000000_00000028_0_00000000_00000004_0_0_3_0/csr_pmp_addr_o[0][4] is undriven.
Info:  Net Imp:/WORK/ibex_cs_registers_0_00000001_0_0_0_0_00000000_00000028_0_00000000_00000004_0_0_3_0/csr_pmp_addr_o[0][3] is undriven.
Info:  Net Imp:/WORK/ibex_cs_registers_0_00000001_0_0_0_0_00000000_00000028_0_00000000_00000004_0_0_3_0/csr_pmp_addr_o[0][2] is undriven.
Info:  Net Imp:/WORK/ibex_cs_registers_0_00000001_0_0_0_0_00000000_00000028_0_00000000_00000004_0_0_3_0/csr_pmp_addr_o[0][1] is undriven.
Info:  Net Imp:/WORK/ibex_cs_registers_0_00000001_0_0_0_0_00000000_00000028_0_00000000_00000004_0_0_3_0/csr_pmp_addr_o[0][0] is undriven.
Info:  Net Imp:/WORK/ibex_cs_registers_0_00000001_0_0_0_0_00000000_00000028_0_00000000_00000004_0_0_3_0/csr_pmp_addr_o[1][33] is undriven.
Info:  Net Imp:/WORK/ibex_cs_registers_0_00000001_0_0_0_0_00000000_00000028_0_00000000_00000004_0_0_3_0/csr_pmp_addr_o[1][32] is undriven.
Info:  Net Imp:/WORK/ibex_cs_registers_0_00000001_0_0_0_0_00000000_00000028_0_00000000_00000004_0_0_3_0/csr_pmp_addr_o[1][31] is undriven.
Info:  Net Imp:/WORK/ibex_cs_registers_0_00000001_0_0_0_0_00000000_00000028_0_00000000_00000004_0_0_3_0/csr_pmp_addr_o[1][30] is undriven.
Info:  Net Imp:/WORK/ibex_cs_registers_0_00000001_0_0_0_0_00000000_00000028_0_00000000_00000004_0_0_3_0/csr_pmp_addr_o[1][29] is undriven.
Info:  Net Imp:/WORK/ibex_cs_registers_0_00000001_0_0_0_0_00000000_00000028_0_00000000_00000004_0_0_3_0/csr_pmp_addr_o[1][28] is undriven.
Info:  Net Imp:/WORK/ibex_cs_registers_0_00000001_0_0_0_0_00000000_00000028_0_00000000_00000004_0_0_3_0/csr_pmp_addr_o[1][27] is undriven.
Info:  Net Imp:/WORK/ibex_cs_registers_0_00000001_0_0_0_0_00000000_00000028_0_00000000_00000004_0_0_3_0/csr_pmp_addr_o[1][26] is undriven.
Info:  Net Imp:/WORK/ibex_cs_registers_0_00000001_0_0_0_0_00000000_00000028_0_00000000_00000004_0_0_3_0/csr_pmp_addr_o[1][25] is undriven.
Info:  Net Imp:/WORK/ibex_cs_registers_0_00000001_0_0_0_0_00000000_00000028_0_00000000_00000004_0_0_3_0/csr_pmp_addr_o[1][24] is undriven.
Info:  Net Imp:/WORK/ibex_cs_registers_0_00000001_0_0_0_0_00000000_00000028_0_00000000_00000004_0_0_3_0/csr_pmp_addr_o[1][23] is undriven.
Info:  Net Imp:/WORK/ibex_cs_registers_0_00000001_0_0_0_0_00000000_00000028_0_00000000_00000004_0_0_3_0/csr_pmp_addr_o[1][22] is undriven.
Info:  Net Imp:/WORK/ibex_cs_registers_0_00000001_0_0_0_0_00000000_00000028_0_00000000_00000004_0_0_3_0/csr_pmp_addr_o[1][21] is undriven.
Info:  Net Imp:/WORK/ibex_cs_registers_0_00000001_0_0_0_0_00000000_00000028_0_00000000_00000004_0_0_3_0/csr_pmp_addr_o[1][20] is undriven.
Info:  Net Imp:/WORK/ibex_cs_registers_0_00000001_0_0_0_0_00000000_00000028_0_00000000_00000004_0_0_3_0/csr_pmp_addr_o[1][19] is undriven.
Info:  Net Imp:/WORK/ibex_cs_registers_0_00000001_0_0_0_0_00000000_00000028_0_00000000_00000004_0_0_3_0/csr_pmp_addr_o[1][18] is undriven.
Info:  Net Imp:/WORK/ibex_cs_registers_0_00000001_0_0_0_0_00000000_00000028_0_00000000_00000004_0_0_3_0/csr_pmp_addr_o[1][17] is undriven.
Info:  Net Imp:/WORK/ibex_cs_registers_0_00000001_0_0_0_0_00000000_00000028_0_00000000_00000004_0_0_3_0/csr_pmp_addr_o[1][16] is undriven.
Info:  Net Imp:/WORK/ibex_cs_registers_0_00000001_0_0_0_0_00000000_00000028_0_00000000_00000004_0_0_3_0/csr_pmp_addr_o[1][15] is undriven.
Info:  Net Imp:/WORK/ibex_cs_registers_0_00000001_0_0_0_0_00000000_00000028_0_00000000_00000004_0_0_3_0/csr_pmp_addr_o[1][14] is undriven.
Info:  Net Imp:/WORK/ibex_cs_registers_0_00000001_0_0_0_0_00000000_00000028_0_00000000_00000004_0_0_3_0/csr_pmp_addr_o[1][13] is undriven.
Info:  Net Imp:/WORK/ibex_cs_registers_0_00000001_0_0_0_0_00000000_00000028_0_00000000_00000004_0_0_3_0/csr_pmp_addr_o[1][12] is undriven.
Info:  Net Imp:/WORK/ibex_cs_registers_0_00000001_0_0_0_0_00000000_00000028_0_00000000_00000004_0_0_3_0/csr_pmp_addr_o[1][11] is undriven.
Info:  Net Imp:/WORK/ibex_cs_registers_0_00000001_0_0_0_0_00000000_00000028_0_00000000_00000004_0_0_3_0/csr_pmp_addr_o[1][10] is undriven.
Info:  Net Imp:/WORK/ibex_cs_registers_0_00000001_0_0_0_0_00000000_00000028_0_00000000_00000004_0_0_3_0/csr_pmp_addr_o[1][9] is undriven.
Info:  Net Imp:/WORK/ibex_cs_registers_0_00000001_0_0_0_0_00000000_00000028_0_00000000_00000004_0_0_3_0/csr_pmp_addr_o[1][8] is undriven.
Info:  Net Imp:/WORK/ibex_cs_registers_0_00000001_0_0_0_0_00000000_00000028_0_00000000_00000004_0_0_3_0/csr_pmp_addr_o[1][7] is undriven.
Info:  Net Imp:/WORK/ibex_cs_registers_0_00000001_0_0_0_0_00000000_00000028_0_00000000_00000004_0_0_3_0/csr_pmp_addr_o[1][6] is undriven.
Info:  Net Imp:/WORK/ibex_cs_registers_0_00000001_0_0_0_0_00000000_00000028_0_00000000_00000004_0_0_3_0/csr_pmp_addr_o[1][5] is undriven.
Info:  Net Imp:/WORK/ibex_cs_registers_0_00000001_0_0_0_0_00000000_00000028_0_00000000_00000004_0_0_3_0/csr_pmp_addr_o[1][4] is undriven.
Info:  Net Imp:/WORK/ibex_cs_registers_0_00000001_0_0_0_0_00000000_00000028_0_00000000_00000004_0_0_3_0/csr_pmp_addr_o[1][3] is undriven.
Info:  Net Imp:/WORK/ibex_cs_registers_0_00000001_0_0_0_0_00000000_00000028_0_00000000_00000004_0_0_3_0/csr_pmp_addr_o[1][2] is undriven.
Info:  Net Imp:/WORK/ibex_cs_registers_0_00000001_0_0_0_0_00000000_00000028_0_00000000_00000004_0_0_3_0/csr_pmp_addr_o[1][1] is undriven.
Info:  Net Imp:/WORK/ibex_cs_registers_0_00000001_0_0_0_0_00000000_00000028_0_00000000_00000004_0_0_3_0/csr_pmp_addr_o[1][0] is undriven.
Info:  Net Imp:/WORK/ibex_cs_registers_0_00000001_0_0_0_0_00000000_00000028_0_00000000_00000004_0_0_3_0/csr_pmp_addr_o[2][33] is undriven.
Info:  Net Imp:/WORK/ibex_cs_registers_0_00000001_0_0_0_0_00000000_00000028_0_00000000_00000004_0_0_3_0/csr_pmp_addr_o[2][32] is undriven.
Info:  Net Imp:/WORK/ibex_cs_registers_0_00000001_0_0_0_0_00000000_00000028_0_00000000_00000004_0_0_3_0/csr_pmp_addr_o[2][31] is undriven.
Info:  Net Imp:/WORK/ibex_cs_registers_0_00000001_0_0_0_0_00000000_00000028_0_00000000_00000004_0_0_3_0/csr_pmp_addr_o[2][30] is undriven.
Info:  Net Imp:/WORK/ibex_cs_registers_0_00000001_0_0_0_0_00000000_00000028_0_00000000_00000004_0_0_3_0/csr_pmp_addr_o[2][29] is undriven.
Info:  Net Imp:/WORK/ibex_cs_registers_0_00000001_0_0_0_0_00000000_00000028_0_00000000_00000004_0_0_3_0/csr_pmp_addr_o[2][28] is undriven.
Info:  Net Imp:/WORK/ibex_cs_registers_0_00000001_0_0_0_0_00000000_00000028_0_00000000_00000004_0_0_3_0/csr_pmp_addr_o[2][27] is undriven.
Info:  Net Imp:/WORK/ibex_cs_registers_0_00000001_0_0_0_0_00000000_00000028_0_00000000_00000004_0_0_3_0/csr_pmp_addr_o[2][26] is undriven.
Info:  Net Imp:/WORK/ibex_cs_registers_0_00000001_0_0_0_0_00000000_00000028_0_00000000_00000004_0_0_3_0/csr_pmp_addr_o[2][25] is undriven.
Info:  Net Imp:/WORK/ibex_cs_registers_0_00000001_0_0_0_0_00000000_00000028_0_00000000_00000004_0_0_3_0/csr_pmp_addr_o[2][24] is undriven.
Info:  Net Imp:/WORK/ibex_cs_registers_0_00000001_0_0_0_0_00000000_00000028_0_00000000_00000004_0_0_3_0/csr_pmp_addr_o[2][23] is undriven.
Info:  Net Imp:/WORK/ibex_cs_registers_0_00000001_0_0_0_0_00000000_00000028_0_00000000_00000004_0_0_3_0/csr_pmp_addr_o[2][22] is undriven.
Info:  Net Imp:/WORK/ibex_cs_registers_0_00000001_0_0_0_0_00000000_00000028_0_00000000_00000004_0_0_3_0/csr_pmp_addr_o[2][21] is undriven.
Info:  Net Imp:/WORK/ibex_cs_registers_0_00000001_0_0_0_0_00000000_00000028_0_00000000_00000004_0_0_3_0/csr_pmp_addr_o[2][20] is undriven.
Info:  Net Imp:/WORK/ibex_cs_registers_0_00000001_0_0_0_0_00000000_00000028_0_00000000_00000004_0_0_3_0/csr_pmp_addr_o[2][19] is undriven.
Info:  Net Imp:/WORK/ibex_cs_registers_0_00000001_0_0_0_0_00000000_00000028_0_00000000_00000004_0_0_3_0/csr_pmp_addr_o[2][18] is undriven.
Info:  Net Imp:/WORK/ibex_cs_registers_0_00000001_0_0_0_0_00000000_00000028_0_00000000_00000004_0_0_3_0/csr_pmp_addr_o[2][17] is undriven.
Info:  Net Imp:/WORK/ibex_cs_registers_0_00000001_0_0_0_0_00000000_00000028_0_00000000_00000004_0_0_3_0/csr_pmp_addr_o[2][16] is undriven.
Info:  Net Imp:/WORK/ibex_cs_registers_0_00000001_0_0_0_0_00000000_00000028_0_00000000_00000004_0_0_3_0/csr_pmp_addr_o[2][15] is undriven.
Info:  Net Imp:/WORK/ibex_cs_registers_0_00000001_0_0_0_0_00000000_00000028_0_00000000_00000004_0_0_3_0/csr_pmp_addr_o[2][14] is undriven.
Info:  Net Imp:/WORK/ibex_cs_registers_0_00000001_0_0_0_0_00000000_00000028_0_00000000_00000004_0_0_3_0/csr_pmp_addr_o[2][13] is undriven.
Info:  Net Imp:/WORK/ibex_cs_registers_0_00000001_0_0_0_0_00000000_00000028_0_00000000_00000004_0_0_3_0/csr_pmp_addr_o[2][12] is undriven.
Info:  Net Imp:/WORK/ibex_cs_registers_0_00000001_0_0_0_0_00000000_00000028_0_00000000_00000004_0_0_3_0/csr_pmp_addr_o[2][11] is undriven.
Info:  Net Imp:/WORK/ibex_cs_registers_0_00000001_0_0_0_0_00000000_00000028_0_00000000_00000004_0_0_3_0/csr_pmp_addr_o[2][10] is undriven.
Info:  Net Imp:/WORK/ibex_cs_registers_0_00000001_0_0_0_0_00000000_00000028_0_00000000_00000004_0_0_3_0/csr_pmp_addr_o[2][9] is undriven.
Info:  Net Imp:/WORK/ibex_cs_registers_0_00000001_0_0_0_0_00000000_00000028_0_00000000_00000004_0_0_3_0/csr_pmp_addr_o[2][8] is undriven.
Info:  Net Imp:/WORK/ibex_cs_registers_0_00000001_0_0_0_0_00000000_00000028_0_00000000_00000004_0_0_3_0/csr_pmp_addr_o[2][7] is undriven.
Info:  Net Imp:/WORK/ibex_cs_registers_0_00000001_0_0_0_0_00000000_00000028_0_00000000_00000004_0_0_3_0/csr_pmp_addr_o[2][6] is undriven.
Info:  Net Imp:/WORK/ibex_cs_registers_0_00000001_0_0_0_0_00000000_00000028_0_00000000_00000004_0_0_3_0/csr_pmp_addr_o[2][5] is undriven.
Info:  Net Imp:/WORK/ibex_cs_registers_0_00000001_0_0_0_0_00000000_00000028_0_00000000_00000004_0_0_3_0/csr_pmp_addr_o[2][4] is undriven.
Info:  Net Imp:/WORK/ibex_cs_registers_0_00000001_0_0_0_0_00000000_00000028_0_00000000_00000004_0_0_3_0/csr_pmp_addr_o[2][3] is undriven.
Info:  Net Imp:/WORK/ibex_cs_registers_0_00000001_0_0_0_0_00000000_00000028_0_00000000_00000004_0_0_3_0/csr_pmp_addr_o[2][2] is undriven.
Info:  Net Imp:/WORK/ibex_cs_registers_0_00000001_0_0_0_0_00000000_00000028_0_00000000_00000004_0_0_3_0/csr_pmp_addr_o[2][1] is undriven.
Info:  Net Imp:/WORK/ibex_cs_registers_0_00000001_0_0_0_0_00000000_00000028_0_00000000_00000004_0_0_3_0/csr_pmp_addr_o[2][0] is undriven.
Info:  Net Imp:/WORK/ibex_cs_registers_0_00000001_0_0_0_0_00000000_00000028_0_00000000_00000004_0_0_3_0/csr_pmp_addr_o[3][33] is undriven.
Info:  Net Imp:/WORK/ibex_cs_registers_0_00000001_0_0_0_0_00000000_00000028_0_00000000_00000004_0_0_3_0/csr_pmp_addr_o[3][32] is undriven.
Info:  Net Imp:/WORK/ibex_cs_registers_0_00000001_0_0_0_0_00000000_00000028_0_00000000_00000004_0_0_3_0/csr_pmp_addr_o[3][31] is undriven.
Info:  Net Imp:/WORK/ibex_cs_registers_0_00000001_0_0_0_0_00000000_00000028_0_00000000_00000004_0_0_3_0/csr_pmp_addr_o[3][30] is undriven.
Info:  Net Imp:/WORK/ibex_cs_registers_0_00000001_0_0_0_0_00000000_00000028_0_00000000_00000004_0_0_3_0/csr_pmp_addr_o[3][29] is undriven.
Info:  Net Imp:/WORK/ibex_cs_registers_0_00000001_0_0_0_0_00000000_00000028_0_00000000_00000004_0_0_3_0/csr_pmp_addr_o[3][28] is undriven.
Info:  Net Imp:/WORK/ibex_cs_registers_0_00000001_0_0_0_0_00000000_00000028_0_00000000_00000004_0_0_3_0/csr_pmp_addr_o[3][27] is undriven.
Info:  Net Imp:/WORK/ibex_cs_registers_0_00000001_0_0_0_0_00000000_00000028_0_00000000_00000004_0_0_3_0/csr_pmp_addr_o[3][26] is undriven.
Info:  Net Imp:/WORK/ibex_cs_registers_0_00000001_0_0_0_0_00000000_00000028_0_00000000_00000004_0_0_3_0/csr_pmp_addr_o[3][25] is undriven.
Info:  Net Imp:/WORK/ibex_cs_registers_0_00000001_0_0_0_0_00000000_00000028_0_00000000_00000004_0_0_3_0/csr_pmp_addr_o[3][24] is undriven.
Info:  Net Imp:/WORK/ibex_cs_registers_0_00000001_0_0_0_0_00000000_00000028_0_00000000_00000004_0_0_3_0/csr_pmp_addr_o[3][23] is undriven.
Info:  Net Imp:/WORK/ibex_cs_registers_0_00000001_0_0_0_0_00000000_00000028_0_00000000_00000004_0_0_3_0/csr_pmp_addr_o[3][22] is undriven.
Info:  Net Imp:/WORK/ibex_cs_registers_0_00000001_0_0_0_0_00000000_00000028_0_00000000_00000004_0_0_3_0/csr_pmp_addr_o[3][21] is undriven.
Info:  Net Imp:/WORK/ibex_cs_registers_0_00000001_0_0_0_0_00000000_00000028_0_00000000_00000004_0_0_3_0/csr_pmp_addr_o[3][20] is undriven.
Info:  Net Imp:/WORK/ibex_cs_registers_0_00000001_0_0_0_0_00000000_00000028_0_00000000_00000004_0_0_3_0/csr_pmp_addr_o[3][19] is undriven.
Info:  Net Imp:/WORK/ibex_cs_registers_0_00000001_0_0_0_0_00000000_00000028_0_00000000_00000004_0_0_3_0/csr_pmp_addr_o[3][18] is undriven.
Info:  Net Imp:/WORK/ibex_cs_registers_0_00000001_0_0_0_0_00000000_00000028_0_00000000_00000004_0_0_3_0/csr_pmp_addr_o[3][17] is undriven.
Info:  Net Imp:/WORK/ibex_cs_registers_0_00000001_0_0_0_0_00000000_00000028_0_00000000_00000004_0_0_3_0/csr_pmp_addr_o[3][16] is undriven.
Info:  Net Imp:/WORK/ibex_cs_registers_0_00000001_0_0_0_0_00000000_00000028_0_00000000_00000004_0_0_3_0/csr_pmp_addr_o[3][15] is undriven.
Info:  Net Imp:/WORK/ibex_cs_registers_0_00000001_0_0_0_0_00000000_00000028_0_00000000_00000004_0_0_3_0/csr_pmp_addr_o[3][14] is undriven.
Info:  Net Imp:/WORK/ibex_cs_registers_0_00000001_0_0_0_0_00000000_00000028_0_00000000_00000004_0_0_3_0/csr_pmp_addr_o[3][13] is undriven.
Info:  Net Imp:/WORK/ibex_cs_registers_0_00000001_0_0_0_0_00000000_00000028_0_00000000_00000004_0_0_3_0/csr_pmp_addr_o[3][12] is undriven.
Info:  Net Imp:/WORK/ibex_cs_registers_0_00000001_0_0_0_0_00000000_00000028_0_00000000_00000004_0_0_3_0/csr_pmp_addr_o[3][11] is undriven.
Info:  Net Imp:/WORK/ibex_cs_registers_0_00000001_0_0_0_0_00000000_00000028_0_00000000_00000004_0_0_3_0/csr_pmp_addr_o[3][10] is undriven.
Info:  Net Imp:/WORK/ibex_cs_registers_0_00000001_0_0_0_0_00000000_00000028_0_00000000_00000004_0_0_3_0/csr_pmp_addr_o[3][9] is undriven.
Info:  Net Imp:/WORK/ibex_cs_registers_0_00000001_0_0_0_0_00000000_00000028_0_00000000_00000004_0_0_3_0/csr_pmp_addr_o[3][8] is undriven.
Info:  Net Imp:/WORK/ibex_cs_registers_0_00000001_0_0_0_0_00000000_00000028_0_00000000_00000004_0_0_3_0/csr_pmp_addr_o[3][7] is undriven.
Info:  Net Imp:/WORK/ibex_cs_registers_0_00000001_0_0_0_0_00000000_00000028_0_00000000_00000004_0_0_3_0/csr_pmp_addr_o[3][6] is undriven.
Info:  Net Imp:/WORK/ibex_cs_registers_0_00000001_0_0_0_0_00000000_00000028_0_00000000_00000004_0_0_3_0/csr_pmp_addr_o[3][5] is undriven.
Info:  Net Imp:/WORK/ibex_cs_registers_0_00000001_0_0_0_0_00000000_00000028_0_00000000_00000004_0_0_3_0/csr_pmp_addr_o[3][4] is undriven.
Info:  Net Imp:/WORK/ibex_cs_registers_0_00000001_0_0_0_0_00000000_00000028_0_00000000_00000004_0_0_3_0/csr_pmp_addr_o[3][3] is undriven.
Info:  Net Imp:/WORK/ibex_cs_registers_0_00000001_0_0_0_0_00000000_00000028_0_00000000_00000004_0_0_3_0/csr_pmp_addr_o[3][2] is undriven.
Info:  Net Imp:/WORK/ibex_cs_registers_0_00000001_0_0_0_0_00000000_00000028_0_00000000_00000004_0_0_3_0/csr_pmp_addr_o[3][1] is undriven.
Info:  Net Imp:/WORK/ibex_cs_registers_0_00000001_0_0_0_0_00000000_00000028_0_00000000_00000004_0_0_3_0/csr_pmp_addr_o[3][0] is undriven.
Info:  Net Imp:/WORK/ibex_cs_registers_0_00000001_0_0_0_0_00000000_00000028_0_00000000_00000004_0_0_3_0/csr_pmp_mseccfg_o\[rlb] is undriven.
Info:  Net Imp:/WORK/ibex_cs_registers_0_00000001_0_0_0_0_00000000_00000028_0_00000000_00000004_0_0_3_0/csr_pmp_mseccfg_o\[mmwp] is undriven.
Info:  Net Imp:/WORK/ibex_cs_registers_0_00000001_0_0_0_0_00000000_00000028_0_00000000_00000004_0_0_3_0/csr_pmp_mseccfg_o\[mml] is undriven.
Info:  Net Imp:/WORK/ibex_cs_registers_0_00000001_0_0_0_0_00000000_00000028_0_00000000_00000004_0_0_3_0/csr_depc_o[0] is undriven.
Info:  Net Imp:/WORK/ibex_cs_registers_0_00000001_0_0_0_0_00000000_00000028_0_00000000_00000004_0_0_3_0/trigger_match_o is undriven.
Info:  Net Imp:/WORK/ibex_cs_registers_0_00000001_0_0_0_0_00000000_00000028_0_00000000_00000004_0_0_3_0/data_ind_timing_o is undriven.
Info:  Net Imp:/WORK/ibex_cs_registers_0_00000001_0_0_0_0_00000000_00000028_0_00000000_00000004_0_0_3_0/dummy_instr_en_o is undriven.
Info:  Net Imp:/WORK/ibex_cs_registers_0_00000001_0_0_0_0_00000000_00000028_0_00000000_00000004_0_0_3_0/dummy_instr_mask_o[2] is undriven.
Info:  Net Imp:/WORK/ibex_cs_registers_0_00000001_0_0_0_0_00000000_00000028_0_00000000_00000004_0_0_3_0/dummy_instr_mask_o[1] is undriven.
Info:  Net Imp:/WORK/ibex_cs_registers_0_00000001_0_0_0_0_00000000_00000028_0_00000000_00000004_0_0_3_0/dummy_instr_mask_o[0] is undriven.
Info:  Net Imp:/WORK/ibex_cs_registers_0_00000001_0_0_0_0_00000000_00000028_0_00000000_00000004_0_0_3_0/dummy_instr_seed_en_o is undriven.
Info:  Net Imp:/WORK/ibex_cs_registers_0_00000001_0_0_0_0_00000000_00000028_0_00000000_00000004_0_0_3_0/dummy_instr_seed_o[31] is undriven.
Info:  Net Imp:/WORK/ibex_cs_registers_0_00000001_0_0_0_0_00000000_00000028_0_00000000_00000004_0_0_3_0/dummy_instr_seed_o[30] is undriven.
Info:  Net Imp:/WORK/ibex_cs_registers_0_00000001_0_0_0_0_00000000_00000028_0_00000000_00000004_0_0_3_0/dummy_instr_seed_o[29] is undriven.
Info:  Net Imp:/WORK/ibex_cs_registers_0_00000001_0_0_0_0_00000000_00000028_0_00000000_00000004_0_0_3_0/dummy_instr_seed_o[28] is undriven.
Info:  Net Imp:/WORK/ibex_cs_registers_0_00000001_0_0_0_0_00000000_00000028_0_00000000_00000004_0_0_3_0/dummy_instr_seed_o[27] is undriven.
Info:  Net Imp:/WORK/ibex_cs_registers_0_00000001_0_0_0_0_00000000_00000028_0_00000000_00000004_0_0_3_0/dummy_instr_seed_o[26] is undriven.
Info:  Net Imp:/WORK/ibex_cs_registers_0_00000001_0_0_0_0_00000000_00000028_0_00000000_00000004_0_0_3_0/dummy_instr_seed_o[25] is undriven.
Info:  Net Imp:/WORK/ibex_cs_registers_0_00000001_0_0_0_0_00000000_00000028_0_00000000_00000004_0_0_3_0/dummy_instr_seed_o[24] is undriven.
Info:  Net Imp:/WORK/ibex_cs_registers_0_00000001_0_0_0_0_00000000_00000028_0_00000000_00000004_0_0_3_0/dummy_instr_seed_o[23] is undriven.
Info:  Net Imp:/WORK/ibex_cs_registers_0_00000001_0_0_0_0_00000000_00000028_0_00000000_00000004_0_0_3_0/dummy_instr_seed_o[22] is undriven.
Info:  Net Imp:/WORK/ibex_cs_registers_0_00000001_0_0_0_0_00000000_00000028_0_00000000_00000004_0_0_3_0/dummy_instr_seed_o[21] is undriven.
Info:  Net Imp:/WORK/ibex_cs_registers_0_00000001_0_0_0_0_00000000_00000028_0_00000000_00000004_0_0_3_0/dummy_instr_seed_o[20] is undriven.
Info:  Net Imp:/WORK/ibex_cs_registers_0_00000001_0_0_0_0_00000000_00000028_0_00000000_00000004_0_0_3_0/dummy_instr_seed_o[19] is undriven.
Info:  Net Imp:/WORK/ibex_cs_registers_0_00000001_0_0_0_0_00000000_00000028_0_00000000_00000004_0_0_3_0/dummy_instr_seed_o[18] is undriven.
Info:  Net Imp:/WORK/ibex_cs_registers_0_00000001_0_0_0_0_00000000_00000028_0_00000000_00000004_0_0_3_0/dummy_instr_seed_o[17] is undriven.
Info:  Net Imp:/WORK/ibex_cs_registers_0_00000001_0_0_0_0_00000000_00000028_0_00000000_00000004_0_0_3_0/dummy_instr_seed_o[16] is undriven.
Info:  Net Imp:/WORK/ibex_cs_registers_0_00000001_0_0_0_0_00000000_00000028_0_00000000_00000004_0_0_3_0/dummy_instr_seed_o[15] is undriven.
Info:  Net Imp:/WORK/ibex_cs_registers_0_00000001_0_0_0_0_00000000_00000028_0_00000000_00000004_0_0_3_0/dummy_instr_seed_o[14] is undriven.
Info:  Net Imp:/WORK/ibex_cs_registers_0_00000001_0_0_0_0_00000000_00000028_0_00000000_00000004_0_0_3_0/dummy_instr_seed_o[13] is undriven.
Info:  Net Imp:/WORK/ibex_cs_registers_0_00000001_0_0_0_0_00000000_00000028_0_00000000_00000004_0_0_3_0/dummy_instr_seed_o[12] is undriven.
Info:  Net Imp:/WORK/ibex_cs_registers_0_00000001_0_0_0_0_00000000_00000028_0_00000000_00000004_0_0_3_0/dummy_instr_seed_o[11] is undriven.
Info:  Net Imp:/WORK/ibex_cs_registers_0_00000001_0_0_0_0_00000000_00000028_0_00000000_00000004_0_0_3_0/dummy_instr_seed_o[10] is undriven.
Info:  Net Imp:/WORK/ibex_cs_registers_0_00000001_0_0_0_0_00000000_00000028_0_00000000_00000004_0_0_3_0/dummy_instr_seed_o[9] is undriven.
Info:  Net Imp:/WORK/ibex_cs_registers_0_00000001_0_0_0_0_00000000_00000028_0_00000000_00000004_0_0_3_0/dummy_instr_seed_o[8] is undriven.
Info:  Net Imp:/WORK/ibex_cs_registers_0_00000001_0_0_0_0_00000000_00000028_0_00000000_00000004_0_0_3_0/dummy_instr_seed_o[7] is undriven.
Info:  Net Imp:/WORK/ibex_cs_registers_0_00000001_0_0_0_0_00000000_00000028_0_00000000_00000004_0_0_3_0/dummy_instr_seed_o[6] is undriven.
Info:  Net Imp:/WORK/ibex_cs_registers_0_00000001_0_0_0_0_00000000_00000028_0_00000000_00000004_0_0_3_0/dummy_instr_seed_o[5] is undriven.
Info:  Net Imp:/WORK/ibex_cs_registers_0_00000001_0_0_0_0_00000000_00000028_0_00000000_00000004_0_0_3_0/dummy_instr_seed_o[4] is undriven.
Info:  Net Imp:/WORK/ibex_cs_registers_0_00000001_0_0_0_0_00000000_00000028_0_00000000_00000004_0_0_3_0/dummy_instr_seed_o[3] is undriven.
Info:  Net Imp:/WORK/ibex_cs_registers_0_00000001_0_0_0_0_00000000_00000028_0_00000000_00000004_0_0_3_0/dummy_instr_seed_o[2] is undriven.
Info:  Net Imp:/WORK/ibex_cs_registers_0_00000001_0_0_0_0_00000000_00000028_0_00000000_00000004_0_0_3_0/dummy_instr_seed_o[1] is undriven.
Info:  Net Imp:/WORK/ibex_cs_registers_0_00000001_0_0_0_0_00000000_00000028_0_00000000_00000004_0_0_3_0/dummy_instr_seed_o[0] is undriven.
Info:  Net Imp:/WORK/ibex_cs_registers_0_00000001_0_0_0_0_00000000_00000028_0_00000000_00000004_0_0_3_0/icache_enable_o is undriven.
Info:  Net Imp:/WORK/ibex_cs_registers_0_00000001_0_0_0_0_00000000_00000028_0_00000000_00000004_0_0_3_0/csr_shadow_err_o is undriven.
Info:  guide_instance_map 4 (Line: 132)  Cannot find instance reference 'u_fetch_enable_buf'.
Info:  SVF Operation 4 (Line: 132) - instance_map.  Status: rejected

Info:  guide_instance_map 5 (Line: 137)  Cannot find instance reference 'u_rf_rdata_a_ecc_buf'.
Info:  SVF Operation 5 (Line: 137) - instance_map.  Status: rejected

Info:  guide_instance_map 12 (Line: 168)  Cannot find design reference 'prim_buf_Width4'.
Info:  SVF Operation 12 (Line: 168) - instance_map.  Status: rejected

Info:  guide_instance_map 13 (Line: 173)  Cannot find design reference 'prim_buf_s00000020'.
Info:  SVF Operation 13 (Line: 173) - instance_map.  Status: rejected

Info:  guide_uniquify 84 (Line: 480)  Cannot find object "ibex_top_inst/u_rf_rdata_b_ecc_buf" in design 'ibex_wrapper'.
Info:  guide_uniquify 84 (Line: 480)  Cannot find object "ibex_top_inst/u_rf_rdata_a_ecc_buf" in design 'ibex_wrapper'.
Info:  guide_uniquify 84 (Line: 480)  Cannot find object "ibex_top_inst/u_rf_rdata_b_ecc_buf/gen_generic.u_impl_generic" in design 'ibex_wrapper'.
Info:  guide_uniquify 84 (Line: 480)  Cannot find object "ibex_top_inst/u_rf_rdata_a_ecc_buf/gen_generic.u_impl_generic" in design 'ibex_wrapper'.
Info:  guide_constant 103 (Line: 604) Could not find reference design prim_buf_Width4.
Info:  SVF Operation 103 (Line: 604) - constant.  Status: rejected

Info:  guide_constant 104 (Line: 610) Could not find reference design prim_buf_Width4.
Info:  SVF Operation 104 (Line: 610) - constant.  Status: rejected

Info:  guide_constant 105 (Line: 616) Could not find reference design prim_buf_Width4.
Info:  SVF Operation 105 (Line: 616) - constant.  Status: rejected

Info:  guide_constant 106 (Line: 622) Could not find reference design prim_buf_Width4.
Info:  SVF Operation 106 (Line: 622) - constant.  Status: rejected

Info:  guide_constant 107 (Line: 628) Could not find reference design prim_buf_Width4.
Info:  SVF Operation 107 (Line: 628) - constant.  Status: rejected

Info:  guide_constant 108 (Line: 634) Could not find reference design prim_buf_Width4.
Info:  SVF Operation 108 (Line: 634) - constant.  Status: rejected

Info:  guide_constant 231 (Line: 1372) Could not find reference design prim_generic_buf_Width4.
Info:  SVF Operation 231 (Line: 1372) - constant.  Status: rejected

Info:  guide_constant 232 (Line: 1378) Could not find reference design prim_generic_buf_Width4.
Info:  SVF Operation 232 (Line: 1378) - constant.  Status: rejected

Info:  guide_constant 233 (Line: 1384) Could not find reference design prim_generic_buf_Width4.
Info:  SVF Operation 233 (Line: 1384) - constant.  Status: rejected

Info:  guide_constant 234 (Line: 1390) Could not find reference design prim_generic_buf_Width4.
Info:  SVF Operation 234 (Line: 1390) - constant.  Status: rejected

Info:  guide_constant 235 (Line: 1396) Could not find reference design prim_generic_buf_Width4.
Info:  SVF Operation 235 (Line: 1396) - constant.  Status: rejected

Info:  guide_constant 236 (Line: 1402) Could not find reference design prim_generic_buf_Width4.
Info:  SVF Operation 236 (Line: 1402) - constant.  Status: rejected

Info:  guide_ununiquify 818 (Line: 4894)  Cannot find object "ibex_top_inst/u_rf_rdata_a_ecc_buf/gen_generic.u_impl_generic" in design 'ibex_wrapper'.
Info:  guide_ununiquify 818 (Line: 4894)  Cannot find object "ibex_top_inst/u_rf_rdata_a_ecc_buf" in design 'ibex_wrapper'.
Info:  guide_ungroup 820 (Line: 4910)  Cannot find cell 'ibex_top_inst/u_fetch_enable_buf' in design 'ibex_wrapper'.
Info:  SVF Operation 819 (Line: 4906) - ungroup.  Status: accepted
Info:  guide_ungroup 821 (Line: 4914)  Cannot find cell 'ibex_top_inst/u_rf_rdata_a_ecc_buf' in design 'ibex_wrapper'.
Info:  SVF Operation 820 (Line: 4910) - ungroup.  Status: rejected
Info:  SVF Operation 821 (Line: 4914) - ungroup.  Status: rejected
Info:  guide_ungroup 823 (Line: 4922)  Cannot find cell 'ibex_top_inst/u_rf_rdata_b_ecc_buf' in design 'ibex_wrapper'.
Info:  SVF Operation 822 (Line: 4918) - ungroup.  Status: accepted
Info:  SVF Operation 823 (Line: 4922) - ungroup.  Status: rejected

Info:  guide_ungroup 825 (Line: 4930)  Cannot find cell 'ibex_top_inst/u_fetch_enable_buf/gen_generic.u_impl_generic' in design 'ibex_wrapper'.
Info:  guide_ungroup 826 (Line: 4934)  Cannot find cell 'ibex_top_inst/u_rf_rdata_a_ecc_buf/gen_generic.u_impl_generic' in design 'ibex_wrapper'.
Info:  SVF Operation 825 (Line: 4930) - ungroup.  Status: rejected
Info:  SVF Operation 826 (Line: 4934) - ungroup.  Status: rejected
Info:  SVF Operation 827 (Line: 4938) - ungroup.  Status: accepted
Info:  SVF Operation 828 (Line: 4942) - ungroup.  Status: accepted
Info:  SVF Operation 829 (Line: 4946) - ungroup.  Status: accepted
Info:  SVF Operation 830 (Line: 4950) - ungroup.  Status: accepted
Info:  guide_ungroup 832 (Line: 4958)  Cannot find cell 'ibex_top_inst/u_rf_rdata_b_ecc_buf/gen_generic.u_impl_generic' in design 'ibex_wrapper'.
Info:  SVF Operation 831 (Line: 4954) - ungroup.  Status: accepted
Info:  SVF Operation 832 (Line: 4958) - ungroup.  Status: rejected
Info:  SVF Operation 833 (Line: 4962) - ungroup.  Status: accepted
Info:  SVF Operation 834 (Line: 4966) - ungroup.  Status: accepted
Info:  SVF Operation 835 (Line: 4970) - ungroup.  Status: accepted
Info:  SVF Operation 836 (Line: 4974) - ungroup.  Status: accepted
Info:  SVF Operation 837 (Line: 4978) - ungroup.  Status: rejected

Info:  SVF Operation 838 (Line: 4982) - ungroup.  Status: accepted
Info:  SVF Operation 839 (Line: 4986) - ungroup.  Status: accepted
Info:  SVF Operation 840 (Line: 4990) - ungroup.  Status: accepted
Info:  SVF Operation 841 (Line: 4994) - ungroup.  Status: accepted
Info:  SVF Operation 842 (Line: 4998) - ungroup.  Status: accepted
Info:  SVF Operation 843 (Line: 5002) - ungroup.  Status: accepted
Info:  SVF Operation 844 (Line: 5006) - ungroup.  Status: accepted
Info:  SVF Operation 845 (Line: 5010) - ungroup.  Status: accepted
Info:  SVF Operation 846 (Line: 5014) - ungroup.  Status: accepted
Info:  SVF Operation 847 (Line: 5018) - ungroup.  Status: accepted
Info:  SVF Operation 848 (Line: 5022) - ungroup.  Status: accepted
Info:  SVF Operation 849 (Line: 5026) - ungroup.  Status: accepted
Info:  SVF Operation 850 (Line: 5030) - ungroup.  Status: accepted
Info:  SVF Operation 851 (Line: 5034) - ungroup.  Status: accepted
Info:  SVF Operation 852 (Line: 5038) - ungroup.  Status: accepted
Info:  SVF Operation 853 (Line: 5042) - ungroup.  Status: accepted
Info:  Pre-verification of Ref:/WORK/ibex_multdiv_fast_RV32M3/DP_OP_75J4_122_1549 SUCCEEDED.
Info:  SVF Operation 920 (Line: 5881) - ungroup.  Status: accepted
Info:  Pre-verification of Ref:/WORK/ibex_wrapper/ibex_top_inst/u_ibex_core/ex_block_i/gen_multdiv_fast.multdiv_i/DP_OP_75J4_122_1549 SUCCEEDED.
