 
****************************************
Report : qor
Design : ibex_wrapper
Version: O-2018.06-SP1
Date   : Mon Jul  7 16:55:32 2025
****************************************


  Timing Path Group 'clk_i'
  -----------------------------------
  Levels of Logic:              68.00
  Critical Path Length:          3.27
  Critical Path Slack:           0.91
  Critical Path Clk Period:      6.25
  Total Negative Slack:          0.00
  No. of Violating Paths:        0.00
  Worst Hold Violation:        -57.34
  Total Hold Violation:      -5653.82
  No. of Hold Violations:      101.00
  -----------------------------------

  Timing Path Group 'cluster_clock_gating'
  -----------------------------------
  Levels of Logic:              66.00
  Critical Path Length:          2.63
  Critical Path Slack:           1.56
  Critical Path Clk Period:      6.25
  Total Negative Slack:          0.00
  No. of Violating Paths:        0.00
  Worst Hold Violation:        -85.25
  Total Hold Violation:    -102239.38
  No. of Hold Violations:     2015.00
  -----------------------------------


  Cell Count
  -----------------------------------
  Hierarchical Cell Count:          2
  Hierarchical Port Count:        807
  Leaf Cell Count:              17561
  Buf/Inv Cell Count:            1674
  Buf Cell Count:                 795
  Inv Cell Count:                 881
  CT Buf/Inv Cell Count:            0
  Combinational Cell Count:     15541
  Sequential Cell Count:         2020
  Macro Count:                      0
  -----------------------------------


  Area
  -----------------------------------
  Combinational Area:     6671.099832
  Noncombinational Area:  2196.068432
  Buf/Inv Area:            446.264391
  Total Buffer Area:           249.79
  Total Inverter Area:         199.76
  Macro/Black Box Area:      0.000000
  Net Area:              12053.041238
  -----------------------------------
  Cell Area:              8867.168265
  Design Area:           20920.209503


  Design Rules
  -----------------------------------
  Total Number of Nets:         18409
  Nets With Violations:             1
  Max Trans Violations:             1
  Max Cap Violations:               1
  Max Fanout Violations:            1
  -----------------------------------


  Hostname: IC_EDA

  Compile CPU Statistics
  -----------------------------------------
  Resource Sharing:                    3.83
  Logic Optimization:                  5.29
  Mapping Optimization:               26.30
  -----------------------------------------
  Overall Compile Time:               89.83
  Overall Compile Wall Clock Time:   100.07

  --------------------------------------------------------------------

  Design  WNS: 0.00  TNS: 0.00  Number of Violating Paths: 0


  Design (Hold)  WNS: 85.25  TNS: 107893.62  Number of Violating Paths: 2116

  --------------------------------------------------------------------


1
