Information: Derived library resistance unit is 999.999939 Kohm (Time unit is 1 ns, and Capacitance unit is 0.001000 pF). (DES-028)
Error: Invalid capacitor (ibex_top_inst/gen_regfile_ff.register_file_i/g_rf_flops[22].rf_reg_q_reg[16]:RD 1e-06) on net rst_ni: node not found (PARA-044)
Error: Invalid capacitor (ibex_top_inst/gen_regfile_ff.register_file_i/g_rf_flops[27].rf_reg_q_reg[16]:RD 1e-06) on net rst_ni: node not found (PARA-044)
Error: Invalid capacitor (ibex_top_inst/gen_regfile_ff.register_file_i/g_rf_flops[26].rf_reg_q_reg[16]:RD 1.91105e-05) on net rst_ni: node not found (PARA-044)
Error: Invalid capacitor (ibex_top_inst/gen_regfile_ff.register_file_i/g_rf_flops[28].rf_reg_q_reg[16]:RD 1.257e-05) on net rst_ni: node not found (PARA-044)
Error: Invalid capacitor (ibex_top_inst/gen_regfile_ff.register_file_i/g_rf_flops[23].rf_reg_q_reg[16]:RD 6.3969e-05) on net rst_ni: node not found (PARA-044)
Error: Invalid capacitor (ibex_top_inst/gen_regfile_ff.register_file_i/g_rf_flops[30].rf_reg_q_reg[16]:RD 1e-06) on net rst_ni: node not found (PARA-044)
Error: Invalid capacitor (ibex_top_inst/gen_regfile_ff.register_file_i/g_rf_flops[21].rf_reg_q_reg[16]:RD 1.20166e-05) on net rst_ni: node not found (PARA-044)
Error: Invalid capacitor (ibex_top_inst/gen_regfile_ff.register_file_i/g_rf_flops[29].rf_reg_q_reg[16]:RD 1.88346e-05) on net rst_ni: node not found (PARA-044)
Error: Invalid capacitor (ibex_top_inst/gen_regfile_ff.register_file_i/g_rf_flops[19].rf_reg_q_reg[16]:RD 2.14538e-06) on net rst_ni: node not found (PARA-044)
Error: Invalid capacitor (ibex_top_inst/gen_regfile_ff.register_file_i/g_rf_flops[14].rf_reg_q_reg[16]:RD 1e-06) on net rst_ni: node not found (PARA-044)
Error: Invalid capacitor (ibex_top_inst/gen_regfile_ff.register_file_i/g_rf_flops[20].rf_reg_q_reg[16]:RD 1e-06) on net rst_ni: node not found (PARA-044)
Error: Invalid capacitor (ibex_top_inst/gen_regfile_ff.register_file_i/g_rf_flops[25].rf_reg_q_reg[16]:RD 2.15432e-05) on net rst_ni: node not found (PARA-044)
Error: Invalid capacitor (ibex_top_inst/gen_regfile_ff.register_file_i/g_rf_flops[29].rf_reg_q_reg[17]:RD 1e-06) on net rst_ni: node not found (PARA-044)
Error: Invalid capacitor (ibex_top_inst/gen_regfile_ff.register_file_i/g_rf_flops[22].rf_reg_q_reg[17]:RD 1e-06) on net rst_ni: node not found (PARA-044)
Error: Invalid capacitor (ibex_top_inst/gen_regfile_ff.register_file_i/g_rf_flops[16].rf_reg_q_reg[16]:RD 1.5545e-05) on net rst_ni: node not found (PARA-044)
Error: Invalid capacitor (ibex_top_inst/gen_regfile_ff.register_file_i/g_rf_flops[25].rf_reg_q_reg[15]:RD 2.11756e-05) on net rst_ni: node not found (PARA-044)
Error: Invalid capacitor (ibex_top_inst/gen_regfile_ff.register_file_i/g_rf_flops[11].rf_reg_q_reg[15]:RD 1.18614e-05) on net rst_ni: node not found (PARA-044)
Error: Invalid capacitor (ibex_top_inst/gen_regfile_ff.register_file_i/g_rf_flops[19].rf_reg_q_reg[15]:RD 4.09329e-05) on net rst_ni: node not found (PARA-044)
Error: Invalid capacitor (ibex_top_inst/gen_regfile_ff.register_file_i/g_rf_flops[12].rf_reg_q_reg[15]:RD 6.69005e-06) on net rst_ni: node not found (PARA-044)
Error: Invalid capacitor (ibex_top_inst/gen_regfile_ff.register_file_i/g_rf_flops[29].rf_reg_q_reg[15]:RD 0.000115452) on net rst_ni: node not found (PARA-044)
Error: Invalid capacitor (ibex_top_inst/gen_regfile_ff.register_file_i/g_rf_flops[21].rf_reg_q_reg[15]:RD 1e-06) on net rst_ni: node not found (PARA-044)
Error: Invalid capacitor (ibex_top_inst/gen_regfile_ff.register_file_i/g_rf_flops[16].rf_reg_q_reg[15]:RD 1.87592e-05) on net rst_ni: node not found (PARA-044)
Error: Invalid capacitor (ibex_top_inst/gen_regfile_ff.register_file_i/g_rf_flops[24].rf_reg_q_reg[15]:RD 8.71825e-06) on net rst_ni: node not found (PARA-044)
Error: Invalid capacitor (ibex_top_inst/gen_regfile_ff.register_file_i/g_rf_flops[22].rf_reg_q_reg[15]:RD 7.67315e-06) on net rst_ni: node not found (PARA-044)
Error: Invalid capacitor (ibex_top_inst/gen_regfile_ff.register_file_i/g_rf_flops[24].rf_reg_q_reg[16]:RD 1e-06) on net rst_ni: node not found (PARA-044)
Error: Invalid capacitor (ibex_top_inst/u_ibex_core/cs_registers_i/CTS_ropt_h_inst_12348:A 8.01657e-06) on net hart_id_i[31]: node not found (PARA-044)
Error: Invalid capacitor (ibex_top_inst/u_ibex_core/cs_registers_i/CTS_ropt_h_inst_12315:A 1e-06) on net hart_id_i[30]: node not found (PARA-044)
Error: Invalid capacitor (ibex_top_inst/u_ibex_core/cs_registers_i/CTS_copt_h_inst_12140:A 1e-06) on net hart_id_i[29]: node not found (PARA-044)
Error: Invalid capacitor (ibex_top_inst/u_ibex_core/cs_registers_i/CTS_ropt_h_inst_12328:A 1e-06) on net hart_id_i[28]: node not found (PARA-044)
Error: Invalid capacitor (ibex_top_inst/u_ibex_core/cs_registers_i/CTS_ropt_h_inst_12337:A 1.00936e-05) on net hart_id_i[27]: node not found (PARA-044)
Error: Invalid capacitor (ibex_top_inst/u_ibex_core/cs_registers_i/CTS_ropt_h_inst_12356:A 1e-06) on net hart_id_i[26]: node not found (PARA-044)
Error: Invalid capacitor (ibex_top_inst/u_ibex_core/cs_registers_i/CTS_ropt_h_inst_12321:A 1e-06) on net hart_id_i[25]: node not found (PARA-044)
Error: Invalid capacitor (ibex_top_inst/u_ibex_core/cs_registers_i/CTS_ropt_h_inst_12313:A 1e-06) on net hart_id_i[24]: node not found (PARA-044)
Error: Invalid capacitor (ibex_top_inst/u_ibex_core/cs_registers_i/CTS_ropt_h_inst_12349:A 1.34287e-05) on net hart_id_i[23]: node not found (PARA-044)
Error: Invalid capacitor (ibex_top_inst/u_ibex_core/cs_registers_i/CTS_ropt_h_inst_12350:A 1e-06) on net hart_id_i[22]: node not found (PARA-044)
Error: Invalid capacitor (ibex_top_inst/u_ibex_core/cs_registers_i/CTS_ropt_h_inst_12292:A 1e-06) on net hart_id_i[21]: node not found (PARA-044)
Error: Invalid capacitor (ibex_top_inst/u_ibex_core/cs_registers_i/CTS_ropt_h_inst_12346:A 1e-06) on net hart_id_i[20]: node not found (PARA-044)
Error: Invalid capacitor (ibex_top_inst/u_ibex_core/cs_registers_i/CTS_ropt_h_inst_12308:A 1e-06) on net hart_id_i[19]: node not found (PARA-044)
Error: Invalid capacitor (ibex_top_inst/u_ibex_core/cs_registers_i/CTS_ropt_h_inst_12324:A 1e-06) on net hart_id_i[18]: node not found (PARA-044)
Error: Invalid capacitor (ibex_top_inst/u_ibex_core/cs_registers_i/CTS_ropt_h_inst_12326:A 1e-06) on net hart_id_i[17]: node not found (PARA-044)
Error: Invalid capacitor (ibex_top_inst/u_ibex_core/cs_registers_i/CTS_ropt_h_inst_12319:A 1e-06) on net hart_id_i[16]: node not found (PARA-044)
Error: Invalid capacitor (ibex_top_inst/u_ibex_core/cs_registers_i/CTS_ropt_h_inst_12340:A 1e-06) on net hart_id_i[15]: node not found (PARA-044)
Error: Invalid capacitor (ibex_top_inst/u_ibex_core/cs_registers_i/U538:A2 2.17321e-05) on net hart_id_i[14]: node not found (PARA-044)
Error: Invalid capacitor (ibex_top_inst/u_ibex_core/cs_registers_i/CTS_ropt_h_inst_12305:A 1e-06) on net hart_id_i[13]: node not found (PARA-044)
Error: Invalid capacitor (ibex_top_inst/u_ibex_core/cs_registers_i/CTS_ropt_h_inst_12364:A 1e-06) on net hart_id_i[12]: node not found (PARA-044)
Error: Invalid capacitor (ibex_top_inst/u_ibex_core/cs_registers_i/CTS_ropt_h_inst_12312:A 1e-06) on net hart_id_i[11]: node not found (PARA-044)
Error: Invalid capacitor (ibex_top_inst/u_ibex_core/cs_registers_i/U518:A2 1.22154e-05) on net hart_id_i[10]: node not found (PARA-044)
Error: Invalid capacitor (ibex_top_inst/u_ibex_core/cs_registers_i/CTS_ropt_h_inst_12353:A 7.4783e-06) on net hart_id_i[9]: node not found (PARA-044)
Error: Invalid capacitor (ibex_top_inst/u_ibex_core/cs_registers_i/CTS_ropt_h_inst_12331:A 8.1712e-06) on net hart_id_i[8]: node not found (PARA-044)
Error: Invalid capacitor (ibex_top_inst/u_ibex_core/cs_registers_i/CTS_ropt_h_inst_12329:A 1e-06) on net hart_id_i[7]: node not found (PARA-044)
Error: Invalid capacitor (ibex_top_inst/u_ibex_core/cs_registers_i/U471:A2 1.86434e-05) on net hart_id_i[6]: node not found (PARA-044)
Error: Invalid capacitor (ibex_top_inst/u_ibex_core/cs_registers_i/CTS_ropt_h_inst_12262:A 1e-06) on net hart_id_i[5]: node not found (PARA-044)
Error: Invalid capacitor (ibex_top_inst/u_ibex_core/cs_registers_i/CTS_ropt_h_inst_12334:A 7.5865e-06) on net hart_id_i[4]: node not found (PARA-044)
Error: Invalid capacitor (ibex_top_inst/u_ibex_core/cs_registers_i/CTS_ropt_h_inst_12323:A 1e-06) on net hart_id_i[3]: node not found (PARA-044)
Error: Invalid capacitor (ibex_top_inst/u_ibex_core/cs_registers_i/U1249:A2 3.15608e-05) on net hart_id_i[2]: node not found (PARA-044)
Error: Invalid capacitor (ibex_top_inst/u_ibex_core/cs_registers_i/CTS_ropt_h_inst_12330:A 1e-06) on net hart_id_i[1]: node not found (PARA-044)
Error: Invalid capacitor (ibex_top_inst/u_ibex_core/cs_registers_i/CTS_ropt_h_inst_12354:A 1e-06) on net hart_id_i[0]: node not found (PARA-044)
Error: Invalid capacitor (ibex_top_inst/u_ibex_core/cs_registers_i/U319:A2 2.66902e-05) on net irq_software_i: node not found (PARA-044)
Error: Invalid capacitor (ibex_top_inst/u_ibex_core/cs_registers_i/U505:A2 1e-06) on net irq_software_i: node not found (PARA-044)
Error: Invalid capacitor (ibex_top_inst/u_ibex_core/cs_registers_i/U469:A2 3.3094e-05) on net irq_timer_i: node not found (PARA-044)
Error: Invalid capacitor (ibex_top_inst/u_ibex_core/cs_registers_i/U743:A2 1e-06) on net irq_timer_i: node not found (PARA-044)
Error: Invalid capacitor (ibex_top_inst/u_ibex_core/cs_registers_i/U318:A1 8.76438e-06) on net irq_external_i: node not found (PARA-044)
Error: Invalid capacitor (ibex_top_inst/u_ibex_core/cs_registers_i/U629:A2 3.49938e-06) on net irq_external_i: node not found (PARA-044)
Error: Invalid capacitor (ibex_top_inst/u_ibex_core/cs_registers_i/U2011:A2 2.86066e-05) on net irq_fast_i[14]: node not found (PARA-044)
Error: Invalid capacitor (ibex_top_inst/u_ibex_core/cs_registers_i/U322:A2 7.36711e-06) on net irq_fast_i[14]: node not found (PARA-044)
Error: Invalid capacitor (ibex_top_inst/u_ibex_core/cs_registers_i/U320:A2 9.74608e-06) on net irq_fast_i[13]: node not found (PARA-044)
Error: Invalid capacitor (ibex_top_inst/u_ibex_core/cs_registers_i/U596:A2 5.16786e-05) on net irq_fast_i[13]: node not found (PARA-044)
Error: Invalid capacitor (ibex_top_inst/u_ibex_core/cs_registers_i/U547:A2 0.000238656) on net irq_fast_i[12]: node not found (PARA-044)
Error: Invalid capacitor (ibex_top_inst/u_ibex_core/cs_registers_i/U321:A2 1e-06) on net irq_fast_i[12]: node not found (PARA-044)
Error: Invalid capacitor (ibex_top_inst/u_ibex_core/cs_registers_i/U566:A2 1.47747e-05) on net irq_fast_i[11]: node not found (PARA-044)
Error: Invalid capacitor (ibex_top_inst/u_ibex_core/cs_registers_i/U316:A2 1e-06) on net irq_fast_i[11]: node not found (PARA-044)
Error: Invalid capacitor (ibex_top_inst/u_ibex_core/cs_registers_i/U317:A2 1e-06) on net irq_fast_i[10]: node not found (PARA-044)
Error: Invalid capacitor (ibex_top_inst/u_ibex_core/cs_registers_i/U535:A2 1.55052e-05) on net irq_fast_i[10]: node not found (PARA-044)
Error: Invalid capacitor (ibex_top_inst/u_ibex_core/cs_registers_i/U687:A2 0.000120621) on net irq_fast_i[9]: node not found (PARA-044)
Error: Invalid capacitor (ibex_top_inst/u_ibex_core/cs_registers_i/U739:A2 1e-06) on net irq_fast_i[9]: node not found (PARA-044)
Error: Invalid capacitor (ibex_top_inst/u_ibex_core/cs_registers_i/U537:A2 2.86209e-06) on net irq_fast_i[8]: node not found (PARA-044)
Error: Invalid capacitor (ibex_top_inst/u_ibex_core/cs_registers_i/U741:A2 1e-06) on net irq_fast_i[8]: node not found (PARA-044)
Error: Invalid capacitor (ibex_top_inst/u_ibex_core/cs_registers_i/U1258:A2 3.24547e-05) on net irq_fast_i[7]: node not found (PARA-044)
Error: Invalid capacitor (ibex_top_inst/u_ibex_core/cs_registers_i/U742:A2 1e-06) on net irq_fast_i[7]: node not found (PARA-044)
Error: Invalid capacitor (ibex_top_inst/u_ibex_core/cs_registers_i/U660:A2 1e-06) on net irq_fast_i[6]: node not found (PARA-044)
Error: Invalid capacitor (ibex_top_inst/u_ibex_core/cs_registers_i/U740:A1 7.52781e-06) on net irq_fast_i[6]: node not found (PARA-044)
Error: Invalid capacitor (ibex_top_inst/u_ibex_core/cs_registers_i/U761:A2 2.25696e-05) on net irq_fast_i[5]: node not found (PARA-044)
Error: Invalid capacitor (ibex_top_inst/u_ibex_core/cs_registers_i/U325:A1 1e-06) on net irq_fast_i[5]: node not found (PARA-044)
Error: Invalid capacitor (ibex_top_inst/u_ibex_core/cs_registers_i/U324:A2 1e-06) on net irq_fast_i[4]: node not found (PARA-044)
Error: Invalid capacitor (ibex_top_inst/u_ibex_core/cs_registers_i/U568:A2 3.56468e-05) on net irq_fast_i[4]: node not found (PARA-044)
Error: Invalid capacitor (ibex_top_inst/u_ibex_core/cs_registers_i/U1276:A2 1e-06) on net irq_fast_i[3]: node not found (PARA-044)
Error: Invalid capacitor (ibex_top_inst/u_ibex_core/cs_registers_i/U326:A2 1e-06) on net irq_fast_i[3]: node not found (PARA-044)
Error: Invalid capacitor (ibex_top_inst/u_ibex_core/cs_registers_i/U577:A2 1e-06) on net irq_fast_i[2]: node not found (PARA-044)
Error: Invalid capacitor (ibex_top_inst/u_ibex_core/cs_registers_i/U327:A2 1e-06) on net irq_fast_i[2]: node not found (PARA-044)
Error: Invalid capacitor (ibex_top_inst/u_ibex_core/cs_registers_i/U548:A2 1e-06) on net irq_fast_i[1]: node not found (PARA-044)
Error: Invalid capacitor (ibex_top_inst/u_ibex_core/cs_registers_i/U315:A2 1e-06) on net irq_fast_i[1]: node not found (PARA-044)
Error: Invalid capacitor (ibex_top_inst/u_ibex_core/cs_registers_i/U1289:A2 1.02769e-05) on net irq_fast_i[0]: node not found (PARA-044)
Error: Invalid capacitor (ibex_top_inst/u_ibex_core/cs_registers_i/U555:A2 0.000100817) on net irq_fast_i[0]: node not found (PARA-044)
Error: Invalid capacitor (ibex_top_inst/u_ibex_core/cs_registers_i/CTS_copt_h_inst_11999:A 1e-06) on net next_pc[24]: node not found (PARA-044)
Error: Invalid capacitor (ibex_top_inst/u_ibex_core/cs_registers_i/CTS_copt_h_inst_11469:A 1e-06) on net next_pc[21]: node not found (PARA-044)
Error: Invalid capacitor (ibex_top_inst/u_ibex_core/cs_registers_i/CTS_copt_h_inst_11338:A 1e-06) on net next_pc[14]: node not found (PARA-044)
Error: Invalid capacitor (ibex_top_inst/u_ibex_core/cs_registers_i/CTS_copt_h_inst_11182:A 1e-06) on net next_pc[7]: node not found (PARA-044)
Error: Invalid capacitor (ibex_top_inst/u_ibex_core/cs_registers_i/U230:A1 1e-06) on net n4635: node not found (PARA-044)
Error: Invalid capacitor (ibex_top_inst/u_ibex_core/cs_registers_i/U374:A1 1e-06) on net n4635: node not found (PARA-044)
Error: Invalid capacitor (ibex_top_inst/u_ibex_core/cs_registers_i/U1422:A1 1e-06) on net n4635: node not found (PARA-044)
Note - message 'PARA-044' default limit (100) exceeded.  Remainder will be suppressed.

****************************************
Report : read_parasitics /mnt/hgfs/PnR_GP/Final_1/3_PrimeTime/Run_4/output/Routing_change_3/ibex_wrapper_change_3.tlup_min_125.spef
Design : ibex_wrapper
Version: O-2018.06-SP1
Date   : Tue Jul  8 08:13:59 2025
****************************************

        99821 error(s)
        Format is SPEF
        Annotated nets                   :        11784
        Annotated capacitances           :       179191
        Annotated resistances            :       167407
        Reduced coupling capacitances    :            0
        Annotated PI models              :            0
        Annotated Elmore delays          :            0

