****************************************
Report : timing
        -path_type full
        -delay_type max
        -max_paths 1
        -report_by design
Design : ibex_wrapper
Version: O-2018.06-SP1
Date   : Wed Jul  9 00:38:48 2025
****************************************

  Startpoint: ibex_top_inst/u_ibex_core/if_stage_i/instr_rdata_id_o_reg[22] (rising edge-triggered flip-flop clocked by cluster_clock_gating)
  Endpoint: instr_addr_o[20] (output port clocked by clk_i)
  Mode: Func
  Corner: Slow
  Scenario: Func_Slow
  Path Group: clk_i
  Path Type: max

  Point                                            Incr      Path  
  ------------------------------------------------------------------------
  clock cluster_clock_gating (rise edge)           0.00      0.00
  clock network delay (propagated)                 0.15      0.15

  ibex_top_inst/u_ibex_core/if_stage_i/instr_rdata_id_o_reg[22]/CK (SAEDHVT14_FSDPQ_V2_2)
                                                   0.00      0.15 r
  ibex_top_inst/u_ibex_core/if_stage_i/instr_rdata_id_o_reg[22]/Q (SAEDHVT14_FSDPQ_V2_2)
                                                   0.04      0.20 f
  CTS_copt_h_inst_12390/X (SAEDHVT14_DEL_R2V1_2)   0.03      0.23 f
  CTS_copt_h_inst_12389/X (SAEDHVT14_DEL_R2V3_2)   0.08      0.30 f
  U12884/X (SAEDHVT14_INV_2)                       0.05      0.35 r
  U5904/X (SAEDHVT14_INV_S_2)                      0.07      0.42 f
  ibex_top_inst/gen_regfile_ff.register_file_i/U1107/X (SAEDHVT14_INV_S_2)
                                                   0.06      0.48 r
  ibex_top_inst/gen_regfile_ff.register_file_i/U495/X (SAEDHVT14_INV_2)
                                                   0.04      0.52 f
  ibex_top_inst/gen_regfile_ff.register_file_i/U39/X (SAEDHVT14_AN3_2)
                                                   0.03      0.55 f
  ibex_top_inst/gen_regfile_ff.register_file_i/U509/X (SAEDHVT14_AN2_2)
                                                   0.11      0.66 f
  ibex_top_inst/gen_regfile_ff.register_file_i/U2915/X (SAEDHVT14_AN2_2)
                                                   0.08      0.75 f
  ibex_top_inst/gen_regfile_ff.register_file_i/U2931/X (SAEDHVT14_OR4_2)
                                                   0.04      0.79 f
  ibex_top_inst/gen_regfile_ff.register_file_i/U2932/X (SAEDHVT14_OR4_2)
                                                   0.04      0.83 f
  ibex_top_inst/gen_regfile_ff.register_file_i/U2933/X (SAEDHVT14_OR4_2)
                                                   0.06      0.89 f
  U7418/X (SAEDHVT14_MUXI2_4)                      0.07      0.96 r
  U6213/X (SAEDHVT14_INV_2)                        0.05      1.01 f
  U7979/X (SAEDHVT14_OR2_4)                        0.03      1.04 f
  U6847/X (SAEDHVT14_ND4_2)                        0.05      1.09 r
  U6258/X (SAEDHVT14_AN2_4)                        0.04      1.13 r
  U6784/X (SAEDHVT14_OR2_2)                        0.02      1.15 r
  U8031/CO (SAEDHVT14_ADDF_V2_2)                   0.04      1.19 r
  U8035/CO (SAEDHVT14_ADDF_V2_2)                   0.03      1.22 r
  U8006/CO (SAEDHVT14_ADDF_V2_2)                   0.02      1.24 r
  U8005/CO (SAEDHVT14_ADDF_V2_2)                   0.02      1.27 r
  U8004/CO (SAEDHVT14_ADDF_V2_2)                   0.03      1.30 r
  U8003/CO (SAEDHVT14_ADDF_V2_2)                   0.03      1.32 r
  U8002/CO (SAEDHVT14_ADDF_V2_2)                   0.03      1.35 r
  U8001/CO (SAEDHVT14_ADDF_V2_2)                   0.03      1.37 r
  U8000/CO (SAEDHVT14_ADDF_V2_2)                   0.03      1.40 r
  U7999/CO (SAEDHVT14_ADDF_V2_2)                   0.03      1.43 r
  U7998/CO (SAEDHVT14_ADDF_V2_2)                   0.02      1.45 r
  U7997/CO (SAEDHVT14_ADDF_V2_2)                   0.02      1.47 r
  U7996/CO (SAEDHVT14_ADDF_V2_2)                   0.02      1.50 r
  U7995/CO (SAEDHVT14_ADDF_V2_2)                   0.02      1.52 r
  U7994/CO (SAEDHVT14_ADDF_V2_2)                   0.02      1.55 r
  U7993/CO (SAEDHVT14_ADDF_V2_2)                   0.02      1.57 r
  U7992/CO (SAEDHVT14_ADDF_V2_2)                   0.02      1.59 r
  U7991/CO (SAEDHVT14_ADDF_V2_2)                   0.02      1.62 r
  U7990/CO (SAEDHVT14_ADDF_V2_2)                   0.03      1.64 r
  U7989/CO (SAEDHVT14_ADDF_V2_2)                   0.03      1.68 r
  U7988/CO (SAEDHVT14_ADDF_V2_2)                   0.03      1.70 r
  U7987/CO (SAEDHVT14_ADDF_V2_2)                   0.02      1.73 r
  U7986/CO (SAEDHVT14_ADDF_V2_2)                   0.03      1.75 r
  U7985/CO (SAEDHVT14_ADDF_V2_2)                   0.03      1.78 r
  U7984/CO (SAEDHVT14_ADDF_V2_2)                   0.02      1.80 r
  U7983/CO (SAEDHVT14_ADDF_V2_2)                   0.02      1.83 r
  U7982/CO (SAEDHVT14_ADDF_V2_2)                   0.03      1.85 r
  U7981/CO (SAEDHVT14_ADDF_V2_2)                   0.02      1.88 r
  U7980/CO (SAEDHVT14_ADDF_V2_2)                   0.03      1.91 r
  U8018/CO (SAEDHVT14_ADDF_V2_2)                   0.03      1.94 r
  U8021/CO (SAEDHVT14_ADDF_V2_2)                   0.03      1.96 r
  U4466/X (SAEDHVT14_EO3_4)                        0.10      2.06 f
  U8109/X (SAEDHVT14_OR4_2)                        0.06      2.12 f
  U8110/X (SAEDHVT14_OR4_2)                        0.05      2.16 f
  U8111/X (SAEDHVT14_OR4_2)                        0.06      2.22 f
  U5202/X (SAEDHVT14_OR2_2)                        0.03      2.25 f
  U8112/X (SAEDHVT14_OR3_2)                        0.03      2.28 f
  U8115/X (SAEDHVT14_ND2_2)                        0.01      2.29 r
  U5978/X (SAEDHVT14_OR2_4)                        0.02      2.31 r
  U8117/X (SAEDHVT14_ND2_CDC_4)                    0.01      2.32 f
  U6255/X (SAEDHVT14_AN2_4)                        0.02      2.35 f
  U6257/X (SAEDHVT14_OR2_4)                        0.03      2.37 f
  U6306/X (SAEDHVT14_AN3_8)                        0.03      2.40 f
  U4435/X (SAEDHVT14_NR3_2)                        0.06      2.46 r
  U4411/X (SAEDHVT14_ND2_2)                        0.02      2.48 f
  U4365/X (SAEDHVT14_INV_2)                        0.02      2.51 r
  U6249/X (SAEDHVT14_NR2B_2)                       0.06      2.57 r
  U10434/X (SAEDHVT14_OR4_2)                       0.04      2.61 r
  U7300/X (SAEDHVT14_OR2_2)                        0.04      2.65 r
  U6767/X (SAEDHVT14_OR2_2)                        0.04      2.69 r
  U10436/X (SAEDHVT14_MUX2_2)                      0.06      2.75 r
  instr_addr_o[20] (out)                           0.00      2.75 r
  data arrival time                                          2.75

  clock clk_i (rise edge)                          5.00      5.00
  clock network delay (ideal)                      0.18      5.18
  clock uncertainty                               -0.20      4.98
  output external delay                           -1.50      3.48
  data required time                                         3.48
  ------------------------------------------------------------------------
  data required time                                         3.48
  data arrival time                                         -2.75
  ------------------------------------------------------------------------
  slack (MET)                                                0.73


1
