Loading db file '/home/synopsys/syn/O-2018.06-SP1/libraries/syn/dw_foundation.sldb'
Information: Failed to find dw_foundation.sldb in the user defined search_path, load it from 'Synopsys Root'. (UISN-70)
Warning: DesignWare synthetic library dw_foundation.sldb is added to the synthetic_library in the current command. (UISN-40)
Information: Starting from 2013.12 release, constant propagation is enabled even when boundary optimization is disabled. (OPT-1318)
Information: Performing power optimization. (PWR-850)
Analyzing: "/mnt/hgfs/0_GP/PDK/saed14_pdk/SAED14nm_EDK_CORE_HVT_v_062020/stdcell_hvt/db_ccs/saed14hvt_ss0p72vm40c.db"
Analyzing: "/mnt/hgfs/0_GP/PDK/saed14_pdk/SAED14nm_EDK_CORE_HVT_v_062020/stdcell_hvt/db_ccs/saed14hvt_ff0p88v125c.db"
Library analysis succeeded.
Information: Evaluating DesignWare library utilization. (UISN-27)

============================================================================
| DesignWare Building Block Library  |         Version         | Available |
============================================================================
| Basic DW Building Blocks           | O-2018.06-DWBB_201806.1 |     *     |
| Licensed DW Building Blocks        | O-2018.06-DWBB_201806.1 |     *     |
============================================================================

Information: Sequential output inversion is enabled.  SVF file must be used for formal verification. (OPT-1208)

Information: There are 2534 potential problems in your design. Please run 'check_design' for more information. (LINT-99)

Information: Uniquified 7 instances of design 'ibex_csr_32_0_0'. (OPT-1056)
Information: Uniquified 2 instances of design 'ibex_csr_7_0_0'. (OPT-1056)
  Simplifying Design 'ibex_wrapper'

Warning: No single bit degenerate for multibit library cell 'SAEDHVT14_FSDN4_V2_4'. (OPT-914)
Warning: No single bit degenerate for multibit library cell 'SAEDHVT14_FSDN4_V2_2'. (OPT-914)
Warning: No single bit degenerate for multibit library cell 'SAEDHVT14_FSDN2_V2_4'. (OPT-914)
Warning: No single bit degenerate for multibit library cell 'SAEDHVT14_FSDN2_V2_2'. (OPT-914)
  Loading target library 'saed14hvt_ff0p88v125c'
Loaded alib file './alib-52/saed14hvt_ss0p72vm40c.db.alib'
Loaded alib file './alib-52/saed14hvt_ff0p88v125c.db.alib'
Warning: Operating condition ss0p72vm40c set on design ibex_wrapper has different process,
voltage and temperatures parameters than the parameters at which target library 
saed14hvt_ff0p88v125c is characterized. Delays may be inaccurate as a result. (OPT-998)
  Building model 'DW01_NAND2'
Information: Ungrouping hierarchy ibex_top_inst before Pass 1 (OPT-776)
Information: Ungrouping hierarchy ibex_top_inst/u_ibex_core before Pass 1 (OPT-776)
Information: Ungrouping hierarchy ibex_top_inst/core_clock_gate_i/gen_generic.u_impl_generic before Pass 1 (OPT-776)
Information: Ungrouping hierarchy ibex_top_inst/u_ibex_core/if_stage_i before Pass 1 (OPT-776)
Information: Ungrouping hierarchy ibex_top_inst/u_ibex_core/id_stage_i before Pass 1 (OPT-776)
Information: Ungrouping hierarchy ibex_top_inst/u_ibex_core/ex_block_i before Pass 1 (OPT-776)
Information: Ungrouping hierarchy ibex_top_inst/u_ibex_core/load_store_unit_i before Pass 1 (OPT-776)
Information: Ungrouping hierarchy ibex_top_inst/u_ibex_core/wb_stage_i before Pass 1 (OPT-776)
Information: Ungrouping hierarchy ibex_top_inst/u_ibex_core/if_stage_i/gen_prefetch_buffer.prefetch_buffer_i before Pass 1 (OPT-776)
Information: Ungrouping hierarchy ibex_top_inst/u_ibex_core/if_stage_i/compressed_decoder_i before Pass 1 (OPT-776)
Information: Ungrouping hierarchy ibex_top_inst/u_ibex_core/id_stage_i/decoder_i before Pass 1 (OPT-776)
Information: Ungrouping hierarchy ibex_top_inst/u_ibex_core/id_stage_i/controller_i before Pass 1 (OPT-776)
Information: Ungrouping hierarchy ibex_top_inst/u_ibex_core/ex_block_i/alu_i before Pass 1 (OPT-776)
Information: Ungrouping hierarchy ibex_top_inst/u_ibex_core/cs_registers_i/u_mstatus_csr before Pass 1 (OPT-776)
Information: Ungrouping hierarchy ibex_top_inst/u_ibex_core/cs_registers_i/u_mepc_csr before Pass 1 (OPT-776)
Information: Ungrouping hierarchy ibex_top_inst/u_ibex_core/cs_registers_i/u_mie_csr before Pass 1 (OPT-776)
Information: Ungrouping hierarchy ibex_top_inst/u_ibex_core/cs_registers_i/u_mcause_csr before Pass 1 (OPT-776)
Information: Ungrouping hierarchy ibex_top_inst/u_ibex_core/cs_registers_i/u_mtvec_csr before Pass 1 (OPT-776)
Information: Ungrouping hierarchy ibex_top_inst/u_ibex_core/cs_registers_i/u_dcsr_csr before Pass 1 (OPT-776)
Information: Ungrouping hierarchy ibex_top_inst/u_ibex_core/cs_registers_i/u_mstack_csr before Pass 1 (OPT-776)
Information: Ungrouping hierarchy ibex_top_inst/u_ibex_core/cs_registers_i/mcycle_counter_i before Pass 1 (OPT-776)
Information: Ungrouping hierarchy ibex_top_inst/u_ibex_core/cs_registers_i/minstret_counter_i before Pass 1 (OPT-776)
Information: Ungrouping hierarchy ibex_top_inst/u_ibex_core/cs_registers_i/u_cpuctrlsts_part_csr before Pass 1 (OPT-776)
Information: Ungrouping hierarchy ibex_top_inst/u_ibex_core/cs_registers_i/u_mstack_epc_csr before Pass 1 (OPT-776)
Information: Ungrouping hierarchy ibex_top_inst/u_ibex_core/cs_registers_i/u_dscratch1_csr before Pass 1 (OPT-776)
Information: Ungrouping hierarchy ibex_top_inst/u_ibex_core/cs_registers_i/u_dscratch0_csr before Pass 1 (OPT-776)
Information: Ungrouping hierarchy ibex_top_inst/u_ibex_core/cs_registers_i/u_depc_csr before Pass 1 (OPT-776)
Information: Ungrouping hierarchy ibex_top_inst/u_ibex_core/cs_registers_i/u_mtval_csr before Pass 1 (OPT-776)
Information: Ungrouping hierarchy ibex_top_inst/u_ibex_core/cs_registers_i/u_mscratch_csr before Pass 1 (OPT-776)
Information: Ungrouping hierarchy ibex_top_inst/u_ibex_core/cs_registers_i/u_mstack_cause_csr before Pass 1 (OPT-776)
Information: Ungrouping hierarchy ibex_top_inst/u_ibex_core/if_stage_i/gen_prefetch_buffer.prefetch_buffer_i/fifo_i before Pass 1 (OPT-776)
Information: Ungrouping 31 of 36 hierarchies before Pass 1 (OPT-775)
Information: State dependent leakage is now switched from on to off.

  Beginning Pass 1 Mapping
  ------------------------
  Processing 'ibex_wrapper'
Information: Added key list 'DesignWare' to design 'ibex_wrapper'. (DDB-72)
Information: The register 'ibex_top_inst/u_ibex_core/if_stage_i/pc_id_o_reg[0]' is a constant and will be removed. (OPT-1206)
Information: The register 'ibex_top_inst/u_ibex_core/load_store_unit_i/pmp_err_q_reg' is a constant and will be removed. (OPT-1206)
 Implement Synthetic for 'ibex_wrapper'.
  Processing 'ibex_cs_registers_0_00000001_0_0_0_0_00000000_00000028_0_00000000_00000004_0_0_3_0'
Information: Added key list 'DesignWare' to design 'ibex_cs_registers_0_00000001_0_0_0_0_00000000_00000028_0_00000000_00000004_0_0_3_0'. (DDB-72)
Information: The register 'u_mtvec_csr/rdata_q_reg[0]' is a constant and will be removed. (OPT-1206)
Information: The register 'u_mtvec_csr/rdata_q_reg[7]' is a constant and will be removed. (OPT-1206)
Information: The register 'u_mtvec_csr/rdata_q_reg[6]' is a constant and will be removed. (OPT-1206)
Information: The register 'u_mtvec_csr/rdata_q_reg[5]' is a constant and will be removed. (OPT-1206)
Information: The register 'u_mtvec_csr/rdata_q_reg[4]' is a constant and will be removed. (OPT-1206)
Information: The register 'u_mtvec_csr/rdata_q_reg[3]' is a constant and will be removed. (OPT-1206)
Information: The register 'u_mtvec_csr/rdata_q_reg[2]' is a constant and will be removed. (OPT-1206)
Information: The register 'u_mtvec_csr/rdata_q_reg[1]' is a constant and will be removed. (OPT-1206)
Information: The register 'mcountinhibit_q_reg[1]' is a constant and will be removed. (OPT-1206)
 Implement Synthetic for 'ibex_cs_registers_0_00000001_0_0_0_0_00000000_00000028_0_00000000_00000004_0_0_3_0'.
  Processing 'ibex_register_file_ff_0_00000020_0_0_0_00000000'
  Processing 'ibex_multdiv_fast_RV32M3'
 Implement Synthetic for 'ibex_multdiv_fast_RV32M3'.
Information: Added key list 'DesignWare' to design 'ibex_multdiv_fast_RV32M3'. (DDB-72)
  Processing 'prim_clock_gating'
Memory usage for J1 task 1187 Mbytes -- main task 1187 Mbytes.
Memory usage for J2 task 1187 Mbytes -- main task 1187 Mbytes.
Memory usage for J3 task 1187 Mbytes -- main task 1187 Mbytes.
Memory usage for J4 task 1187 Mbytes -- main task 1187 Mbytes.

  Updating timing information
Information: Updating design information... (UID-85)
Information: The library cell 'SAEDHVT14_TIE1_V1_2' in the library 'saed14hvt_ss0p72vm40c' is not characterized for internal power. (PWR-536)
Information: The library cell 'SAEDHVT14_TIE1_4' in the library 'saed14hvt_ss0p72vm40c' is not characterized for internal power. (PWR-536)
Information: The library cell 'SAEDHVT14_TIE0_V1_2' in the library 'saed14hvt_ss0p72vm40c' is not characterized for internal power. (PWR-536)
Information: The library cell 'SAEDHVT14_TIE0_4' in the library 'saed14hvt_ss0p72vm40c' is not characterized for internal power. (PWR-536)
Information: The target library(s) contains cell(s), other than black boxes, that are not characterized for internal power. (PWR-24)
Information: Complementing port 'imd_val_d_o[0][16]' in design 'ibex_multdiv_fast_RV32M3'.
	 The new name of the port is 'imd_val_d_o[0][16]_BAR'. (OPT-319)
Information: The register 'ibex_top_inst/u_ibex_core/cs_registers_i/u_cpuctrlsts_part_csr/rdata_q_reg[1]' is a constant and will be removed. (OPT-1206)
Information: The register 'ibex_top_inst/u_ibex_core/cs_registers_i/u_cpuctrlsts_part_csr/rdata_q_reg[0]' is a constant and will be removed. (OPT-1206)
Information: The register 'ibex_top_inst/u_ibex_core/cs_registers_i/u_cpuctrlsts_part_csr/rdata_q_reg[5]' is a constant and will be removed. (OPT-1206)
Information: The register 'ibex_top_inst/u_ibex_core/cs_registers_i/u_cpuctrlsts_part_csr/rdata_q_reg[4]' is a constant and will be removed. (OPT-1206)
Information: The register 'ibex_top_inst/u_ibex_core/cs_registers_i/u_cpuctrlsts_part_csr/rdata_q_reg[3]' is a constant and will be removed. (OPT-1206)
Information: The register 'ibex_top_inst/u_ibex_core/cs_registers_i/u_cpuctrlsts_part_csr/rdata_q_reg[2]' is a constant and will be removed. (OPT-1206)
Information: The register 'ibex_top_inst/u_ibex_core/cs_registers_i/u_dcsr_csr/rdata_q_reg[31]' is a constant and will be removed. (OPT-1206)
Information: The register 'ibex_top_inst/u_ibex_core/cs_registers_i/u_dcsr_csr/rdata_q_reg[29]' is a constant and will be removed. (OPT-1206)
Information: The register 'ibex_top_inst/u_ibex_core/cs_registers_i/u_dcsr_csr/rdata_q_reg[28]' is a constant and will be removed. (OPT-1206)
Information: The register 'ibex_top_inst/u_ibex_core/cs_registers_i/u_dcsr_csr/rdata_q_reg[27]' is a constant and will be removed. (OPT-1206)
Information: The register 'ibex_top_inst/u_ibex_core/cs_registers_i/u_dcsr_csr/rdata_q_reg[26]' is a constant and will be removed. (OPT-1206)
Information: The register 'ibex_top_inst/u_ibex_core/cs_registers_i/u_dcsr_csr/rdata_q_reg[25]' is a constant and will be removed. (OPT-1206)
Information: The register 'ibex_top_inst/u_ibex_core/cs_registers_i/u_dcsr_csr/rdata_q_reg[24]' is a constant and will be removed. (OPT-1206)
Information: The register 'ibex_top_inst/u_ibex_core/cs_registers_i/u_dcsr_csr/rdata_q_reg[23]' is a constant and will be removed. (OPT-1206)
Information: The register 'ibex_top_inst/u_ibex_core/cs_registers_i/u_dcsr_csr/rdata_q_reg[22]' is a constant and will be removed. (OPT-1206)
Information: The register 'ibex_top_inst/u_ibex_core/cs_registers_i/u_dcsr_csr/rdata_q_reg[21]' is a constant and will be removed. (OPT-1206)
Information: The register 'ibex_top_inst/u_ibex_core/cs_registers_i/u_dcsr_csr/rdata_q_reg[20]' is a constant and will be removed. (OPT-1206)
Information: The register 'ibex_top_inst/u_ibex_core/cs_registers_i/u_dcsr_csr/rdata_q_reg[19]' is a constant and will be removed. (OPT-1206)
Information: The register 'ibex_top_inst/u_ibex_core/cs_registers_i/u_dcsr_csr/rdata_q_reg[18]' is a constant and will be removed. (OPT-1206)
Information: The register 'ibex_top_inst/u_ibex_core/cs_registers_i/u_dcsr_csr/rdata_q_reg[17]' is a constant and will be removed. (OPT-1206)
Information: The register 'ibex_top_inst/u_ibex_core/cs_registers_i/u_dcsr_csr/rdata_q_reg[16]' is a constant and will be removed. (OPT-1206)
Information: The register 'ibex_top_inst/u_ibex_core/cs_registers_i/u_dcsr_csr/rdata_q_reg[14]' is a constant and will be removed. (OPT-1206)
Information: The register 'ibex_top_inst/u_ibex_core/cs_registers_i/u_dcsr_csr/rdata_q_reg[11]' is a constant and will be removed. (OPT-1206)
Information: The register 'ibex_top_inst/u_ibex_core/cs_registers_i/u_dcsr_csr/rdata_q_reg[10]' is a constant and will be removed. (OPT-1206)
Information: The register 'ibex_top_inst/u_ibex_core/cs_registers_i/u_dcsr_csr/rdata_q_reg[9]' is a constant and will be removed. (OPT-1206)
Information: The register 'ibex_top_inst/u_ibex_core/cs_registers_i/u_dcsr_csr/rdata_q_reg[5]' is a constant and will be removed. (OPT-1206)
Information: The register 'ibex_top_inst/u_ibex_core/cs_registers_i/u_dcsr_csr/rdata_q_reg[4]' is a constant and will be removed. (OPT-1206)
Information: The register 'ibex_top_inst/u_ibex_core/cs_registers_i/u_dcsr_csr/rdata_q_reg[3]' is a constant and will be removed. (OPT-1206)
Information: The register 'ibex_top_inst/u_ibex_core/wb_stage_i/g_writeback_stage.wb_pc_q_reg[0]' is a constant and will be removed. (OPT-1206)

  Beginning Mapping Optimizations  (Ultra High effort)
  -------------------------------
Information: Ungrouping hierarchy ibex_top_inst/core_clock_gate_i 'prim_clock_gating' #insts = 3. (OPT-777)
Information: Ungrouping hierarchy ibex_top_inst/u_ibex_core/ex_block_i/gen_multdiv_fast.multdiv_i 'ibex_multdiv_fast_RV32M3' #insts = 872. (OPT-777)
  Mapping Optimization (Phase 1)
Information: The register 'ibex_top_inst/u_ibex_core/wb_stage_i/g_writeback_stage.wb_count_q_reg' is a constant and will be removed. (OPT-1206)
Information: The register 'ibex_top_inst/u_ibex_core/cs_registers_i/u_depc_csr/rdata_q_reg[0]' is a constant and will be removed. (OPT-1206)
Information: The register 'ibex_top_inst/u_ibex_core/cs_registers_i/u_mepc_csr/rdata_q_reg[0]' is a constant and will be removed. (OPT-1206)
Information: The register 'ibex_top_inst/u_ibex_core/cs_registers_i/u_mstack_epc_csr/rdata_q_reg[0]' is a constant and will be removed. (OPT-1206)
Information: The register 'ibex_top_inst/u_ibex_core/cs_registers_i/u_dcsr_csr/rdata_q_reg[30]' is a constant and will be removed. (OPT-1206)

  Beginning Constant Register Removal
  -----------------------------------

  Beginning Global Optimizations
  ------------------------------
  Numerical Synthesis (Phase 1)
  Numerical Synthesis (Phase 2)
  Global Optimization (Phase 1)
  Global Optimization (Phase 2)
  Global Optimization (Phase 3)
  Global Optimization (Phase 4)
  Global Optimization (Phase 5)
  Global Optimization (Phase 6)
  Global Optimization (Phase 7)
  Global Optimization (Phase 8)
  Global Optimization (Phase 9)
  Global Optimization (Phase 10)
  Global Optimization (Phase 11)
  Global Optimization (Phase 12)
  Global Optimization (Phase 13)
  Global Optimization (Phase 14)
  Global Optimization (Phase 15)
  Global Optimization (Phase 16)
  Global Optimization (Phase 17)
  Global Optimization (Phase 18)
  Global Optimization (Phase 19)
  Global Optimization (Phase 20)
  Global Optimization (Phase 21)
  Global Optimization (Phase 22)
  Global Optimization (Phase 23)
  Global Optimization (Phase 24)
  Global Optimization (Phase 25)
  Global Optimization (Phase 26)
  Global Optimization (Phase 27)
  Global Optimization (Phase 28)
  Global Optimization (Phase 29)
  Global Optimization (Phase 30)
  Global Optimization (Phase 31)

  Beginning Isolate Ports
  -----------------------

  Beginning Delay Optimization
  ----------------------------

                                  TOTAL                                                
   ELAPSED            WORST NEG   SETUP    DESIGN                              LEAKAGE 
    TIME      AREA      SLACK     COST    RULE COST         ENDPOINT            POWER  
  --------- --------- --------- --------- --------- ------------------------- ---------
    0:01:03    8089.5 156566864.00 147596394496.0 5861569.5                           221302.6250
    0:01:03    8089.5 156566864.00 147596394496.0 5861569.5                           221302.6250
    0:01:03    8089.5 156566864.00 147596394496.0 5861569.5                           221302.6250
    0:01:05    8109.6 7138748.50 5781909504.0 5817256.5                           220358.7344

  Beginning WLM Backend Optimization
  --------------------------------------
    0:01:19    7994.8 7136667.50 5837429760.0 4341475.5                           215369.1562
    0:01:24    7940.8 102278.16 36006888.0 1833318.8                           213371.8594
    0:01:27    7908.2 102278.12 35981232.0 1831016.5                           212196.5312
    0:01:31    7789.4  59528.75 9723432.0 1414922.2                           203572.2188
    0:01:31    7789.4  59528.75 9723432.0 1414922.2                           203572.2188
    0:01:31    7789.4  59528.75 9723432.0 1414922.2                           203572.2188
    0:01:31    7789.4  59528.75 9723432.0 1414922.2                           203572.2188
    0:01:31    7789.4  59528.75 9723432.0 1414922.2                           203572.2188
    0:01:31    7789.4  59528.75 9723432.0 1414922.2                           203572.2188
    0:01:31    7789.4  59528.75 9723432.0 1414922.2                           203572.2188
    0:01:31    7789.4  59528.75 9723432.0 1414922.2                           203572.2188
    0:01:31    7789.4  59528.75 9723432.0 1414922.2                           203572.2188
    0:01:31    7789.4  59528.75 9723432.0 1414922.2                           203572.2188
    0:01:31    7789.4  59528.75 9723432.0 1414922.2                           203572.2188
    0:01:31    7789.4  59528.75 9723432.0 1414922.2                           203572.2188
    0:01:31    7789.4  59528.75 9723432.0 1414922.2                           203572.2188
    0:01:31    7789.4  59528.75 9723432.0 1414922.2                           203572.2188
    0:01:31    7789.4  59528.75 9723432.0 1414922.2                           203572.2188
    0:01:31    7789.4  59528.75 9723432.0 1414922.2                           203572.2188
    0:01:31    7789.4  59528.75 9723432.0 1414922.2                           203572.2188
    0:01:31    7789.4  59528.75 9723432.0 1414922.2                           203572.2188
    0:01:31    7789.4  59528.75 9723432.0 1414922.2                           203572.2188


  Beginning Design Rule Fixing  (max_transition)  (max_fanout)  (max_capacitance)
  ----------------------------

                                  TOTAL                                                
   ELAPSED            WORST NEG   SETUP    DESIGN                              LEAKAGE 
    TIME      AREA      SLACK     COST    RULE COST         ENDPOINT            POWER  
  --------- --------- --------- --------- --------- ------------------------- ---------
    0:01:31    7789.4  59528.75 9723432.0 1414922.2                           203572.2188
  Global Optimization (Phase 32)
  Global Optimization (Phase 33)
  Global Optimization (Phase 34)
    0:01:36    7881.3  12216.96  216002.2  161697.8 net31984                  205218.0781
    0:01:38    7926.1  12216.96  165459.4  138763.1 net33600                  205892.6875
    0:01:41    7969.2  12216.96  165476.7  138510.9 net33048                  206619.3281
    0:01:43    7967.6  13420.72  168756.5  113468.7 ibex_top_inst/u_ibex_core/wb_stage_i/g_writeback_stage.rf_wdata_wb_q_reg[4]/D 206504.5469
    0:01:44    7969.6  13414.47  160242.8   93646.9 net31354                  206507.3438
    0:01:47    7976.0  11098.81  128576.1   68599.8                           206753.6562
    0:01:47    7976.0  11098.81  128576.1   68599.8                           206753.6562


  Beginning Leakage Power Optimization  (max_leakage_power 0)
  ------------------------------------

                                  TOTAL                                                
   ELAPSED            WORST NEG   SETUP    DESIGN                              LEAKAGE 
    TIME      AREA      SLACK     COST    RULE COST         ENDPOINT            POWER  
  --------- --------- --------- --------- --------- ------------------------- ---------
    0:01:47    7976.0  11098.81  128576.1   68599.8                           206753.6562
  Global Optimization (Phase 35)
  Global Optimization (Phase 36)
  Global Optimization (Phase 37)
  Global Optimization (Phase 38)
  Global Optimization (Phase 39)
  Global Optimization (Phase 40)
  Global Optimization (Phase 41)
  Global Optimization (Phase 42)
  Global Optimization (Phase 43)
  Global Optimization (Phase 44)
  Global Optimization (Phase 45)
  Global Optimization (Phase 46)
  Global Optimization (Phase 47)
  Global Optimization (Phase 48)
  Global Optimization (Phase 49)
  Global Optimization (Phase 50)
    0:02:03    7674.5      0.00       0.0    2664.5                           193277.7656
    0:02:03    7674.5      0.00       0.0    2664.5                           193277.7656
    0:02:03    7674.5      0.00       0.0    2664.5                           193277.7656
    0:02:08    7673.3      0.00      -0.0    2667.8                           192359.6250
    0:02:08    7673.3      0.00      -0.0    2667.8                           192359.6250
    0:02:08    7673.3      0.00      -0.0    2667.8                           192359.6250
    0:02:08    7673.3      0.00      -0.0    2667.8                           192359.6250
    0:02:08    7673.3      0.00      -0.0    2667.8                           192359.6250
    0:02:08    7673.3      0.00      -0.0    2667.8                           192359.6250
    0:02:08    7673.3      0.00      -0.0    2667.8                           192359.6250
    0:02:08    7673.3      0.00      -0.0    2667.8                           192359.6250
    0:02:08    7673.3      0.00      -0.0    2667.8                           192359.6250
    0:02:08    7673.3      0.00      -0.0    2667.8                           192359.6250
    0:02:08    7673.3      0.00      -0.0    2667.8                           192359.6250
    0:02:08    7673.3      0.00      -0.0    2667.8                           192359.6250
    0:02:08    7673.3      0.00      -0.0    2667.8                           192359.6250
    0:02:08    7673.3      0.00      -0.0    2667.8                           192359.6250
    0:02:08    7673.3      0.00      -0.0    2667.8                           192359.6250
    0:02:08    7673.3      0.00      -0.0    2667.8                           192359.6250
    0:02:08    7673.3      0.00      -0.0    2667.8                           192359.6250
    0:02:08    7673.3      0.00      -0.0    2667.8                           192359.6250
    0:02:08    7673.3      0.00      -0.0    2667.8                           192359.6250

                                  TOTAL                                                
   ELAPSED            WORST NEG   SETUP    DESIGN                              LEAKAGE 
    TIME      AREA      SLACK     COST    RULE COST         ENDPOINT            POWER  
  --------- --------- --------- --------- --------- ------------------------- ---------
    0:02:09    7675.6      0.00      -0.0    2667.8                           192358.2656
    0:02:11    7552.1    351.43   13046.0    6549.2                           186237.1875
    0:02:12    7560.2      0.00       0.0   79689.2                           186491.7812
    0:02:12    7560.2      0.00       0.0   79689.2                           186491.7812
    0:02:18    7617.3      0.00       0.0  149797.9                           188943.4531
    0:02:24    7561.1      0.00       0.0    2653.4                           186225.8125
    0:02:24    7561.1      0.00       0.0    2653.4                           186225.8125
    0:02:24    7561.1      0.00       0.0    2653.4                           186225.8125
    0:02:24    7561.1      0.00       0.0    2653.4                           186225.8125
    0:02:24    7561.1      0.00       0.0    2653.4                           186225.8125
    0:02:24    7561.1      0.00       0.0    2653.4                           186225.8125
    0:02:24    7561.1      0.00       0.0    2653.4                           186225.8125
    0:02:24    7561.1      0.00       0.0    2653.4                           186225.8125
    0:02:24    7561.3      0.00       0.0    2653.4                           186229.8281
    0:02:24    7561.3      0.00       0.0    2653.4                           186229.8281
    0:02:35    7546.3      0.00       0.1    2653.4                           186348.5469
Loading db file '/mnt/hgfs/0_GP/PDK/saed14_pdk/SAED14nm_EDK_CORE_HVT_v_062020/stdcell_hvt/db_ccs/saed14hvt_ss0p72vm40c.db'
Loading db file '/mnt/hgfs/0_GP/PDK/saed14_pdk/SAED14nm_EDK_CORE_HVT_v_062020/stdcell_hvt/db_ccs/saed14hvt_ff0p88v125c.db'


Note: Symbol # after min delay cost means estimated hold TNS across all active scenarios 


  Optimization Complete
  ---------------------
Warning: Design 'ibex_wrapper' contains 2 high-fanout nets. A fanout number of 1000 will be used for delay calculations involving these nets. (TIM-134)
     Net 'ibex_top_inst/u_ibex_core/cs_registers_i/clk_i': 2018 load(s), 1 driver(s)
     Net 'ibex_top_inst/u_ibex_core/cs_registers_i/rst_ni': 1657 load(s), 1 driver(s)
  Loading target library 'saed14hvt_ff0p88v125c'
Warning: No single bit degenerate for multibit library cell 'SAEDHVT14_FSDN4_V2_4'. (OPT-914)
Warning: No single bit degenerate for multibit library cell 'SAEDHVT14_FSDN4_V2_2'. (OPT-914)
Warning: No single bit degenerate for multibit library cell 'SAEDHVT14_FSDN2_V2_4'. (OPT-914)
Warning: No single bit degenerate for multibit library cell 'SAEDHVT14_FSDN2_V2_2'. (OPT-914)
Information: State dependent leakage is now switched from off to on.
Information: Propagating switching activity (low effort zero delay simulation). (PWR-6)
1
